Java HotSpot(TM) 64-Bit Server VM (25.40-b25) for bsd-amd64 JRE (1.8.0_40-b27), built on Mar 13 2015 04:46:52 by "java_re" with gcc 4.2.1 (Based on Apple Inc. build 5658) (LLVM build 2336.11.00)
Memory: 4k page, physical 4194304k(22448k free)

/proc/meminfo:

CommandLine flags: -XX:CMSInitiatingOccupancyFraction=50 -XX:CMSMaxAbortablePrecleanTime=6000 -XX:+CMSParallelRemarkEnabled -XX:+CMSScavengeBeforeRemark -XX:ConcGCThreads=4 -XX:InitialHeapSize=536870912 -XX:MaxHeapSize=536870912 -XX:MaxTenuringThreshold=8 -XX:NewRatio=3 -XX:OldPLABSize=16 -XX:ParallelGCThreads=4 -XX:+ParallelRefProcEnabled -XX:PretenureSizeThreshold=67108864 -XX:+PrintGC -XX:+PrintGCApplicationStoppedTime -XX:+PrintGCDateStamps -XX:+PrintGCDetails -XX:+PrintGCTimeStamps -XX:+PrintHeapAtGC -XX:+PrintTenuringDistribution -XX:SurvivorRatio=4 -XX:TargetSurvivorRatio=90 -XX:ThreadStackSize=256 -XX:+UseCMSInitiatingOccupancyOnly -XX:+UseCompressedClassPointers -XX:+UseCompressedOops -XX:+UseConcMarkSweepGC -XX:+UseParNewGC 
2015-07-12T05:00:38.459-0200: 0.366: Total time for which application threads were stopped: 0.0006161 seconds, Stopping threads took: 0.0000134 seconds
2015-07-12T05:00:38.509-0200: 0.415: Total time for which application threads were stopped: 0.0000935 seconds, Stopping threads took: 0.0000123 seconds
2015-07-12T05:00:38.708-0200: 0.614: Total time for which application threads were stopped: 0.0001235 seconds, Stopping threads took: 0.0000126 seconds
2015-07-12T05:00:38.890-0200: 0.796: Total time for which application threads were stopped: 0.0001363 seconds, Stopping threads took: 0.0000147 seconds
2015-07-12T05:00:39.078-0200: 0.985: Total time for which application threads were stopped: 0.0001246 seconds, Stopping threads took: 0.0000132 seconds
2015-07-12T05:00:39.261-0200: 1.167: Total time for which application threads were stopped: 0.0001511 seconds, Stopping threads took: 0.0000141 seconds
2015-07-12T05:00:39.367-0200: 1.273: Total time for which application threads were stopped: 0.0001925 seconds, Stopping threads took: 0.0000155 seconds
2015-07-12T05:00:39.401-0200: 1.308: Total time for which application threads were stopped: 0.0002368 seconds, Stopping threads took: 0.0000202 seconds
{Heap before GC invocations=0 (full 0):
 par new generation   total 109248K, used 87424K [0x00000007a0000000, 0x00000007a8000000, 0x00000007a8000000)
  eden space 87424K, 100% used [0x00000007a0000000, 0x00000007a5560000, 0x00000007a5560000)
  from space 21824K,   0% used [0x00000007a5560000, 0x00000007a5560000, 0x00000007a6ab0000)
  to   space 21824K,   0% used [0x00000007a6ab0000, 0x00000007a6ab0000, 0x00000007a8000000)
 concurrent mark-sweep generation total 393216K, used 0K [0x00000007a8000000, 0x00000007c0000000, 0x00000007c0000000)
 Metaspace       used 9788K, capacity 9986K, committed 10240K, reserved 1058816K
  class space    used 1111K, capacity 1177K, committed 1280K, reserved 1048576K
2015-07-12T05:00:39.859-0200: 1.765: [GC (Allocation Failure) 1.765: [ParNew
Desired survivor size 20112992 bytes, new threshold 8 (max 8)
- age   1:    5207552 bytes,    5207552 total
: 87424K->5150K(109248K), 0.0222761 secs] 87424K->5150K(502464K), 0.0223942 secs] [Times: user=0.03 sys=0.01, real=0.03 secs] 
Heap after GC invocations=1 (full 0):
 par new generation   total 109248K, used 5150K [0x00000007a0000000, 0x00000007a8000000, 0x00000007a8000000)
  eden space 87424K,   0% used [0x00000007a0000000, 0x00000007a0000000, 0x00000007a5560000)
  from space 21824K,  23% used [0x00000007a6ab0000, 0x00000007a6fb7950, 0x00000007a8000000)
  to   space 21824K,   0% used [0x00000007a5560000, 0x00000007a5560000, 0x00000007a6ab0000)
 concurrent mark-sweep generation total 393216K, used 0K [0x00000007a8000000, 0x00000007c0000000, 0x00000007c0000000)
 Metaspace       used 9788K, capacity 9986K, committed 10240K, reserved 1058816K
  class space    used 1111K, capacity 1177K, committed 1280K, reserved 1048576K
}
2015-07-12T05:00:39.881-0200: 1.788: Total time for which application threads were stopped: 0.0233927 seconds, Stopping threads took: 0.0000159 seconds
2015-07-12T05:00:40.153-0200: 2.059: Total time for which application threads were stopped: 0.0002129 seconds, Stopping threads took: 0.0000154 seconds
2015-07-12T05:00:40.166-0200: 2.073: Total time for which application threads were stopped: 0.0002051 seconds, Stopping threads took: 0.0000160 seconds
{Heap before GC invocations=1 (full 0):
 par new generation   total 109248K, used 92574K [0x00000007a0000000, 0x00000007a8000000, 0x00000007a8000000)
  eden space 87424K, 100% used [0x00000007a0000000, 0x00000007a5560000, 0x00000007a5560000)
  from space 21824K,  23% used [0x00000007a6ab0000, 0x00000007a6fb7950, 0x00000007a8000000)
  to   space 21824K,   0% used [0x00000007a5560000, 0x00000007a5560000, 0x00000007a6ab0000)
 concurrent mark-sweep generation total 393216K, used 0K [0x00000007a8000000, 0x00000007c0000000, 0x00000007c0000000)
 Metaspace       used 14674K, capacity 14958K, committed 15232K, reserved 1062912K
  class space    used 1757K, capacity 1857K, committed 1920K, reserved 1048576K
2015-07-12T05:00:40.917-0200: 2.824: [GC (Allocation Failure) 2.824: [ParNew
Desired survivor size 20112992 bytes, new threshold 8 (max 8)
- age   1:    4760304 bytes,    4760304 total
- age   2:    2565448 bytes,    7325752 total
: 92574K->9621K(109248K), 0.0243498 secs] 92574K->9621K(502464K), 0.0244359 secs] [Times: user=0.03 sys=0.02, real=0.03 secs] 
Heap after GC invocations=2 (full 0):
 par new generation   total 109248K, used 9621K [0x00000007a0000000, 0x00000007a8000000, 0x00000007a8000000)
  eden space 87424K,   0% used [0x00000007a0000000, 0x00000007a0000000, 0x00000007a5560000)
  from space 21824K,  44% used [0x00000007a5560000, 0x00000007a5ec5640, 0x00000007a6ab0000)
  to   space 21824K,   0% used [0x00000007a6ab0000, 0x00000007a6ab0000, 0x00000007a8000000)
 concurrent mark-sweep generation total 393216K, used 0K [0x00000007a8000000, 0x00000007c0000000, 0x00000007c0000000)
 Metaspace       used 14674K, capacity 14958K, committed 15232K, reserved 1062912K
  class space    used 1757K, capacity 1857K, committed 1920K, reserved 1048576K
}
2015-07-12T05:00:40.942-0200: 2.848: Total time for which application threads were stopped: 0.0247452 seconds, Stopping threads took: 0.0000152 seconds
2015-07-12T05:00:41.015-0200: 2.921: Total time for which application threads were stopped: 0.0002667 seconds, Stopping threads took: 0.0000166 seconds
2015-07-12T05:00:41.019-0200: 2.926: Total time for which application threads were stopped: 0.0001712 seconds, Stopping threads took: 0.0000178 seconds
2015-07-12T05:00:41.029-0200: 2.935: Total time for which application threads were stopped: 0.0002366 seconds, Stopping threads took: 0.0000168 seconds
2015-07-12T05:00:42.032-0200: 3.939: Total time for which application threads were stopped: 0.0001915 seconds, Stopping threads took: 0.0000262 seconds
2015-07-12T05:00:42.227-0200: 4.134: Total time for which application threads were stopped: 0.0002847 seconds, Stopping threads took: 0.0000200 seconds
2015-07-12T05:01:21.090-0200: 42.997: Total time for which application threads were stopped: 0.0003462 seconds, Stopping threads took: 0.0000714 seconds
2015-07-12T05:01:21.097-0200: 43.005: Total time for which application threads were stopped: 0.0001531 seconds, Stopping threads took: 0.0000295 seconds
2015-07-12T05:01:21.122-0200: 43.029: Total time for which application threads were stopped: 0.0001040 seconds, Stopping threads took: 0.0000166 seconds
2015-07-12T05:01:21.122-0200: 43.030: Total time for which application threads were stopped: 0.0000420 seconds, Stopping threads took: 0.0000086 seconds
2015-07-12T05:01:21.125-0200: 43.033: Total time for which application threads were stopped: 0.0026569 seconds, Stopping threads took: 0.0000122 seconds
2015-07-12T05:01:21.156-0200: 43.064: Total time for which application threads were stopped: 0.0001113 seconds, Stopping threads took: 0.0000183 seconds
2015-07-12T05:01:21.201-0200: 43.109: Total time for which application threads were stopped: 0.0002932 seconds, Stopping threads took: 0.0000192 seconds
2015-07-12T05:01:21.255-0200: 43.162: Total time for which application threads were stopped: 0.0001304 seconds, Stopping threads took: 0.0000315 seconds
2015-07-12T05:01:21.256-0200: 43.164: Total time for which application threads were stopped: 0.0000573 seconds, Stopping threads took: 0.0000102 seconds
2015-07-12T05:01:21.257-0200: 43.164: Total time for which application threads were stopped: 0.0000818 seconds, Stopping threads took: 0.0000393 seconds
2015-07-12T05:01:21.257-0200: 43.165: Total time for which application threads were stopped: 0.0000617 seconds, Stopping threads took: 0.0000272 seconds
2015-07-12T05:01:21.261-0200: 43.169: Total time for which application threads were stopped: 0.0000729 seconds, Stopping threads took: 0.0000179 seconds
2015-07-12T05:01:21.262-0200: 43.170: Total time for which application threads were stopped: 0.0002551 seconds, Stopping threads took: 0.0000449 seconds
2015-07-12T05:01:21.263-0200: 43.171: Total time for which application threads were stopped: 0.0000739 seconds, Stopping threads took: 0.0000348 seconds
2015-07-12T05:01:21.264-0200: 43.172: Total time for which application threads were stopped: 0.0001078 seconds, Stopping threads took: 0.0000595 seconds
2015-07-12T05:01:21.265-0200: 43.172: Total time for which application threads were stopped: 0.0000872 seconds, Stopping threads took: 0.0000490 seconds
2015-07-12T05:01:21.265-0200: 43.172: Total time for which application threads were stopped: 0.0005286 seconds, Stopping threads took: 0.0000449 seconds
2015-07-12T05:01:21.265-0200: 43.173: Total time for which application threads were stopped: 0.0000871 seconds, Stopping threads took: 0.0000511 seconds
2015-07-12T05:01:21.266-0200: 43.173: Total time for which application threads were stopped: 0.0000726 seconds, Stopping threads took: 0.0000279 seconds
2015-07-12T05:01:21.266-0200: 43.173: Total time for which application threads were stopped: 0.0000723 seconds, Stopping threads took: 0.0000396 seconds
2015-07-12T05:01:21.266-0200: 43.174: Total time for which application threads were stopped: 0.0000685 seconds, Stopping threads took: 0.0000284 seconds
2015-07-12T05:01:21.266-0200: 43.174: Total time for which application threads were stopped: 0.0000815 seconds, Stopping threads took: 0.0000481 seconds
2015-07-12T05:01:21.282-0200: 43.189: Total time for which application threads were stopped: 0.0001164 seconds, Stopping threads took: 0.0000384 seconds
2015-07-12T05:01:21.282-0200: 43.189: Total time for which application threads were stopped: 0.0000683 seconds, Stopping threads took: 0.0000286 seconds
2015-07-12T05:01:21.282-0200: 43.190: Total time for which application threads were stopped: 0.0000728 seconds, Stopping threads took: 0.0000310 seconds
2015-07-12T05:01:21.282-0200: 43.190: Total time for which application threads were stopped: 0.0000618 seconds, Stopping threads took: 0.0000255 seconds
2015-07-12T05:01:21.282-0200: 43.190: Total time for which application threads were stopped: 0.0000591 seconds, Stopping threads took: 0.0000225 seconds
2015-07-12T05:01:21.367-0200: 43.275: Total time for which application threads were stopped: 0.0000731 seconds, Stopping threads took: 0.0000168 seconds
2015-07-12T05:01:21.368-0200: 43.276: Total time for which application threads were stopped: 0.0001071 seconds, Stopping threads took: 0.0000375 seconds
2015-07-12T05:02:21.285-0200: 103.194: Total time for which application threads were stopped: 0.0012592 seconds, Stopping threads took: 0.0003985 seconds
2015-07-12T05:03:36.498-0200: 178.410: Total time for which application threads were stopped: 0.0003021 seconds, Stopping threads took: 0.0000728 seconds
2015-07-12T05:05:11.751-0200: 273.665: Total time for which application threads were stopped: 0.0002356 seconds, Stopping threads took: 0.0000605 seconds
2015-07-12T05:28:55.819-0200: 1697.773: Total time for which application threads were stopped: 0.0012776 seconds, Stopping threads took: 0.0005474 seconds
2015-07-12T05:30:51.171-0200: 1813.129: Total time for which application threads were stopped: 0.0015300 seconds, Stopping threads took: 0.0003995 seconds
2015-07-12T05:59:10.318-0200: 3512.323: Total time for which application threads were stopped: 0.0006846 seconds, Stopping threads took: 0.0002226 seconds
2015-07-12T05:59:10.322-0200: 3512.327: Total time for which application threads were stopped: 0.0000778 seconds, Stopping threads took: 0.0000193 seconds
2015-07-12T05:59:10.382-0200: 3512.387: Total time for which application threads were stopped: 0.0001080 seconds, Stopping threads took: 0.0000208 seconds
2015-07-12T05:59:10.447-0200: 3512.453: Total time for which application threads were stopped: 0.0027862 seconds, Stopping threads took: 0.0027019 seconds
2015-07-12T05:59:10.448-0200: 3512.453: Total time for which application threads were stopped: 0.0001595 seconds, Stopping threads took: 0.0000101 seconds
2015-07-12T05:59:10.448-0200: 3512.453: Total time for which application threads were stopped: 0.0001773 seconds, Stopping threads took: 0.0000982 seconds
2015-07-12T05:59:10.448-0200: 3512.453: Total time for which application threads were stopped: 0.0001326 seconds, Stopping threads took: 0.0000221 seconds
2015-07-12T05:59:10.448-0200: 3512.454: Total time for which application threads were stopped: 0.0000583 seconds, Stopping threads took: 0.0000082 seconds
2015-07-12T05:59:10.448-0200: 3512.454: Total time for which application threads were stopped: 0.0000407 seconds, Stopping th