Java HotSpot(TM) 64-Bit Server VM (25.40-b25) for bsd-amd64 JRE (1.8.0_40-b27), built on Mar 13 2015 04:46:52 by "java_re" with gcc 4.2.1 (Based on Apple Inc. build 5658) (LLVM build 2336.11.00)
Memory: 4k page, physical 4194304k(31128k free)

/proc/meminfo:

CommandLine flags: -XX:CMSInitiatingOccupancyFraction=50 -XX:CMSMaxAbortablePrecleanTime=6000 -XX:+CMSParallelRemarkEnabled -XX:+CMSScavengeBeforeRemark -XX:ConcGCThreads=4 -XX:InitialHeapSize=536870912 -XX:MaxHeapSize=536870912 -XX:MaxTenuringThreshold=8 -XX:NewRatio=3 -XX:OldPLABSize=16 -XX:ParallelGCThreads=4 -XX:+ParallelRefProcEnabled -XX:PretenureSizeThreshold=67108864 -XX:+PrintGC -XX:+PrintGCApplicationStoppedTime -XX:+PrintGCDateStamps -XX:+PrintGCDetails -XX:+PrintGCTimeStamps -XX:+PrintHeapAtGC -XX:+PrintTenuringDistribution -XX:SurvivorRatio=4 -XX:TargetSurvivorRatio=90 -XX:ThreadStackSize=256 -XX:+UseCMSInitiatingOccupancyOnly -XX:+UseCompressedClassPointers -XX:+UseCompressedOops -XX:+UseConcMarkSweepGC -XX:+UseParNewGC 
2015-08-03T21:29:03.630-0200: 0.298: Total time for which application threads were stopped: 0.0005418 seconds, Stopping threads took: 0.0000124 seconds
2015-08-03T21:29:03.681-0200: 0.349: Total time for which application threads were stopped: 0.0000899 seconds, Stopping threads took: 0.0000114 seconds
2015-08-03T21:29:03.887-0200: 0.555: Total time for which application threads were stopped: 0.0001677 seconds, Stopping threads took: 0.0000127 seconds
2015-08-03T21:29:04.061-0200: 0.729: Total time for which application threads were stopped: 0.0001826 seconds, Stopping threads took: 0.0000159 seconds
2015-08-03T21:29:04.248-0200: 0.917: Total time for which application threads were stopped: 0.0001273 seconds, Stopping threads took: 0.0000118 seconds
2015-08-03T21:29:04.427-0200: 1.095: Total time for which application threads were stopped: 0.0001548 seconds, Stopping threads took: 0.0000139 seconds
2015-08-03T21:29:04.521-0200: 1.189: Total time for which application threads were stopped: 0.0002005 seconds, Stopping threads took: 0.0000188 seconds
2015-08-03T21:29:04.563-0200: 1.232: Total time for which application threads were stopped: 0.0002593 seconds, Stopping threads took: 0.0000219 seconds
{Heap before GC invocations=0 (full 0):
 par new generation   total 109248K, used 87424K [0x00000007a0000000, 0x00000007a8000000, 0x00000007a8000000)
  eden space 87424K, 100% used [0x00000007a0000000, 0x00000007a5560000, 0x00000007a5560000)
  from space 21824K,   0% used [0x00000007a5560000, 0x00000007a5560000, 0x00000007a6ab0000)
  to   space 21824K,   0% used [0x00000007a6ab0000, 0x00000007a6ab0000, 0x00000007a8000000)
 concurrent mark-sweep generation total 393216K, used 0K [0x00000007a8000000, 0x00000007c0000000, 0x00000007c0000000)
 Metaspace       used 9766K, capacity 9986K, committed 10240K, reserved 1058816K
  class space    used 1108K, capacity 1177K, committed 1280K, reserved 1048576K
2015-08-03T21:29:05.058-0200: 1.727: [GC (Allocation Failure) 1.727: [ParNew
Desired survivor size 20112992 bytes, new threshold 8 (max 8)
- age   1:    5179816 bytes,    5179816 total
: 87424K->5118K(109248K), 0.0190910 secs] 87424K->5118K(502464K), 0.0192256 secs] [Times: user=0.02 sys=0.01, real=0.02 secs] 
Heap after GC invocations=1 (full 0):
 par new generation   total 109248K, used 5118K [0x00000007a0000000, 0x00000007a8000000, 0x00000007a8000000)
  eden space 87424K,   0% used [0x00000007a0000000, 0x00000007a0000000, 0x00000007a5560000)
  from space 21824K,  23% used [0x00000007a6ab0000, 0x00000007a6faf968, 0x00000007a8000000)
  to   space 21824K,   0% used [0x00000007a5560000, 0x00000007a5560000, 0x00000007a6ab0000)
 concurrent mark-sweep generation total 393216K, used 0K [0x00000007a8000000, 0x00000007c0000000, 0x00000007c0000000)
 Metaspace       used 9766K, capacity 9986K, committed 10240K, reserved 1058816K
  class space    used 1108K, capacity 1177K, committed 1280K, reserved 1048576K
}
2015-08-03T21:29:05.078-0200: 1.746: Total time for which application threads were stopped: 0.0205687 seconds, Stopping threads took: 0.0000419 seconds
2015-08-03T21:29:05.402-0200: 2.070: Total time for which application threads were stopped: 0.0002856 seconds, Stopping threads took: 0.0000196 seconds
2015-08-03T21:29:05.421-0200: 2.089: Total time for which application threads were stopped: 0.0002161 seconds, Stopping threads took: 0.0000279 seconds
{Heap before GC invocations=1 (full 0):
 par new generation   total 109248K, used 92542K [0x00000007a0000000, 0x00000007a8000000, 0x00000007a8000000)
  eden space 87424K, 100% used [0x00000007a0000000, 0x00000007a5560000, 0x00000007a5560000)
  from space 21824K,  23% used [0x00000007a6ab0000, 0x00000007a6faf968, 0x00000007a8000000)
  to   space 21824K,   0% used [0x00000007a5560000, 0x00000007a5560000, 0x00000007a6ab0000)
 concurrent mark-sweep generation total 393216K, used 0K [0x00000007a8000000, 0x00000007c0000000, 0x00000007c0000000)
 Metaspace       used 14329K, capacity 14606K, committed 14848K, reserved 1062912K
  class space    used 1709K, capacity 1761K, committed 1792K, reserved 1048576K
2015-08-03T21:29:06.040-0200: 2.709: [GC (Allocation Failure) 2.709: [ParNew
Desired survivor size 20112992 bytes, new threshold 8 (max 8)
- age   1:    4422000 bytes,    4422000 total
- age   2:    2552632 bytes,    6974632 total
: 92542K->8855K(109248K), 0.0161455 secs] 92542K->8855K(502464K), 0.0162317 secs] [Times: user=0.03 sys=0.01, real=0.01 secs] 
Heap after GC invocations=2 (full 0):
 par new generation   total 109248K, used 8855K [0x00000007a0000000, 0x00000007a8000000, 0x00000007a8000000)
  eden space 87424K,   0% used [0x00000007a0000000, 0x00000007a0000000, 0x00000007a5560000)
  from space 21824K,  40% used [0x00000007a5560000, 0x00000007a5e05d60, 0x00000007a6ab0000)
  to   space 21824K,   0% used [0x00000007a6ab0000, 0x00000007a6ab0000, 0x00000007a8000000)
 concurrent mark-sweep generation total 393216K, used 0K [0x00000007a8000000, 0x00000007c0000000, 0x00000007c0000000)
 Metaspace       used 14329K, capacity 14606K, committed 14848K, reserved 1062912K
  class space    used 1709K, capacity 1761K, committed 1792K, reserved 1048576K
}
2015-08-03T21:29:06.056-0200: 2.725: Total time for which application threads were stopped: 0.0165544 seconds, Stopping threads took: 0.0000142 seconds
2015-08-03T21:29:06.182-0200: 2.850: Total time for which application threads were stopped: 0.0002460 seconds, Stopping threads took: 0.0000137 seconds
2015-08-03T21:29:06.186-0200: 2.854: Total time for which application threads were stopped: 0.0001995 seconds, Stopping threads took: 0.0000144 seconds
2015-08-03T21:29:06.196-0200: 2.864: Total time for which application threads were stopped: 0.0002285 seconds, Stopping threads took: 0.0000176 seconds
2015-08-03T21:29:07.196-0200: 3.864: Total time for which application threads were stopped: 0.0002456 seconds, Stopping threads took: 0.0000476 seconds
2015-08-03T21:29:07.450-0200: 4.119: Total time for which application threads were stopped: 0.0003206 seconds, Stopping threads took: 0.0000570 seconds
2015-08-03T21:29:07.529-0200: 4.197: Total time for which application threads were stopped: 0.0001332 seconds, Stopping threads took: 0.0000163 seconds
2015-08-03T21:29:07.529-0200: 4.198: Total time for which application threads were stopped: 0.0001858 seconds, Stopping threads took: 0.0000516 seconds
2015-08-03T21:29:07.553-0200: 4.222: Total time for which application threads were stopped: 0.0001030 seconds, Stopping threads took: 0.0000162 seconds
2015-08-03T21:29:07.610-0200: 4.278: Total time for which application threads were stopped: 0.0001592 seconds, Stopping threads took: 0.0000658 seconds
2015-08-03T21:29:07.610-0200: 4.278: Total time for which application threads were stopped: 0.0001034 seconds, Stopping threads took: 0.0000506 seconds
2015-08-03T21:29:08.061-0200: 4.730: [GC (CMS Initial Mark) [1 CMS-initial-mark: 0K(393216K)] 48730K(502464K), 0.0101803 secs] [Times: user=0.04 sys=0.00, real=0.01 secs] 
2015-08-03T21:29:08.071-0200: 4.740: Total time for which application threads were stopped: 0.0104644 seconds, Stopping threads took: 0.0000552 seconds
2015-08-03T21:29:08.071-0200: 4.740: [CMS-concurrent-mark-start]
2015-08-03T21:29:08.072-0200: 4.740: [CMS-concurrent-mark: 0.000/0.000 secs] [Times: user=0.00 sys=0.00, real=0.00 secs] 
2015-08-03T21:29:08.072-0200: 4.740: [CMS-concurrent-preclean-start]
2015-08-03T21:29:08.073-0200: 4.741: [CMS-concurrent-preclean: 0.001/0.001 secs] [Times: user=0.00 sys=0.00, real=0.00 secs] 
2015-08-03T21:29:08.073-0200: 4.741: [CMS-concurrent-abortable-preclean-start]
2015-08-03T21:29:11.692-0200: 8.361: Total time for which application threads were stopped: 0.0001881 seconds, Stopping threads took: 0.0000664 seconds
2015-08-03T21:29:11.693-0200: 8.361: Total time for which application threads were stopped: 0.0000537 seconds, Stopping threads took: 0.0000094 seconds
2015-08-03T21:29:12.774-0200: 9.442: Total time for which application threads were stopped: 0.0002725 seconds, Stopping threads took: 0.0000234 seconds
2015-08-03T21:29:13.778-0200: 10.446: Total time for which application threads were stopped: 0.0002774 seconds, Stopping threads took: 0.0001031 seconds
 CMS: abort preclean due to time 2015-08-03T21:29:14.075-0200: 10.743: [CMS-concurrent-abortable-preclean: 1.452/6.002 secs] [Times: user=1.45 sys=0.03, real=6.00 secs] 
2015-08-03T21:29:14.075-0200: 10.744: [GC (CMS Final Remark) [YG occupancy: 48730 K (109248 K)]{Heap before GC invocations=2 (full 1):
 par new generation   total 109248K, used 48730K [0x00000007a0000000, 0x00000007a8000000, 0x00000007a8000000)
  eden space 87424K,  45% used [0x00000007a0000000, 0x00000007a26f0e80, 0x00000007a5560000)
  from space 21824K,  40% used [0x00000007a5560000, 0x00000007a5e05d60, 0x00000007a6ab0000)
  to   space 21824K,   0% used [0x00000007a6ab0000, 0x00000007a6ab0000, 0x00000007a8000000)
 concurrent mark-sweep generation total 393216K, used 0K [0x00000007a8000000, 0x00000007c0000000, 0x00000007c0000000)
 Metaspace       used 21433K, capacity 21732K, committed 21960K, reserved 1069056K
  class space    used 2521K, capacity 2615K, committed 2684K, reserved 1048576K
2015-08-03T21:29:14.075-0200: 10.744: [GC (CMS Final Remark) 10.744: [ParNew
Desired survivor size 20112992 bytes, new threshold 8 (max 8)
- age   1:    4792328 bytes,    4792328 total
- age   2:     911824 bytes,    5704152 total
- age   3:    2483184 bytes,    8187336 total
: 48730K->10077K(109248K), 0.0181383 secs] 48730K->10077K(502464K), 0.0182027 secs] [Times: user=0.04 sys=0.01, real=0.02 secs] 
Heap after GC invocations=3 (full 1):
 par new generation   total 109248K, used 10077K [0x00000007a0000000, 0x00000007a8000000, 0x00000007a8000000)
  eden space 87424K,   0% used [0x00000007a0000000, 0x00000007a0000000, 0x00000007a5560000)
  from space 21824K,  46% used [0x00000007a6ab0000, 0x00000007a74876a0, 0x00000007a8000000)
  to   space 21824K,   0% used [0x00000007a5560000, 0x00000007a5560000, 0x00000007a6ab0000)
 concurrent mark-sweep generation total 393216K, used 0K [0x00000007a8000000, 0x00000007c0000000, 0x00000007c0000000)
 Metaspace       used 21433K, capacity 21732K, committed 21960K, reserved 1069056K
  class space    used 2521K, capacity 2615K, committed 2684K, reserved 1048576K
}
10.763: [Rescan (parallel) , 0.0061316 secs]10.769: [weak refs processing, 0.0008888 secs]10.770: [class unloading, 0.0122176 secs]10.782: [scrub symbol table, 0.0031921 secs]10.785: [scrub string table, 0.0003157 secs][1 CMS-remark: 0K(393216K)] 10077K(502464K), 0.0422593 secs] [Times: user=0.06 sys=0.02, real=0.04 secs] 
2015-08-03T21:29:14.118-0200: 10.786: Total time for which application threads were stopped: 0.0424120 seconds, Stopping threads took: 0.0000233 seconds
2015-08-03T21:29:14.118-0200: 10.787: [CMS-concurrent-sweep-start]
2015-08-03T21:29:14.118-0200: 10.787: [CMS-concurrent-sweep: 0.000/0.000 secs] [Times: user=0.00 sys=0.00, real=0.00 secs] 
2015-08-03T21:29:14.118-0200: 10.787: [CMS-concurrent-reset-start]
2015-08-03T21:29:14.127-0200: 10.795: [CMS-concurrent-reset: 0.009/0.009 secs] [Times: user=0.00 sys=0.00, real=0.01 secs] 
2015-08-03T21:29:15.788-0200: 12.456: Total time for which application threads were stopped: 0.0001190 seconds, Stopping threads took: 0.0000217 seconds
2015-08-03T21:29:15.788-0200: 12.457: Total time for which application threads were stopped: 0.0000573 seconds, Stopping threads took: 0.0000115 seconds
2015-08-03T21:29:15.795-0200: 12.464: Total time for which application threads were stopped: 0.0001152 seconds, Stopping threads took: 0.0000228 seconds
2015-08-03T21:29:15.816-0200: 12.484: Total time for which application threads were stopped: 0.0000999 seconds, Stopping threads took: 0.0000246 seconds
2015-08-03T21:29:15.816-0200: 12.485: Total time for which application threads were stopped: 0.0000743 seconds, Stopping threads took: 0.0000129 seconds
2015-08-03T21:29:15.825-0200: 12.494: Total time for which application threads were stopped: 0.0003761 seconds, Stopping threads took: 0.0000180 seconds
2015-08-03T21:29:15.846-0200: 12.514: Total time for which application threads were stopped: 0.0001763 seconds, Stopping threads took: 0.0000496 seconds
2015-08-03T21:29:15.870-0200: 12.538: Total time for which application threads were stopped: 0.0003316 seconds, Stopping threads took: 0.0000217 seconds
2015-08-03T21:29:15.960-0200: 12.629: Total time for which application threads were stopped: 0.0004067 seconds, Stopping threads took: 0.0000196 seconds
2015-08-03T21:29:15.962-0200: 12.631: Total time for which application threads were stopped: 0.0000984 seconds, Stopping threads took: 0.0000148 seconds
2015-08-03T21:29:15.962-0200: 12.631: Total time for which application threads were stopped: 0.0001036 seconds, Stopping threads took: 0.0000543 seconds
2015-08-03T21:29:15.962-0200: 12.631: Total time for which application threads were stopped: 0.0000871 seconds, Stopping threads took: 0.0000357 seconds
2015-08-03T21:29:15.962-0200: 12.631: Total time for which application threads were stopped: 0.0000696 seconds, Stopping threads took: 0.0000233 seconds
2015-08-03T21:29:15.962-0200: 12.631: Total time for which application threads were stopped: 0.0000836 seconds, Stopping threads took: 0.0000330 seconds
2015-08-03T21:29:15.963-0200: 12.631: Total time for which application threads were stopped: 0.0000857 seconds, Stopping threads took: 0.0000454 seconds
2015-08-03T21:29:15.977-0200: 12.646: Total time for which application threads were stopped: 0.0001417 seconds, Stopping threads took: 0.0000576 seconds
2015-08-03T21:29:15.977-0200: 12.646: Total time for which application threads were stopped: 0.0000587 seconds, Stopping threads took: 0.0000087 seconds
2015-08-03T21:29:15.977-0200: 12.646: Total time for which application threads were stopped: 0.0001188 seconds, Stopping threads took: 0.0000384 seconds
2015-08-03T21:29:15.977-0200: 12.646: Total time for which application threads were stopped: 0.0000596 seconds, Stopping threads took: 0.0000099 seconds
2015-08-03T21:29:15.977-0200: 12.646: Total time for which application threads were stopped: 0.0000575 seconds, Stopping threads took: 0.0000094 seconds
2015-08-03T21:29:16.010-0200: 12.679: Total time for which application threads were stopped: 0.0003148 seconds, Stopping threads took: 0.0000171 seconds
2015-08-03T21:29:16.029-0200: 12.697: Total time for which application threads were stopped: 0.0001617 seconds, Stopping threads took: 0.0000580 seconds
2015-08-03T21:29:16.060-0200: 12.729: Total time for which application threads were stopped: 0.0000991 seconds, Stopping threads took: 0.0000216 seconds
2015-08-03T21:29:16.060-0200: 12.729: Total time for which application threads were stopped: 0.0000500 seconds, Stopping threads took: 0.0000091 seconds
2015-08-03T21:29:16.078-0200: 12.747: Total time for which application threads were stopped: 0.0001006 seconds, Stopping threads took: 0.0000249 seconds
2015-08-03T21:29:16.078-0200: 12.747: Total time for which application threads were stopped: 0.0000566 seconds, Stopping threads took: 0.0000100 seconds
2015-08-03T21:29:16.079-0200: 12.748: Total time for which application threads were stopped: 0.0000718 seconds, Stopping threads took: 0.0000264 seconds
2015-08-03T21:29:16.087-0200: 12.755: Total time for which application threads were stopped: 0.0003394 seconds, Stopping threads took: 0.0000523 seconds
2015-08-03T21:29:16.107-0200: 12.775: Total time for which application threads were stopped: 0.0001350 seconds, Stopping threads took: 0.0000452 seconds
2015-08-03T21:29:16.107-0200: 12.776: Total time for which application threads were stopped: 0.0000962 seconds, Stopping threads took: 0.0000439 seconds
2015-08-03T21:29:16.109-0200: 12.778: Total time for which application threads were stopped: 0.0000834 seconds, Stopping threads took: 0.0000165 seconds
2015-08-03T21:29:16.112-0200: 12.781: Total time for which application threads were stopped: 0.0001156 seconds, Stopping threads took: 0.0000396 seconds
2015-08-03T21:29:16.113-0200: 12.782: Total time for which application threads were stopped: 0.0002244 seconds, Stopping threads took: 0.0000521 seconds
2015-08-03T21:29:16.121-0200: 12.790: Total time for which application threads were stopped: 0.0001313 seconds, Stopping threads took: 0.0000251 seconds
2015-08-03T21:29:16.357-0200: 13.026: Total time for which application threads were stopped: 0.0001082 seconds, Stopping threads took: 0.0000218 seconds
2015-08-03T21:29:16.357-0200: 13.026: Total time for which application threads were stopped: 0.0000687 seconds, Stopping threads took: 0.0000118 seconds
2015-08-03T21:29:16.418-0200: 13.087: Total time for which application threads were stopped: 0.0001507 seconds, Stopping threads took: 0.0000275 seconds
2015-08-03T21:29:16.420-0200: 13.088: Total time for which application threads were stopped: 0.0000800 seconds, Stopping threads took: 0.0000157 seconds
2015-08-03T21:29:16.433-0200: 13.102: Total time for which application threads were stopped: 0.0000908 seconds, Stopping threads took: 0.0000183 seconds
2015-08-03T21:29:16.773-0200: 13.442: Total time for which application threads were stopped: 0.0001317 seconds, Stopping threads took: 0.0000400 seconds
2015-08-03T21:29:16.777-0200: 13.446: Total time for which application threads were stopped: 0.0001783 seconds, Stopping threads took: 0.0000577 seconds
2015-08-03T21:29:16.808-0200: 13.477: Total time for which application threads were stopped: 0.0001502 seconds, Stopping threads took: 0.0000258 seconds
2015-08-03T21:29:16.814-0200: 13.483: Total time for which application threads were stopped: 0.0001399 seconds, Stopping threads took: 0.0000269 seconds
2015-08-03T21:29:16.818-0200: 13.487: Total time for which application threads were stopped: 0.0001962 seconds, Stopping threads took: 0.0000446 seconds
2015-08-03T21:29:16.825-0200: 13.493: Total time for which application threads were stopped: 0.0001664 seconds, Stopping threads took: 0.0000422 seconds
2015-08-03T21:29:16.829-0200: 13.497: Total time for which application threads were stopped: 0.0001547 seconds, Stopping threads took: 0.0000465 seconds
2015-08-03T21:29:16.900-0200: 13.568: Total time for which application threads were stopped: 0.0001956 seconds, Stopping threads took: 0.0000586 seconds
2015-08-03T21:29:16.901-0200: 13.570: Total time for which application threads were stopped: 0.0001412 seconds, Stopping threads took: 0.0000438 seconds
2015-08-03T21:29:16.904-0200: 13.573: Total time for which application threads were stopped: 0.0001469 seconds, Stopping threads took: 0.0000234 seconds
2015-08-03T21:29:16.907-0200: 13.576: Total time for which application threads were stopped: 0.0005913 seconds, Stopping threads took: 0.0005008 seconds
2015-08-03T21:29:16.920-0200: 13.589: Total time for which application threads were stopped: 0.0004243 seconds, Stopping threads took: 0.0000562 seconds
2015-08-03T21:29:16.981-0200: 13.650: Total time for which application threads were stopped: 0.0002867 seconds, Stopping threads took: 0.0001359 seconds
2015-08-03T21:29:17.002-0200: 13.671: Total time for which application threads were stopped: 0.0003254 seconds, Stopping threads took: 0.0002089 seconds
2015-08-03T21:29:17.002-0200: 13.671: Total time for which application threads were stopped: 0.0001147 seconds, Stopping threads took: 0.0000317 seconds
2015-08-03T21:29:17.003-0200: 13.672: Total time for which application threads were stopped: 0.0001262 seconds, Stopping threads took: 0.0000562 seconds
2015-08-03T21:29:17.006-0200: 13.675: Total time for which application threads were stopped: 0.0005531 seconds, Stopping threads took: 0.0000920 seconds
2015-08-03T21:29:17.006-0200: 13.675: Total time for which application threads were stopped: 0.0002371 seconds, Stopping threads took: 0.0001597 seconds
2015-08-03T21:29:17.007-0200: 13.675: Total time for which application threads were stopped: 0.0000934 seconds, Stopping threads took: 0.0000293 seconds
2015-08-03T21:29:17.007-0200: 13.676: Total time for which application threads were stopped: 0.0001257 seconds, Stopping threads took: 0.0000368 seconds
2015-08-03T21:29:17.010-0200: 13.679: Total time for which application threads were stopped: 0.0003945 seconds, Stopping threads took: 0.0000537 seconds
2015-08-03T21:29:17.027-0200: 13.696: Total time for which application threads were stopped: 0.0002846 seconds, Stopping threads took: 0.0000742 seconds
2015-08-03T21:29:17.053-0200: 13.722: Total time for which application threads were stopped: 0.0057756 seconds, Stopping threads took: 0.0056057 seconds
2015-08-03T21:29:17.068-0200: 13.737: Total time for which application threads were stopped: 0.0020687 seconds, Stopping threads took: 0.0018960 seconds
2015-08-03T21:29:17.079-0200: 13.748: Total time for which application threads were stopped: 0.0003760 seconds, Stopping threads took: 0.0001890 seconds
2015-08-03T21:29:17.080-0200: 13.749: Total time for which application threads were stopped: 0.0001956 seconds, Stopping threads took: 0.0000257 seconds
2015-08-03T21:29:17.094-0200: 13.763: Total time for which application threads were stopped: 0.0002050 seconds, Stopping threads took: 0.0000454 seconds
2015-08-03T21:29:17.102-0200: 13.771: Total time for which application threads were stopped: 0.0002305 seconds, Stopping threads took: 0.0000365 seconds
2015-08-03T21:29:17.108-0200: 13.776: Total time for which application threads were stopped: 0.0001963 seconds, Stopping threads took: 0.0000502 seconds
2015-08-03T21:29:17.114-0200: 13.783: Total time for which application threads were stopped: 0.0001979 seconds, Stopping threads took: 0.0000565 seconds
2015-08-03T21:29:17.117-0200: 13.786: Total time for which application threads were stopped: 0.0001633 seconds, Stopping threads took: 0.0000326 seconds
2015-08-03T21:29:17.120-0200: 13.789: Total time for which application threads were stopped: 0.0001702 seconds, Stopping threads took: 0.0000259 seconds
2015-08-03T21:29:17.122-0200: 13.791: Total time for which application threads were stopped: 0.0001561 seconds, Stopping threads took: 0.0000262 seconds
2015-08-03T21:29:17.125-0200: 13.794: Total time for which application threads were stopped: 0.0001652 seconds, Stopping threads took: 0.0000266 seconds
2015-08-03T21:29:17.127-0200: 13.796: Total time for which application threads were stopped: 0.0001726 seconds, Stopping threads took: 0.0000278 seconds
2015-08-03T21:29:18.132-0200: 14.801: Total time for which application threads were stopped: 0.0010742 seconds, Stopping threads took: 0.0005085 seconds
2015-08-03T21:29:18.177-0200: 14.846: Total time for which application threads were stopped: 0.0006771 seconds, Stopping threads took: 0.0000580 seconds
{Heap before GC invocations=3 (full 1):
 par new generation   total 109248K, used 97501K [0x00000007a0000000, 0x00000007a8000000, 0x00000007a8000000)
  eden space 87424K, 100% used [0x00000007a0000000, 0x00000007a5560000, 0x00000007a5560000)
  from space 21824K,  46% used [0x00000007a6ab0000, 0x00000007a74876a0, 0x00000007a8000000)
  to   space 21824K,   0% used [0x00000007a5560000, 0x00000007a5560000, 0x00000007a6ab0000)
 concurrent mark-sweep generation total 393216K, used 0K [0x00000007a8000000, 0x00000007c0000000, 0x00000007c0000000)
 Metaspace       used 25027K, capacity 25394K, committed 25724K, reserved 1071104K
  class space    used 2959K, capacity 3080K, committed 3196K, reserved 1048576K
2015-08-03T21:29:18.324-0200: 14.993: [GC (Allocation Failure) 14.993: [ParNew
Desired survivor size 20112992 bytes, new threshold 8 (max 8)
- age   1:    5504800 bytes,    5504800 total
- age   2:    1883736 bytes,    7388536 total
- age   3:     910552 bytes,    8299088 total
- age   4:    2482232 bytes,   10781320 total
: 97501K->15380K(109248K), 0.0180671 secs] 97501K->15380K(502464K), 0.0181526 secs] [Times: user=0.05 sys=0.00, real=0.02 secs] 
Heap after GC invocations=4 (full 1):
 par new generation   total 109248K, used 15380K [0x00000007a0000000, 0x00000007a8000000, 0x00000007a8000000)
  eden space 87424K,   0% used [0x00000007a0000000, 0x00000007a0000000, 0x00000007a5560000)
  from space 21824K,  70% used [0x00000007a5560000, 0x00000007a6465370, 0x00000007a6ab0000)
  to   space 21824K,   0% used [0x00000007a6ab0000, 0x00000007a6ab0000, 0x00000007a8000000)
 concurrent mark-sweep generation total 393216K, used 0K [0x00000007a8000000, 0x00000007c0000000, 0x00000007c0000000)
 Metaspace       used 25027K, capacity 25394K, committed 25724K, reserved 1071104K
  class space    used 2959K, capacity 3080K, committed 3196K, reserved 1048576K
}
2015-08-03T21:29:18.342-0200: 15.011: Total time for which application threads were stopped: 0.0295331 seconds, Stopping threads took: 0.0109106 seconds
2015-08-03T21:29:18.344-0200: 15.013: Total time for which application threads were stopped: 0.0007980 seconds, Stopping threads took: 0.0005936 seconds
2015-08-03T21:29:18.423-0200: 15.092: Total time for which application threads were stopped: 0.0003613 seconds, Stopping threads took: 0.0000466 seconds
2015-08-03T21:29:18.477-0200: 15.146: Total time for which application threads were stopped: 0.0003245 seconds, Stopping threads took: 0.0000432 seconds
2015-08-03T21:29:18.568-0200: 15.237: Total time for which application threads were stopped: 0.0003026 seconds, Stopping threads took: 0.0000264 seconds
2015-08-03T21:29:18.906-0200: 15.575: Total time for which application threads were stopped: 0.0004526 seconds, Stopping threads took: 0.0000916 seconds
2015-08-03T21:29:18.910-0200: 15.579: Total time for which application threads were stopped: 0.0003076 seconds, Stopping threads took: 0.0000534 seconds
2015-08-03T21:29:19.058-0200: 15.727: Total time for which application threads were stopped: 0.0002982 seconds, Stopping threads took: 0.0000492 seconds
2015-08-03T21:29:19.061-0200: 15.730: Total time for which application threads were stopped: 0.0007088 seconds, Stopping threads took: 0.0000273 seconds
2015-08-03T21:29:19.151-0200: 15.820: Total time for which application threads were stopped: 0.0303204 seconds, Stopping threads took: 0.0295838 seconds
2015-08-03T21:29:19.241-0200: 15.910: Total time for which application threads were stopped: 0.0006032 seconds, Stopping threads took: 0.0003589 seconds
{Heap before GC invocations=4 (full 1):
 par new generation   total 109248K, used 102804K [0x00000007a0000000, 0x00000007a8000000, 0x00000007a8000000)
  eden space 87424K, 100% used [0x00000007a0000000, 0x00000007a5560000, 0x00000007a5560000)
  from space 21824K,  70% used [0x00000007a5560000, 0x00000007a6465370, 0x00000007a6ab0000)
  to   space 21824K,   0% used [0x00000007a6ab0000, 0x00000007a6ab0000, 0x00000007a8000000)
 concurrent mark-sweep generation total 393216K, used 0K [0x00000007a8000000, 0x00000007c0000000, 0x00000007c0000000)
 Metaspace       used 25668K, capacity 26034K, committed 26492K, reserved 1073152K
  class space    used 3014K, capacity 3144K, committed 3196K, reserved 1048576K
2015-08-03T21:29:19.244-0200: 15.913: [GC (Allocation Failure) 15.913: [ParNew
Desired survivor size 20112992 bytes, new threshold 8 (max 8)
- age   1:    1618392 bytes,    1618392 total
- age   2:    2842688 bytes,    4461080 total
- age   3:    1883192 bytes,    6344272 total
- age   4:     910536 bytes,    7254808 total
- age   5:    2482344 bytes,    9737152 total
: 102804K->12728K(109248K), 0.0265215 secs] 102804K->12728K(502464K), 0.0266026 secs] [Times: user=0.06 sys=0.01, real=0.03 secs] 
Heap after GC invocations=5 (full 1):
 par new generation   total 109248K, used 12728K [0x00000007a0000000, 0x00000007a8000000, 0x00000007a8000000)
  eden space 87424K,   0% used [0x00000007a0000000, 0x00000007a0000000, 0x00000007a5560000)
  from space 21824K,  58% used [0x00000007a6ab0000, 0x00000007a771e2f8, 0x00000007a8000000)
  to   space 21824K,   0% used [0x00000007a5560000, 0x00000007a5560000, 0x00000007a6ab0000)
 concurrent mark-sweep generation total 393216K, used 0K [0x00000007a8000000, 0x00000007c0000000, 0x00000007c0000000)
 Metaspace       used 25668K, capacity 26034K, committed 26492K, reserved 1073152K
  class space    used 3014K, capacity 3144K, committed 3196K, reserved 1048576K
}
2015-08-03T21:29:19.271-0200: 15.940: Total time for which application threads were stopped: 0.0271024 seconds, Stopping threads took: 0.0001289 seconds
2015-08-03T21:29:19.272-0200: 15.941: Total time for which application threads were stopped: 0.0003222 seconds, Stopping threads took: 0.0000637 seconds
2015-08-03T21:29:19.272-0200: 15.941: Total time for which application threads were stopped: 0.0001524 seconds, Stopping threads took: 0.0000298 seconds
2015-08-03T21:29:19.397-0200: 16.066: Total time for which application threads were stopped: 0.0003572 seconds, Stopping threads took: 0.0000476 seconds
2015-08-03T21:29:19.399-0200: 16.068: Total time for which application threads were stopped: 0.0002969 seconds, Stopping threads took: 0.0000635 seconds
2015-08-03T21:29:19.658-0200: 16.327: Total time for which application threads were stopped: 0.0005545 seconds, Stopping threads took: 0.0000581 seconds
2015-08-03T21:29:19.702-0200: 16.371: Total time for which application threads were stopped: 0.0003193 seconds, Stopping threads took: 0.0000477 seconds
2015-08-03T21:29:19.702-0200: 16.371: Total time for which application threads were stopped: 0.0002282 seconds, Stopping threads took: 0.0000413 seconds
2015-08-03T21:29:19.703-0200: 16.372: Total time for which application threads were stopped: 0.0007804 seconds, Stopping threads took: 0.0000214 seconds
2015-08-03T21:29:19.708-0200: 16.377: Total time for which application threads were stopped: 0.0004240 seconds, Stopping threads took: 0.0001350 seconds
2015-08-03T21:29:19.724-0200: 16.393: Total time for which application threads were stopped: 0.0002976 seconds, Stopping threads took: 0.0000289 seconds
2015-08-03T21:29:19.725-0200: 16.394: Total time for which application threads were stopped: 0.0006229 seconds, Stopping threads took: 0.0004227 seconds
2015-08-03T21:29:19.726-0200: 16.395: Total time for which application threads were stopped: 0.0002291 seconds, Stopping threads took: 0.0000190 seconds
2015-08-03T21:29:19.785-0200: 16.454: Total time for which application threads were stopped: 0.0004499 seconds, Stopping threads took: 0.0001690 seconds
2015-08-03T21:29:19.786-0200: 16.455: Total time for which application threads were stopped: 0.0002355 seconds, Stopping threads took: 0.0000759 seconds
{Heap before GC invocations=5 (full 1):
 par new generation   total 109248K, used 100152K [0x00000007a0000000, 0x00000007a8000000, 0x00000007a8000000)
  eden space 87424K, 100% used [0x00000007a0000000, 0x00000007a5560000, 0x00000007a5560000)
  from space 21824K,  58% used [0x00000007a6ab0000, 0x00000007a771e2f8, 0x00000007a8000000)
  to   space 21824K,   0% used [0x00000007a5560000, 0x00000007a5560000, 0x00000007a6ab0000)
 concurrent mark-sweep generation total 393216K, used 0K [0x00000007a8000000, 0x00000007c0000000, 0x00000007c0000000)
 Metaspace       used 26091K, capacity 26520K, committed 26748K, reserved 1073152K
  class space    used 3045K, capacity 3177K, committed 3196K, reserved 1048576K
2015-08-03T21:29:19.815-0200: 16.484: [GC (Allocation Failure) 16.485: [ParNew
Desired survivor size 20112992 bytes, new threshold 8 (max 8)
- age   1:    2034000 bytes,    2034000 total
- age   2:     652608 bytes,    2686608 total
- age   3:    2819336 bytes,    5505944 total
- age   4:    1883152 bytes,    7389096 total
- age   5:     908424 bytes,    8297520 total
- age   6:    2482216 bytes,   10779736 total
: 100152K->13695K(109248K), 0.0367621 secs] 100152K->13695K(502464K), 0.0372419 secs] [Times: user=0.07 sys=0.00, real=0.04 secs] 
Heap after GC invocations=6 (full 1):
 par new generation   total 109248K, used 13695K [0x00000007a0000000, 0x00000007a8000000, 0x00000007a8000000)
  eden space 87424K,   0% used [0x00000007a0000000, 0x00000007a0000000, 0x00000007a5560000)
  from space 21824K,  62% used [0x00000007a5560000, 0x00000007a62bfcb0, 0x00000007a6ab0000)
  to   space 21824K,   0% used [0x00000007a6ab0000, 0x00000007a6ab0000, 0x00000007a8000000)
 concurrent mark-sweep generation total 393216K, used 0K [0x00000007a8000000, 0x00000007c0000000, 0x00000007c0000000)
 Metaspace       used 26091K, capacity 26520K, committed 26748K, reserved 1073152K
  class space    used 3045K, capacity 3177K, committed 3196K, reserved 1048576K
}
2015-08-03T21:29:19.853-0200: 16.522: Total time for which application threads were stopped: 0.0379022 seconds, Stopping threads took: 0.0002471 seconds
2015-08-03T21:29:19.934-0200: 16.603: Total time for which application threads were stopped: 0.0003214 seconds, Stopping threads took: 0.0000520 seconds
2015-08-03T21:29:19.956-0200: 16.625: Total time for which application threads were stopped: 0.0003556 seconds, Stopping threads took: 0.0000926 seconds
2015-08-03T21:29:19.981-0200: 16.650: Total time for which application threads were stopped: 0.0005526 seconds, Stopping threads took: 0.0002480 seconds
2015-08-03T21:29:19.982-0200: 16.651: Total time for which application threads were stopped: 0.0001971 seconds, Stopping threads took: 0.0000382 seconds
2015-08-03T21:29:19.982-0200: 16.651: Total time for which application threads were stopped: 0.0001859 seconds, Stopping threads took: 0.0000282 seconds
2015-08-03T21:29:19.982-0200: 16.651: Total time for which application threads were stopped: 0.0001588 seconds, Stopping threads took: 0.0000136 seconds
2015-08-03T21:29:20.044-0200: 16.713: Total time for which application threads were stopped: 0.0003831 seconds, Stopping threads took: 0.0000637 seconds
2015-08-03T21:29:20.239-0200: 16.908: Total time for which application threads were stopped: 0.0003475 seconds, Stopping threads took: 0.0000278 seconds
{Heap before GC invocations=6 (full 1):
 par new generation   total 109248K, used 101119K [0x00000007a0000000, 0x00000007a8000000, 0x00000007a8000000)
  eden space 87424K, 100% used [0x00000007a0000000, 0x00000007a5560000, 0x00000007a5560000)
  from space 21824K,  62% used [0x00000007a5560000, 0x00000007a62bfcb0, 0x00000007a6ab0000)
  to   space 21824K,   0% used [0x00000007a6ab0000, 0x00000007a6ab0000, 0x00000007a8000000)
 concurrent mark-sweep generation total 393216K, used 0K [0x00000007a8000000, 0x00000007c0000000, 0x00000007c0000000)
 Metaspace       used 26433K, capacity 26826K, committed 27388K, reserved 1073152K
  class space    used 3086K, capacity 3212K, committed 3324K, reserved 1048576K
2015-08-03T21:29:20.246-0200: 16.915: [GC (Allocation Failure) 16.915: [ParNew
Desired survivor size 20112992 bytes, new threshold 8 (max 8)
- age   1:     417384 bytes,     417384 total
- age   2:    1678264 bytes,    2095648 total
- age   3:     594272 bytes,    2689920 total
- age   4:    2809344 bytes,    5499264 total
- age   5:    1883024 bytes,    7382288 total
- age   6:     908120 bytes,    8290408 total
- age   7:    2482200 bytes,   10772608 total
: 101119K->12981K(109248K), 0.0873050 secs] 101119K->12981K(502464K), 0.0873977 secs] [Times: user=0.08 sys=0.00, real=0.09 secs] 
Heap after GC invocations=7 (full 1):
 par new generation   total 109248K, used 12981K [0x00000007a0000000, 0x00000007a8000000, 0x00000007a8000000)
  eden space 87424K,   0% used [0x00000007a0000000, 0x00000007a0000000, 0x00000007a5560000)
  from space 21824K,  59% used [0x00000007a6ab0000, 0x00000007a775d5f0, 0x00000007a8000000)
  to   space 21824K,   0% used [0x00000007a5560000, 0x00000007a5560000, 0x00000007a6ab0000)
 concurrent mark-sweep generation total 393216K, used 0K [0x00000007a8000000, 0x00000007c0000000, 0x00000007c0000000)
 Metaspace       used 26433K, capacity 26826K, committed 27388K, reserved 1073152K
  class space    used 3086K, capacity 3212K, committed 3324K, reserved 1048576K
}
2015-08-03T21:29:20.333-0200: 17.002: Total time for which application threads were stopped: 0.0878751 seconds, Stopping threads took: 0.0000810 seconds
2015-08-03T21:29:20.356-0200: 17.025: Total time for which application threads were stopped: 0.0003025 seconds, Stopping threads took: 0.0000475 seconds
2015-08-03T21:29:20.408-0200: 17.077: Total time for which application threads were stopped: 0.0114487 seconds, Stopping threads took: 0.0108470 seconds
2015-08-03T21:29:20.511-0200: 17.180: Total time for which application threads were stopped: 0.0004119 seconds, Stopping threads took: 0.0001030 seconds
2015-08-03T21:29:20.515-0200: 17.184: Total time for which application threads were stopped: 0.0039815 seconds, Stopping threads took: 0.0037521 seconds
{Heap before GC invocations=7 (full 1):
 par new generation   total 109248K, used 100405K [0x00000007a0000000, 0x00000007a8000000, 0x00000007a8000000)
  eden space 87424K, 100% used [0x00000007a0000000, 0x00000007a5560000, 0x00000007a5560000)
  from space 21824K,  59% used [0x00000007a6ab0000, 0x00000007a775d5f0, 0x00000007a8000000)
  to   space 21824K,   0% used [0x00000007a5560000, 0x00000007a5560000, 0x00000007a6ab0000)
 concurrent mark-sweep generation total 393216K, used 0K [0x00000007a8000000, 0x00000007c0000000, 0x00000007c0000000)
 Metaspace       used 26591K, capacity 26998K, committed 27388K, reserved 1073152K
  class space    used 3104K, capacity 3246K, committed 3324K, reserved 1048576K
2015-08-03T21:29:20.603-0200: 17.272: [GC (Allocation Failure) 17.272: [ParNew
Desired survivor size 20112992 bytes, new threshold 8 (max 8)
- age   1:     542120 bytes,     542120 total
- age   2:     141104 bytes,     683224 total
- age   3:    1675816 bytes,    2359040 total
- age   4:     589872 bytes,    2948912 total
- age   5:    2802720 bytes,    5751632 total
- age   6:    1882944 bytes,    7634576 total
- age   7:     907784 bytes,    8542360 total
- age   8:    2482248 bytes,   11024608 total
: 100405K->16079K(109248K), 0.0408881 secs] 100405K->16079K(502464K), 0.0410268 secs] [Times: user=0.06 sys=0.01, real=0.04 secs] 
Heap after GC invocations=8 (full 1):
 par new generation   total 109248K, used 16079K [0x00000007a0000000, 0x00000007a8000000, 0x00000007a8000000)
  eden space 87424K,   0% used [0x00000007a0000000, 0x00000007a0000000, 0x00000007a5560000)
  from space 21824K,  73% used [0x00000007a5560000, 0x00000007a6513d88, 0x00000007a6ab0000)
  to   space 21824K,   0% used [0x00000007a6ab0000, 0x00000007a6ab0000, 0x00000007a8000000)
 concurrent mark-sweep generation total 393216K, used 0K [0x00000007a8000000, 0x00000007c0000000, 0x00000007c0000000)
 Metaspace       used 26591K, capacity 26998K, committed 27388K, reserved 1073152K
  class space    used 3104K, capacity 3246K, committed 3324K, reserved 1048576K
}
2015-08-03T21:29:20.644-0200: 17.313: Total time for which application threads were stopped: 0.0415736 seconds, Stopping threads took: 0.0001175 seconds
2015-08-03T21:29:20.648-0200: 17.317: Total time for which application threads were stopped: 0.0003104 seconds, Stopping threads took: 0.0000462 seconds
2015-08-03T21:29:20.675-0200: 17.344: Total time for which application threads were stopped: 0.0007641 seconds, Stopping threads took: 0.0004330 seconds
2015-08-03T21:29:20.753-0200: 17.422: Total time for which application threads were stopped: 0.0002951 seconds, Stopping threads took: 0.0000260 seconds
2015-08-03T21:29:20.993-0200: 17.662: Total time for which application threads were stopped: 0.0004561 seconds, Stopping threads took: 0.0000635 seconds
2015-08-03T21:29:21.003-0200: 17.672: Total time for which application threads were stopped: 0.0003636 seconds, Stopping threads took: 0.0001054 seconds
2015-08-03T21:29:21.004-0200: 17.673: Total time for which application threads were stopped: 0.0004533 seconds, Stopping threads took: 0.0002147 seconds
2015-08-03T21:29:21.006-0200: 17.675: Total time for which application threads were stopped: 0.0006493 seconds, Stopping threads took: 0.0003763 seconds
2015-08-03T21:29:21.007-0200: 17.676: Total time for which application threads were stopped: 0.0003334 seconds, Stopping threads took: 0.0001013 seconds
{Heap before GC invocations=8 (full 1):
 par new generation   total 109248K, used 103503K [0x00000007a0000000, 0x00000007a8000000, 0x00000007a8000000)
  eden space 87424K, 100% used [0x00000007a0000000, 0x00000007a5560000, 0x00000007a5560000)
  from space 21824K,  73% used [0x00000007a5560000, 0x00000007a6513d88, 0x00000007a6ab0000)
  to   space 21824K,   0% used [0x00000007a6ab0000, 0x00000007a6ab0000, 0x00000007a8000000)
 concurrent mark-sweep generation total 393216K, used 0K [0x00000007a8000000, 0x00000007c0000000, 0x00000007c0000000)
 Metaspace       used 27045K, capacity 27454K, committed 27900K, reserved 1073152K
  class space    used 3162K, capacity 3312K, committed 3324K, reserved 1048576K
2015-08-03T21:29:21.022-0200: 17.691: [GC (Allocation Failure) 17.691: [ParNew
Desired survivor size 20112992 bytes, new threshold 8 (max 8)
- age   1:     521712 bytes,     521712 total
- age   2:     109408 bytes,     631120 total
- age   3:     138616 bytes,     769736 total
- age   4:    1670048 bytes,    2439784 total
- age   5:     586056 bytes,    3025840 total
- age   6:    2795528 bytes,    5821368 total
- age   7:    1882208 bytes,    7703576 total
- age   8:     907592 bytes,    8611168 total
: 103503K->12668K(109248K), 0.0431324 secs] 103503K->15332K(502464K), 0.0432486 secs] [Times: user=0.08 sys=0.00, real=0.04 secs] 
Heap after GC invocations=9 (full 1):
 par new generation   total 109248K, used 12668K [0x00000007a0000000, 0x00000007a8000000, 0x00000007a8000000)
  eden space 87424K,   0% used [0x00000007a0000000, 0x00000007a0000000, 0x00000007a5560000)
  from space 21824K,  58% used [0x00000007a6ab0000, 0x00000007a770f2c0, 0x00000007a8000000)
  to   space 21824K,   0% used [0x00000007a5560000, 0x00000007a5560000, 0x00000007a6ab0000)
 concurrent mark-sweep generation total 393216K, used 2663K [0x00000007a8000000, 0x00000007c0000000, 0x00000007c0000000)
 Metaspace       used 27045K, capacity 27454K, committed 27900K, reserved 1073152K
  class space    used 3162K, capacity 3312K, committed 3324K, reserved 1048576K
}
2015-08-03T21:29:21.066-0200: 17.735: Total time for which application threads were stopped: 0.0439563 seconds, Stopping threads took: 0.0003144 seconds
2015-08-03T21:29:21.107-0200: 17.776: Total time for which application threads were stopped: 0.0007772 seconds, Stopping threads took: 0.0000535 seconds
2015-08-03T21:29:21.330-0200: 17.999: Total time for which application threads were stopped: 0.0008636 seconds, Stopping threads took: 0.0000445 seconds
2015-08-03T21:29:21.454-0200: 18.123: Total time for which application threads were stopped: 0.0003447 seconds, Stopping threads took: 0.0000278 seconds
2015-08-03T21:29:21.651-0200: 18.320: Total time for which application threads were stopped: 0.0003639 seconds, Stopping threads took: 0.0000422 seconds
2015-08-03T21:29:21.751-0200: 18.420: Total time for which application threads were stopped: 0.0008351 seconds, Stopping threads took: 0.0000587 seconds
2015-08-03T21:29:21.787-0200: 18.456: Total time for which application threads were stopped: 0.0075966 seconds, Stopping threads took: 0.0067326 seconds
2015-08-03T21:29:21.857-0200: 18.526: Total time for which application threads were stopped: 0.0003257 seconds, Stopping threads took: 0.0000280 seconds
2015-08-03T21:29:21.969-0200: 18.638: Total time for which application threads were stopped: 0.0003204 seconds, Stopping threads took: 0.0000473 seconds
2015-08-03T21:29:21.971-0200: 18.640: Total time for which application threads were stopped: 0.0002492 seconds, Stopping threads took: 0.0000456 seconds
2015-08-03T21:29:21.971-0200: 18.640: Total time for which application threads were stopped: 0.0001749 seconds, Stopping threads took: 0.0000298 seconds
2015-08-03T21:29:21.971-0200: 18.640: Total time for which application threads were stopped: 0.0001444 seconds, Stopping threads took: 0.0000126 seconds
2015-08-03T21:29:21.971-0200: 18.640: Total time for which application threads were stopped: 0.0001576 seconds, Stopping threads took: 0.0000276 seconds
2015-08-03T21:29:21.971-0200: 18.640: Total time for which application threads were stopped: 0.0001687 seconds, Stopping threads took: 0.0000146 seconds
2015-08-03T21:29:21.973-0200: 18.642: Total time for which application threads were stopped: 0.0002584 seconds, Stopping threads took: 0.0000475 seconds
2015-08-03T21:29:21.976-0200: 18.645: Total time for which application threads were stopped: 0.0002986 seconds, Stopping threads took: 0.0000576 seconds
2015-08-03T21:29:21.984-0200: 18.653: Total time for which application threads were stopped: 0.0003029 seconds, Stopping threads took: 0.0000426 seconds
2015-08-03T21:29:21.995-0200: 18.664: Total time for which application threads were stopped: 0.0003212 seconds, Stopping threads took: 0.0000618 seconds
2015-08-03T21:29:22.001-0200: 18.670: Total time for which application threads were stopped: 0.0002980 seconds, Stopping threads took: 0.0000407 seconds
2015-08-03T21:29:22.004-0200: 18.673: Total time for which application threads were stopped: 0.0002732 seconds, Stopping threads took: 0.0000525 seconds
2015-08-03T21:29:22.004-0200: 18.673: Total time for which application threads were stopped: 0.0001903 seconds, Stopping threads took: 0.0000301 seconds
2015-08-03T21:29:22.014-0200: 18.683: Total time for which application threads were stopped: 0.0008372 seconds, Stopping threads took: 0.0000262 seconds
2015-08-03T21:29:22.017-0200: 18.686: Total time for which application threads were stopped: 0.0003546 seconds, Stopping threads took: 0.0000579 seconds
2015-08-03T21:29:22.022-0200: 18.691: Total time for which application threads were stopped: 0.0003171 seconds, Stopping threads took: 0.0000564 seconds
2015-08-03T21:29:22.112-0200: 18.781: Total time for which application threads were stopped: 0.0002850 seconds, Stopping threads took: 0.0000313 seconds
2015-08-03T21:29:22.126-0200: 18.795: Total time for which application threads were stopped: 0.0003200 seconds, Stopping threads took: 0.0000736 seconds
2015-08-03T21:29:22.259-0200: 18.928: Total time for which application threads were stopped: 0.0003032 seconds, Stopping threads took: 0.0000542 seconds
2015-08-03T21:29:22.302-0200: 18.971: Total time for which application threads were stopped: 0.0005287 seconds, Stopping threads took: 0.0002883 seconds
2015-08-03T21:29:22.304-0200: 18.973: Total time for which application threads were stopped: 0.0002916 seconds, Stopping threads took: 0.0000476 seconds
2015-08-03T21:29:22.342-0200: 19.011: Total time for which application threads were stopped: 0.0003087 seconds, Stopping threads took: 0.0000547 seconds
2015-08-03T21:29:22.356-0200: 19.025: Total time for which application threads were stopped: 0.0004981 seconds, Stopping threads took: 0.0002569 seconds
{Heap before GC invocations=9 (full 1):
 par new generation   total 109248K, used 100092K [0x00000007a0000000, 0x00000007a8000000, 0x00000007a8000000)
  eden space 87424K, 100% used [0x00000007a0000000, 0x00000007a5560000, 0x00000007a5560000)
  from space 21824K,  58% used [0x00000007a6ab0000, 0x00000007a770f2c0, 0x00000007a8000000)
  to   space 21824K,   0% used [0x00000007a5560000, 0x00000007a5560000, 0x00000007a6ab0000)
 concurrent mark-sweep generation total 393216K, used 2663K [0x00000007a8000000, 0x00000007c0000000, 0x00000007c0000000)
 Metaspace       used 29655K, capacity 30028K, committed 30588K, reserved 1077248K
  class space    used 3501K, capacity 3635K, committed 3708K, reserved 1048576K
2015-08-03T21:29:22.474-0200: 19.143: [GC (Allocation Failure) 19.143: [ParNew
Desired survivor size 20112992 bytes, new threshold 8 (max 8)
- age   1:    3535576 bytes,    3535576 total
- age   2:     202552 bytes,    3738128 total
- age   3:     106272 bytes,    3844400 total
- age   4:     135072 bytes,    3979472 total
- age   5:     199848 bytes,    4179320 total
- age   6:     577784 bytes,    4757104 total
- age   7:    2780456 bytes,    7537560 total
- age   8:    1880032 bytes,    9417592 total
: 100092K->11057K(109248K), 0.0201336 secs] 102756K->14617K(502464K), 0.0202470 secs] [Times: user=0.05 sys=0.00, real=0.02 secs] 
Heap after GC invocations=10 (full 1):
 par new generation   total 109248K, used 11057K [0x00000007a0000000, 0x00000007a8000000, 0x00000007a8000000)
  eden space 87424K,   0% used [0x00000007a0000000, 0x00000007a0000000, 0x00000007a5560000)
  from space 21824K,  50% used [0x00000007a5560000, 0x00000007a602c6e0, 0x00000007a6ab0000)
  to   space 21824K,   0% used [0x00000007a6ab0000, 0x00000007a6ab0000, 0x00000007a8000000)
 concurrent mark-sweep generation total 393216K, used 3559K [0x00000007a8000000, 0x00000007c0000000, 0x00000007c0000000)
 Metaspace       used 29655K, capacity 30028K, committed 30588K, reserved 1077248K
  class space    used 3501K, capacity 3635K, committed 3708K, reserved 1048576K
}
2015-08-03T21:29:22.494-0200: 19.163: Total time for which application threads were stopped: 0.0208810 seconds, Stopping threads took: 0.0002361 seconds
2015-08-03T21:29:22.584-0200: 19.253: Total time for which application threads were stopped: 0.0003651 seconds, Stopping threads took: 0.0000643 seconds
2015-08-03T21:29:22.588-0200: 19.257: Total time for which application threads were stopped: 0.0006843 seconds, Stopping threads took: 0.0004293 seconds
2015-08-03T21:29:22.607-0200: 19.276: Total time for which application threads were stopped: 0.0007463 seconds, Stopping threads took: 0.0004777 seconds
2015-08-03T21:29:22.614-0200: 19.283: Total time for which application threads were stopped: 0.0003126 seconds, Stopping threads took: 0.0000464 seconds
2015-08-03T21:29:22.616-0200: 19.285: Total time for which application threads were stopped: 0.0002461 seconds, Stopping threads took: 0.0000234 seconds
2015-08-03T21:29:22.631-0200: 19.300: Total time for which application threads were stopped: 0.0002850 seconds, Stopping threads took: 0.0000254 seconds
2015-08-03T21:29:22.634-0200: 19.303: Total time for which application threads were stopped: 0.0005652 seconds, Stopping threads took: 0.0001107 seconds
2015-08-03T21:29:22.684-0200: 19.353: Total time for which application threads were stopped: 0.0003215 seconds, Stopping threads took: 0.0000536 seconds
2015-08-03T21:29:22.775-0200: 19.444: Total time for which application threads were stopped: 0.0009027 seconds, Stopping threads took: 0.0000268 seconds
2015-08-03T21:29:22.793-0200: 19.462: Total time for which application threads were stopped: 0.0002979 seconds, Stopping threads took: 0.0000295 seconds
2015-08-03T21:29:22.897-0200: 19.566: Total time for which application threads were stopped: 0.0003892 seconds, Stopping threads took: 0.0000455 seconds
2015-08-03T21:29:22.937-0200: 19.606: Total time for which application threads were stopped: 0.0003068 seconds, Stopping threads took: 0.0000446 seconds
2015-08-03T21:29:22.939-0200: 19.608: Total time for which application threads were stopped: 0.0002880 seconds, Stopping threads took: 0.0000487 seconds
2015-08-03T21:29:22.983-0200: 19.652: Total time for which application threads were stopped: 0.0003142 seconds, Stopping threads took: 0.0000462 seconds
2015-08-03T21:29:23.010-0200: 19.680: Total time for which application threads were stopped: 0.0002619 seconds, Stopping threads took: 0.0000396 seconds
2015-08-03T21:29:23.090-0200: 19.759: Total time for which application threads were stopped: 0.0003231 seconds, Stopping threads took: 0.0000553 seconds
2015-08-03T21:29:23.176-0200: 19.845: Total time for which application threads were stopped: 0.0012652 seconds, Stopping threads took: 0.0009893 seconds
2015-08-03T21:29:23.179-0200: 19.848: Total time for which application threads were stopped: 0.0003083 seconds, Stopping threads took: 0.0000454 seconds
2015-08-03T21:29:23.180-0200: 19.849: Total time for which application threads were stopped: 0.0002309 seconds, Stopping threads took: 0.0000208 seconds
2015-08-03T21:29:23.199-0200: 19.868: Total time for which application threads were stopped: 0.0002961 seconds, Stopping threads took: 0.0000437 seconds
2015-08-03T21:29:23.201-0200: 19.870: Total time for which application threads were stopped: 0.0008004 seconds, Stopping threads took: 0.0000241 seconds
2015-08-03T21:29:23.239-0200: 19.908: Total time for which application threads were stopped: 0.0007698 seconds, Stopping threads took: 0.0004644 seconds
2015-08-03T21:29:23.253-0200: 19.922: Total time for which application threads were stopped: 0.0008869 seconds, Stopping threads took: 0.0000506 seconds
2015-08-03T21:29:23.258-0200: 19.927: Total time for which application threads were stopped: 0.0003716 seconds, Stopping threads took: 0.0001258 seconds
2015-08-03T21:29:23.283-0200: 19.952: Total time for which application threads were stopped: 0.0003315 seconds, Stopping threads took: 0.0000704 seconds
2015-08-03T21:29:23.309-0200: 19.978: Total time for which application threads were stopped: 0.0112099 seconds, Stopping threads took: 0.0108584 seconds
2015-08-03T21:29:23.355-0200: 20.024: Total time for which application threads were stopped: 0.0008469 seconds, Stopping threads took: 0.0000808 seconds
2015-08-03T21:29:23.375-0200: 20.044: Total time for which application threads were stopped: 0.0003044 seconds, Stopping threads took: 0.0000432 seconds
2015-08-03T21:29:23.398-0200: 20.067: Total time for which application threads were stopped: 0.0003357 seconds, Stopping threads took: 0.0000517 seconds
2015-08-03T21:29:23.418-0200: 20.087: Total time for which application threads were stopped: 0.0002782 seconds, Stopping threads took: 0.0000616 seconds
2015-08-03T21:29:23.421-0200: 20.090: Total time for which application threads were stopped: 0.0005550 seconds, Stopping threads took: 0.0000278 seconds
2015-08-03T21:29:23.423-0200: 20.092: Total time for which application threads were stopped: 0.0002692 seconds, Stopping threads took: 0.0000648 seconds
2015-08-03T21:29:23.424-0200: 20.093: Total time for which application threads were stopped: 0.0002316 seconds, Stopping threads took: 0.0000241 seconds
2015-08-03T21:29:23.450-0200: 20.119: Total time for which application threads were stopped: 0.0003611 seconds, Stopping threads took: 0.0001159 seconds
2015-08-03T21:29:23.450-0200: 20.119: Total time for which application threads were stopped: 0.0002617 seconds, Stopping threads took: 0.0000763 seconds
2015-08-03T21:29:23.452-0200: 20.121: Total time for which application threads were stopped: 0.0002326 seconds, Stopping threads took: 0.0000248 seconds
2015-08-03T21:29:23.552-0200: 20.221: Total time for which application threads were stopped: 0.0003199 seconds, Stopping threads took: 0.0000636 seconds
2015-08-03T21:29:23.556-0200: 20.225: Total time for which application threads were stopped: 0.0002425 seconds, Stopping threads took: 0.0000308 seconds
{Heap before GC invocations=10 (full 1):
 par new generation   total 109248K, used 98481K [0x00000007a0000000, 0x00000007a8000000, 0x00000007a8000000)
  eden space 87424K, 100% used [0x00000007a0000000, 0x00000007a5560000, 0x00000007a5560000)
  from space 21824K,  50% used [0x00000007a5560000, 0x00000007a602c6e0, 0x00000007a6ab0000)
  to   space 21824K,   0% used [0x00000007a6ab0000, 0x00000007a6ab0000, 0x00000007a8000000)
 concurrent mark-sweep generation total 393216K, used 3559K [0x00000007a8000000, 0x00000007c0000000, 0x00000007c0000000)
 Metaspace       used 31843K, capacity 32236K, committed 32636K, reserved 1077248K
  class space    used 3724K, capacity 3859K, committed 3964K, reserved 1048576K
2015-08-03T21:29:23.706-0200: 20.375: [GC (Allocation Failure) 20.375: [ParNew
Desired survivor size 20112992 bytes, new threshold 8 (max 8)
- age   1:    6437400 bytes,    6437400 total
- age   2:    1470688 bytes,    7908088 total
- age   3:     198488 bytes,    8106576 total
- age   4:     101400 bytes,    8207976 total
- age   5:     125040 bytes,    8333016 total
- age   6:     188792 bytes,    8521808 total
- age   7:     564552 bytes,    9086360 total
- age   8:    2760728 bytes,   11847088 total
: 98481K->15638K(109248K), 0.0718955 secs] 102041K->21087K(502464K), 0.0719870 secs] [Times: user=0.11 sys=0.01, real=0.07 secs] 
Heap after GC invocations=11 (full 1):
 par new generation   total 109248K, used 15638K [0x00000007a0000000, 0x00000007a8000000, 0x00000007a8000000)
  eden space 87424K,   0% used [0x00000007a0000000, 0x00000007a0000000, 0x00000007a5560000)
  from space 21824K,  71% used [0x00000007a6ab0000, 0x00000007a79f5880, 0x00000007a8000000)
  to   space 21824K,   0% used [0x00000007a5560000, 0x00000007a5560000, 0x00000007a6ab0000)
 concurrent mark-sweep generation total 393216K, used 5449K [0x00000007a8000000, 0x00000007c0000000, 0x00000007c0000000)
 Metaspace       used 31843K, capacity 32236K, committed 32636K, reserved 1077248K
  class space    used 3724K, capacity 3859K, committed 3964K, reserved 1048576K
}
2015-08-03T21:29:23.778-0200: 20.447: Total time for which application threads were stopped: 0.0724275 seconds, Stopping threads took: 0.0000305 seconds
2015-08-03T21:29:23.955-0200: 20.624: Total time for which application threads were stopped: 0.0004592 seconds, Stopping threads took: 0.0000885 seconds
2015-08-03T21:29:23.966-0200: 20.635: Total time for which application threads were stopped: 0.0002491 seconds, Stopping threads took: 0.0000275 seconds
2015-08-03T21:29:23.982-0200: 20.651: Total time for which application threads were stopped: 0.0002957 seconds, Stopping threads took: 0.0000524 seconds
2015-08-03T21:29:23.984-0200: 20.653: Total time for which application threads were stopped: 0.0002787 seconds, Stopping threads took: 0.0000549 seconds
2015-08-03T21:29:23.986-0200: 20.655: Total time for which application threads were stopped: 0.0003134 seconds, Stopping threads took: 0.0000819 seconds
2015-08-03T21:29:24.033-0200: 20.702: Total time for which application threads were stopped: 0.0003300 seconds, Stopping threads took: 0.0000467 seconds
2015-08-03T21:29:24.036-0200: 20.705: Total time for which application threads were stopped: 0.0010513 seconds, Stopping threads took: 0.0008196 seconds
2015-08-03T21:29:24.055-0200: 20.724: Total time for which application threads were stopped: 0.0002358 seconds, Stopping threads took: 0.0000281 seconds
2015-08-03T21:29:24.055-0200: 20.724: Total time for which application threads were stopped: 0.0001994 seconds, Stopping threads took: 0.0000350 seconds
2015-08-03T21:29:24.057-0200: 20.726: Total time for which application threads were stopped: 0.0003054 seconds, Stopping threads took: 0.0001106 seconds
2015-08-03T21:29:24.059-0200: 20.728: Total time for which application threads were stopped: 0.0002945 seconds, Stopping threads took: 0.0000461 seconds
2015-08-03T21:29:24.072-0200: 20.741: Total time for which application threads were stopped: 0.0002960 seconds, Stopping threads took: 0.0000469 seconds
2015-08-03T21:29:24.074-0200: 20.743: Total time for which application threads were stopped: 0.0002247 seconds, Stopping threads took: 0.0000260 seconds
2015-08-03T21:29:24.125-0200: 20.794: Total time for which application threads were stopped: 0.0003317 seconds, Stopping threads took: 0.0001053 seconds
2015-08-03T21:29:24.126-0200: 20.795: Total time for which application threads were stopped: 0.0002344 seconds, Stopping threads took: 0.0000438 seconds
2015-08-03T21:29:24.128-0200: 20.797: Total time for which application threads were stopped: 0.0002038 seconds, Stopping threads took: 0.0000221 seconds
2015-08-03T21:29:24.885-0200: 21.554: Total time for which application threads were stopped: 0.0004995 seconds, Stopping threads took: 0.0000479 seconds
2015-08-03T21:29:24.886-0200: 21.555: Total time for which application threads were stopped: 0.0002140 seconds, Stopping threads took: 0.0000247 seconds
2015-08-03T21:29:24.887-0200: 21.556: Total time for which application threads were stopped: 0.0002331 seconds, Stopping threads took: 0.0000403 seconds
2015-08-03T21:29:24.891-0200: 21.560: Total time for which application threads were stopped: 0.0002475 seconds, Stopping threads took: 0.0000450 seconds
2015-08-03T21:29:24.891-0200: 21.560: Total time for which application threads were stopped: 0.0002041 seconds, Stopping threads took: 0.0000376 seconds
2015-08-03T21:29:24.905-0200: 21.574: Total time for which application threads were stopped: 0.0002886 seconds, Stopping threads took: 0.0000269 seconds
2015-08-03T21:29:24.911-0200: 21.580: Total time for which application threads were stopped: 0.0004607 seconds, Stopping threads took: 0.0000492 seconds
2015-08-03T21:29:25.009-0200: 21.678: Total time for which application threads were stopped: 0.0002540 seconds, Stopping threads took: 0.0000257 seconds
2015-08-03T21:29:25.010-0200: 21.679: Total time for which application threads were stopped: 0.0002609 seconds, Stopping threads took: 0.0000474 seconds
2015-08-03T21:29:25.019-0200: 21.688: Total time for which application threads were stopped: 0.0002303 seconds, Stopping threads took: 0.0000254 seconds
2015-08-03T21:29:25.040-0200: 21.709: Total time for which application threads were stopped: 0.0002433 seconds, Stopping threads took: 0.0000251 seconds
2015-08-03T21:29:26.043-0200: 22.712: Total time for which application threads were stopped: 0.0002542 seconds, Stopping threads took: 0.0000373 seconds
2015-08-03T21:29:26.117-0200: 22.787: Total time for which application threads were stopped: 0.0002129 seconds, Stopping threads took: 0.0000223 seconds
2015-08-03T21:29:26.119-0200: 22.789: Total time for which application threads were stopped: 0.0002096 seconds, Stopping threads took: 0.0000229 seconds
2015-08-03T21:29:26.120-0200: 22.789: Total time for which application threads were stopped: 0.0001065 seconds, Stopping threads took: 0.0000127 seconds
2015-08-03T21:29:26.120-0200: 22.789: Total time for which application threads were stopped: 0.0000877 seconds, Stopping threads took: 0.0000105 seconds
2015-08-03T21:29:26.120-0200: 22.789: Total time for which application threads were stopped: 0.0000836 seconds, Stopping threads took: 0.0000090 seconds
2015-08-03T21:29:26.120-0200: 22.789: Total time for which application threads were stopped: 0.0000859 seconds, Stopping threads took: 0.0000093 seconds
2015-08-03T21:29:26.120-0200: 22.789: Total time for which application threads were stopped: 0.0001119 seconds, Stopping threads took: 0.0000099 seconds
2015-08-03T21:29:26.120-0200: 22.789: Total time for which application threads were stopped: 0.0000905 seconds, Stopping threads took: 0.0000108 seconds
2015-08-03T21:29:26.120-0200: 22.790: Total time for which application threads were stopped: 0.0000857 seconds, Stopping threads took: 0.0000094 seconds
2015-08-03T21:29:26.121-0200: 22.790: Total time for which application threads were stopped: 0.0000880 seconds, Stopping threads took: 0.0000100 seconds
2015-08-03T21:29:26.121-0200: 22.790: Total time for which application threads were stopped: 0.0000865 seconds, Stopping threads took: 0.0000103 seconds
2015-08-03T21:29:26.121-0200: 22.790: Total time for which application threads were stopped: 0.0000835 seconds, Stopping threads took: 0.0000088 seconds
2015-08-03T21:29:26.121-0200: 22.790: Total time for which application threads were stopped: 0.0000833 seconds, Stopping threads took: 0.0000089 seconds
2015-08-03T21:29:26.121-0200: 22.790: Total time for which application threads were stopped: 0.0000853 seconds, Stopping threads took: 0.0000099 seconds
2015-08-03T21:29:26.121-0200: 22.790: Total time for which application threads were stopped: 0.0000841 seconds, Stopping threads took: 0.0000089 seconds
2015-08-03T21:29:26.121-0200: 22.791: Total time for which application threads were stopped: 0.0000830 seconds, Stopping threads took: 0.0000090 seconds
2015-08-03T21:29:26.122-0200: 22.791: Total time for which application threads were stopped: 0.0000849 seconds, Stopping threads took: 0.0000104 seconds
2015-08-03T21:29:26.122-0200: 22.791: Total time for which application threads were stopped: 0.0000843 seconds, Stopping threads took: 0.0000091 seconds
2015-08-03T21:29:26.122-0200: 22.791: Total time for which application threads were stopped: 0.0000861 seconds, Stopping threads took: 0.0000098 seconds
2015-08-03T21:29:26.122-0200: 22.791: Total time for which application threads were stopped: 0.0000828 seconds, Stopping threads took: 0.0000080 seconds
2015-08-03T21:29:26.122-0200: 22.792: Total time for which application threads were stopped: 0.0001054 seconds, Stopping threads took: 0.0000104 seconds
2015-08-03T21:29:26.123-0200: 22.792: Total time for which application threads were stopped: 0.0002332 seconds, Stopping threads took: 0.0000094 seconds
2015-08-03T21:29:26.123-0200: 22.792: Total time for which application threads were stopped: 0.0001126 seconds, Stopping threads took: 0.0000106 seconds
2015-08-03T21:29:26.127-0200: 22.796: Total time for which application threads were stopped: 0.0003317 seconds, Stopping threads took: 0.0000325 seconds
2015-08-03T21:29:26.131-0200: 22.800: Total time for which application threads were stopped: 0.0003380 seconds, Stopping threads took: 0.0000860 seconds
2015-08-03T21:29:26.132-0200: 22.801: Total time for which application threads were stopped: 0.0002346 seconds, Stopping threads took: 0.0000222 seconds
2015-08-03T21:29:26.134-0200: 22.803: Total time for which application threads were stopped: 0.0002305 seconds, Stopping threads took: 0.0000519 seconds
2015-08-03T21:29:26.135-0200: 22.804: Total time for which application threads were stopped: 0.0002203 seconds, Stopping threads took: 0.0000219 seconds
2015-08-03T21:29:26.184-0200: 22.853: Total time for which application threads were stopped: 0.0002757 seconds, Stopping threads took: 0.0000286 seconds
2015-08-03T21:29:26.241-0200: 22.910: Total time for which application threads were stopped: 0.0003873 seconds, Stopping threads took: 0.0001363 seconds
2015-08-03T21:29:26.242-0200: 22.911: Total time for which application threads were stopped: 0.0002504 seconds, Stopping threads took: 0.0000804 seconds
2015-08-03T21:29:26.242-0200: 22.911: Total time for which application threads were stopped: 0.0001802 seconds, Stopping threads took: 0.0000159 seconds
2015-08-03T21:29:26.244-0200: 22.914: Total time for which application threads were stopped: 0.0002894 seconds, Stopping threads took: 0.0000484 seconds
2015-08-03T21:29:26.247-0200: 22.916: Total time for which application threads were stopped: 0.0003928 seconds, Stopping threads took: 0.0001213 seconds
2015-08-03T21:29:26.251-0200: 22.920: Total time for which application threads were stopped: 0.0003057 seconds, Stopping threads took: 0.0000536 seconds
2015-08-03T21:29:26.280-0200: 22.949: Total time for which application threads were stopped: 0.0010729 seconds, Stopping threads took: 0.0008043 seconds
2015-08-03T21:29:26.352-0200: 23.021: Total time for which application threads were stopped: 0.0003759 seconds, Stopping threads took: 0.0001136 seconds
2015-08-03T21:29:26.352-0200: 23.021: Total time for which application threads were stopped: 0.0001818 seconds, Stopping threads took: 0.0000184 seconds
2015-08-03T21:29:26.354-0200: 23.024: Total time for which application threads were stopped: 0.0004084 seconds, Stopping threads took: 0.0001437 seconds
2015-08-03T21:29:26.355-0200: 23.024: Total time for which application threads were stopped: 0.0002693 seconds, Stopping threads took: 0.0000766 seconds
2015-08-03T21:29:26.356-0200: 23.025: Total time for which application threads were stopped: 0.0002947 seconds, Stopping threads took: 0.0001052 seconds
2015-08-03T21:29:26.356-0200: 23.025: Total time for which application threads were stopped: 0.0002098 seconds, Stopping threads took: 0.0000377 seconds
2015-08-03T21:29:26.358-0200: 23.027: Total time for which application threads were stopped: 0.0003823 seconds, Stopping threads took: 0.0001186 seconds
2015-08-03T21:29:26.358-0200: 23.028: Total time for which application threads were stopped: 0.0002590 seconds, Stopping threads took: 0.0000763 seconds
2015-08-03T21:29:26.360-0200: 23.029: Total time for which application threads were stopped: 0.0004374 seconds, Stopping threads took: 0.0001856 seconds
2015-08-03T21:29:26.361-0200: 23.030: Total time for which application threads were stopped: 0.0003297 seconds, Stopping threads took: 0.0001050 seconds
{Heap before GC invocations=11 (full 1):
 par new generation   total 109248K, used 103062K [0x00000007a0000000, 0x00000007a8000000, 0x00000007a8000000)
  eden space 87424K, 100% used [0x00000007a0000000, 0x00000007a5560000, 0x00000007a5560000)
  from space 21824K,  71% used [0x00000007a6ab0000, 0x00000007a79f5880, 0x00000007a8000000)
  to   space 21824K,   0% used [0x00000007a5560000, 0x00000007a5560000, 0x00000007a6ab0000)
 concurrent mark-sweep generation total 393216K, used 5449K [0x00000007a8000000, 0x00000007c0000000, 0x00000007c0000000)
 Metaspace       used 32300K, capacity 32676K, committed 33148K, reserved 1079296K
  class space    used 3768K, capacity 3895K, committed 3964K, reserved 1048576K
2015-08-03T21:29:26.371-0200: 23.040: [GC (Allocation Failure) 23.040: [ParNew
Desired survivor size 20112992 bytes, new threshold 8 (max 8)
- age   1:    2754152 bytes,    2754152 total
- age   2:    4526816 bytes,    7280968 total
- age   3:    1462136 bytes,    8743104 total
- age   4:     196432 bytes,    8939536 total
- age   5:     100584 bytes,    9040120 total
- age   6:     123120 bytes,    9163240 total
- age   7:     186168 bytes,    9349408 total
- age   8:     550928 bytes,    9900336 total
: 103062K->12586K(109248K), 0.0282228 secs] 108511K->20677K(502464K), 0.0283239 secs] [Times: user=0.07 sys=0.00, real=0.02 secs] 
Heap after GC invocations=12 (full 1):
 par new generation   total 109248K, used 12586K [0x00000007a0000000, 0x00000007a8000000, 0x00000007a8000000)
  eden space 87424K,   0% used [0x00000007a0000000, 0x00000007a0000000, 0x00000007a5560000)
  from space 21824K,  57% used [0x00000007a5560000, 0x00000007a61aaa40, 0x00000007a6ab0000)
  to   space 21824K,   0% used [0x00000007a6ab0000, 0x00000007a6ab0000, 0x00000007a8000000)
 concurrent mark-sweep generation total 393216K, used 8091K [0x00000007a8000000, 0x00000007c0000000, 0x00000007c0000000)
 Metaspace       used 32300K, capacity 32676K, committed 33148K, reserved 1079296K
  class space    used 3768K, capacity 3895K, committed 3964K, reserved 1048576K
}
2015-08-03T21:29:26.399-0200: 23.068: Total time for which application threads were stopped: 0.0288433 seconds, Stopping threads took: 0.0000332 seconds
2015-08-03T21:29:26.400-0200: 23.069: Total time for which application threads were stopped: 0.0003901 seconds, Stopping threads took: 0.0001344 seconds
2015-08-03T21:29:26.401-0200: 23.070: Total time for which application threads were stopped: 0.0003100 seconds, Stopping threads took: 0.0001144 seconds
2015-08-03T21:29:26.473-0200: 23.142: Total time for which application threads were stopped: 0.0113080 seconds, Stopping threads took: 0.0109839 seconds
2015-08-03T21:29:26.477-0200: 23.147: Total time for which application threads were stopped: 0.0004693 seconds, Stopping threads took: 0.0002301 seconds
2015-08-03T21:29:26.484-0200: 23.153: Total time for which application threads were stopped: 0.0004435 seconds, Stopping threads took: 0.0001603 seconds
2015-08-03T21:29:26.489-0200: 23.158: Total time for which application threads were stopped: 0.0004261 seconds, Stopping threads took: 0.0001397 seconds
{Heap before GC invocations=12 (full 1):
 par new generation   total 109248K, used 100010K [0x00000007a0000000, 0x00000007a8000000, 0x00000007a8000000)
  eden space 87424K, 100% used [0x00000007a0000000, 0x00000007a5560000, 0x00000007a5560000)
  from space 21824K,  57% used [0x00000007a5560000, 0x00000007a61aaa40, 0x00000007a6ab0000)
  to   space 21824K,   0% used [0x00000007a6ab0000, 0x00000007a6ab0000, 0x00000007a8000000)
 concurrent mark-sweep generation total 393216K, used 8091K [0x00000007a8000000, 0x00000007c0000000, 0x00000007c0000000)
 Metaspace       used 32322K, capacity 32676K, committed 33148K, reserved 1079296K
  class space    used 3768K, capacity 3895K, committed 3964K, reserved 1048576K
2015-08-03T21:29:26.590-0200: 23.259: [GC (Allocation Failure) 23.259: [ParNew
Desired survivor size 20112992 bytes, new threshold 8 (max 8)
- age   1:    2007744 bytes,    2007744 total
- age   2:    2016072 bytes,    4023816 total
- age   3:    4526784 bytes,    8550600 total
- age   4:    1462136 bytes,   10012736 total
- age   5:     196328 bytes,   10209064 total
- age   6:     100584 bytes,   10309648 total
- age   7:     123120 bytes,   10432768 total
- age   8:     186136 bytes,   10618904 total
: 100010K->13253K(109248K), 0.0228477 secs] 108101K->21887K(502464K), 0.0229918 secs] [Times: user=0.06 sys=0.00, real=0.02 secs] 
Heap after GC invocations=13 (full 1):
 par new generation   total 109248K, used 13253K [0x00000007a0000000, 0x00000007a8000000, 0x00000007a8000000)
  eden space 87424K,   0% used [0x00000007a0000000, 0x00000007a0000000, 0x00000007a5560000)
  from space 21824K,  60% used [0x00000007a6ab0000, 0x00000007a77a1520, 0x00000007a8000000)
  to   space 21824K,   0% used [0x00000007a5560000, 0x00000007a5560000, 0x00000007a6ab0000)
 concurrent mark-sweep generation total 393216K, used 8634K [0x00000007a8000000, 0x00000007c0000000, 0x00000007c0000000)
 Metaspace       used 32322K, capacity 32676K, committed 33148K, reserved 1079296K
  class space    used 3768K, capacity 3895K, committed 3964K, reserved 1048576K
}
2015-08-03T21:29:26.613-0200: 23.282: Total time for which application threads were stopped: 0.0284561 seconds, Stopping threads took: 0.0050165 seconds
2015-08-03T21:29:26.613-0200: 23.283: Total time for which application threads were stopped: 0.0004066 seconds, Stopping threads took: 0.0001084 seconds
2015-08-03T21:29:26.614-0200: 23.283: Total time for which application threads were stopped: 0.0003047 seconds, Stopping threads took: 0.0000865 seconds
2015-08-03T21:29:26.616-0200: 23.285: Total time for which application threads were stopped: 0.0006372 seconds, Stopping threads took: 0.0000926 seconds
2015-08-03T21:29:26.619-0200: 23.288: Total time for which application threads were stopped: 0.0003064 seconds, Stopping threads took: 0.0000725 seconds
2015-08-03T21:29:26.621-0200: 23.290: Total time for which application threads were stopped: 0.0003493 seconds, Stopping threads took: 0.0001201 seconds
{Heap before GC invocations=13 (full 1):
 par new generation   total 109248K, used 100677K [0x00000007a0000000, 0x00000007a8000000, 0x00000007a8000000)
  eden space 87424K, 100% used [0x00000007a0000000, 0x00000007a5560000, 0x00000007a5560000)
  from space 21824K,  60% used [0x00000007a6ab0000, 0x00000007a77a1520, 0x00000007a8000000)
  to   space 21824K,   0% used [0x00000007a5560000, 0x00000007a5560000, 0x00000007a6ab0000)
 concurrent mark-sweep generation total 393216K, used 8634K [0x00000007a8000000, 0x00000007c0000000, 0x00000007c0000000)
 Metaspace       used 32352K, capacity 32718K, committed 33148K, reserved 1079296K
  class space    used 3772K, capacity 3902K, committed 3964K, reserved 1048576K
2015-08-03T21:29:26.719-0200: 23.388: [GC (Allocation Failure) 23.388: [ParNew
Desired survivor size 20112992 bytes, new threshold 8 (max 8)
- age   1:     230392 bytes,     230392 total
- age   2:    1654120 bytes,    1884512 total
- age   3:    2005944 bytes,    3890456 total
- age   4:    4526784 bytes,    8417240 total
- age   5:    1462136 bytes,    9879376 total
- age   6:     196328 bytes,   10075704 total
- age   7:     100584 bytes,   10176288 total
- age   8:     122912 bytes,   10299200 total
: 100677K->15549K(109248K), 0.0211398 secs] 109311K->24367K(502464K), 0.0212377 secs] [Times: user=0.06 sys=0.00, real=0.03 secs] 
Heap after GC invocations=14 (full 1):
 par new generation   total 109248K, used 15549K [0x00000007a0000000, 0x00000007a8000000, 0x00000007a8000000)
  eden space 87424K,   0% used [0x00000007a0000000, 0x00000007a0000000, 0x00000007a5560000)
  from space 21824K,  71% used [0x00000007a5560000, 0x00000007a648f4c0, 0x00000007a6ab0000)
  to   space 21824K,   0% used [0x00000007a6ab0000, 0x00000007a6ab0000, 0x00000007a8000000)
 concurrent mark-sweep generation total 393216K, used 8818K [0x00000007a8000000, 0x00000007c0000000, 0x00000007c0000000)
 Metaspace       used 32352K, capacity 32718K, committed 33148K, reserved 1079296K
  class space    used 3772K, capacity 3902K, committed 3964K, reserved 1048576K
}
2015-08-03T21:29:26.740-0200: 23.409: Total time for which application threads were stopped: 0.0217533 seconds, Stopping threads took: 0.0000662 seconds
2015-08-03T21:29:26.741-0200: 23.410: Total time for which application threads were stopped: 0.0003134 seconds, Stopping threads took: 0.0000851 seconds
2015-08-03T21:29:26.749-0200: 23.418: Total time for which application threads were stopped: 0.0052634 seconds, Stopping threads took: 0.0049508 seconds
2015-08-03T21:29:26.752-0200: 23.421: Total time for which application threads were stopped: 0.0004056 seconds, Stopping threads took: 0.0001299 seconds
2015-08-03T21:29:26.755-0200: 23.424: Total time for which application threads were stopped: 0.0004837 seconds, Stopping threads took: 0.0001101 seconds
2015-08-03T21:29:26.857-0200: 23.526: Total time for which application threads were stopped: 0.0003919 seconds, Stopping threads took: 0.0001107 seconds
2015-08-03T21:29:26.862-0200: 23.531: Total time for which application threads were stopped: 0.0003560 seconds, Stopping threads took: 0.0001163 seconds
2015-08-03T21:29:26.873-0200: 23.542: Total time for which application threads were stopped: 0.0003384 seconds, Stopping threads took: 0.0000863 seconds
{Heap before GC invocations=14 (full 1):
 par new generation   total 109248K, used 102973K [0x00000007a0000000, 0x00000007a8000000, 0x00000007a8000000)
  eden space 87424K, 100% used [0x00000007a0000000, 0x00000007a5560000, 0x00000007a5560000)
  from space 21824K,  71% used [0x00000007a5560000, 0x00000007a648f4c0, 0x00000007a6ab0000)
  to   space 21824K,   0% used [0x00000007a6ab0000, 0x00000007a6ab0000, 0x00000007a8000000)
 concurrent mark-sweep generation total 393216K, used 8818K [0x00000007a8000000, 0x00000007c0000000, 0x00000007c0000000)
 Metaspace       used 32361K, capacity 32736K, committed 33148K, reserved 1079296K
  class space    used 3773K, capacity 3905K, committed 3964K, reserved 1048576K
2015-08-03T21:29:26.877-0200: 23.546: [GC (Allocation Failure) 23.546: [ParNew
Desired survivor size 20112992 bytes, new threshold 8 (max 8)
- age   1:     358360 bytes,     358360 total
- age   2:      88352 bytes,     446712 total
- age   3:    1653536 bytes,    2100248 total
- age   4:    2005520 bytes,    4105768 total
- age   5:    4526784 bytes,    8632552 total
- age   6:    1462136 bytes,   10094688 total
- age   7:     196328 bytes,   10291016 total
- age   8:     100584 bytes,   10391600 total
: 102973K->11839K(109248K), 0.0172382 secs] 111791K->20781K(502464K), 0.0173287 secs] [Times: user=0.06 sys=0.00, real=0.02 secs] 
Heap after GC invocations=15 (full 1):
 par new generation   total 109248K, used 11839K [0x00000007a0000000, 0x00000007a8000000, 0x00000007a8000000)
  eden space 87424K,   0% used [0x00000007a0000000, 0x00000007a0000000, 0x00000007a5560000)
  from space 21824K,  54% used [0x00000007a6ab0000, 0x00000007a763fdd0, 0x00000007a8000000)
  to   space 21824K,   0% used [0x00000007a5560000, 0x00000007a5560000, 0x00000007a6ab0000)
 concurrent mark-sweep generation total 393216K, used 8942K [0x00000007a8000000, 0x00000007c0000000, 0x00000007c0000000)
 Metaspace       used 32361K, capacity 32736K, committed 33148K, reserved 1079296K
  class space    used 3773K, capacity 3905K, committed 3964K, reserved 1048576K
}
2015-08-03T21:29:26.894-0200: 23.563: Total time for which application threads were stopped: 0.0177731 seconds, Stopping threads took: 0.0001117 seconds
2015-08-03T21:29:26.895-0200: 23.565: Total time for which application threads were stopped: 0.0003520 seconds, Stopping threads took: 0.0000964 seconds
2015-08-03T21:29:26.966-0200: 23.635: Total time for which application threads were stopped: 0.0003675 seconds, Stopping threads took: 0.0001092 seconds
2015-08-03T21:29:26.970-0200: 23.640: Total time for which application threads were stopped: 0.0003365 seconds, Stopping threads took: 0.0001050 seconds
2015-08-03T21:29:26.999-0200: 23.668: Total time for which application threads were stopped: 0.0011460 seconds, Stopping threads took: 0.0008845 seconds
2015-08-03T21:29:27.000-0200: 23.669: Total time for which application threads were stopped: 0.0002803 seconds, Stopping threads took: 0.0000923 seconds
2015-08-03T21:29:27.003-0200: 23.672: Total time for which application threads were stopped: 0.0003510 seconds, Stopping threads took: 0.0000932 seconds
2015-08-03T21:29:27.074-0200: 23.743: Total time for which application threads were stopped: 0.0002830 seconds, Stopping threads took: 0.0000262 seconds
2015-08-03T21:29:27.076-0200: 23.745: Total time for which application threads were stopped: 0.0002873 seconds, Stopping threads took: 0.0000328 seconds
2015-08-03T21:29:27.081-0200: 23.750: Total time for which application threads were stopped: 0.0031597 seconds, Stopping threads took: 0.0028754 seconds
2015-08-03T21:29:27.105-0200: 23.774: Total time for which application threads were stopped: 0.0003248 seconds, Stopping threads took: 0.0000964 seconds
2015-08-03T21:29:27.110-0200: 23.779: Total time for which application threads were stopped: 0.0003739 seconds, Stopping threads took: 0.0001006 seconds
{Heap before GC invocations=15 (full 1):
 par new generation   total 109248K, used 99263K [0x00000007a0000000, 0x00000007a8000000, 0x00000007a8000000)
  eden space 87424K, 100% used [0x00000007a0000000, 0x00000007a5560000, 0x00000007a5560000)
  from space 21824K,  54% used [0x00000007a6ab0000, 0x00000007a763fdd0, 0x00000007a8000000)
  to   space 21824K,   0% used [0x00000007a5560000, 0x00000007a5560000, 0x00000007a6ab0000)
 concurrent mark-sweep generation total 393216K, used 8942K [0x00000007a8000000, 0x00000007c0000000, 0x00000007c0000000)
 Metaspace       used 32406K, capacity 32806K, committed 33148K, reserved 1079296K
  class space    used 3774K, capacity 3906K, committed 3964K, reserved 1048576K
2015-08-03T21:29:27.176-0200: 23.845: [GC (Allocation Failure) 23.846: [ParNew
Desired survivor size 20112992 bytes, new threshold 8 (max 8)
- age   1:    1009208 bytes,    1009208 total
- age   2:      86552 bytes,    1095760 total
- age   3:      86904 bytes,    1182664 total
- age   4:     300448 bytes,    1483112 total
- age   5:    2005336 bytes,    3488448 total
- age   6:    4526784 bytes,    8015232 total
- age   7:    1462072 bytes,    9477304 total
- age   8:     196328 bytes,    9673632 total
: 99263K->13192K(109248K), 0.0266729 secs] 108205K->22235K(502464K), 0.0267908 secs] [Times: user=0.06 sys=0.00, real=0.03 secs] 
Heap after GC invocations=16 (full 1):
 par new generation   total 109248K, used 13192K [0x00000007a0000000, 0x00000007a8000000, 0x00000007a8000000)
  eden space 87424K,   0% used [0x00000007a0000000, 0x00000007a0000000, 0x00000007a5560000)
  from space 21824K,  60% used [0x00000007a5560000, 0x00000007a6242200, 0x00000007a6ab0000)
  to   space 21824K,   0% used [0x00000007a6ab0000, 0x00000007a6ab0000, 0x00000007a8000000)
 concurrent mark-sweep generation total 393216K, used 9042K [0x00000007a8000000, 0x00000007c0000000, 0x00000007c0000000)
 Metaspace       used 32406K, capacity 32806K, committed 33148K, reserved 1079296K
  class space    used 3774K, capacity 3906K, committed 3964K, reserved 1048576K
}
2015-08-03T21:29:27.203-0200: 23.872: Total time for which application threads were stopped: 0.0272494 seconds, Stopping threads took: 0.0000995 seconds
2015-08-03T21:29:27.205-0200: 23.874: Total time for which application threads were stopped: 0.0002395 seconds, Stopping threads took: 0.0000245 seconds
2015-08-03T21:29:27.210-0200: 23.879: Total time for which application threads were stopped: 0.0003877 seconds, Stopping threads took: 0.0001268 seconds
2015-08-03T21:29:27.216-0200: 23.885: Total time for which application threads were stopped: 0.0002896 seconds, Stopping threads took: 0.0000583 seconds
2015-08-03T21:29:27.220-0200: 23.889: Total time for which application threads were stopped: 0.0003220 seconds, Stopping threads took: 0.0000560 seconds
2015-08-03T21:29:27.249-0200: 23.918: Total time for which application threads were stopped: 0.0002832 seconds, Stopping threads took: 0.0000465 seconds
2015-08-03T21:29:27.265-0200: 23.934: Total time for which application threads were stopped: 0.0002860 seconds, Stopping threads took: 0.0000287 seconds
2015-08-03T21:29:27.266-0200: 23.935: Total time for which application threads were stopped: 0.0002059 seconds, Stopping threads took: 0.0000404 seconds
2015-08-03T21:29:27.280-0200: 23.949: Total time for which application threads were stopped: 0.0002975 seconds, Stopping threads took: 0.0000572 seconds
2015-08-03T21:29:27.281-0200: 23.950: Total time for which application threads were stopped: 0.0002433 seconds, Stopping threads took: 0.0000380 seconds
2015-08-03T21:29:27.282-0200: 23.951: Total time for which application threads were stopped: 0.0002662 seconds, Stopping threads took: 0.0000421 seconds
2015-08-03T21:29:27.282-0200: 23.951: Total time for which application threads were stopped: 0.0001824 seconds, Stopping threads took: 0.0000326 seconds
2015-08-03T21:29:27.283-0200: 23.952: Total time for which application threads were stopped: 0.0001783 seconds, Stopping threads took: 0.0000292 seconds
2015-08-03T21:29:27.283-0200: 23.952: Total time for which application threads were stopped: 0.0001783 seconds, Stopping threads took: 0.0000300 seconds
2015-08-03T21:29:27.283-0200: 23.952: Total time for which application threads were stopped: 0.0003986 seconds, Stopping threads took: 0.0002295 seconds
2015-08-03T21:29:27.288-0200: 23.957: Total time for which application threads were stopped: 0.0002630 seconds, Stopping threads took: 0.0000481 seconds
2015-08-03T21:29:27.318-0200: 23.987: Total time for which application threads were stopped: 0.0139370 seconds, Stopping threads took: 0.0136868 seconds
2015-08-03T21:29:27.319-0200: 23.988: Total time for which application threads were stopped: 0.0002019 seconds, Stopping threads took: 0.0000198 seconds
2015-08-03T21:29:27.320-0200: 23.989: Total time for which application threads were stopped: 0.0001902 seconds, Stopping threads took: 0.0000175 seconds
2015-08-03T21:29:27.320-0200: 23.989: Total time for which application threads were stopped: 0.0001396 seconds, Stopping threads took: 0.0000139 seconds
2015-08-03T21:29:27.320-0200: 23.989: Total time for which application threads were stopped: 0.0001584 seconds, Stopping threads took: 0.0000152 seconds
2015-08-03T21:29:27.320-0200: 23.989: Total time for which application threads were stopped: 0.0001378 seconds, Stopping threads took: 0.0000128 seconds
2015-08-03T21:29:27.320-0200: 23.990: Total time for which application threads were stopped: 0.0001823 seconds, Stopping threads took: 0.0000124 seconds
2015-08-03T21:29:27.322-0200: 23.991: Total time for which application threads were stopped: 0.0003062 seconds, Stopping threads took: 0.0000768 seconds
2015-08-03T21:29:27.323-0200: 23.992: Total time for which application threads were stopped: 0.0002346 seconds, Stopping threads took: 0.0000385 seconds
2015-08-03T21:29:27.346-0200: 24.015: Total time for which application threads were stopped: 0.0196433 seconds, Stopping threads took: 0.0193399 seconds
2015-08-03T21:29:27.348-0200: 24.017: Total time for which application threads were stopped: 0.0013181 seconds, Stopping threads took: 0.0010895 seconds
2015-08-03T21:29:27.355-0200: 24.025: Total time for which application threads were stopped: 0.0002872 seconds, Stopping threads took: 0.0000557 seconds
2015-08-03T21:29:27.356-0200: 24.025: Total time for which application threads were stopped: 0.0001649 seconds, Stopping threads took: 0.0000358 seconds
2015-08-03T21:29:27.356-0200: 24.025: Total time for which application threads were stopped: 0.0001320 seconds, Stopping threads took: 0.0000128 seconds
2015-08-03T21:29:27.356-0200: 24.025: Total time for which application threads were stopped: 0.0001621 seconds, Stopping threads took: 0.0000401 seconds
2015-08-03T21:29:27.356-0200: 24.025: Total time for which application threads were stopped: 0.0001531 seconds, Stopping threads took: 0.0000393 seconds
2015-08-03T21:29:27.356-0200: 24.026: Total time for which application threads were stopped: 0.0001714 seconds, Stopping threads took: 0.0000467 seconds
2015-08-03T21:29:27.357-0200: 24.026: Total time for which application threads were stopped: 0.0001315 seconds, Stopping threads took: 0.0000128 seconds
2015-08-03T21:29:27.357-0200: 24.026: Total time for which application threads were stopped: 0.0001808 seconds, Stopping threads took: 0.0000398 seconds
2015-08-03T21:29:27.357-0200: 24.026: Total time for which application threads were stopped: 0.0001248 seconds, Stopping threads took: 0.0000115 seconds
2015-08-03T21:29:27.357-0200: 24.026: Total time for which application threads were stopped: 0.0001363 seconds, Stopping threads took: 0.0000135 seconds
2015-08-03T21:29:27.357-0200: 24.026: Total time for which application threads were stopped: 0.0001629 seconds, Stopping threads took: 0.0000346 seconds
2015-08-03T21:29:27.358-0200: 24.027: Total time for which application threads were stopped: 0.0001455 seconds, Stopping threads took: 0.0000285 seconds
2015-08-03T21:29:27.358-0200: 24.027: Total time for which application threads were stopped: 0.0001363 seconds, Stopping threads took: 0.0000125 seconds
2015-08-03T21:29:27.358-0200: 24.027: Total time for which application threads were stopped: 0.0001714 seconds, Stopping threads took: 0.0000403 seconds
2015-08-03T21:29:27.358-0200: 24.027: Total time for which application threads were stopped: 0.0001636 seconds, Stopping threads took: 0.0000308 seconds
2015-08-03T21:29:27.358-0200: 24.027: Total time for which application threads were stopped: 0.0001457 seconds, Stopping threads took: 0.0000125 seconds
2015-08-03T21:29:27.358-0200: 24.028: Total time for which application threads were stopped: 0.0001427 seconds, Stopping threads took: 0.0000133 seconds
2015-08-03T21:29:27.359-0200: 24.028: Total time for which application threads were stopped: 0.0001358 seconds, Stopping threads took: 0.0000127 seconds
2015-08-03T21:29:27.359-0200: 24.028: Total time for which application threads were stopped: 0.0001349 seconds, Stopping threads took: 0.0000123 seconds
2015-08-03T21:29:27.359-0200: 24.028: Total time for which application threads were stopped: 0.0005044 seconds, Stopping threads took: 0.0000128 seconds
2015-08-03T21:29:27.364-0200: 24.033: Total time for which application threads were stopped: 0.0002545 seconds, Stopping threads took: 0.0000296 seconds
2015-08-03T21:29:27.364-0200: 24.033: Total time for which application threads were stopped: 0.0001946 seconds, Stopping threads took: 0.0000443 seconds
2015-08-03T21:29:27.365-0200: 24.034: Total time for which application threads were stopped: 0.0001737 seconds, Stopping threads took: 0.0000149 seconds
2015-08-03T21:29:27.366-0200: 24.035: Total time for which application threads were stopped: 0.0003643 seconds, Stopping threads took: 0.0000521 seconds
2015-08-03T21:29:27.368-0200: 24.037: Total time for which application threads were stopped: 0.0003637 seconds, Stopping threads took: 0.0001111 seconds
2015-08-03T21:29:27.406-0200: 24.075: Total time for which application threads were stopped: 0.0009974 seconds, Stopping threads took: 0.0007422 seconds
2015-08-03T21:29:27.438-0200: 24.107: Total time for which application threads were stopped: 0.0002994 seconds, Stopping threads took: 0.0000322 seconds
2015-08-03T21:29:27.438-0200: 24.108: Total time for which application threads were stopped: 0.0001862 seconds, Stopping threads took: 0.0000338 seconds
2015-08-03T21:29:27.442-0200: 24.111: Total time for which application threads were stopped: 0.0003460 seconds, Stopping threads took: 0.0001050 seconds
2015-08-03T21:29:27.443-0200: 24.113: Total time for which application threads were stopped: 0.0002338 seconds, Stopping threads took: 0.0000273 seconds
2015-08-03T21:29:27.463-0200: 24.132: Total time for which application threads were stopped: 0.0120577 seconds, Stopping threads took: 0.0117739 seconds
2015-08-03T21:29:27.465-0200: 24.134: Total time for which application threads were stopped: 0.0003414 seconds, Stopping threads took: 0.0000792 seconds
2015-08-03T21:29:27.472-0200: 24.141: Total time for which application threads were stopped: 0.0003204 seconds, Stopping threads took: 0.0000975 seconds
{Heap before GC invocations=16 (full 1):
 par new generation   total 109248K, used 100601K [0x00000007a0000000, 0x00000007a8000000, 0x00000007a8000000)
  eden space 87424K,  99% used [0x00000007a0000000, 0x00000007a555c290, 0x00000007a5560000)
  from space 21824K,  60% used [0x00000007a5560000, 0x00000007a6242200, 0x00000007a6ab0000)
  to   space 21824K,   0% used [0x00000007a6ab0000, 0x00000007a6ab0000, 0x00000007a8000000)
 concurrent mark-sweep generation total 393216K, used 9042K [0x00000007a8000000, 0x00000007c0000000, 0x00000007c0000000)
 Metaspace       used 32556K, capacity 32946K, committed 33404K, reserved 1079296K
  class space    used 3783K, capacity 3908K, committed 3964K, reserved 1048576K
2015-08-03T21:29:27.612-0200: 24.281: [GC (Allocation Failure) 24.281: [ParNew
Desired survivor size 20112992 bytes, new threshold 8 (max 8)
- age   1:    6946992 bytes,    6946992 total
- age   2:     454624 bytes,    7401616 total
- age   3:      85504 bytes,    7487120 total
- age   4:      86904 bytes,    7574024 total
- age   5:     187672 bytes,    7761696 total
- age   6:    1870032 bytes,    9631728 total
- age   7:    1281440 bytes,   10913168 total
- age   8:    1416176 bytes,   12329344 total
: 100601K->15788K(109248K), 0.0434016 secs] 109643K->25026K(502464K), 0.0435323 secs] [Times: user=0.09 sys=0.00, real=0.04 secs] 
Heap after GC invocations=17 (full 1):
 par new generation   total 109248K, used 15788K [0x00000007a0000000, 0x00000007a8000000, 0x00000007a8000000)
  eden space 87424K,   0% used [0x00000007a0000000, 0x00000007a0000000, 0x00000007a5560000)
  from space 21824K,  72% used [0x00000007a6ab0000, 0x00000007a7a1b2c8, 0x00000007a8000000)
  to   space 21824K,   0% used [0x00000007a5560000, 0x00000007a5560000, 0x00000007a6ab0000)
 concurrent mark-sweep generation total 393216K, used 9238K [0x00000007a8000000, 0x00000007c0000000, 0x00000007c0000000)
 Metaspace       used 32556K, capacity 32946K, committed 33404K, reserved 1079296K
  class space    used 3783K, capacity 3908K, committed 3964K, reserved 1048576K
}
2015-08-03T21:29:27.655-0200: 24.324: Total time for which application threads were stopped: 0.0629750 seconds, Stopping threads took: 0.0190340 seconds
2015-08-03T21:29:27.656-0200: 24.325: Total time for which application threads were stopped: 0.0003696 seconds, Stopping threads took: 0.0000910 seconds
{Heap before GC invocations=17 (full 1):
 par new generation   total 109248K, used 103211K [0x00000007a0000000, 0x00000007a8000000, 0x00000007a8000000)
  eden space 87424K,  99% used [0x00000007a0000000, 0x00000007a555fa38, 0x00000007a5560000)
  from space 21824K,  72% used [0x00000007a6ab0000, 0x00000007a7a1b2c8, 0x00000007a8000000)
  to   space 21824K,   0% used [0x00000007a5560000, 0x00000007a5560000, 0x00000007a6ab0000)
 concurrent mark-sweep generation total 393216K, used 9238K [0x00000007a8000000, 0x00000007c0000000, 0x00000007c0000000)
 Metaspace       used 32593K, capacity 33086K, committed 33404K, reserved 1079296K
  class space    used 3785K, capacity 3910K, committed 3964K, reserved 1048576K
2015-08-03T21:29:27.805-0200: 24.474: [GC (Allocation Failure) 24.474: [ParNew
Desired survivor size 20112992 bytes, new threshold 8 (max 8)
- age   1:    1235736 bytes,    1235736 total
- age   2:    6134496 bytes,    7370232 total
- age   3:     454624 bytes,    7824856 total
- age   4:      85504 bytes,    7910360 total
- age   5:      86904 bytes,    7997264 total
- age   6:     187672 bytes,    8184936 total
- age   7:    1866256 bytes,   10051192 total
- age   8:    1270736 bytes,   11321928 total
: 103211K->15132K(109248K), 0.0297507 secs] 112449K->25762K(502464K), 0.0298502 secs] [Times: user=0.07 sys=0.01, real=0.03 secs] 
Heap after GC invocations=18 (full 1):
 par new generation   total 109248K, used 15132K [0x00000007a0000000, 0x00000007a8000000, 0x00000007a8000000)
  eden space 87424K,   0% used [0x00000007a0000000, 0x00000007a0000000, 0x00000007a5560000)
  from space 21824K,  69% used [0x00000007a5560000, 0x00000007a6427110, 0x00000007a6ab0000)
  to   space 21824K,   0% used [0x00000007a6ab0000, 0x00000007a6ab0000, 0x00000007a8000000)
 concurrent mark-sweep generation total 393216K, used 10629K [0x00000007a8000000, 0x00000007c0000000, 0x00000007c0000000)
 Metaspace       used 32593K, capacity 33086K, committed 33404K, reserved 1079296K
  class space    used 3785K, capacity 3910K, committed 3964K, reserved 1048576K
}
2015-08-03T21:29:27.835-0200: 24.504: Total time for which application threads were stopped: 0.0314476 seconds, Stopping threads took: 0.0011739 seconds
2015-08-03T21:29:27.835-0200: 24.504: Total time for which application threads were stopped: 0.0003722 seconds, Stopping threads took: 0.0001180 seconds
{Heap before GC invocations=18 (full 1):
 par new generation   total 109248K, used 102556K [0x00000007a0000000, 0x00000007a8000000, 0x00000007a8000000)
  eden space 87424K, 100% used [0x00000007a0000000, 0x00000007a5560000, 0x00000007a5560000)
  from space 21824K,  69% used [0x00000007a5560000, 0x00000007a6427110, 0x00000007a6ab0000)
  to   space 21824K,   0% used [0x00000007a6ab0000, 0x00000007a6ab0000, 0x00000007a8000000)
 concurrent mark-sweep generation total 393216K, used 10629K [0x00000007a8000000, 0x00000007c0000000, 0x00000007c0000000)
 Metaspace       used 32607K, capacity 33104K, committed 33404K, reserved 1079296K
  class space    used 3786K, capacity 3913K, committed 3964K, reserved 1048576K
2015-08-03T21:29:27.929-0200: 24.599: [GC (Allocation Failure) 24.599: [ParNew
Desired survivor size 20112992 bytes, new threshold 8 (max 8)
- age   1:     549968 bytes,     549968 total
- age   2:     838680 bytes,    1388648 total
- age   3:    6125544 bytes,    7514192 total
- age   4:     454624 bytes,    7968816 total
- age   5:      85504 bytes,    8054320 total
- age   6:      86904 bytes,    8141224 total
- age   7:     187672 bytes,    8328896 total
- age   8:    1866256 bytes,   10195152 total
: 102556K->12460K(109248K), 0.0252894 secs] 113186K->24350K(502464K), 0.0254185 secs] [Times: user=0.06 sys=0.00, real=0.02 secs] 
Heap after GC invocations=19 (full 1):
 par new generation   total 109248K, used 12460K [0x00000007a0000000, 0x00000007a8000000, 0x00000007a8000000)
  eden space 87424K,   0% used [0x00000007a0000000, 0x00000007a0000000, 0x00000007a5560000)
  from space 21824K,  57% used [0x00000007a6ab0000, 0x00000007a76db050, 0x00000007a8000000)
  to   space 21824K,   0% used [0x00000007a5560000, 0x00000007a5560000, 0x00000007a6ab0000)
 concurrent mark-sweep generation total 393216K, used 11890K [0x00000007a8000000, 0x00000007c0000000, 0x00000007c0000000)
 Metaspace       used 32607K, capacity 33104K, committed 33404K, reserved 1079296K
  class space    used 3786K, capacity 3913K, committed 3964K, reserved 1048576K
}
2015-08-03T21:29:27.955-0200: 24.624: Total time for which application threads were stopped: 0.0259372 seconds, Stopping threads took: 0.0001063 seconds
2015-08-03T21:29:27.956-0200: 24.625: Total time for which application threads were stopped: 0.0004790 seconds, Stopping threads took: 0.0002400 seconds
2015-08-03T21:29:28.090-0200: 24.759: Total time for which application threads were stopped: 0.0015172 seconds, Stopping threads took: 0.0009788 seconds
{Heap before GC invocations=19 (full 1):
 par new generation   total 109248K, used 99884K [0x00000007a0000000, 0x00000007a8000000, 0x00000007a8000000)
  eden space 87424K, 100% used [0x00000007a0000000, 0x00000007a5560000, 0x00000007a5560000)
  from space 21824K,  57% used [0x00000007a6ab0000, 0x00000007a76db050, 0x00000007a8000000)
  to   space 21824K,   0% used [0x00000007a5560000, 0x00000007a5560000, 0x00000007a6ab0000)
 concurrent mark-sweep generation total 393216K, used 11890K [0x00000007a8000000, 0x00000007c0000000, 0x00000007c0000000)
 Metaspace       used 32638K, capacity 33104K, committed 33404K, reserved 1079296K
  class space    used 3786K, capacity 3913K, committed 3964K, reserved 1048576K
2015-08-03T21:29:28.145-0200: 24.814: [GC (Allocation Failure) 24.814: [ParNew
Desired survivor size 20112992 bytes, new threshold 8 (max 8)
- age   1:     674280 bytes,     674280 total
- age   2:     270928 bytes,     945208 total
- age   3:     827888 bytes,    1773096 total
- age   4:    5449112 bytes,    7222208 total
- age   5:     454624 bytes,    7676832 total
- age   6:      85504 bytes,    7762336 total
- age   7:      86904 bytes,    7849240 total
- age   8:     187672 bytes,    8036912 total
: 99884K->11064K(109248K), 0.0308161 secs] 111774K->24792K(502464K), 0.0309410 secs] [Times: user=0.08 sys=0.00, real=0.03 secs] 
Heap after GC invocations=20 (full 1):
 par new generation   total 109248K, used 11064K [0x00000007a0000000, 0x00000007a8000000, 0x00000007a8000000)
  eden space 87424K,   0% used [0x00000007a0000000, 0x00000007a0000000, 0x00000007a5560000)
  from space 21824K,  50% used [0x00000007a5560000, 0x00000007a602e220, 0x00000007a6ab0000)
  to   space 21824K,   0% used [0x00000007a6ab0000, 0x00000007a6ab0000, 0x00000007a8000000)
 concurrent mark-sweep generation total 393216K, used 13728K [0x00000007a8000000, 0x00000007c0000000, 0x00000007c0000000)
 Metaspace       used 32638K, capacity 33104K, committed 33404K, reserved 1079296K
  class space    used 3786K, capacity 3913K, committed 3964K, reserved 1048576K
}
2015-08-03T21:29:28.176-0200: 24.845: Total time for which application threads were stopped: 0.0314068 seconds, Stopping threads took: 0.0000550 seconds
2015-08-03T21:29:28.288-0200: 24.958: Total time for which application threads were stopped: 0.0033691 seconds, Stopping threads took: 0.0030756 seconds
2015-08-03T21:29:28.301-0200: 24.970: Total time for which application threads were stopped: 0.0007257 seconds, Stopping threads took: 0.0004380 seconds
2015-08-03T21:29:28.302-0200: 24.971: Total time for which application threads were stopped: 0.0003096 seconds, Stopping threads took: 0.0001045 seconds
2015-08-03T21:29:28.302-0200: 24.971: Total time for which application threads were stopped: 0.0001510 seconds, Stopping threads took: 0.0000335 seconds
2015-08-03T21:29:28.304-0200: 24.973: Total time for which application threads were stopped: 0.0002591 seconds, Stopping threads took: 0.0000348 seconds
2015-08-03T21:29:28.305-0200: 24.974: Total time for which application threads were stopped: 0.0002222 seconds, Stopping threads took: 0.0000310 seconds
2015-08-03T21:29:28.305-0200: 24.975: Total time for which application threads were stopped: 0.0008500 seconds, Stopping threads took: 0.0006368 seconds
2015-08-03T21:29:28.317-0200: 24.986: Total time for which application threads were stopped: 0.0003080 seconds, Stopping threads took: 0.0000654 seconds
2015-08-03T21:29:28.317-0200: 24.987: Total time for which application threads were stopped: 0.0001719 seconds, Stopping threads took: 0.0000472 seconds
2015-08-03T21:29:28.319-0200: 24.988: Total time for which application threads were stopped: 0.0002760 seconds, Stopping threads took: 0.0000570 seconds
2015-08-03T21:29:28.320-0200: 24.989: Total time for which application threads were stopped: 0.0002386 seconds, Stopping threads took: 0.0000573 seconds
2015-08-03T21:29:28.322-0200: 24.992: Total time for which application threads were stopped: 0.0002963 seconds, Stopping threads took: 0.0000504 seconds
2015-08-03T21:29:28.323-0200: 24.992: Total time for which application threads were stopped: 0.0002806 seconds, Stopping threads took: 0.0000453 seconds
2015-08-03T21:29:28.324-0200: 24.993: Total time for which application threads were stopped: 0.0002169 seconds, Stopping threads took: 0.0000409 seconds
2015-08-03T21:29:28.326-0200: 24.995: Total time for which application threads were stopped: 0.0005408 seconds, Stopping threads took: 0.0002710 seconds
2015-08-03T21:29:28.331-0200: 25.000: Total time for which application threads were stopped: 0.0044602 seconds, Stopping threads took: 0.0042173 seconds
2015-08-03T21:29:28.335-0200: 25.004: Total time for which application threads were stopped: 0.0003009 seconds, Stopping threads took: 0.0000626 seconds
2015-08-03T21:29:28.336-0200: 25.005: Total time for which application threads were stopped: 0.0002455 seconds, Stopping threads took: 0.0000430 seconds
2015-08-03T21:29:28.336-0200: 25.005: Total time for which application threads were stopped: 0.0002220 seconds, Stopping threads took: 0.0000167 seconds
2015-08-03T21:29:28.336-0200: 25.006: Total time for which application threads were stopped: 0.0001933 seconds, Stopping threads took: 0.0000303 seconds
2015-08-03T21:29:28.337-0200: 25.006: Total time for which application threads were stopped: 0.0001609 seconds, Stopping threads took: 0.0000140 seconds
2015-08-03T21:29:28.337-0200: 25.006: Total time for which application threads were stopped: 0.0002927 seconds, Stopping threads took: 0.0000486 seconds
2015-08-03T21:29:28.338-0200: 25.007: Total time for which application threads were stopped: 0.0002203 seconds, Stopping threads took: 0.0000407 seconds
2015-08-03T21:29:28.338-0200: 25.007: Total time for which application threads were stopped: 0.0001993 seconds, Stopping threads took: 0.0000376 seconds
2015-08-03T21:29:28.338-0200: 25.008: Total time for which application threads were stopped: 0.0003354 seconds, Stopping threads took: 0.0001755 seconds
2015-08-03T21:29:28.340-0200: 25.009: Total time for which application threads were stopped: 0.0011915 seconds, Stopping threads took: 0.0009457 seconds
2015-08-03T21:29:28.340-0200: 25.009: Total time for which application threads were stopped: 0.0003944 seconds, Stopping threads took: 0.0000176 seconds
2015-08-03T21:29:28.349-0200: 25.018: Total time for which application threads were stopped: 0.0002940 seconds, Stopping threads took: 0.0000647 seconds
2015-08-03T21:29:28.351-0200: 25.021: Total time for which application threads were stopped: 0.0002791 seconds, Stopping threads took: 0.0000549 seconds
2015-08-03T21:29:28.353-0200: 25.022: Total time for which application threads were stopped: 0.0004980 seconds, Stopping threads took: 0.0002848 seconds
2015-08-03T21:29:28.361-0200: 25.030: Total time for which application threads were stopped: 0.0003288 seconds, Stopping threads took: 0.0000767 seconds
2015-08-03T21:29:28.437-0200: 25.106: Total time for which application threads were stopped: 0.0002726 seconds, Stopping threads took: 0.0000295 seconds
2015-08-03T21:29:28.471-0200: 25.140: Total time for which application threads were stopped: 0.0002406 seconds, Stopping threads took: 0.0000274 seconds
2015-08-03T21:29:28.510-0200: 25.179: Total time for which application threads were stopped: 0.0002577 seconds, Stopping threads took: 0.0000398 seconds
2015-08-03T21:29:28.512-0200: 25.181: Total time for which application threads were stopped: 0.0002073 seconds, Stopping threads took: 0.0000283 seconds
2015-08-03T21:29:28.512-0200: 25.181: Total time for which application threads were stopped: 0.0001375 seconds, Stopping threads took: 0.0000136 seconds
2015-08-03T21:29:28.512-0200: 25.182: Total time for which application threads were stopped: 0.0001394 seconds, Stopping threads took: 0.0000141 seconds
2015-08-03T21:29:28.513-0200: 25.182: Total time for which application threads were stopped: 0.0001211 seconds, Stopping threads took: 0.0000123 seconds
2015-08-03T21:29:28.513-0200: 25.182: Total time for which application threads were stopped: 0.0001181 seconds, Stopping threads took: 0.0000112 seconds
2015-08-03T21:29:28.527-0200: 25.196: Total time for which application threads were stopped: 0.0002279 seconds, Stopping threads took: 0.0000287 seconds
2015-08-03T21:29:28.527-0200: 25.196: Total time for which application threads were stopped: 0.0001821 seconds, Stopping threads took: 0.0000553 seconds
2015-08-03T21:29:29.531-0200: 26.200: Total time for which application threads were stopped: 0.0004021 seconds, Stopping threads took: 0.0000964 seconds
2015-08-03T21:29:32.067-0200: 28.737: Total time for which application threads were stopped: 0.0002518 seconds, Stopping threads took: 0.0000247 seconds
2015-08-03T21:29:32.093-0200: 28.762: Total time for which application threads were stopped: 0.0002080 seconds, Stopping threads took: 0.0000258 seconds
2015-08-03T21:29:32.094-0200: 28.763: Total time for which application threads were stopped: 0.0001813 seconds, Stopping threads took: 0.0000205 seconds
2015-08-03T21:29:32.096-0200: 28.765: Total time for which application threads were stopped: 0.0002223 seconds, Stopping threads took: 0.0000259 seconds
2015-08-03T21:29:32.111-0200: 28.780: Total time for which application threads were stopped: 0.0001853 seconds, Stopping threads took: 0.0000266 seconds
2015-08-03T21:29:33.114-0200: 29.783: Total time for which application threads were stopped: 0.0002990 seconds, Stopping threads took: 0.0000381 seconds
2015-08-03T21:29:34.116-0200: 30.786: Total time for which application threads were stopped: 0.0003595 seconds, Stopping threads took: 0.0000622 seconds
2015-08-03T21:29:37.291-0200: 33.961: Total time for which application threads were stopped: 0.0002507 seconds, Stopping threads took: 0.0000478 seconds
2015-08-03T21:29:37.297-0200: 33.967: Total time for which application threads were stopped: 0.0002225 seconds, Stopping threads took: 0.0000273 seconds
2015-08-03T21:29:38.298-0200: 34.968: Total time for which application threads were stopped: 0.0002595 seconds, Stopping threads took: 0.0000289 seconds
2015-08-03T21:29:38.638-0200: 35.307: Total time for which application threads were stopped: 0.0005351 seconds, Stopping threads took: 0.0000725 seconds
2015-08-03T21:29:38.638-0200: 35.308: Total time for which application threads were stopped: 0.0002261 seconds, Stopping threads took: 0.0000179 seconds
2015-08-03T21:29:38.646-0200: 35.316: Total time for which application threads were stopped: 0.0001789 seconds, Stopping threads took: 0.0000198 seconds
2015-08-03T21:29:38.653-0200: 35.322: Total time for which application threads were stopped: 0.0003791 seconds, Stopping threads took: 0.0000549 seconds
2015-08-03T21:29:38.653-0200: 35.323: Total time for which application threads were stopped: 0.0002128 seconds, Stopping threads took: 0.0000413 seconds
2015-08-03T21:29:39.654-0200: 36.324: Total time for which application threads were stopped: 0.0002099 seconds, Stopping threads took: 0.0000317 seconds
2015-08-03T21:30:02.542-0200: 59.212: Total time for which application threads were stopped: 0.0002294 seconds, Stopping threads took: 0.0000253 seconds
2015-08-03T21:30:03.545-0200: 60.215: Total time for which application threads were stopped: 0.0002165 seconds, Stopping threads took: 0.0000459 seconds
2015-08-03T21:30:18.237-0200: 74.907: Total time for which application threads were stopped: 0.0001847 seconds, Stopping threads took: 0.0000217 seconds
2015-08-03T21:30:22.249-0200: 78.920: Total time for which application threads were stopped: 0.0004025 seconds, Stopping threads took: 0.0000662 seconds
2015-08-03T21:30:23.840-0200: 80.511: Total time for which application threads were stopped: 0.0004169 seconds, Stopping threads took: 0.0001068 seconds
{Heap before GC invocations=20 (full 1):
 par new generation   total 109248K, used 98438K [0x00000007a0000000, 0x00000007a8000000, 0x00000007a8000000)
  eden space 87424K,  99% used [0x00000007a0000000, 0x00000007a5553708, 0x00000007a5560000)
  from space 21824K,  50% used [0x00000007a5560000, 0x00000007a602e220, 0x00000007a6ab0000)
  to   space 21824K,   0% used [0x00000007a6ab0000, 0x00000007a6ab0000, 0x00000007a8000000)
 concurrent mark-sweep generation total 393216K, used 13728K [0x00000007a8000000, 0x00000007c0000000, 0x00000007c0000000)
 Metaspace       used 33254K, capacity 33684K, committed 33916K, reserved 1079296K
  class space    used 3817K, capacity 3951K, committed 3964K, reserved 1048576K
2015-08-03T21:30:23.887-0200: 80.558: [GC (Allocation Failure) 80.559: [ParNew
Desired survivor size 20112992 bytes, new threshold 8 (max 8)
- age   1:    5653032 bytes,    5653032 total
- age   2:     150176 bytes,    5803208 total
- age   3:      74352 bytes,    5877560 total
- age   4:     289376 bytes,    6166936 total
- age   5:    2071624 bytes,    8238560 total
- age   6:     454328 bytes,    8692888 total
- age   7:      85504 bytes,    8778392 total
- age   8:      86904 bytes,    8865296 total
: 98438K->12113K(109248K), 0.0300038 secs] 112166K->26027K(502464K), 0.0304588 secs] [Times: user=0.08 sys=0.02, real=0.03 secs] 
Heap after GC invocations=21 (full 1):
 par new generation   total 109248K, used 12113K [0x00000007a0000000, 0x00000007a8000000, 0x00000007a8000000)
  eden space 87424K,   0% used [0x00000007a0000000, 0x00000007a0000000, 0x00000007a5560000)
  from space 21824K,  55% used [0x00000007a6ab0000, 0x00000007a76844e8, 0x00000007a8000000)
  to   space 21824K,   0% used [0x00000007a5560000, 0x00000007a5560000, 0x00000007a6ab0000)
 concurrent mark-sweep generation total 393216K, used 13913K [0x00000007a8000000, 0x00000007c0000000, 0x00000007c0000000)
 Metaspace       used 33254K, capacity 33684K, committed 33916K, reserved 1079296K
  class space    used 3817K, capacity 3951K, committed 3964K, reserved 1048576K
}
2015-08-03T21:30:23.918-0200: 80.589: Total time for which application threads were stopped: 0.0308000 seconds, Stopping threads took: 0.0000273 seconds
2015-08-03T21:30:24.919-0200: 81.590: Total time for which application threads were stopped: 0.0002364 seconds, Stopping threads took: 0.0000414 seconds
2015-08-03T21:30:27.927-0200: 84.598: Total time for which application threads were stopped: 0.0003648 seconds, Stopping threads took: 0.0000587 seconds
2015-08-03T21:30:28.930-0200: 85.601: Total time for which application threads were stopped: 0.0002881 seconds, Stopping threads took: 0.0000467 seconds
2015-08-03T21:31:09.012-0200: 125.684: Total time for which application threads were stopped: 0.0005112 seconds, Stopping threads took: 0.0000976 seconds
2015-08-03T21:33:19.998-0200: 260.499: Total time for which application threads were stopped: 0.0053332 seconds, Stopping threads took: 0.0001235 seconds
2015-08-03T21:33:19.999-0200: 260.499: Total time for which application threads were stopped: 0.0002041 seconds, Stopping threads took: 0.0000134 seconds
2015-08-03T21:33:19.999-0200: 260.500: Total time for which application threads were stopped: 0.0000805 seconds, Stopping threads took: 0.0000095 seconds
2015-08-03T21:33:19.999-0200: 260.500: Total time for which application threads were stopped: 0.0000794 seconds, Stopping threads took: 0.0000092 seconds
2015-08-03T21:33:19.999-0200: 260.500: Total time for which application threads were stopped: 0.0000797 seconds, Stopping threads took: 0.0000092 seconds
2015-08-03T21:33:19.999-0200: 260.500: Total time for which application threads were stopped: 0.0000803 seconds, Stopping threads took: 0.0000090 seconds
2015-08-03T21:33:19.999-0200: 260.500: Total time for which application threads were stopped: 0.0001334 seconds, Stopping threads took: 0.0000132 seconds
2015-08-03T21:33:20.000-0200: 260.500: Total time for which application threads were stopped: 0.0000894 seconds, Stopping threads took: 0.0000089 seconds
2015-08-03T21:33:20.000-0200: 260.501: Total time for which application threads were stopped: 0.0000772 seconds, Stopping threads took: 0.0000085 seconds
2015-08-03T21:33:20.000-0200: 260.501: Total time for which application threads were stopped: 0.0000771 seconds, Stopping threads took: 0.0000084 seconds
2015-08-03T21:33:20.000-0200: 260.501: Total time for which application threads were stopped: 0.0000840 seconds, Stopping threads took: 0.0000085 seconds
2015-08-03T21:33:20.000-0200: 260.501: Total time for which application threads were stopped: 0.0000750 seconds, Stopping threads took: 0.0000080 seconds
2015-08-03T21:33:20.000-0200: 260.501: Total time for which application threads were stopped: 0.0000769 seconds, Stopping threads took: 0.0000084 seconds
2015-08-03T21:33:20.000-0200: 260.501: Total time for which application threads were stopped: 0.0000771 seconds, Stopping threads took: 0.0000087 seconds
2015-08-03T21:33:20.001-0200: 260.501: Total time for which application threads were stopped: 0.0000768 seconds, Stopping threads took: 0.0000084 seconds
2015-08-03T21:33:20.001-0200: 260.501: Total time for which application threads were stopped: 0.0000761 seconds, Stopping threads took: 0.0000082 seconds
2015-08-03T21:33:20.001-0200: 260.502: Total time for which application threads were stopped: 0.0000748 seconds, Stopping threads took: 0.0000078 seconds
2015-08-03T21:33:20.001-0200: 260.503: Total time for which application threads were stopped: 0.0010418 seconds, Stopping threads took: 0.0000085 seconds
2015-08-03T21:33:20.002-0200: 260.503: Total time for which application threads were stopped: 0.0000811 seconds, Stopping threads took: 0.0000086 seconds
2015-08-03T21:33:20.002-0200: 260.503: Total time for which application threads were stopped: 0.0000779 seconds, Stopping threads took: 0.0000086 seconds
2015-08-03T21:33:20.003-0200: 260.503: Total time for which application threads were stopped: 0.0003648 seconds, Stopping threads took: 0.0000084 seconds
2015-08-03T21:33:20.003-0200: 260.504: Total time for which application threads were stopped: 0.0001297 seconds, Stopping threads took: 0.0000104 seconds
2015-08-03T21:33:20.007-0200: 260.507: Total time for which application threads were stopped: 0.0002333 seconds, Stopping threads took: 0.0000603 seconds
2015-08-03T21:33:20.007-0200: 260.508: Total time for which application threads were stopped: 0.0001004 seconds, Stopping threads took: 0.0000300 seconds
2015-08-03T21:33:20.007-0200: 260.508: Total time for which application threads were stopped: 0.0001157 seconds, Stopping threads took: 0.0000382 seconds
2015-08-03T21:33:20.018-0200: 260.518: Total time for which application threads were stopped: 0.0001993 seconds, Stopping threads took: 0.0000195 seconds
2015-08-03T21:33:20.021-0200: 260.522: Total time for which application threads were stopped: 0.0001949 seconds, Stopping threads took: 0.0000220 seconds
2015-08-03T21:33:20.021-0200: 260.522: Total time for which application threads were stopped: 0.0000791 seconds, Stopping threads took: 0.0000087 seconds
2015-08-03T21:33:20.022-0200: 260.522: Total time for which application threads were stopped: 0.0000790 seconds, Stopping threads took: 0.0000089 seconds
2015-08-03T21:33:20.023-0200: 260.524: Total time for which application threads were stopped: 0.0001116 seconds, Stopping threads took: 0.0000165 seconds
2015-08-03T21:33:20.083-0200: 260.584: Total time for which application threads were stopped: 0.0040177 seconds, Stopping threads took: 0.0000639 seconds
2015-08-03T21:33:20.209-0200: 260.710: Total time for which application threads were stopped: 0.0002318 seconds, Stopping threads took: 0.0000317 seconds
2015-08-03T21:33:20.209-0200: 260.710: Total time for which application threads were stopped: 0.0001029 seconds, Stopping threads took: 0.0000294 seconds
2015-08-03T21:33:20.210-0200: 260.710: Total time for which application threads were stopped: 0.0000840 seconds, Stopping threads took: 0.0000108 seconds
2015-08-03T21:33:20.229-0200: 260.730: Total time for which application threads were stopped: 0.0003615 seconds, Stopping threads took: 0.0000301 seconds
2015-08-03T21:33:20.232-0200: 260.733: Total time for which application threads were stopped: 0.0002243 seconds, Stopping threads took: 0.0000275 seconds
2015-08-03T21:33:20.232-0200: 260.733: Total time for which application threads were stopped: 0.0000919 seconds, Stopping threads took: 0.0000118 seconds
2015-08-03T21:33:20.233-0200: 260.733: Total time for which application threads were stopped: 0.0000929 seconds, Stopping threads took: 0.0000115 seconds
2015-08-03T21:33:20.234-0200: 260.734: Total time for which application threads were stopped: 0.0002031 seconds, Stopping threads took: 0.0000240 seconds
2015-08-03T21:33:20.243-0200: 260.744: Total time for which application threads were stopped: 0.0002235 seconds, Stopping threads took: 0.0000288 seconds
2015-08-03T21:33:20.243-0200: 260.744: Total time for which application threads were stopped: 0.0001323 seconds, Stopping threads took: 0.0000152 seconds
2015-08-03T21:33:20.244-0200: 260.744: Total time for which application threads were stopped: 0.0001119 seconds, Stopping threads took: 0.0000122 seconds
2015-08-03T21:33:20.245-0200: 260.746: Total time for which application threads were stopped: 0.0002038 seconds, Stopping threads took: 0.0000470 seconds
2015-08-03T21:33:20.250-0200: 260.751: Total time for which application threads were stopped: 0.0001818 seconds, Stopping threads took: 0.0000233 seconds
2015-08-03T21:33:20.250-0200: 260.751: Total time for which application threads were stopped: 0.0000847 seconds, Stopping threads took: 0.0000111 seconds
2015-08-03T21:33:20.250-0200: 260.751: Total time for which application threads were stopped: 0.0000818 seconds, Stopping threads took: 0.0000097 seconds
2015-08-03T21:33:20.251-0200: 260.752: Total time for which application threads were stopped: 0.0001126 seconds, Stopping threads took: 0.0000131 seconds
2015-08-03T21:33:20.253-0200: 260.754: Total time for which application threads were stopped: 0.0002381 seconds, Stopping threads took: 0.0000558 seconds
2015-08-03T21:33:20.253-0200: 260.754: Total time for which application threads were stopped: 0.0001310 seconds, Stopping threads took: 0.0000331 seconds
2015-08-03T21:33:20.253-0200: 260.754: Total time for which application threads were stopped: 0.0001490 seconds, Stopping threads took: 0.0000487 seconds
2015-08-03T21:33:20.255-0200: 260.756: Total time for which application threads were stopped: 0.0001647 seconds, Stopping threads took: 0.0000207 seconds
2015-08-03T21:33:20.281-0200: 260.782: Total time for which application threads were stopped: 0.0001932 seconds, Stopping threads took: 0.0000256 seconds
2015-08-03T21:33:20.281-0200: 260.782: Total time for which application threads were stopped: 0.0001133 seconds, Stopping threads took: 0.0000120 seconds
2015-08-03T21:33:20.281-0200: 260.782: Total time for which application threads were stopped: 0.0001332 seconds, Stopping threads took: 0.0000144 seconds
2015-08-03T21:33:20.318-0200: 260.819: Total time for which application threads were stopped: 0.0002652 seconds, Stopping threads took: 0.0000263 seconds
2015-08-03T21:33:20.364-0200: 260.865: Total time for which application threads were stopped: 0.0006758 seconds, Stopping threads took: 0.0000242 seconds
2015-08-03T21:33:20.367-0200: 260.868: Total time for which application threads were stopped: 0.0002188 seconds, Stopping threads took: 0.0000260 seconds
2015-08-03T21:33:20.367-0200: 260.868: Total time for which application threads were stopped: 0.0001174 seconds, Stopping threads took: 0.0000123 seconds
2015-08-03T21:33:20.368-0200: 260.868: Total time for which application threads were stopped: 0.0003234 seconds, Stopping threads took: 0.0000119 seconds
2015-08-03T21:33:20.369-0200: 260.870: Total time for which application threads were stopped: 0.0003017 seconds, Stopping threads took: 0.0000229 seconds
2015-08-03T21:33:20.374-0200: 260.875: Total time for which application threads were stopped: 0.0001967 seconds, Stopping threads took: 0.0000238 seconds
2015-08-03T21:33:20.374-0200: 260.875: Total time for which application threads were stopped: 0.0001054 seconds, Stopping threads took: 0.0000165 seconds
2015-08-03T21:33:20.376-0200: 260.877: Total time for which application threads were stopped: 0.0001765 seconds, Stopping threads took: 0.0000246 seconds
2015-08-03T21:33:20.420-0200: 260.921: Total time for which application threads were stopped: 0.0001656 seconds, Stopping threads took: 0.0000180 seconds
2015-08-03T21:33:20.420-0200: 260.921: Total time for which application threads were stopped: 0.0001060 seconds, Stopping threads took: 0.0000079 seconds
2015-08-03T21:33:20.421-0200: 260.922: Total time for which application threads were stopped: 0.0000937 seconds, Stopping threads took: 0.0000097 seconds
2015-08-03T21:33:20.441-0200: 260.941: Total time for which application threads were stopped: 0.0002536 seconds, Stopping threads took: 0.0000491 seconds
2015-08-03T21:33:20.441-0200: 260.941: Total time for which application threads were stopped: 0.0001273 seconds, Stopping threads took: 0.0000401 seconds
2015-08-03T21:33:20.442-0200: 260.943: Total time for which application threads were stopped: 0.0001930 seconds, Stopping threads took: 0.0000222 seconds
2015-08-03T21:33:20.486-0200: 260.987: Total time for which application threads were stopped: 0.0001734 seconds, Stopping threads took: 0.0000192 seconds
2015-08-03T21:33:20.486-0200: 260.987: Total time for which application threads were stopped: 0.0001143 seconds, Stopping threads took: 0.0000085 seconds
2015-08-03T21:33:20.489-0200: 260.990: Total time for which application threads were stopped: 0.0001960 seconds, Stopping threads took: 0.0000221 seconds
2015-08-03T21:33:20.492-0200: 260.992: Total time for which application threads were stopped: 0.0001592 seconds, Stopping threads took: 0.0000165 seconds
2015-08-03T21:33:20.492-0200: 260.993: Total time for which application threads were stopped: 0.0000774 seconds, Stopping threads took: 0.0000079 seconds
2015-08-03T21:33:20.493-0200: 260.994: Total time for which application threads were stopped: 0.0000932 seconds, Stopping threads took: 0.0000099 seconds
2015-08-03T21:33:20.528-0200: 261.028: Total time for which application threads were stopped: 0.0002213 seconds, Stopping threads took: 0.0000235 seconds
2015-08-03T21:33:20.528-0200: 261.029: Total time for which application threads were stopped: 0.0001280 seconds, Stopping threads took: 0.0000131 seconds
2015-08-03T21:33:20.529-0200: 261.029: Total time for which application threads were stopped: 0.0001259 seconds, Stopping threads took: 0.0000145 seconds
2015-08-03T21:33:20.553-0200: 261.054: Total time for which application threads were stopped: 0.0002050 seconds, Stopping threads took: 0.0000228 seconds
2015-08-03T21:33:20.554-0200: 261.054: Total time for which application threads were stopped: 0.0002177 seconds, Stopping threads took: 0.0000092 seconds
2015-08-03T21:33:20.555-0200: 261.056: Total time for which application threads were stopped: 0.0001429 seconds, Stopping threads took: 0.0000176 seconds
2015-08-03T21:33:20.573-0200: 261.074: Total time for which application threads were stopped: 0.0001773 seconds, Stopping threads took: 0.0000178 seconds
2015-08-03T21:33:20.643-0200: 261.144: Total time for which application threads were stopped: 0.0001836 seconds, Stopping threads took: 0.0000197 seconds
2015-08-03T21:33:20.644-0200: 261.144: Total time for which application threads were stopped: 0.0001088 seconds, Stopping threads took: 0.0000189 seconds
2015-08-03T21:33:20.652-0200: 261.153: Total time for which application threads were stopped: 0.0001845 seconds, Stopping threads took: 0.0000192 seconds
2015-08-03T21:33:21.290-0200: 261.791: Total time for which application threads were stopped: 0.0005346 seconds, Stopping threads took: 0.0001327 seconds
2015-08-03T21:33:21.404-0200: 261.905: Total time for which application threads were stopped: 0.0003342 seconds, Stopping threads took: 0.0000651 seconds
2015-08-03T21:33:21.405-0200: 261.906: Total time for which application threads were stopped: 0.0002059 seconds, Stopping threads took: 0.0000588 seconds
2015-08-03T21:33:21.406-0200: 261.906: Total time for which application threads were stopped: 0.0002317 seconds, Stopping threads took: 0.0000751 seconds
2015-08-03T21:33:21.412-0200: 261.913: Total time for which application threads were stopped: 0.0062239 seconds, Stopping threads took: 0.0059446 seconds
2015-08-03T21:33:21.413-0200: 261.913: Total time for which application threads were stopped: 0.0002127 seconds, Stopping threads took: 0.0000154 seconds
2015-08-03T21:33:21.544-0200: 262.045: Total time for which application threads were stopped: 0.0007215 seconds, Stopping threads took: 0.0002865 seconds
2015-08-03T21:33:21.557-0200: 262.058: Total time for which application threads were stopped: 0.0004083 seconds, Stopping threads took: 0.0000706 seconds
2015-08-03T21:33:21.559-0200: 262.060: Total time for which application threads were stopped: 0.0003715 seconds, Stopping threads took: 0.0000476 seconds
2015-08-03T21:33:21.559-0200: 262.060: Total time for which application threads were stopped: 0.0003680 seconds, Stopping threads took: 0.0001548 seconds
2015-08-03T21:33:21.561-0200: 262.062: Total time for which application threads were stopped: 0.0003221 seconds, Stopping threads took: 0.0000504 seconds
2015-08-03T21:33:21.563-0200: 262.064: Total time for which application threads were stopped: 0.0006115 seconds, Stopping threads took: 0.0003509 seconds
2015-08-03T21:33:21.641-0200: 262.141: Total time for which application threads were stopped: 0.0129985 seconds, Stopping threads took: 0.0127583 seconds
{Heap before GC invocations=21 (full 1):
 par new generation   total 109248K, used 99537K [0x00000007a0000000, 0x00000007a8000000, 0x00000007a8000000)
  eden space 87424K, 100% used [0x00000007a0000000, 0x00000007a5560000, 0x00000007a5560000)
  from space 21824K,  55% used [0x00000007a6ab0000, 0x00000007a76844e8, 0x00000007a8000000)
  to   space 21824K,   0% used [0x00000007a5560000, 0x00000007a5560000, 0x00000007a6ab0000)
 concurrent mark-sweep generation total 393216K, used 13913K [0x00000007a8000000, 0x00000007c0000000, 0x00000007c0000000)
 Metaspace       used 35913K, capacity 36514K, committed 36856K, reserved 1081344K
  class space    used 4125K, capacity 4316K, committed 4348K, reserved 1048576K
2015-08-03T21:33:21.653-0200: 262.154: [GC (Allocation Failure) 262.154: [ParNew
Desired survivor size 20112992 bytes, new threshold 8 (max 8)
- age   1:   10574560 bytes,   10574560 total
- age   2:    4382968 bytes,   14957528 total
- age   3:     116240 bytes,   15073768 total
- age   4:      74352 bytes,   15148120 total
- age   5:     289224 bytes,   15437344 total
- age   6:    2057656 bytes,   17495000 total
- age   7:     454328 bytes,   17949328 total
- age   8:      85504 bytes,   18034832 total
: 99537K->20632K(109248K), 0.1589338 secs] 113451K->34633K(502464K), 0.1590552 secs] [Times: user=0.10 sys=0.09, real=0.16 secs] 
Heap after GC invocations=22 (full 1):
 par new generation   total 109248K, used 20632K [0x00000007a0000000, 0x00000007a8000000, 0x00000007a8000000)
  eden space 87424K,   0% used [0x00000007a0000000, 0x00000007a0000000, 0x00000007a5560000)
  from space 21824K,  94% used [0x00000007a5560000, 0x00000007a6986048, 0x00000007a6ab0000)
  to   space 21824K,   0% used [0x00000007a6ab0000, 0x00000007a6ab0000, 0x00000007a8000000)
 concurrent mark-sweep generation total 393216K, used 14001K [0x00000007a8000000, 0x00000007c0000000, 0x00000007c0000000)
 Metaspace       used 35913K, capacity 36514K, committed 36856K, reserved 1081344K
  class space    used 4125K, capacity 4316K, committed 4348K, reserved 1048576K
}
2015-08-03T21:33:21.813-0200: 262.313: Total time for which application threads were stopped: 0.1597846 seconds, Stopping threads took: 0.0002485 seconds
2015-08-03T21:33:21.814-0200: 262.315: [GC (CMS Initial Mark) [1 CMS-initial-mark: 14001K(393216K)] 34994K(502464K), 0.0194754 secs] [Times: user=0.02 sys=0.00, real=0.02 secs] 
2015-08-03T21:33:21.833-0200: 262.334: Total time for which application threads were stopped: 0.0199980 seconds, Stopping threads took: 0.0001936 seconds
2015-08-03T21:33:21.833-0200: 262.334: [CMS-concurrent-mark-start]
2015-08-03T21:33:21.908-0200: 262.409: [CMS-concurrent-mark: 0.075/0.075 secs] [Times: user=0.06 sys=0.02, real=0.07 secs] 
2015-08-03T21:33:21.908-0200: 262.409: [CMS-concurrent-preclean-start]
2015-08-03T21:33:21.910-0200: 262.411: [CMS-concurrent-preclean: 0.002/0.002 secs] [Times: user=0.00 sys=0.00, real=0.01 secs] 
2015-08-03T21:33:21.910-0200: 262.411: [CMS-concurrent-abortable-preclean-start]
2015-08-03T21:33:21.961-0200: 262.462: Total time for which application threads were stopped: 0.0006148 seconds, Stopping threads took: 0.0002958 seconds
2015-08-03T21:33:21.969-0200: 262.470: Total time for which application threads were stopped: 0.0005379 seconds, Stopping threads took: 0.0001605 seconds
2015-08-03T21:33:21.998-0200: 262.499: Total time for which application threads were stopped: 0.0004233 seconds, Stopping threads took: 0.0001211 seconds
{Heap before GC invocations=22 (full 2):
 par new generation   total 109248K, used 109248K [0x00000007a0000000, 0x00000007a8000000, 0x00000007a8000000)
  eden space 87424K, 100% used [0x00000007a0000000, 0x00000007a5560000, 0x00000007a5560000)
  from space 21824K, 100% used [0x00000007a5560000, 0x00000007a6ab0000, 0x00000007a6ab0000)
  to   space 21824K,   0% used [0x00000007a6ab0000, 0x00000007a6ab0000, 0x00000007a8000000)
 concurrent mark-sweep generation total 393216K, used 30921K [0x00000007a8000000, 0x00000007c0000000, 0x00000007c0000000)
 Metaspace       used 35966K, capacity 36520K, committed 36856K, reserved 1081344K
  class space    used 4130K, capacity 4317K, committed 4348K, reserved 1048576K
2015-08-03T21:33:22.137-0200: 262.638: [GC (GCLocker Initiated GC) 262.638: [ParNew2015-08-03T21:33:22.188-0200: 262.689: [CMS-concurrent-abortable-preclean: 0.148/0.278 secs] [Times: user=0.32 sys=0.06, real=0.27 secs] 

Desired survivor size 20112992 bytes, new threshold 8 (max 8)
- age   1:     385720 bytes,     385720 total
- age   2:    7319408 bytes,    7705128 total
- age   3:    4382968 bytes,   12088096 total
- age   4:     116240 bytes,   12204336 total
- age   5:      74352 bytes,   12278688 total
- age   6:     289224 bytes,   12567912 total
- age   7:    2057656 bytes,   14625568 total
- age   8:     454328 bytes,   15079896 total
: 109248K->21442K(109248K), 0.0686169 secs] 140169K->52449K(502464K), 0.0687376 secs] [Times: user=0.09 sys=0.02, real=0.07 secs] 
Heap after GC invocations=23 (full 2):
 par new generation   total 109248K, used 21442K [0x00000007a0000000, 0x00000007a8000000, 0x00000007a8000000)
  eden space 87424K,   0% used [0x00000007a0000000, 0x00000007a0000000, 0x00000007a5560000)
  from space 21824K,  98% used [0x00000007a6ab0000, 0x00000007a7fa0a00, 0x00000007a8000000)
  to   space 21824K,   0% used [0x00000007a5560000, 0x00000007a5560000, 0x00000007a6ab0000)
 concurrent mark-sweep generation total 393216K, used 31006K [0x00000007a8000000, 0x00000007c0000000, 0x00000007c0000000)
 Metaspace       used 35966K, capacity 36520K, committed 36856K, reserved 1081344K
  class space    used 4130K, capacity 4317K, committed 4348K, reserved 1048576K
}
2015-08-03T21:33:22.206-0200: 262.706: Total time for which application threads were stopped: 0.0973988 seconds, Stopping threads took: 0.0281090 seconds
2015-08-03T21:33:22.206-0200: 262.707: [GC (CMS Final Remark) [YG occupancy: 21658 K (109248 K)]262.707: [Rescan (parallel) , 0.0091158 secs]262.716: [weak refs processing, 0.0283140 secs]262.745: [class unloading, 0.0612119 secs]262.806: [scrub symbol table, 0.0333678 secs]262.839: [scrub string table, 0.0012348 secs][1 CMS-remark: 31006K(393216K)] 52665K(502464K), 0.1382316 secs] [Times: user=0.07 sys=0.03, real=0.14 secs] 
2015-08-03T21:33:22.345-0200: 262.845: Total time for which application threads were stopped: 0.1386950 seconds, Stopping threads took: 0.0001025 seconds
2015-08-03T21:33:22.345-0200: 262.845: [CMS-concurrent-sweep-start]
2015-08-03T21:33:22.365-0200: 262.866: [CMS-concurrent-sweep: 0.021/0.021 secs] [Times: user=0.07 sys=0.01, real=0.02 secs] 
2015-08-03T21:33:22.366-0200: 262.866: [CMS-concurrent-reset-start]
2015-08-03T21:33:22.388-0200: 262.889: [CMS-concurrent-reset: 0.023/0.023 secs] [Times: user=0.04 sys=0.01, real=0.02 secs] 
{Heap before GC invocations=23 (full 2):
 par new generation   total 109248K, used 108866K [0x00000007a0000000, 0x00000007a8000000, 0x00000007a8000000)
  eden space 87424K, 100% used [0x00000007a0000000, 0x00000007a5560000, 0x00000007a5560000)
  from space 21824K,  98% used [0x00000007a6ab0000, 0x00000007a7fa0a00, 0x00000007a8000000)
  to   space 21824K,   0% used [0x00000007a5560000, 0x00000007a5560000, 0x00000007a6ab0000)
 concurrent mark-sweep generation total 393216K, used 30650K [0x00000007a8000000, 0x00000007c0000000, 0x00000007c0000000)
 Metaspace       used 35965K, capacity 36514K, committed 36856K, reserved 1081344K
  class space    used 4130K, capacity 4316K, committed 4348K, reserved 1048576K
2015-08-03T21:33:22.404-0200: 262.905: [GC (GCLocker Initiated GC) 262.905: [ParNew
Desired survivor size 20112992 bytes, new threshold 8 (max 8)
- age   1:     467536 bytes,     467536 total
- age   2:     199176 bytes,     666712 total
- age   3:    7319184 bytes,    7985896 total
- age   4:    4363744 bytes,   12349640 total
- age   5:     116240 bytes,   12465880 total
- age   6:      74352 bytes,   12540232 total
- age   7:     289224 bytes,   12829456 total
- age   8:    2057408 bytes,   14886864 total
: 108866K->18192K(109248K), 0.1185123 secs] 139517K->49289K(502464K), 0.1186084 secs] [Times: user=0.16 sys=0.00, real=0.12 secs] 
Heap after GC invocations=24 (full 2):
 par new generation   total 109248K, used 18192K [0x00000007a0000000, 0x00000007a8000000, 0x00000007a8000000)
  eden space 87424K,   0% used [0x00000007a0000000, 0x00000007a0000000, 0x00000007a5560000)
  from space 21824K,  83% used [0x00000007a5560000, 0x00000007a6724180, 0x00000007a6ab0000)
  to   space 21824K,   0% used [0x00000007a6ab0000, 0x00000007a6ab0000, 0x00000007a8000000)
 concurrent mark-sweep generation total 393216K, used 31097K [0x00000007a8000000, 0x00000007c0000000, 0x00000007c0000000)
 Metaspace       used 35965K, capacity 36514K, committed 36856K, reserved 1081344K
  class space    used 4130K, capacity 4316K, committed 4348K, reserved 1048576K
}
2015-08-03T21:33:22.523-0200: 263.024: Total time for which application threads were stopped: 0.1192036 seconds, Stopping threads took: 0.0000549 seconds
{Heap before GC invocations=24 (full 2):
 par new generation   total 109248K, used 105616K [0x00000007a0000000, 0x00000007a8000000, 0x00000007a8000000)
  eden space 87424K, 100% used [0x00000007a0000000, 0x00000007a5560000, 0x00000007a5560000)
  from space 21824K,  83% used [0x00000007a5560000, 0x00000007a6724180, 0x00000007a6ab0000)
  to   space 21824K,   0% used [0x00000007a6ab0000, 0x00000007a6ab0000, 0x00000007a8000000)
 concurrent mark-sweep generation total 393216K, used 31097K [0x00000007a8000000, 0x00000007c0000000, 0x00000007c0000000)
 Metaspace       used 36144K, capacity 36750K, committed 37240K, reserved 1081344K
  class space    used 4148K, capacity 4350K, committed 4476K, reserved 1048576K
2015-08-03T21:33:22.573-0200: 263.074: [GC (Allocation Failure) 263.074: [ParNew
Desired survivor size 20112992 bytes, new threshold 8 (max 8)
- age   1:    4242528 bytes,    4242528 total
- age   2:     203760 bytes,    4446288 total
- age   3:     197736 bytes,    4644024 total
- age   4:    7319160 bytes,   11963184 total
- age   5:    4363128 bytes,   16326312 total
- age   6:     116240 bytes,   16442552 total
- age   7:      74352 bytes,   16516904 total
- age   8:     289224 bytes,   16806128 total
: 105616K->19766K(109248K), 0.0883493 secs] 136713K->52917K(502464K), 0.0884784 secs] [Times: user=0.09 sys=0.01, real=0.09 secs] 
Heap after GC invocations=25 (full 2):
 par new generation   total 109248K, used 19766K [0x00000007a0000000, 0x00000007a8000000, 0x00000007a8000000)
  eden space 87424K,   0% used [0x00000007a0000000, 0x00000007a0000000, 0x00000007a5560000)
  from space 21824K,  90% used [0x00000007a6ab0000, 0x00000007a7dfd930, 0x00000007a8000000)
  to   space 21824K,   0% used [0x00000007a5560000, 0x00000007a5560000, 0x00000007a6ab0000)
 concurrent mark-sweep generation total 393216K, used 33151K [0x00000007a8000000, 0x00000007c0000000, 0x00000007c0000000)
 Metaspace       used 36144K, capacity 36750K, committed 37240K, reserved 1081344K
  class space    used 4148K, capacity 4350K, committed 4476K, reserved 1048576K
}
2015-08-03T21:33:22.662-0200: 263.162: Total time for which application threads were stopped: 0.0890443 seconds, Stopping threads took: 0.0001315 seconds
2015-08-03T21:33:22.689-0200: 263.190: Total time for which application threads were stopped: 0.0013179 seconds, Stopping threads took: 0.0002354 seconds
2015-08-03T21:33:22.698-0200: 263.199: Total time for which application threads were stopped: 0.0012114 seconds, Stopping threads took: 0.0001416 seconds
{Heap before GC invocations=25 (full 2):
 par new generation   total 109248K, used 107190K [0x00000007a0000000, 0x00000007a8000000, 0x00000007a8000000)
  eden space 87424K, 100% used [0x00000007a0000000, 0x00000007a5560000, 0x00000007a5560000)
  from space 21824K,  90% used [0x00000007a6ab0000, 0x00000007a7dfd930, 0x00000007a8000000)
  to   space 21824K,   0% used [0x00000007a5560000, 0x00000007a5560000, 0x00000007a6ab0000)
 concurrent mark-sweep generation total 393216K, used 33151K [0x00000007a8000000, 0x00000007c0000000, 0x00000007c0000000)
 Metaspace       used 36204K, capacity 36756K, committed 37240K, reserved 1081344K
  class space    used 4160K, capacity 4351K, committed 4476K, reserved 1048576K
2015-08-03T21:33:22.702-0200: 263.203: [GC (Allocation Failure) 263.203: [ParNew
Desired survivor size 20112992 bytes, new threshold 8 (max 8)
- age   1:    1275928 bytes,    1275928 total
- age   2:    2507480 bytes,    3783408 total
- age   3:     203456 bytes,    3986864 total
- age   4:     189384 bytes,    4176248 total
- age   5:    7319120 bytes,   11495368 total
- age   6:    4363128 bytes,   15858496 total
- age   7:     116240 bytes,   15974736 total
- age   8:      74352 bytes,   16049088 total
: 107190K->21824K(109248K), 0.0992547 secs] 140341K->55261K(502464K), 0.0993722 secs] [Times: user=0.08 sys=0.00, real=0.10 secs] 
Heap after GC invocations=26 (full 2):
 par new generation   total 109248K, used 21824K [0x00000007a0000000, 0x00000007a8000000, 0x00000007a8000000)
  eden space 87424K,   0% used [0x00000007a0000000, 0x00000007a0000000, 0x00000007a5560000)
  from space 21824K, 100% used [0x00000007a5560000, 0x00000007a6ab0000, 0x00000007a6ab0000)
  to   space 21824K,   0% used [0x00000007a6ab0000, 0x00000007a6ab0000, 0x00000007a8000000)
 concurrent mark-sweep generation total 393216K, used 33437K [0x00000007a8000000, 0x00000007c0000000, 0x00000007c0000000)
 Metaspace       used 36204K, capacity 36756K, committed 37240K, reserved 1081344K
  class space    used 4160K, capacity 4351K, committed 4476K, reserved 1048576K
}
2015-08-03T21:33:22.801-0200: 263.302: Total time for which application threads were stopped: 0.0999317 seconds, Stopping threads took: 0.0001395 seconds
2015-08-03T21:33:22.847-0200: 263.348: Total time for which application threads were stopped: 0.0012487 seconds, Stopping threads took: 0.0001890 seconds
2015-08-03T21:33:22.849-0200: 263.350: Total time for which application threads were stopped: 0.0011745 seconds, Stopping threads took: 0.0001130 seconds
2015-08-03T21:33:22.854-0200: 263.355: Total time for which application threads were stopped: 0.0004219 seconds, Stopping threads took: 0.0001305 seconds
{Heap before GC invocations=26 (full 2):
 par new generation   total 109248K, used 109248K [0x00000007a0000000, 0x00000007a8000000, 0x00000007a8000000)
  eden space 87424K, 100% used [0x00000007a0000000, 0x00000007a5560000, 0x00000007a5560000)
  from space 21824K, 100% used [0x00000007a5560000, 0x00000007a6ab0000, 0x00000007a6ab0000)
  to   space 21824K,   0% used [0x00000007a6ab0000, 0x00000007a6ab0000, 0x00000007a8000000)
 concurrent mark-sweep generation total 393216K, used 33437K [0x00000007a8000000, 0x00000007c0000000, 0x00000007c0000000)
 Metaspace       used 36304K, capacity 36884K, committed 37240K, reserved 1081344K
  class space    used 4170K, capacity 4351K, committed 4476K, reserved 1048576K
2015-08-03T21:33:22.859-0200: 263.360: [GC (Allocation Failure) 263.360: [ParNew
Desired survivor size 20112992 bytes, new threshold 8 (max 8)
- age   1:    1650864 bytes,    1650864 total
- age   2:     160864 bytes,    1811728 total
- age   3:    2507360 bytes,    4319088 total
- age   4:     203184 bytes,    4522272 total
- age   5:     189384 bytes,    4711656 total
- age   6:    7316224 bytes,   12027880 total
- age   7:    4363104 bytes,   16390984 total
- age   8:     116240 bytes,   16507224 total
: 109248K->21732K(109248K), 0.0635364 secs] 142685K->55244K(502464K), 0.0636356 secs] [Times: user=0.09 sys=0.00, real=0.07 secs] 
Heap after GC invocations=27 (full 2):
 par new generation   total 109248K, used 21732K [0x00000007a0000000, 0x00000007a8000000, 0x00000007a8000000)
  eden space 87424K,   0% used [0x00000007a0000000, 0x00000007a0000000, 0x00000007a5560000)
  from space 21824K,  99% used [0x00000007a6ab0000, 0x00000007a7fe9210, 0x00000007a8000000)
  to   space 21824K,   0% used [0x00000007a5560000, 0x00000007a5560000, 0x00000007a6ab0000)
 concurrent mark-sweep generation total 393216K, used 33512K [0x00000007a8000000, 0x00000007c0000000, 0x00000007c0000000)
 Metaspace       used 36304K, capacity 36884K, committed 37240K, reserved 1081344K
  class space    used 4170K, capacity 4351K, committed 4476K, reserved 1048576K
}
2015-08-03T21:33:22.923-0200: 263.424: Total time for which application threads were stopped: 0.0643107 seconds, Stopping threads took: 0.0000748 seconds
2015-08-03T21:33:22.927-0200: 263.428: Total time for which application threads were stopped: 0.0004437 seconds, Stopping threads took: 0.0001436 seconds
2015-08-03T21:33:22.931-0200: 263.432: Total time for which application threads were stopped: 0.0004849 seconds, Stopping threads took: 0.0001179 seconds
2015-08-03T21:33:22.935-0200: 263.436: Total time for which application threads were stopped: 0.0016181 seconds, Stopping threads took: 0.0012892 seconds
2015-08-03T21:33:22.944-0200: 263.445: Total time for which application threads were stopped: 0.0004637 seconds, Stopping threads took: 0.0001317 seconds
2015-08-03T21:33:22.953-0200: 263.454: Total time for which application threads were stopped: 0.0004470 seconds, Stopping threads took: 0.0001475 seconds
2015-08-03T21:33:22.968-0200: 263.469: Total time for which application threads were stopped: 0.0004701 seconds, Stopping threads took: 0.0001676 seconds
2015-08-03T21:33:22.995-0200: 263.496: Total time for which application threads were stopped: 0.0093421 seconds, Stopping threads took: 0.0086487 seconds
2015-08-03T21:33:23.000-0200: 263.501: Total time for which application threads were stopped: 0.0004157 seconds, Stopping threads took: 0.0000947 seconds
{Heap before GC invocations=27 (full 2):
 par new generation   total 109248K, used 109156K [0x00000007a0000000, 0x00000007a8000000, 0x00000007a8000000)
  eden space 87424K, 100% used [0x00000007a0000000, 0x00000007a5560000, 0x00000007a5560000)
  from space 21824K,  99% used [0x00000007a6ab0000, 0x00000007a7fe9210, 0x00000007a8000000)
  to   space 21824K,   0% used [0x00000007a5560000, 0x00000007a5560000, 0x00000007a6ab0000)
 concurrent mark-sweep generation total 393216K, used 33512K [0x00000007a8000000, 0x00000007c0000000, 0x00000007c0000000)
 Metaspace       used 36342K, capacity 36884K, committed 37240K, reserved 1081344K
  class space    used 4175K, capacity 4351K, committed 4476K, reserved 1048576K
2015-08-03T21:33:23.018-0200: 263.519: [GC (Allocation Failure) 263.519: [ParNew
Desired survivor size 20112992 bytes, new threshold 8 (max 8)
- age   1:    1065704 bytes,    1065704 total
- age   2:     272832 bytes,    1338536 total
- age   3:     151792 bytes,    1490328 total
- age   4:    2506168 bytes,    3996496 total
- age   5:     202368 bytes,    4198864 total
- age   6:     189384 bytes,    4388248 total
- age   7:    7330696 bytes,   11718944 total
- age   8:    4363056 bytes,   16082000 total
: 109156K->19441K(109248K), 0.0359695 secs] 142668K->53070K(502464K), 0.0360872 secs] [Times: user=0.07 sys=0.01, real=0.04 secs] 
Heap after GC invocations=28 (full 2):
 par new generation   total 109248K, used 19441K [0x00000007a0000000, 0x00000007a8000000, 0x00000007a8000000)
  eden space 87424K,   0% used [0x00000007a0000000, 0x00000007a0000000, 0x00000007a5560000)
  from space 21824K,  89% used [0x00000007a5560000, 0x00000007a685c6f8, 0x00000007a6ab0000)
  to   space 21824K,   0% used [0x00000007a6ab0000, 0x00000007a6ab0000, 0x00000007a8000000)
 concurrent mark-sweep generation total 393216K, used 33628K [0x00000007a8000000, 0x00000007c0000000, 0x00000007c0000000)
 Metaspace       used 36342K, capacity 36884K, committed 37240K, reserved 1081344K
  class space    used 4175K, capacity 4351K, committed 4476K, reserved 1048576K
}
2015-08-03T21:33:23.054-0200: 263.555: Total time for which application threads were stopped: 0.0366642 seconds, Stopping threads took: 0.0001333 seconds
2015-08-03T21:33:23.057-0200: 263.558: Total time for which application threads were stopped: 0.0003948 seconds, Stopping threads took: 0.0001011 seconds
{Heap before GC invocations=28 (full 2):
 par new generation   total 109248K, used 106865K [0x00000007a0000000, 0x00000007a8000000, 0x00000007a8000000)
  eden space 87424K, 100% used [0x00000007a0000000, 0x00000007a5560000, 0x00000007a5560000)
  from space 21824K,  89% used [0x00000007a5560000, 0x00000007a685c6f8, 0x00000007a6ab0000)
  to   space 21824K,   0% used [0x00000007a6ab0000, 0x00000007a6ab0000, 0x00000007a8000000)
 concurrent mark-sweep generation total 393216K, used 33628K [0x00000007a8000000, 0x00000007c0000000, 0x00000007c0000000)
 Metaspace       used 36342K, capacity 36884K, committed 37240K, reserved 1081344K
  class space    used 4175K, capacity 4351K, committed 4476K, reserved 1048576K
2015-08-03T21:33:23.104-0200: 263.605: [GC (Allocation Failure) 263.605: [ParNew
Desired survivor size 20112992 bytes, new threshold 8 (max 8)
- age   1:    1497104 bytes,    1497104 total
- age   2:     140464 bytes,    1637568 total
- age   3:     272832 bytes,    1910400 total
- age   4:     151576 bytes,    2061976 total
- age   5:    4734408 bytes,    6796384 total
- age   6:     202368 bytes,    6998752 total
- age   7:     189384 bytes,    7188136 total
- age   8:    7297160 bytes,   14485296 total
: 106865K->17226K(109248K), 0.0794396 secs] 140494K->55150K(502464K), 0.0795531 secs] [Times: user=0.10 sys=0.00, real=0.08 secs] 
Heap after GC invocations=29 (full 2):
 par new generation   total 109248K, used 17226K [0x00000007a0000000, 0x00000007a8000000, 0x00000007a8000000)
  eden space 87424K,   0% used [0x00000007a0000000, 0x00000007a0000000, 0x00000007a5560000)
  from space 21824K,  78% used [0x00000007a6ab0000, 0x00000007a7b82ba8, 0x00000007a8000000)
  to   space 21824K,   0% used [0x00000007a5560000, 0x00000007a5560000, 0x00000007a6ab0000)
 concurrent mark-sweep generation total 393216K, used 37923K [0x00000007a8000000, 0x00000007c0000000, 0x00000007c0000000)
 Metaspace       used 36342K, capacity 36884K, committed 37240K, reserved 1081344K
  class space    used 4175K, capacity 4351K, committed 4476K, reserved 1048576K
}
2015-08-03T21:33:23.184-0200: 263.684: Total time for which application threads were stopped: 0.0841020 seconds, Stopping threads took: 0.0041522 seconds
{Heap before GC invocations=29 (full 2):
 par new generation   total 109248K, used 104650K [0x00000007a0000000, 0x00000007a8000000, 0x00000007a8000000)
  eden space 87424K, 100% used [0x00000007a0000000, 0x00000007a5560000, 0x00000007a5560000)
  from space 21824K,  78% used [0x00000007a6ab0000, 0x00000007a7b82ba8, 0x00000007a8000000)
  to   space 21824K,   0% used [0x00000007a5560000, 0x00000007a5560000, 0x00000007a6ab0000)
 concurrent mark-sweep generation total 393216K, used 37923K [0x00000007a8000000, 0x00000007c0000000, 0x00000007c0000000)
 Metaspace       used 36342K, capacity 36884K, committed 37240K, reserved 1081344K
  class space    used 4175K, capacity 4351K, committed 4476K, reserved 1048576K
2015-08-03T21:33:23.244-0200: 263.745: [GC (Allocation Failure) 263.745: [ParNew
Desired survivor size 20112992 bytes, new threshold 8 (max 8)
- age   1:     947776 bytes,     947776 total
- age   2:      87888 bytes,    1035664 total
- age   3:     140464 bytes,    1176128 total
- age   4:     272832 bytes,    1448960 total
- age   5:     151576 bytes,    1600536 total
- age   6:    2506168 bytes,    4106704 total
- age   7:     202368 bytes,    4309072 total
- age   8:     189384 bytes,    4498456 total
: 104650K->11987K(109248K), 0.0555230 secs] 142574K->57494K(502464K), 0.0556217 secs] [Times: user=0.07 sys=0.01, real=0.06 secs] 
Heap after GC invocations=30 (full 2):
 par new generation   total 109248K, used 11987K [0x00000007a0000000, 0x00000007a8000000, 0x00000007a8000000)
  eden space 87424K,   0% used [0x00000007a0000000, 0x00000007a0000000, 0x00000007a5560000)
  from space 21824K,  54% used [0x00000007a5560000, 0x00000007a6114e40, 0x00000007a6ab0000)
  to   space 21824K,   0% used [0x00000007a6ab0000, 0x00000007a6ab0000, 0x00000007a8000000)
 concurrent mark-sweep generation total 393216K, used 45506K [0x00000007a8000000, 0x00000007c0000000, 0x00000007c0000000)
 Metaspace       used 36342K, capacity 36884K, committed 37240K, reserved 1081344K
  class space    used 4175K, capacity 4351K, committed 4476K, reserved 1048576K
}
2015-08-03T21:33:23.300-0200: 263.801: Total time for which application threads were stopped: 0.0562894 seconds, Stopping threads took: 0.0001837 seconds
{Heap before GC invocations=30 (full 2):
 par new generation   total 109248K, used 99411K [0x00000007a0000000, 0x00000007a8000000, 0x00000007a8000000)
  eden space 87424K, 100% used [0x00000007a0000000, 0x00000007a5560000, 0x00000007a5560000)
  from space 21824K,  54% used [0x00000007a5560000, 0x00000007a6114e40, 0x00000007a6ab0000)
  to   space 21824K,   0% used [0x00000007a6ab0000, 0x00000007a6ab0000, 0x00000007a8000000)
 concurrent mark-sweep generation total 393216K, used 45506K [0x00000007a8000000, 0x00000007c0000000, 0x00000007c0000000)
 Metaspace       used 36369K, capacity 36954K, committed 37496K, reserved 1083392K
  class space    used 4176K, capacity 4352K, committed 4476K, reserved 1048576K
2015-08-03T21:33:23.493-0200: 263.993: [GC (Allocation Failure) 263.993: [ParNew
Desired survivor size 20112992 bytes, new threshold 8 (max 8)
- age   1:    1179800 bytes,    1179800 total
- age   2:      73112 bytes,    1252912 total
- age   3:      87888 bytes,    1340800 total
- age   4:     140464 bytes,    1481264 total
- age   5:     272832 bytes,    1754096 total
- age   6:     151576 bytes,    1905672 total
- age   7:    2506192 bytes,    4411864 total
- age   8:     202368 bytes,    4614232 total
: 99411K->5831K(109248K), 0.0120756 secs] 144918K->51526K(502464K), 0.0121905 secs] [Times: user=0.03 sys=0.01, real=0.01 secs] 
Heap after GC invocations=31 (full 2):
 par new generation   total 109248K, used 5831K [0x00000007a0000000, 0x00000007a8000000, 0x00000007a8000000)
  eden space 87424K,   0% used [0x00000007a0000000, 0x00000007a0000000, 0x00000007a5560000)
  from space 21824K,  26% used [0x00000007a6ab0000, 0x00000007a7061f50, 0x00000007a8000000)
  to   space 21824K,   0% used [0x00000007a5560000, 0x00000007a5560000, 0x00000007a6ab0000)
 concurrent mark-sweep generation total 393216K, used 45694K [0x00000007a8000000, 0x00000007c0000000, 0x00000007c0000000)
 Metaspace       used 36369K, capacity 36954K, committed 37496K, reserved 1083392K
  class space    used 4176K, capacity 4352K, committed 4476K, reserved 1048576K
}
2015-08-03T21:33:23.505-0200: 264.006: Total time for which application threads were stopped: 0.0128045 seconds, Stopping threads took: 0.0000831 seconds
2015-08-03T21:33:23.545-0200: 264.045: Total time for which application threads were stopped: 0.0003643 seconds, Stopping threads took: 0.0000463 seconds
2015-08-03T21:33:23.555-0200: 264.056: Total time for which application threads were stopped: 0.0003001 seconds, Stopping threads took: 0.0000493 seconds
2015-08-03T21:33:23.563-0200: 264.064: Total time for which application threads were stopped: 0.0003569 seconds, Stopping threads took: 0.0000576 seconds
2015-08-03T21:33:23.568-0200: 264.069: Total time for which application threads were stopped: 0.0004285 seconds, Stopping threads took: 0.0001891 seconds
2015-08-03T21:33:23.573-0200: 264.073: Total time for which application threads were stopped: 0.0002491 seconds, Stopping threads took: 0.0000252 seconds
2015-08-03T21:33:23.577-0200: 264.078: Total time for which application threads were stopped: 0.0002251 seconds, Stopping threads took: 0.0000273 seconds
2015-08-03T21:33:23.779-0200: 264.280: Total time for which application threads were stopped: 0.0002678 seconds, Stopping threads took: 0.0000309 seconds
2015-08-03T21:33:23.780-0200: 264.281: Total time for which application threads were stopped: 0.0002123 seconds, Stopping threads took: 0.0000205 seconds
2015-08-03T21:33:23.781-0200: 264.282: Total time for which application threads were stopped: 0.0002585 seconds, Stopping threads took: 0.0000509 seconds
2015-08-03T21:33:23.782-0200: 264.283: Total time for which application threads were stopped: 0.0001644 seconds, Stopping threads took: 0.0000355 seconds
2015-08-03T21:33:23.782-0200: 264.283: Total time for which application threads were stopped: 0.0001570 seconds, Stopping threads took: 0.0000373 seconds
2015-08-03T21:33:23.782-0200: 264.283: Total time for which application threads were stopped: 0.0001386 seconds, Stopping threads took: 0.0000116 seconds
2015-08-03T21:33:23.782-0200: 264.283: Total time for which application threads were stopped: 0.0001232 seconds, Stopping threads took: 0.0000320 seconds
2015-08-03T21:33:23.782-0200: 264.283: Total time for which application threads were stopped: 0.0001478 seconds, Stopping threads took: 0.0000299 seconds
2015-08-03T21:33:23.783-0200: 264.284: Total time for which application threads were stopped: 0.0001551 seconds, Stopping threads took: 0.0000355 seconds
2015-08-03T21:33:23.783-0200: 264.284: Total time for which application threads were stopped: 0.0001467 seconds, Stopping threads took: 0.0000435 seconds
2015-08-03T21:33:23.783-0200: 264.284: Total time for which application threads were stopped: 0.0001523 seconds, Stopping threads took: 0.0000302 seconds
2015-08-03T21:33:23.783-0200: 264.284: Total time for which application threads were stopped: 0.0001487 seconds, Stopping threads took: 0.0000269 seconds
2015-08-03T21:33:23.783-0200: 264.284: Total time for which application threads were stopped: 0.0001300 seconds, Stopping threads took: 0.0000115 seconds
2015-08-03T21:33:23.784-0200: 264.285: Total time for which application threads were stopped: 0.0001374 seconds, Stopping threads took: 0.0000325 seconds
2015-08-03T21:33:23.784-0200: 264.285: Total time for which application threads were stopped: 0.0001289 seconds, Stopping threads took: 0.0000331 seconds
2015-08-03T21:33:23.785-0200: 264.285: Total time for which application threads were stopped: 0.0001577 seconds, Stopping threads took: 0.0000333 seconds
2015-08-03T21:33:23.785-0200: 264.286: Total time for which application threads were stopped: 0.0001505 seconds, Stopping threads took: 0.0000326 seconds
2015-08-03T21:33:23.785-0200: 264.286: Total time for which application threads were stopped: 0.0001231 seconds, Stopping threads took: 0.0000363 seconds
2015-08-03T21:33:23.785-0200: 264.286: Total time for which application threads were stopped: 0.0001140 seconds, Stopping threads took: 0.0000308 seconds
2015-08-03T21:33:23.785-0200: 264.286: Total time for which application threads were stopped: 0.0001169 seconds, Stopping threads took: 0.0000330 seconds
2015-08-03T21:33:23.785-0200: 264.286: Total time for which application threads were stopped: 0.0001116 seconds, Stopping threads took: 0.0000299 seconds
2015-08-03T21:33:23.786-0200: 264.287: Total time for which application threads were stopped: 0.0003789 seconds, Stopping threads took: 0.0000362 seconds
2015-08-03T21:33:23.791-0200: 264.292: Total time for which application threads were stopped: 0.0002878 seconds, Stopping threads took: 0.0000551 seconds
2015-08-03T21:33:23.793-0200: 264.293: Total time for which application threads were stopped: 0.0002689 seconds, Stopping threads took: 0.0000461 seconds
2015-08-03T21:33:23.793-0200: 264.294: Total time for which application threads were stopped: 0.0001535 seconds, Stopping threads took: 0.0000191 seconds
2015-08-03T21:33:23.793-0200: 264.294: Total time for which application threads were stopped: 0.0001903 seconds, Stopping threads took: 0.0000284 seconds
2015-08-03T21:33:23.793-0200: 264.294: Total time for which application threads were stopped: 0.0001456 seconds, Stopping threads took: 0.0000132 seconds
2015-08-03T21:33:23.794-0200: 264.294: Total time for which application threads were stopped: 0.0001986 seconds, Stopping threads took: 0.0000319 seconds
2015-08-03T21:33:23.794-0200: 264.295: Total time for which application threads were stopped: 0.0002119 seconds, Stopping threads took: 0.0000340 seconds
2015-08-03T21:33:23.794-0200: 264.295: Total time for which application threads were stopped: 0.0001703 seconds, Stopping threads took: 0.0000344 seconds
2015-08-03T21:33:23.794-0200: 264.295: Total time for which application threads were stopped: 0.0001360 seconds, Stopping threads took: 0.0000126 seconds
2015-08-03T21:33:23.794-0200: 264.295: Total time for which application threads were stopped: 0.0001366 seconds, Stopping threads took: 0.0000131 seconds
2015-08-03T21:33:23.795-0200: 264.295: Total time for which application threads were stopped: 0.0001319 seconds, Stopping threads took: 0.0000129 seconds
2015-08-03T21:33:23.795-0200: 264.296: Total time for which application threads were stopped: 0.0001289 seconds, Stopping threads took: 0.0000131 seconds
2015-08-03T21:33:23.795-0200: 264.296: Total time for which application threads were stopped: 0.0001774 seconds, Stopping threads took: 0.0000549 seconds
2015-08-03T21:33:23.795-0200: 264.296: Total time for which application threads were stopped: 0.0001525 seconds, Stopping threads took: 0.0000325 seconds
2015-08-03T21:33:23.795-0200: 264.296: Total time for which application threads were stopped: 0.0001544 seconds, Stopping threads took: 0.0000303 seconds
2015-08-03T21:33:23.796-0200: 264.296: Total time for which application threads were stopped: 0.0001477 seconds, Stopping threads took: 0.0000309 seconds
2015-08-03T21:33:23.796-0200: 264.297: Total time for which application threads were stopped: 0.0001527 seconds, Stopping threads took: 0.0000322 seconds
2015-08-03T21:33:23.796-0200: 264.297: Total time for which application threads were stopped: 0.0001604 seconds, Stopping threads took: 0.0000420 seconds
2015-08-03T21:33:23.796-0200: 264.297: Total time for which application threads were stopped: 0.0001514 seconds, Stopping threads took: 0.0000306 seconds
2015-08-03T21:33:23.796-0200: 264.297: Total time for which application threads were stopped: 0.0001747 seconds, Stopping threads took: 0.0000325 seconds
2015-08-03T21:33:23.797-0200: 264.298: Total time for which application threads were stopped: 0.0003962 seconds, Stopping threads took: 0.0000325 seconds
2015-08-03T21:33:23.797-0200: 264.298: Total time for which application threads were stopped: 0.0001786 seconds, Stopping threads took: 0.0000359 seconds
2015-08-03T21:33:23.798-0200: 264.298: Total time for which application threads were stopped: 0.0001629 seconds, Stopping threads took: 0.0000346 seconds
2015-08-03T21:33:23.798-0200: 264.299: Total time for which application threads were stopped: 0.0001495 seconds, Stopping threads took: 0.0000319 seconds
2015-08-03T21:33:23.845-0200: 264.346: Total time for which application threads were stopped: 0.0003384 seconds, Stopping threads took: 0.0000294 seconds
2015-08-03T21:33:23.850-0200: 264.351: Total time for which application threads were stopped: 0.0004021 seconds, Stopping threads took: 0.0000545 seconds
2015-08-03T21:33:23.881-0200: 264.382: Total time for which application threads were stopped: 0.0003332 seconds, Stopping threads took: 0.0000407 seconds
2015-08-03T21:33:23.881-0200: 264.382: Total time for which application threads were stopped: 0.0002383 seconds, Stopping threads took: 0.0000347 seconds
2015-08-03T21:33:23.921-0200: 264.422: Total time for which application threads were stopped: 0.0002529 seconds, Stopping threads took: 0.0000279 seconds
2015-08-03T21:33:23.929-0200: 264.430: Total time for which application threads were stopped: 0.0002081 seconds, Stopping threads took: 0.0000223 seconds
2015-08-03T21:33:23.930-0200: 264.430: Total time for which application threads were stopped: 0.0001002 seconds, Stopping threads took: 0.0000105 seconds
2015-08-03T21:33:23.930-0200: 264.431: Total time for which application threads were stopped: 0.0000886 seconds, Stopping threads took: 0.0000082 seconds
2015-08-03T21:33:23.930-0200: 264.431: Total time for which application threads were stopped: 0.0000885 seconds, Stopping threads took: 0.0000079 seconds
2015-08-03T21:33:23.930-0200: 264.431: Total time for which application threads were stopped: 0.0000878 seconds, Stopping threads took: 0.0000083 seconds
2015-08-03T21:33:23.930-0200: 264.431: Total time for which application threads were stopped: 0.0000875 seconds, Stopping threads took: 0.0000079 seconds
2015-08-03T21:33:23.930-0200: 264.431: Total time for which application threads were stopped: 0.0000871 seconds, Stopping threads took: 0.0000079 seconds
2015-08-03T21:33:23.930-0200: 264.431: Total time for which application threads were stopped: 0.0000869 seconds, Stopping threads took: 0.0000080 seconds
2015-08-03T21:33:23.931-0200: 264.431: Total time for which application threads were stopped: 0.0000876 seconds, Stopping threads took: 0.0000081 seconds
2015-08-03T21:33:23.931-0200: 264.432: Total time for which application threads were stopped: 0.0000889 seconds, Stopping threads took: 0.0000080 seconds
2015-08-03T21:33:23.931-0200: 264.432: Total time for which application threads were stopped: 0.0000882 seconds, Stopping threads took: 0.0000079 seconds
2015-08-03T21:33:23.931-0200: 264.432: Total time for which application threads were stopped: 0.0000862 seconds, Stopping threads took: 0.0000079 seconds
2015-08-03T21:33:23.931-0200: 264.432: Total time for which application threads were stopped: 0.0000880 seconds, Stopping threads took: 0.0000080 seconds
2015-08-03T21:33:23.931-0200: 264.432: Total time for which application threads were stopped: 0.0000879 seconds, Stopping threads took: 0.0000080 seconds
2015-08-03T21:33:23.931-0200: 264.432: Total time for which application threads were stopped: 0.0000868 seconds, Stopping threads took: 0.0000080 seconds
2015-08-03T21:33:23.931-0200: 264.432: Total time for which application threads were stopped: 0.0000881 seconds, Stopping threads took: 0.0000079 seconds
2015-08-03T21:33:23.932-0200: 264.432: Total time for which application threads were stopped: 0.0000865 seconds, Stopping threads took: 0.0000078 seconds
2015-08-03T21:33:23.932-0200: 264.433: Total time for which application threads were stopped: 0.0001315 seconds, Stopping threads took: 0.0000078 seconds
2015-08-03T21:33:23.932-0200: 264.433: Total time for which application threads were stopped: 0.0000902 seconds, Stopping threads took: 0.0000082 seconds
2015-08-03T21:33:23.932-0200: 264.433: Total time for which application threads were stopped: 0.0002519 seconds, Stopping threads took: 0.0000080 seconds
2015-08-03T21:33:23.944-0200: 264.445: Total time for which application threads were stopped: 0.0002645 seconds, Stopping threads took: 0.0000287 seconds
2015-08-03T21:33:23.946-0200: 264.447: Total time for which application threads were stopped: 0.0002787 seconds, Stopping threads took: 0.0000451 seconds
2015-08-03T21:33:23.949-0200: 264.450: Total time for which application threads were stopped: 0.0002487 seconds, Stopping threads took: 0.0000256 seconds
2015-08-03T21:33:23.949-0200: 264.450: Total time for which application threads were stopped: 0.0001672 seconds, Stopping threads took: 0.0000168 seconds
2015-08-03T21:33:23.950-0200: 264.451: Total time for which application threads were stopped: 0.0001896 seconds, Stopping threads took: 0.0000345 seconds
2015-08-03T21:33:23.962-0200: 264.462: Total time for which application threads were stopped: 0.0003052 seconds, Stopping threads took: 0.0000508 seconds
2015-08-03T21:33:23.963-0200: 264.464: Total time for which application threads were stopped: 0.0002335 seconds, Stopping threads took: 0.0000252 seconds
2015-08-03T21:33:24.552-0200: 265.053: Total time for which application threads were stopped: 0.0003843 seconds, Stopping threads took: 0.0000325 seconds
2015-08-03T21:33:24.553-0200: 265.053: Total time for which application threads were stopped: 0.0001763 seconds, Stopping threads took: 0.0000182 seconds
2015-08-03T21:33:24.840-0200: 265.341: Total time for which application threads were stopped: 0.0003005 seconds, Stopping threads took: 0.0000553 seconds
2015-08-03T21:33:24.841-0200: 265.342: Total time for which application threads were stopped: 0.0001801 seconds, Stopping threads took: 0.0000220 seconds
2015-08-03T21:33:24.930-0200: 265.431: Total time for which application threads were stopped: 0.0003650 seconds, Stopping threads took: 0.0000317 seconds
2015-08-03T21:33:24.931-0200: 265.432: Total time for which application threads were stopped: 0.0002875 seconds, Stopping threads took: 0.0000519 seconds
{Heap before GC invocations=31 (full 2):
 par new generation   total 109248K, used 93255K [0x00000007a0000000, 0x00000007a8000000, 0x00000007a8000000)
  eden space 87424K, 100% used [0x00000007a0000000, 0x00000007a5560000, 0x00000007a5560000)
  from space 21824K,  26% used [0x00000007a6ab0000, 0x00000007a7061f50, 0x00000007a8000000)
  to   space 21824K,   0% used [0x00000007a5560000, 0x00000007a5560000, 0x00000007a6ab0000)
 concurrent mark-sweep generation total 393216K, used 45694K [0x00000007a8000000, 0x00000007c0000000, 0x00000007c0000000)
 Metaspace       used 36664K, capacity 37320K, committed 37752K, reserved 1083392K
  class space    used 4192K, capacity 4397K, committed 4476K, reserved 1048576K
2015-08-03T21:33:24.953-0200: 265.454: [GC (Allocation Failure) 265.454: [ParNew
Desired survivor size 20112992 bytes, new threshold 8 (max 8)
- age   1:    6283664 bytes,    6283664 total
- age   2:     928712 bytes,    7212376 total
- age   3:      73112 bytes,    7285488 total
- age   4:      87888 bytes,    7373376 total
- age   5:     130352 bytes,    7503728 total
- age   6:     262584 bytes,    7766312 total
- age   7:     151576 bytes,    7917888 total
- age   8:    2505064 bytes,   10422952 total
: 93255K->11032K(109248K), 0.0581091 secs] 138950K->56927K(502464K), 0.0582405 secs] [Times: user=0.06 sys=0.00, real=0.06 secs] 
Heap after GC invocations=32 (full 2):
 par new generation   total 109248K, used 11032K [0x00000007a0000000, 0x00000007a8000000, 0x00000007a8000000)
  eden space 87424K,   0% used [0x00000007a0000000, 0x00000007a0000000, 0x00000007a5560000)
  from space 21824K,  50% used [0x00000007a5560000, 0x00000007a60263b0, 0x00000007a6ab0000)
  to   space 21824K,   0% used [0x00000007a6ab0000, 0x00000007a6ab0000, 0x00000007a8000000)
 concurrent mark-sweep generation total 393216K, used 45894K [0x00000007a8000000, 0x00000007c0000000, 0x00000007c0000000)
 Metaspace       used 36664K, capacity 37320K, committed 37752K, reserved 1083392K
  class space    used 4192K, capacity 4397K, committed 4476K, reserved 1048576K
}
2015-08-03T21:33:25.011-0200: 265.512: Total time for which application threads were stopped: 0.0587892 seconds, Stopping threads took: 0.0000716 seconds
{Heap before GC invocations=32 (full 2):
 par new generation   total 109248K, used 98456K [0x00000007a0000000, 0x00000007a8000000, 0x00000007a8000000)
  eden space 87424K, 100% used [0x00000007a0000000, 0x00000007a5560000, 0x00000007a5560000)
  from space 21824K,  50% used [0x00000007a5560000, 0x00000007a60263b0, 0x00000007a6ab0000)
  to   space 21824K,   0% used [0x00000007a6ab0000, 0x00000007a6ab0000, 0x00000007a8000000)
 concurrent mark-sweep generation total 393216K, used 45894K [0x00000007a8000000, 0x00000007c0000000, 0x00000007c0000000)
 Metaspace       used 36668K, capacity 37326K, committed 37752K, reserved 1083392K
  class space    used 4193K, capacity 4398K, committed 4476K, reserved 1048576K
2015-08-03T21:33:25.036-0200: 265.537: [GC (Allocation Failure) 265.537: [ParNew
Desired survivor size 20112992 bytes, new threshold 8 (max 8)
- age   1:    2229376 bytes,    2229376 total
- age   2:    5866688 bytes,    8096064 total
- age   3:     928712 bytes,    9024776 total
- age   4:      73080 bytes,    9097856 total
- age   5:      87888 bytes,    9185744 total
- age   6:     130352 bytes,    9316096 total
- age   7:     262584 bytes,    9578680 total
- age   8:     151576 bytes,    9730256 total
: 98456K->12658K(109248K), 0.0488616 secs] 144351K->61000K(502464K), 0.0489443 secs] [Times: user=0.05 sys=0.01, real=0.05 secs] 
Heap after GC invocations=33 (full 2):
 par new generation   total 109248K, used 12658K [0x00000007a0000000, 0x00000007a8000000, 0x00000007a8000000)
  eden space 87424K,   0% used [0x00000007a0000000, 0x00000007a0000000, 0x00000007a5560000)
  from space 21824K,  58% used [0x00000007a6ab0000, 0x00000007a770c808, 0x00000007a8000000)
  to   space 21824K,   0% used [0x00000007a5560000, 0x00000007a5560000, 0x00000007a6ab0000)
 concurrent mark-sweep generation total 393216K, used 48342K [0x00000007a8000000, 0x00000007c0000000, 0x00000007c0000000)
 Metaspace       used 36668K, capacity 37326K, committed 37752K, reserved 1083392K
  class space    used 4193K, capacity 4398K, committed 4476K, reserved 1048576K
}
2015-08-03T21:33:25.085-0200: 265.586: Total time for which application threads were stopped: 0.0494068 seconds, Stopping threads took: 0.0000585 seconds
{Heap before GC invocations=33 (full 2):
 par new generation   total 109248K, used 100082K [0x00000007a0000000, 0x00000007a8000000, 0x00000007a8000000)
  eden space 87424K, 100% used [0x00000007a0000000, 0x00000007a5560000, 0x00000007a5560000)
  from space 21824K,  58% used [0x00000007a6ab0000, 0x00000007a770c808, 0x00000007a8000000)
  to   space 21824K,   0% used [0x00000007a5560000, 0x00000007a5560000, 0x00000007a6ab0000)
 concurrent mark-sweep generation total 393216K, used 48342K [0x00000007a8000000, 0x00000007c0000000, 0x00000007c0000000)
 Metaspace       used 36679K, capacity 37344K, committed 37752K, reserved 1083392K
  class space    used 4195K, capacity 4401K, committed 4476K, reserved 1048576K
2015-08-03T21:33:25.120-0200: 265.620: [GC (Allocation Failure) 265.621: [ParNew
Desired survivor size 20112992 bytes, new threshold 8 (max 8)
- age   1:     535112 bytes,     535112 total
- age   2:    1901552 bytes,    2436664 total
- age   3:    5866688 bytes,    8303352 total
- age   4:     928712 bytes,    9232064 total
- age   5:      73080 bytes,    9305144 total
- age   6:      87888 bytes,    9393032 total
- age   7:     130352 bytes,    9523384 total
- age   8:     262584 bytes,    9785968 total
: 100082K->11985K(109248K), 0.0121343 secs] 148424K->60479K(502464K), 0.0122645 secs] [Times: user=0.04 sys=0.00, real=0.01 secs] 
Heap after GC invocations=34 (full 2):
 par new generation   total 109248K, used 11985K [0x00000007a0000000, 0x00000007a8000000, 0x00000007a8000000)
  eden space 87424K,   0% used [0x00000007a0000000, 0x00000007a0000000, 0x00000007a5560000)
  from space 21824K,  54% used [0x00000007a5560000, 0x00000007a6114750, 0x00000007a6ab0000)
  to   space 21824K,   0% used [0x00000007a6ab0000, 0x00000007a6ab0000, 0x00000007a8000000)
 concurrent mark-sweep generation total 393216K, used 48493K [0x00000007a8000000, 0x00000007c0000000, 0x00000007c0000000)
 Metaspace       used 36679K, capacity 37344K, committed 37752K, reserved 1083392K
  class space    used 4195K, capacity 4401K, committed 4476K, reserved 1048576K
}
2015-08-03T21:33:25.132-0200: 265.633: Total time for which application threads were stopped: 0.0128389 seconds, Stopping threads took: 0.0000848 seconds
{Heap before GC invocations=34 (full 2):
 par new generation   total 109248K, used 99409K [0x00000007a0000000, 0x00000007a8000000, 0x00000007a8000000)
  eden space 87424K, 100% used [0x00000007a0000000, 0x00000007a5560000, 0x00000007a5560000)
  from space 21824K,  54% used [0x00000007a5560000, 0x00000007a6114750, 0x00000007a6ab0000)
  to   space 21824K,   0% used [0x00000007a6ab0000, 0x00000007a6ab0000, 0x00000007a8000000)
 concurrent mark-sweep generation total 393216K, used 48493K [0x00000007a8000000, 0x00000007c0000000, 0x00000007c0000000)
 Metaspace       used 36694K, capacity 37368K, committed 37752K, reserved 1083392K
  class space    used 4197K, capacity 4405K, committed 4476K, reserved 1048576K
2015-08-03T21:33:25.162-0200: 265.663: [GC (Allocation Failure) 265.663: [ParNew
Desired survivor size 20112992 bytes, new threshold 8 (max 8)
- age   1:    1071648 bytes,    1071648 total
- age   2:      48392 bytes,    1120040 total
- age   3:    1876152 bytes,    2996192 total
- age   4:    5866688 bytes,    8862880 total
- age   5:     928712 bytes,    9791592 total
- age   6:      73080 bytes,    9864672 total
- age   7:      87888 bytes,    9952560 total
- age   8:     130352 bytes,   10082912 total
: 99409K->11710K(109248K), 0.0375310 secs] 147903K->60462K(502464K), 0.0376242 secs] [Times: user=0.05 sys=0.00, real=0.03 secs] 
Heap after GC invocations=35 (full 2):
 par new generation   total 109248K, used 11710K [0x00000007a0000000, 0x00000007a8000000, 0x00000007a8000000)
  eden space 87424K,   0% used [0x00000007a0000000, 0x00000007a0000000, 0x00000007a5560000)
  from space 21824K,  53% used [0x00000007a6ab0000, 0x00000007a761fa00, 0x00000007a8000000)
  to   space 21824K,   0% used [0x00000007a5560000, 0x00000007a5560000, 0x00000007a6ab0000)
 concurrent mark-sweep generation total 393216K, used 48752K [0x00000007a8000000, 0x00000007c0000000, 0x00000007c0000000)
 Metaspace       used 36694K, capacity 37368K, committed 37752K, reserved 1083392K
  class space    used 4197K, capacity 4405K, committed 4476K, reserved 1048576K
}
2015-08-03T21:33:25.199-0200: 265.700: Total time for which application threads were stopped: 0.0388749 seconds, Stopping threads took: 0.0007487 seconds
{Heap before GC invocations=35 (full 2):
 par new generation   total 109248K, used 99134K [0x00000007a0000000, 0x00000007a8000000, 0x00000007a8000000)
  eden space 87424K, 100% used [0x00000007a0000000, 0x00000007a5560000, 0x00000007a5560000)
  from space 21824K,  53% used [0x00000007a6ab0000, 0x00000007a761fa00, 0x00000007a8000000)
  to   space 21824K,   0% used [0x00000007a5560000, 0x00000007a5560000, 0x00000007a6ab0000)
 concurrent mark-sweep generation total 393216K, used 48752K [0x00000007a8000000, 0x00000007c0000000, 0x00000007c0000000)
 Metaspace       used 36707K, capacity 37386K, committed 37752K, reserved 1083392K
  class space    used 4199K, capacity 4408K, committed 4476K, reserved 1048576K
2015-08-03T21:33:25.220-0200: 265.721: [GC (Allocation Failure) 265.721: [ParNew
Desired survivor size 20112992 bytes, new threshold 8 (max 8)
- age   1:    1151512 bytes,    1151512 total
- age   2:     268168 bytes,    1419680 total
- age   3:      48240 bytes,    1467920 total
- age   4:    1876112 bytes,    3344032 total
- age   5:    5866752 bytes,    9210784 total
- age   6:     928712 bytes,   10139496 total
- age   7:      73080 bytes,   10212576 total
- age   8:      87888 bytes,   10300464 total
: 99134K->17015K(109248K), 0.0641325 secs] 147886K->65896K(502464K), 0.0642496 secs] [Times: user=0.04 sys=0.00, real=0.06 secs] 
Heap after GC invocations=36 (full 2):
 par new generation   total 109248K, used 17015K [0x00000007a0000000, 0x00000007a8000000, 0x00000007a8000000)
  eden space 87424K,   0% used [0x00000007a0000000, 0x00000007a0000000, 0x00000007a5560000)
  from space 21824K,  77% used [0x00000007a5560000, 0x00000007a65fdc50, 0x00000007a6ab0000)
  to   space 21824K,   0% used [0x00000007a6ab0000, 0x00000007a6ab0000, 0x00000007a8000000)
 concurrent mark-sweep generation total 393216K, used 48881K [0x00000007a8000000, 0x00000007c0000000, 0x00000007c0000000)
 Metaspace       used 36707K, capacity 37386K, committed 37752K, reserved 1083392K
  class space    used 4199K, capacity 4408K, committed 4476K, reserved 1048576K
}
2015-08-03T21:33:25.285-0200: 265.786: Total time for which application threads were stopped: 0.0649330 seconds, Stopping threads took: 0.0001690 seconds
{Heap before GC invocations=36 (full 2):
 par new generation   total 109248K, used 104439K [0x00000007a0000000, 0x00000007a8000000, 0x00000007a8000000)
  eden space 87424K, 100% used [0x00000007a0000000, 0x00000007a5560000, 0x00000007a5560000)
  from space 21824K,  77% used [0x00000007a5560000, 0x00000007a65fdc50, 0x00000007a6ab0000)
  to   space 21824K,   0% used [0x00000007a6ab0000, 0x00000007a6ab0000, 0x00000007a8000000)
 concurrent mark-sweep generation total 393216K, used 48881K [0x00000007a8000000, 0x00000007c0000000, 0x00000007c0000000)
 Metaspace       used 36747K, capacity 37446K, committed 37752K, reserved 1083392K
  class space    used 4204K, capacity 4418K, committed 4476K, reserved 1048576K
2015-08-03T21:33:25.329-0200: 265.830: [GC (Allocation Failure) 265.830: [ParNew
Desired survivor size 20112992 bytes, new threshold 8 (max 8)
- age   1:    1131976 bytes,    1131976 total
- age   2:      82296 bytes,    1214272 total
- age   3:     268016 bytes,    1482288 total
- age   4:      47968 bytes,    1530256 total
- age   5:    1876112 bytes,    3406368 total
- age   6:    5866688 bytes,    9273056 total
- age   7:     928712 bytes,   10201768 total
- age   8:      73080 bytes,   10274848 total
: 104439K->11699K(109248K), 0.0393449 secs] 153320K->60669K(502464K), 0.0394514 secs] [Times: user=0.05 sys=0.00, real=0.04 secs] 
Heap after GC invocations=37 (full 2):
 par new generation   total 109248K, used 11699K [0x00000007a0000000, 0x00000007a8000000, 0x00000007a8000000)
  eden space 87424K,   0% used [0x00000007a0000000, 0x00000007a0000000, 0x00000007a5560000)
  from space 21824K,  53% used [0x00000007a6ab0000, 0x00000007a761cf60, 0x00000007a8000000)
  to   space 21824K,   0% used [0x00000007a5560000, 0x00000007a5560000, 0x00000007a6ab0000)
 concurrent mark-sweep generation total 393216K, used 48969K [0x00000007a8000000, 0x00000007c0000000, 0x00000007c0000000)
 Metaspace       used 36747K, capacity 37446K, committed 37752K, reserved 1083392K
  class space    used 4204K, capacity 4418K, committed 4476K, reserved 1048576K
}
2015-08-03T21:33:25.369-0200: 265.870: Total time for which application threads were stopped: 0.0401049 seconds, Stopping threads took: 0.0001819 seconds
{Heap before GC invocations=37 (full 2):
 par new generation   total 109248K, used 99123K [0x00000007a0000000, 0x00000007a8000000, 0x00000007a8000000)
  eden space 87424K, 100% used [0x00000007a0000000, 0x00000007a5560000, 0x00000007a5560000)
  from space 21824K,  53% used [0x00000007a6ab0000, 0x00000007a761cf60, 0x00000007a8000000)
  to   space 21824K,   0% used [0x00000007a5560000, 0x00000007a5560000, 0x00000007a6ab0000)
 concurrent mark-sweep generation total 393216K, used 48969K [0x00000007a8000000, 0x00000007c0000000, 0x00000007c0000000)
 Metaspace       used 36762K, capacity 37470K, committed 37752K, reserved 1083392K
  class space    used 4206K, capacity 4422K, committed 4476K, reserved 1048576K
2015-08-03T21:33:25.414-0200: 265.915: [GC (Allocation Failure) 265.915: [ParNew
Desired survivor size 20112992 bytes, new threshold 8 (max 8)
- age   1:    1545808 bytes,    1545808 total
- age   2:     127648 bytes,    1673456 total
- age   3:      82296 bytes,    1755752 total
- age   4:     267584 bytes,    2023336 total
- age   5:      47696 bytes,    2071032 total
- age   6:    1875840 bytes,    3946872 total
- age   7:    5866688 bytes,    9813560 total
- age   8:     928712 bytes,   10742272 total
: 99123K->17391K(109248K), 0.0166123 secs] 148093K->66434K(502464K), 0.0167487 secs] [Times: user=0.04 sys=0.00, real=0.02 secs] 
Heap after GC invocations=38 (full 2):
 par new generation   total 109248K, used 17391K [0x00000007a0000000, 0x00000007a8000000, 0x00000007a8000000)
  eden space 87424K,   0% used [0x00000007a0000000, 0x00000007a0000000, 0x00000007a5560000)
  from space 21824K,  79% used [0x00000007a5560000, 0x00000007a665bc40, 0x00000007a6ab0000)
  to   space 21824K,   0% used [0x00000007a6ab0000, 0x00000007a6ab0000, 0x00000007a8000000)
 concurrent mark-sweep generation total 393216K, used 49043K [0x00000007a8000000, 0x00000007c0000000, 0x00000007c0000000)
 Metaspace       used 36762K, capacity 37470K, committed 37752K, reserved 1083392K
  class space    used 4206K, capacity 4422K, committed 4476K, reserved 1048576K
}
2015-08-03T21:33:25.430-0200: 265.931: Total time for which application threads were stopped: 0.0174837 seconds, Stopping threads took: 0.0002515 seconds
{Heap before GC invocations=38 (full 2):
 par new generation   total 109248K, used 104815K [0x00000007a0000000, 0x00000007a8000000, 0x00000007a8000000)
  eden space 87424K, 100% used [0x00000007a0000000, 0x00000007a5560000, 0x00000007a5560000)
  from space 21824K,  79% used [0x00000007a5560000, 0x00000007a665bc40, 0x00000007a6ab0000)
  to   space 21824K,   0% used [0x00000007a6ab0000, 0x00000007a6ab0000, 0x00000007a8000000)
 concurrent mark-sweep generation total 393216K, used 49043K [0x00000007a8000000, 0x00000007c0000000, 0x00000007c0000000)
 Metaspace       used 36785K, capacity 37506K, committed 37752K, reserved 1083392K
  class space    used 4210K, capacity 4428K, committed 4476K, reserved 1048576K
2015-08-03T21:33:25.467-0200: 265.968: [GC (Allocation Failure) 265.968: [ParNew
Desired survivor size 20112992 bytes, new threshold 8 (max 8)
- age   1:    1339120 bytes,    1339120 total
- age   2:     101064 bytes,    1440184 total
- age   3:     127000 bytes,    1567184 total
- age   4:      81536 bytes,    1648720 total
- age   5:     267312 bytes,    1916032 total
- age   6:      47696 bytes,    1963728 total
- age   7:    1875880 bytes,    3839608 total
- age   8:    5866688 bytes,    9706296 total
: 104815K->11468K(109248K), 0.0861767 secs] 153858K->61424K(502464K), 0.0866898 secs] [Times: user=0.09 sys=0.00, real=0.09 secs] 
Heap after GC invocations=39 (full 2):
 par new generation   total 109248K, used 11468K [0x00000007a0000000, 0x00000007a8000000, 0x00000007a8000000)
  eden space 87424K,   0% used [0x00000007a0000000, 0x00000007a0000000, 0x00000007a5560000)
  from space 21824K,  52% used [0x00000007a6ab0000, 0x00000007a75e3000, 0x00000007a8000000)
  to   space 21824K,   0% used [0x00000007a5560000, 0x00000007a5560000, 0x00000007a6ab0000)
 concurrent mark-sweep generation total 393216K, used 49956K [0x00000007a8000000, 0x00000007c0000000, 0x00000007c0000000)
 Metaspace       used 36785K, capacity 37506K, committed 37752K, reserved 1083392K
  class space    used 4210K, capacity 4428K, committed 4476K, reserved 1048576K
}
2015-08-03T21:33:25.554-0200: 266.055: Total time for which application threads were stopped: 0.0873685 seconds, Stopping threads took: 0.0002101 seconds
{Heap before GC invocations=39 (full 2):
 par new generation   total 109248K, used 98888K [0x00000007a0000000, 0x00000007a8000000, 0x00000007a8000000)
  eden space 87424K,  99% used [0x00000007a0000000, 0x00000007a555f068, 0x00000007a5560000)
  from space 21824K,  52% used [0x00000007a6ab0000, 0x00000007a75e3000, 0x00000007a8000000)
  to   space 21824K,   0% used [0x00000007a5560000, 0x00000007a5560000, 0x00000007a6ab0000)
 concurrent mark-sweep generation total 393216K, used 49956K [0x00000007a8000000, 0x00000007c0000000, 0x00000007c0000000)
 Metaspace       used 36815K, capacity 37554K, committed 37752K, reserved 1083392K
  class space    used 4214K, capacity 4436K, committed 4476K, reserved 1048576K
2015-08-03T21:33:25.591-0200: 266.092: [GC (Allocation Failure) 266.092: [ParNew
Desired survivor size 20112992 bytes, new threshold 8 (max 8)
- age   1:    1395360 bytes,    1395360 total
- age   2:      98504 bytes,    1493864 total
- age   3:     101064 bytes,    1594928 total
- age   4:     127000 bytes,    1721928 total
- age   5:      81536 bytes,    1803464 total
- age   6:     267312 bytes,    2070776 total
- age   7:      47696 bytes,    2118472 total
- age   8:    1875792 bytes,    3994264 total
: 98888K->7801K(109248K), 0.0990676 secs] 148844K->63496K(502464K), 0.0991642 secs] [Times: user=0.09 sys=0.00, real=0.10 secs] 
Heap after GC invocations=40 (full 2):
 par new generation   total 109248K, used 7801K [0x00000007a0000000, 0x00000007a8000000, 0x00000007a8000000)
  eden space 87424K,   0% used [0x00000007a0000000, 0x00000007a0000000, 0x00000007a5560000)
  from space 21824K,  35% used [0x00000007a5560000, 0x00000007a5cfe540, 0x00000007a6ab0000)
  to   space 21824K,   0% used [0x00000007a6ab0000, 0x00000007a6ab0000, 0x00000007a8000000)
 concurrent mark-sweep generation total 393216K, used 55695K [0x00000007a8000000, 0x00000007c0000000, 0x00000007c0000000)
 Metaspace       used 36815K, capacity 37554K, committed 37752K, reserved 1083392K
  class space    used 4214K, capacity 4436K, committed 4476K, reserved 1048576K
}
2015-08-03T21:33:25.691-0200: 266.192: Total time for which application threads were stopped: 0.0999143 seconds, Stopping threads took: 0.0001958 seconds
{Heap before GC invocations=40 (full 2):
 par new generation   total 109248K, used 95225K [0x00000007a0000000, 0x00000007a8000000, 0x00000007a8000000)
  eden space 87424K, 100% used [0x00000007a0000000, 0x00000007a5560000, 0x00000007a5560000)
  from space 21824K,  35% used [0x00000007a5560000, 0x00000007a5cfe540, 0x00000007a6ab0000)
  to   space 21824K,   0% used [0x00000007a6ab0000, 0x00000007a6ab0000, 0x00000007a8000000)
 concurrent mark-sweep generation total 393216K, used 55695K [0x00000007a8000000, 0x00000007c0000000, 0x00000007c0000000)
 Metaspace       used 36827K, capacity 37572K, committed 37752K, reserved 1083392K
  class space    used 4216K, capacity 4439K, committed 4476K, reserved 1048576K
2015-08-03T21:33:25.769-0200: 266.270: [GC (Allocation Failure) 266.270: [ParNew
Desired survivor size 20112992 bytes, new threshold 8 (max 8)
- age   1:     585288 bytes,     585288 total
- age   2:      88712 bytes,     674000 total
- age   3:      98384 bytes,     772384 total
- age   4:     100608 bytes,     872992 total
- age   5:     126952 bytes,     999944 total
- age   6:      81440 bytes,    1081384 total
- age   7:     267072 bytes,    1348456 total
- age   8:      47168 bytes,    1395624 total
: 95225K->3352K(109248K), 0.0236802 secs] 150920K->60880K(502464K), 0.0238058 secs] [Times: user=0.04 sys=0.01, real=0.03 secs] 
Heap after GC invocations=41 (full 2):
 par new generation   total 109248K, used 3352K [0x00000007a0000000, 0x00000007a8000000, 0x00000007a8000000)
  eden space 87424K,   0% used [0x00000007a0000000, 0x00000007a0000000, 0x00000007a5560000)
  from space 21824K,  15% used [0x00000007a6ab0000, 0x00000007a6df6070, 0x00000007a8000000)
  to   space 21824K,   0% used [0x00000007a5560000, 0x00000007a5560000, 0x00000007a6ab0000)
 concurrent mark-sweep generation total 393216K, used 57528K [0x00000007a8000000, 0x00000007c0000000, 0x00000007c0000000)
 Metaspace       used 36827K, capacity 37572K, committed 37752K, reserved 1083392K
  class space    used 4216K, capacity 4439K, committed 4476K, reserved 1048576K
}
2015-08-03T21:33:25.793-0200: 266.294: Total time for which application threads were stopped: 0.0244452 seconds, Stopping threads took: 0.0001323 seconds
2015-08-03T21:33:25.856-0200: 266.357: Total time for which application threads were stopped: 0.0003791 seconds, Stopping threads took: 0.0000454 seconds
2015-08-03T21:33:25.870-0200: 266.371: Total time for which application threads were stopped: 0.0113222 seconds, Stopping threads took: 0.0109806 seconds
2015-08-03T21:33:25.871-0200: 266.372: Total time for which application threads were stopped: 0.0002848 seconds, Stopping threads took: 0.0000863 seconds
2015-08-03T21:33:25.889-0200: 266.390: Total time for which application threads were stopped: 0.0096110 seconds, Stopping threads took: 0.0092339 seconds
2015-08-03T21:33:25.899-0200: 266.400: Total time for which application threads were stopped: 0.0031941 seconds, Stopping threads took: 0.0028599 seconds
2015-08-03T21:33:25.899-0200: 266.400: Total time for which application threads were stopped: 0.0001869 seconds, Stopping threads took: 0.0000151 seconds
2015-08-03T21:33:25.966-0200: 266.467: Total time for which application threads were stopped: 0.0003956 seconds, Stopping threads took: 0.0001373 seconds
2015-08-03T21:33:25.974-0200: 266.475: Total time for which application threads were stopped: 0.0012286 seconds, Stopping threads took: 0.0000592 seconds
2015-08-03T21:33:26.026-0200: 266.527: Total time for which application threads were stopped: 0.0003479 seconds, Stopping threads took: 0.0000319 seconds
2015-08-03T21:33:26.028-0200: 266.529: Total time for which application threads were stopped: 0.0012371 seconds, Stopping threads took: 0.0001201 seconds
2015-08-03T21:33:26.041-0200: 266.542: Total time for which application threads were stopped: 0.0018243 seconds, Stopping threads took: 0.0015510 seconds
2015-08-03T21:33:26.054-0200: 266.555: Total time for which application threads were stopped: 0.0067176 seconds, Stopping threads took: 0.0064385 seconds
2015-08-03T21:33:26.096-0200: 266.597: Total time for which application threads were stopped: 0.0002837 seconds, Stopping threads took: 0.0000454 seconds
2015-08-03T21:33:26.097-0200: 266.598: Total time for which application threads were stopped: 0.0002424 seconds, Stopping threads took: 0.0000375 seconds
2015-08-03T21:33:26.097-0200: 266.598: Total time for which application threads were stopped: 0.0002848 seconds, Stopping threads took: 0.0000817 seconds
2015-08-03T21:33:26.099-0200: 266.600: Total time for which application threads were stopped: 0.0002944 seconds, Stopping threads took: 0.0000586 seconds
2015-08-03T21:33:26.101-0200: 266.602: Total time for which application threads were stopped: 0.0002989 seconds, Stopping threads took: 0.0000443 seconds
2015-08-03T21:33:26.139-0200: 266.640: Total time for which application threads were stopped: 0.0002882 seconds, Stopping threads took: 0.0000313 seconds
2015-08-03T21:33:26.152-0200: 266.653: Total time for which application threads were stopped: 0.0002877 seconds, Stopping threads took: 0.0000309 seconds
2015-08-03T21:33:26.216-0200: 266.717: Total time for which application threads were stopped: 0.0006297 seconds, Stopping threads took: 0.0000563 seconds
2015-08-03T21:33:26.218-0200: 266.718: Total time for which application threads were stopped: 0.0002704 seconds, Stopping threads took: 0.0000345 seconds
2015-08-03T21:33:26.268-0200: 266.769: Total time for which application threads were stopped: 0.0050708 seconds, Stopping threads took: 0.0047791 seconds
2015-08-03T21:33:26.269-0200: 266.770: Total time for which application threads were stopped: 0.0002869 seconds, Stopping threads took: 0.0000589 seconds
2015-08-03T21:33:26.297-0200: 266.798: Total time for which application threads were stopped: 0.0005280 seconds, Stopping threads took: 0.0000482 seconds
2015-08-03T21:33:26.327-0200: 266.828: Total time for which application threads were stopped: 0.0005536 seconds, Stopping threads took: 0.0001831 seconds
2015-08-03T21:33:26.357-0200: 266.858: Total time for which application threads were stopped: 0.0002543 seconds, Stopping threads took: 0.0000303 seconds
2015-08-03T21:33:26.368-0200: 266.868: Total time for which application threads were stopped: 0.0002908 seconds, Stopping threads took: 0.0000351 seconds
{Heap before GC invocations=41 (full 2):
 par new generation   total 109248K, used 90713K [0x00000007a0000000, 0x00000007a8000000, 0x00000007a8000000)
  eden space 87424K,  99% used [0x00000007a0000000, 0x00000007a5550740, 0x00000007a5560000)
  from space 21824K,  15% used [0x00000007a6ab0000, 0x00000007a6df6070, 0x00000007a8000000)
  to   space 21824K,   0% used [0x00000007a5560000, 0x00000007a5560000, 0x00000007a6ab0000)
 concurrent mark-sweep generation total 393216K, used 57528K [0x00000007a8000000, 0x00000007c0000000, 0x00000007c0000000)
 Metaspace       used 37419K, capacity 38070K, committed 38264K, reserved 1083392K
  class space    used 4274K, capacity 4474K, committed 4476K, reserved 1048576K
2015-08-03T21:33:26.421-0200: 266.922: [GC (Allocation Failure) 266.922: [ParNew
Desired survivor size 20112992 bytes, new threshold 8 (max 8)
- age   1:    3806024 bytes,    3806024 total
- age   2:     160208 bytes,    3966232 total
- age   3:      88520 bytes,    4054752 total
- age   4:      97928 bytes,    4152680 total
- age   5:     100512 bytes,    4253192 total
- age   6:     126712 bytes,    4379904 total
- age   7:      81032 bytes,    4460936 total
- age   8:      71056 bytes,    4531992 total
: 90713K->4877K(109248K), 0.0120551 secs] 148242K->62454K(502464K), 0.0121612 secs] [Times: user=0.04 sys=0.01, real=0.01 secs] 
Heap after GC invocations=42 (full 2):
 par new generation   total 109248K, used 4877K [0x00000007a0000000, 0x00000007a8000000, 0x00000007a8000000)
  eden space 87424K,   0% used [0x00000007a0000000, 0x00000007a0000000, 0x00000007a5560000)
  from space 21824K,  22% used [0x00000007a5560000, 0x00000007a5a23628, 0x00000007a6ab0000)
  to   space 21824K,   0% used [0x00000007a6ab0000, 0x00000007a6ab0000, 0x00000007a8000000)
 concurrent mark-sweep generation total 393216K, used 57576K [0x00000007a8000000, 0x00000007c0000000, 0x00000007c0000000)
 Metaspace       used 37419K, capacity 38070K, committed 38264K, reserved 1083392K
  class space    used 4274K, capacity 4474K, committed 4476K, reserved 1048576K
}
2015-08-03T21:33:26.433-0200: 266.934: Total time for which application threads were stopped: 0.0126006 seconds, Stopping threads took: 0.0000320 seconds
2015-08-03T21:33:26.475-0200: 266.976: Total time for which application threads were stopped: 0.0002936 seconds, Stopping threads took: 0.0000300 seconds
2015-08-03T21:33:26.476-0200: 266.977: Total time for which application threads were stopped: 0.0002390 seconds, Stopping threads took: 0.0000239 seconds
2015-08-03T21:33:26.502-0200: 267.003: Total time for which application threads were stopped: 0.0003050 seconds, Stopping threads took: 0.0000302 seconds
2015-08-03T21:33:26.529-0200: 267.030: Total time for which application threads were stopped: 0.0002942 seconds, Stopping threads took: 0.0000339 seconds
2015-08-03T21:33:26.572-0200: 267.073: Total time for which application threads were stopped: 0.0005323 seconds, Stopping threads took: 0.0000673 seconds
2015-08-03T21:33:26.574-0200: 267.075: Total time for which application threads were stopped: 0.0003089 seconds, Stopping threads took: 0.0000303 seconds
2015-08-03T21:33:26.616-0200: 267.117: Total time for which application threads were stopped: 0.0002856 seconds, Stopping threads took: 0.0000513 seconds
2015-08-03T21:33:26.617-0200: 267.118: Total time for which application threads were stopped: 0.0002623 seconds, Stopping threads took: 0.0000456 seconds
2015-08-03T21:33:26.660-0200: 267.161: Total time for which application threads were stopped: 0.0003111 seconds, Stopping threads took: 0.0000308 seconds
2015-08-03T21:33:26.661-0200: 267.162: Total time for which application threads were stopped: 0.0003640 seconds, Stopping threads took: 0.0000292 seconds
2015-08-03T21:33:26.709-0200: 267.210: Total time for which application threads were stopped: 0.0002890 seconds, Stopping threads took: 0.0000303 seconds
2015-08-03T21:33:26.710-0200: 267.211: Total time for which application threads were stopped: 0.0002518 seconds, Stopping threads took: 0.0000285 seconds
2015-08-03T21:33:26.755-0200: 267.256: Total time for which application threads were stopped: 0.0003148 seconds, Stopping threads took: 0.0000316 seconds
2015-08-03T21:33:26.756-0200: 267.257: Total time for which application threads were stopped: 0.0002644 seconds, Stopping threads took: 0.0000300 seconds
2015-08-03T21:33:26.839-0200: 267.340: Total time for which application threads were stopped: 0.0006169 seconds, Stopping threads took: 0.0000309 seconds
2015-08-03T21:33:26.883-0200: 267.384: Total time for which application threads were stopped: 0.0003245 seconds, Stopping threads took: 0.0000317 seconds
2015-08-03T21:33:26.884-0200: 267.385: Total time for which application threads were stopped: 0.0001873 seconds, Stopping threads took: 0.0000194 seconds
2015-08-03T21:33:26.885-0200: 267.386: Total time for which application threads were stopped: 0.0002565 seconds, Stopping threads took: 0.0000373 seconds
2015-08-03T21:33:26.887-0200: 267.388: Total time for which application threads were stopped: 0.0003038 seconds, Stopping threads took: 0.0000445 seconds
2015-08-03T21:33:26.887-0200: 267.388: Total time for which application threads were stopped: 0.0002072 seconds, Stopping threads took: 0.0000168 seconds
2015-08-03T21:33:26.921-0200: 267.422: Total time for which application threads were stopped: 0.0006460 seconds, Stopping threads took: 0.0000527 seconds
2015-08-03T21:33:27.140-0200: 267.641: Total time for which application threads were stopped: 0.0003284 seconds, Stopping threads took: 0.0000483 seconds
2015-08-03T21:33:27.310-0200: 267.811: Total time for which application threads were stopped: 0.0003255 seconds, Stopping threads took: 0.0000530 seconds
2015-08-03T21:33:27.310-0200: 267.811: Total time for which application threads were stopped: 0.0001595 seconds, Stopping threads took: 0.0000145 seconds
{Heap before GC invocations=42 (full 2):
 par new generation   total 109248K, used 92301K [0x00000007a0000000, 0x00000007a8000000, 0x00000007a8000000)
  eden space 87424K, 100% used [0x00000007a0000000, 0x00000007a5560000, 0x00000007a5560000)
  from space 21824K,  22% used [0x00000007a5560000, 0x00000007a5a23628, 0x00000007a6ab0000)
  to   space 21824K,   0% used [0x00000007a6ab0000, 0x00000007a6ab0000, 0x00000007a8000000)
 concurrent mark-sweep generation total 393216K, used 57576K [0x00000007a8000000, 0x00000007c0000000, 0x00000007c0000000)
 Metaspace       used 37859K, capacity 38600K, committed 38904K, reserved 1083392K
  class space    used 4277K, capacity 4477K, committed 4604K, reserved 1048576K
2015-08-03T21:33:28.246-0200: 268.747: [GC (Allocation Failure) 268.747: [ParNew
Desired survivor size 20112992 bytes, new threshold 8 (max 8)
- age   1:    1582264 bytes,    1582264 total
- age   2:    3043080 bytes,    4625344 total
- age   3:     160208 bytes,    4785552 total
- age   4:      88392 bytes,    4873944 total
- age   5:      97928 bytes,    4971872 total
- age   6:     100512 bytes,    5072384 total
- age   7:     126712 bytes,    5199096 total
- age   8:      81032 bytes,    5280128 total
: 92301K->6649K(109248K), 0.0167247 secs] 149878K->64297K(502464K), 0.0168380 secs] [Times: user=0.04 sys=0.00, real=0.02 secs] 
Heap after GC invocations=43 (full 2):
 par new generation   total 109248K, used 6649K [0x00000007a0000000, 0x00000007a8000000, 0x00000007a8000000)
  eden space 87424K,   0% used [0x00000007a0000000, 0x00000007a0000000, 0x00000007a5560000)
  from space 21824K,  30% used [0x00000007a6ab0000, 0x00000007a712e500, 0x00000007a8000000)
  to   space 21824K,   0% used [0x00000007a5560000, 0x00000007a5560000, 0x00000007a6ab0000)
 concurrent mark-sweep generation total 393216K, used 57648K [0x00000007a8000000, 0x00000007c0000000, 0x00000007c0000000)
 Metaspace       used 37859K, capacity 38600K, committed 38904K, reserved 1083392K
  class space    used 4277K, capacity 4477K, committed 4604K, reserved 1048576K
}
2015-08-03T21:33:28.263-0200: 268.764: Total time for which application threads were stopped: 0.0173893 seconds, Stopping threads took: 0.0000311 seconds
2015-08-03T21:33:28.693-0200: 269.194: Total time for which application threads were stopped: 0.0003298 seconds, Stopping threads took: 0.0000653 seconds
2015-08-03T21:33:29.105-0200: 269.606: Total time for which application threads were stopped: 0.0004370 seconds, Stopping threads took: 0.0001040 seconds
2015-08-03T21:33:29.107-0200: 269.608: Total time for which application threads were stopped: 0.0002747 seconds, Stopping threads took: 0.0000911 seconds
2015-08-03T21:33:29.107-0200: 269.608: Total time for which application threads were stopped: 0.0002324 seconds, Stopping threads took: 0.0000656 seconds
{Heap before GC invocations=43 (full 2):
 par new generation   total 109248K, used 94073K [0x00000007a0000000, 0x00000007a8000000, 0x00000007a8000000)
  eden space 87424K, 100% used [0x00000007a0000000, 0x00000007a5560000, 0x00000007a5560000)
  from space 21824K,  30% used [0x00000007a6ab0000, 0x00000007a712e500, 0x00000007a8000000)
  to   space 21824K,   0% used [0x00000007a5560000, 0x00000007a5560000, 0x00000007a6ab0000)
 concurrent mark-sweep generation total 393216K, used 57648K [0x00000007a8000000, 0x00000007c0000000, 0x00000007c0000000)
 Metaspace       used 38278K, capacity 39016K, committed 39160K, reserved 1083392K
  class space    used 4285K, capacity 4509K, committed 4604K, reserved 1048576K
2015-08-03T21:33:29.769-0200: 270.271: [GC (Allocation Failure) 270.271: [ParNew
Desired survivor size 20112992 bytes, new threshold 8 (max 8)
- age   1:    1185992 bytes,    1185992 total
- age   2:    1059656 bytes,    2245648 total
- age   3:    2798544 bytes,    5044192 total
- age   4:     160208 bytes,    5204400 total
- age   5:      88392 bytes,    5292792 total
- age   6:      97928 bytes,    5390720 total
- age   7:     100512 bytes,    5491232 total
- age   8:     126712 bytes,    5617944 total
: 94073K->9396K(109248K), 0.0075108 secs] 151721K->67126K(502464K), 0.0076015 secs] [Times: user=0.03 sys=0.00, real=0.01 secs] 
Heap after GC invocations=44 (full 2):
 par new generation   total 109248K, used 9396K [0x00000007a0000000, 0x00000007a8000000, 0x00000007a8000000)
  eden space 87424K,   0% used [0x00000007a0000000, 0x00000007a0000000, 0x00000007a5560000)
  from space 21824K,  43% used [0x00000007a5560000, 0x00000007a5e8d3c0, 0x00000007a6ab0000)
  to   space 21824K,   0% used [0x00000007a6ab0000, 0x00000007a6ab0000, 0x00000007a8000000)
 concurrent mark-sweep generation total 393216K, used 57730K [0x00000007a8000000, 0x00000007c0000000, 0x00000007c0000000)
 Metaspace       used 38278K, capacity 39016K, committed 39160K, reserved 1083392K
  class space    used 4285K, capacity 4509K, committed 4604K, reserved 1048576K
}
2015-08-03T21:33:29.777-0200: 270.278: Total time for which application threads were stopped: 0.0081634 seconds, Stopping threads took: 0.0000532 seconds
2015-08-03T21:33:29.923-0200: 270.424: Total time for which application threads were stopped: 0.0003942 seconds, Stopping threads took: 0.0000683 seconds
2015-08-03T21:33:29.924-0200: 270.425: Total time for which application threads were stopped: 0.0003626 seconds, Stopping threads took: 0.0001012 seconds
2015-08-03T21:33:29.925-0200: 270.426: Total time for which application threads were stopped: 0.0002349 seconds, Stopping threads took: 0.0000207 seconds
2015-08-03T21:33:30.489-0200: 270.990: Total time for which application threads were stopped: 0.0005318 seconds, Stopping threads took: 0.0000404 seconds
2015-08-03T21:33:31.492-0200: 271.993: Total time for which application threads were stopped: 0.0003537 seconds, Stopping threads took: 0.0000549 seconds
{Heap before GC invocations=44 (full 2):
 par new generation   total 109248K, used 96820K [0x00000007a0000000, 0x00000007a8000000, 0x00000007a8000000)
  eden space 87424K, 100% used [0x00000007a0000000, 0x00000007a5560000, 0x00000007a5560000)
  from space 21824K,  43% used [0x00000007a5560000, 0x00000007a5e8d3c0, 0x00000007a6ab0000)
  to   space 21824K,   0% used [0x00000007a6ab0000, 0x00000007a6ab0000, 0x00000007a8000000)
 concurrent mark-sweep generation total 393216K, used 57730K [0x00000007a8000000, 0x00000007c0000000, 0x00000007c0000000)
 Metaspace       used 38562K, capacity 39340K, committed 39672K, reserved 1085440K
  class space    used 4285K, capacity 4509K, committed 4604K, reserved 1048576K
2015-08-03T21:33:31.881-0200: 272.382: [GC (Allocation Failure) 272.382: [ParNew
Desired survivor size 20112992 bytes, new threshold 8 (max 8)
- age   1:    1331504 bytes,    1331504 total
- age   2:     578400 bytes,    1909904 total
- age   3:     692584 bytes,    2602488 total
- age   4:    2797760 bytes,    5400248 total
- age   5:     160208 bytes,    5560456 total
- age   6:      88392 bytes,    5648848 total
- age   7:      97928 bytes,    5746776 total
- age   8:     100512 bytes,    5847288 total
: 96820K->7001K(109248K), 0.0075356 secs] 154550K->64858K(502464K), 0.0080189 secs] [Times: user=0.02 sys=0.00, real=0.00 secs] 
Heap after GC invocations=45 (full 2):
 par new generation   total 109248K, used 7001K [0x00000007a0000000, 0x00000007a8000000, 0x00000007a8000000)
  eden space 87424K,   0% used [0x00000007a0000000, 0x00000007a0000000, 0x00000007a5560000)
  from space 21824K,  32% used [0x00000007a6ab0000, 0x00000007a71867b8, 0x00000007a8000000)
  to   space 21824K,   0% used [0x00000007a5560000, 0x00000007a5560000, 0x00000007a6ab0000)
 concurrent mark-sweep generation total 393216K, used 57856K [0x00000007a8000000, 0x00000007c0000000, 0x00000007c0000000)
 Metaspace       used 38562K, capacity 39340K, committed 39672K, reserved 1085440K
  class space    used 4285K, capacity 4509K, committed 4604K, reserved 1048576K
}
2015-08-03T21:33:31.889-0200: 272.390: Total time for which application threads were stopped: 0.0083732 seconds, Stopping threads took: 0.0000238 seconds
2015-08-03T21:33:32.146-0200: 272.647: Total time for which application threads were stopped: 0.0004671 seconds, Stopping threads took: 0.0000489 seconds
2015-08-03T21:33:32.147-0200: 272.648: Total time for which application threads were stopped: 0.0002463 seconds, Stopping threads took: 0.0000616 seconds
2015-08-03T21:33:32.204-0200: 272.705: Total time for which application threads were stopped: 0.0003688 seconds, Stopping threads took: 0.0000727 seconds
2015-08-03T21:33:32.930-0200: 273.431: Total time for which application threads were stopped: 0.0003515 seconds, Stopping threads took: 0.0000282 seconds
2015-08-03T21:33:32.931-0200: 273.433: Total time for which application threads were stopped: 0.0002534 seconds, Stopping threads took: 0.0000273 seconds
2015-08-03T21:33:33.430-0200: 273.931: Total time for which application threads were stopped: 0.0003350 seconds, Stopping threads took: 0.0000358 seconds
{Heap before GC invocations=45 (full 2):
 par new generation   total 109248K, used 94425K [0x00000007a0000000, 0x00000007a8000000, 0x00000007a8000000)
  eden space 87424K, 100% used [0x00000007a0000000, 0x00000007a5560000, 0x00000007a5560000)
  from space 21824K,  32% used [0x00000007a6ab0000, 0x00000007a71867b8, 0x00000007a8000000)
  to   space 21824K,   0% used [0x00000007a5560000, 0x00000007a5560000, 0x00000007a6ab0000)
 concurrent mark-sweep generation total 393216K, used 57856K [0x00000007a8000000, 0x00000007c0000000, 0x00000007c0000000)
 Metaspace       used 38724K, capacity 39468K, committed 39672K, reserved 1085440K
  class space    used 4286K, capacity 4509K, committed 4604K, reserved 1048576K
2015-08-03T21:33:33.495-0200: 273.997: [GC (Allocation Failure) 273.997: [ParNew
Desired survivor size 20112992 bytes, new threshold 8 (max 8)
- age   1:    1581864 bytes,    1581864 total
- age   2:     228768 bytes,    1810632 total
- age   3:     238392 bytes,    2049024 total
- age   4:     689112 bytes,    2738136 total
- age   5:    2797456 bytes,    5535592 total
- age   6:     160208 bytes,    5695800 total
- age   7:      88392 bytes,    5784192 total
- age   8:      97928 bytes,    5882120 total
: 94425K->7378K(109248K), 0.0286156 secs] 152282K->65335K(502464K), 0.0287419 secs] [Times: user=0.07 sys=0.00, real=0.03 secs] 
Heap after GC invocations=46 (full 2):
 par new generation   total 109248K, used 7378K [0x00000007a0000000, 0x00000007a8000000, 0x00000007a8000000)
  eden space 87424K,   0% used [0x00000007a0000000, 0x00000007a0000000, 0x00000007a5560000)
  from space 21824K,  33% used [0x00000007a5560000, 0x00000007a5c94b80, 0x00000007a6ab0000)
  to   space 21824K,   0% used [0x00000007a6ab0000, 0x00000007a6ab0000, 0x00000007a8000000)
 concurrent mark-sweep generation total 393216K, used 57957K [0x00000007a8000000, 0x00000007c0000000, 0x00000007c0000000)
 Metaspace       used 38724K, capacity 39468K, committed 39672K, reserved 1085440K
  class space    used 4286K, capacity 4509K, committed 4604K, reserved 1048576K
}
2015-08-03T21:33:33.524-0200: 274.025: Total time for which application threads were stopped: 0.0292046 seconds, Stopping threads took: 0.0000285 seconds
2015-08-03T21:33:34.353-0200: 274.855: Total time for which application threads were stopped: 0.0003884 seconds, Stopping threads took: 0.0000318 seconds
{Heap before GC invocations=46 (full 2):
 par new generation   total 109248K, used 94346K [0x00000007a0000000, 0x00000007a8000000, 0x00000007a8000000)
  eden space 87424K,  99% used [0x00000007a0000000, 0x00000007a54edd98, 0x00000007a5560000)
  from space 21824K,  33% used [0x00000007a5560000, 0x00000007a5c94b80, 0x00000007a6ab0000)
  to   space 21824K,   0% used [0x00000007a6ab0000, 0x00000007a6ab0000, 0x00000007a8000000)
 concurrent mark-sweep generation total 393216K, used 57957K [0x00000007a8000000, 0x00000007c0000000, 0x00000007c0000000)
 Metaspace       used 39051K, capacity 39788K, committed 39928K, reserved 1085440K
  class space    used 4286K, capacity 4509K, committed 4604K, reserved 1048576K
2015-08-03T21:33:34.793-0200: 275.294: [GC (Allocation Failure) 275.294: [ParNew
Desired survivor size 20112992 bytes, new threshold 8 (max 8)
- age   1:    2779176 bytes,    2779176 total
- age   2:    1154992 bytes,    3934168 total
- age   3:     223776 bytes,    4157944 total
- age   4:     236168 bytes,    4394112 total
- age   5:     688792 bytes,    5082904 total
- age   6:    2830240 bytes,    7913144 total
- age   7:     160208 bytes,    8073352 total
- age   8:      88392 bytes,    8161744 total
: 94346K->9691K(109248K), 0.0081423 secs] 152303K->67746K(502464K), 0.0082233 secs] [Times: user=0.02 sys=0.00, real=0.01 secs] 
Heap after GC invocations=47 (full 2):
 par new generation   total 109248K, used 9691K [0x00000007a0000000, 0x00000007a8000000, 0x00000007a8000000)
  eden space 87424K,   0% used [0x00000007a0000000, 0x00000007a0000000, 0x00000007a5560000)
  from space 21824K,  44% used [0x00000007a6ab0000, 0x00000007a7426e38, 0x00000007a8000000)
  to   space 21824K,   0% used [0x00000007a5560000, 0x00000007a5560000, 0x00000007a6ab0000)
 concurrent mark-sweep generation total 393216K, used 58055K [0x00000007a8000000, 0x00000007c0000000, 0x00000007c0000000)
 Metaspace       used 39051K, capacity 39788K, committed 39928K, reserved 1085440K
  class space    used 4286K, capacity 4509K, committed 4604K, reserved 1048576K
}
2015-08-03T21:33:34.801-0200: 275.303: Total time for which application threads were stopped: 0.0086417 seconds, Stopping threads took: 0.0000261 seconds
2015-08-03T21:33:35.236-0200: 275.737: Total time for which application threads were stopped: 0.0002832 seconds, Stopping threads took: 0.0000297 seconds
2015-08-03T21:33:35.237-0200: 275.739: Total time for which application threads were stopped: 0.0002777 seconds, Stopping threads took: 0.0000291 seconds
{Heap before GC invocations=47 (full 2):
 par new generation   total 109248K, used 97115K [0x00000007a0000000, 0x00000007a8000000, 0x00000007a8000000)
  eden space 87424K, 100% used [0x00000007a0000000, 0x00000007a5560000, 0x00000007a5560000)
  from space 21824K,  44% used [0x00000007a6ab0000, 0x00000007a7426e38, 0x00000007a8000000)
  to   space 21824K,   0% used [0x00000007a5560000, 0x00000007a5560000, 0x00000007a6ab0000)
 concurrent mark-sweep generation total 393216K, used 58055K [0x00000007a8000000, 0x00000007c0000000, 0x00000007c0000000)
 Metaspace       used 39095K, capacity 39788K, committed 39928K, reserved 1085440K
  class space    used 4286K, capacity 4509K, committed 4604K, reserved 1048576K
2015-08-03T21:33:35.967-0200: 276.468: [GC (Allocation Failure) 276.468: [ParNew
Desired survivor size 20112992 bytes, new threshold 8 (max 8)
- age   1:    1383920 bytes,    1383920 total
- age   2:     528928 bytes,    1912848 total
- age   3:     758296 bytes,    2671144 total
- age   4:     223168 bytes,    2894312 total
- age   5:     236008 bytes,    3130320 total
- age   6:     688656 bytes,    3818976 total
- age   7:    2895808 bytes,    6714784 total
- age   8:     160208 bytes,    6874992 total
: 97115K->11007K(109248K), 0.0222227 secs] 155170K->69151K(502464K), 0.0223489 secs] [Times: user=0.04 sys=0.01, real=0.02 secs] 
Heap after GC invocations=48 (full 2):
 par new generation   total 109248K, used 11007K [0x00000007a0000000, 0x00000007a8000000, 0x00000007a8000000)
  eden space 87424K,   0% used [0x00000007a0000000, 0x00000007a0000000, 0x00000007a5560000)
  from space 21824K,  50% used [0x00000007a5560000, 0x00000007a601fe40, 0x00000007a6ab0000)
  to   space 21824K,   0% used [0x00000007a6ab0000, 0x00000007a6ab0000, 0x00000007a8000000)
 concurrent mark-sweep generation total 393216K, used 58143K [0x00000007a8000000, 0x00000007c0000000, 0x00000007c0000000)
 Metaspace       used 39095K, capacity 39788K, committed 39928K, reserved 1085440K
  class space    used 4286K, capacity 4509K, committed 4604K, reserved 1048576K
}
2015-08-03T21:33:35.989-0200: 276.490: Total time for which application threads were stopped: 0.0229818 seconds, Stopping threads took: 0.0000595 seconds
2015-08-03T21:33:36.034-0200: 276.536: Total time for which application threads were stopped: 0.0004860 seconds, Stopping threads took: 0.0000992 seconds
2015-08-03T21:33:36.036-0200: 276.537: Total time for which application threads were stopped: 0.0004478 seconds, Stopping threads took: 0.0000510 seconds
2015-08-03T21:33:36.975-0200: 277.477: Total time for which application threads were stopped: 0.0005414 seconds, Stopping threads took: 0.0000363 seconds
{Heap before GC invocations=48 (full 2):
 par new generation   total 109248K, used 98431K [0x00000007a0000000, 0x00000007a8000000, 0x00000007a8000000)
  eden space 87424K, 100% used [0x00000007a0000000, 0x00000007a5560000, 0x00000007a5560000)
  from space 21824K,  50% used [0x00000007a5560000, 0x00000007a601fe40, 0x00000007a6ab0000)
  to   space 21824K,   0% used [0x00000007a6ab0000, 0x00000007a6ab0000, 0x00000007a8000000)
 concurrent mark-sweep generation total 393216K, used 58143K [0x00000007a8000000, 0x00000007c0000000, 0x00000007c0000000)
 Metaspace       used 39327K, capacity 39980K, committed 40184K, reserved 1085440K
  class space    used 4287K, capacity 4509K, committed 4604K, reserved 1048576K
2015-08-03T21:33:37.136-0200: 277.637: [GC (Allocation Failure) 277.637: [ParNew
Desired survivor size 20112992 bytes, new threshold 8 (max 8)
- age   1:    1641824 bytes,    1641824 total
- age   2:     649304 bytes,    2291128 total
- age   3:      16336 bytes,    2307464 total
- age   4:     469104 bytes,    2776568 total
- age   5:     222160 bytes,    2998728 total
- age   6:     236008 bytes,    3234736 total
- age   7:     688656 bytes,    3923392 total
- age   8:    2928592 bytes,    6851984 total
: 98431K->8722K(109248K), 0.0081472 secs] 156575K->67026K(502464K), 0.0082484 secs] [Times: user=0.02 sys=0.00, real=0.01 secs] 
Heap after GC invocations=49 (full 2):
 par new generation   total 109248K, used 8722K [0x00000007a0000000, 0x00000007a8000000, 0x00000007a8000000)
  eden space 87424K,   0% used [0x00000007a0000000, 0x00000007a0000000, 0x00000007a5560000)
  from space 21824K,  39% used [0x00000007a6ab0000, 0x00000007a7334a50, 0x00000007a8000000)
  to   space 21824K,   0% used [0x00000007a5560000, 0x00000007a5560000, 0x00000007a6ab0000)
 concurrent mark-sweep generation total 393216K, used 58303K [0x00000007a8000000, 0x00000007c0000000, 0x00000007c0000000)
 Metaspace       used 39327K, capacity 39980K, committed 40184K, reserved 1085440K
  class space    used 4287K, capacity 4509K, committed 4604K, reserved 1048576K
}
2015-08-03T21:33:37.144-0200: 277.646: Total time for which application threads were stopped: 0.0086025 seconds, Stopping threads took: 0.0000234 seconds
2015-08-03T21:33:37.366-0200: 277.867: Total time for which application threads were stopped: 0.0002887 seconds, Stopping threads took: 0.0000254 seconds
2015-08-03T21:33:37.856-0200: 278.358: Total time for which application threads were stopped: 0.0005346 seconds, Stopping threads took: 0.0001216 seconds
2015-08-03T21:33:37.858-0200: 278.359: Total time for which application threads were stopped: 0.0003473 seconds, Stopping threads took: 0.0000495 seconds
2015-08-03T21:33:37.880-0200: 278.381: Total time for which application threads were stopped: 0.0003674 seconds, Stopping threads took: 0.0000712 seconds
2015-08-03T21:33:37.880-0200: 278.382: Total time for which application threads were stopped: 0.0001700 seconds, Stopping threads took: 0.0000166 seconds
2015-08-03T21:33:37.881-0200: 278.382: Total time for which application threads were stopped: 0.0002254 seconds, Stopping threads took: 0.0000530 seconds
2015-08-03T21:33:37.885-0200: 278.387: Total time for which application threads were stopped: 0.0003858 seconds, Stopping threads took: 0.0001557 seconds
2015-08-03T21:33:37.886-0200: 278.387: Total time for which application threads were stopped: 0.0001983 seconds, Stopping threads took: 0.0000666 seconds
2015-08-03T21:33:37.888-0200: 278.389: Total time for which application threads were stopped: 0.0005011 seconds, Stopping threads took: 0.0000525 seconds
2015-08-03T21:33:37.891-0200: 278.392: Total time for which application threads were stopped: 0.0002922 seconds, Stopping threads took: 0.0000329 seconds
2015-08-03T21:33:37.926-0200: 278.428: Total time for which application threads were stopped: 0.0004292 seconds, Stopping threads took: 0.0000617 seconds
2015-08-03T21:33:37.927-0200: 278.429: Total time for which application threads were stopped: 0.0003464 seconds, Stopping threads took: 0.0000270 seconds
2015-08-03T21:33:37.929-0200: 278.430: Total time for which application threads were stopped: 0.0003113 seconds, Stopping threads took: 0.0000263 seconds
2015-08-03T21:33:37.936-0200: 278.437: Total time for which application threads were stopped: 0.0003814 seconds, Stopping threads took: 0.0000340 seconds
2015-08-03T21:33:37.938-0200: 278.440: Total time for which application threads were stopped: 0.0004127 seconds, Stopping threads took: 0.0000653 seconds
2015-08-03T21:33:37.940-0200: 278.441: Total time for which application threads were stopped: 0.0004059 seconds, Stopping threads took: 0.0001029 seconds
2015-08-03T21:33:37.940-0200: 278.442: Total time for which application threads were stopped: 0.0003584 seconds, Stopping threads took: 0.0001805 seconds
2015-08-03T21:33:37.941-0200: 278.442: Total time for which application threads were stopped: 0.0002051 seconds, Stopping threads took: 0.0000304 seconds
2015-08-03T21:33:37.941-0200: 278.442: Total time for which application threads were stopped: 0.0002407 seconds, Stopping threads took: 0.0000670 seconds
2015-08-03T21:33:37.952-0200: 278.453: Total time for which application threads were stopped: 0.0003075 seconds, Stopping threads took: 0.0000463 seconds
2015-08-03T21:33:38.080-0200: 278.581: Total time for which application threads were stopped: 0.0002770 seconds, Stopping threads took: 0.0000268 seconds
2015-08-03T21:33:38.080-0200: 278.581: Total time for which application threads were stopped: 0.0001115 seconds, Stopping threads took: 0.0000103 seconds
{Heap before GC invocations=49 (full 2):
 par new generation   total 109248K, used 96146K [0x00000007a0000000, 0x00000007a8000000, 0x00000007a8000000)
  eden space 87424K, 100% used [0x00000007a0000000, 0x00000007a5560000, 0x00000007a5560000)
  from space 21824K,  39% used [0x00000007a6ab0000, 0x00000007a7334a50, 0x00000007a8000000)
  to   space 21824K,   0% used [0x00000007a5560000, 0x00000007a5560000, 0x00000007a6ab0000)
 concurrent mark-sweep generation total 393216K, used 58303K [0x00000007a8000000, 0x00000007c0000000, 0x00000007c0000000)
 Metaspace       used 39453K, capacity 40172K, committed 40440K, reserved 1085440K
  class space    used 4287K, capacity 4509K, committed 4604K, reserved 1048576K
2015-08-03T21:33:38.177-0200: 278.678: [GC (Allocation Failure) 278.678: [ParNew
Desired survivor size 20112992 bytes, new threshold 8 (max 8)
- age   1:    1344432 bytes,    1344432 total
- age   2:     935232 bytes,    2279664 total
- age   3:     330720 bytes,    2610384 total
- age   4:      15560 bytes,    2625944 total
- age   5:     457216 bytes,    3083160 total
- age   6:     222160 bytes,    3305320 total
- age   7:     226416 bytes,    3531736 total
- age   8:     688656 bytes,    4220392 total
: 96146K->5000K(109248K), 0.0119682 secs] 154450K->66036K(502464K), 0.0120647 secs] [Times: user=0.03 sys=0.01, real=0.01 secs] 
Heap after GC invocations=50 (full 2):
 par new generation   total 109248K, used 5000K [0x00000007a0000000, 0x00000007a8000000, 0x00000007a8000000)
  eden space 87424K,   0% used [0x00000007a0000000, 0x00000007a0000000, 0x00000007a5560000)
  from space 21824K,  22% used [0x00000007a5560000, 0x00000007a5a42100, 0x00000007a6ab0000)
  to   space 21824K,   0% used [0x00000007a6ab0000, 0x00000007a6ab0000, 0x00000007a8000000)
 concurrent mark-sweep generation total 393216K, used 61035K [0x00000007a8000000, 0x00000007c0000000, 0x00000007c0000000)
 Metaspace       used 39453K, capacity 40172K, committed 40440K, reserved 1085440K
  class space    used 4287K, capacity 4509K, committed 4604K, reserved 1048576K
}
2015-08-03T21:33:38.189-0200: 278.690: Total time for which application threads were stopped: 0.0124669 seconds, Stopping threads took: 0.0000234 seconds
2015-08-03T21:33:38.252-0200: 278.754: Total time for which application threads were stopped: 0.0003357 seconds, Stopping threads took: 0.0000965 seconds
2015-08-03T21:33:38.253-0200: 278.754: Total time for which application threads were stopped: 0.0001716 seconds, Stopping threads took: 0.0000342 seconds
2015-08-03T21:33:38.253-0200: 278.755: Total time for which application threads were stopped: 0.0001299 seconds, Stopping threads took: 0.0000279 seconds
2015-08-03T21:33:38.258-0200: 278.759: Total time for which application threads were stopped: 0.0002881 seconds, Stopping threads took: 0.0000541 seconds
2015-08-03T21:33:38.258-0200: 278.760: Total time for which application threads were stopped: 0.0001821 seconds, Stopping threads took: 0.0000503 seconds
2015-08-03T21:33:38.260-0200: 278.761: Total time for which application threads were stopped: 0.0003284 seconds, Stopping threads took: 0.0001304 seconds
2015-08-03T21:33:38.260-0200: 278.762: Total time for which application threads were stopped: 0.0002208 seconds, Stopping threads took: 0.0000672 seconds
2015-08-03T21:33:38.261-0200: 278.762: Total time for which application threads were stopped: 0.0002081 seconds, Stopping threads took: 0.0000403 seconds
2015-08-03T21:33:38.261-0200: 278.762: Total time for which application threads were stopped: 0.0001571 seconds, Stopping threads took: 0.0000144 seconds
2015-08-03T21:33:38.261-0200: 278.763: Total time for which application threads were stopped: 0.0001710 seconds, Stopping threads took: 0.0000148 seconds
2015-08-03T21:33:38.262-0200: 278.763: Total time for which application threads were stopped: 0.0001775 seconds, Stopping threads took: 0.0000671 seconds
2015-08-03T21:33:38.263-0200: 278.765: Total time for which application threads were stopped: 0.0002634 seconds, Stopping threads took: 0.0000233 seconds
2015-08-03T21:33:38.263-0200: 278.765: Total time for which application threads were stopped: 0.0001645 seconds, Stopping threads took: 0.0000381 seconds
2015-08-03T21:33:38.265-0200: 278.767: Total time for which application threads were stopped: 0.0002642 seconds, Stopping threads took: 0.0000550 seconds
2015-08-03T21:33:38.265-0200: 278.767: Total time for which application threads were stopped: 0.0001438 seconds, Stopping threads took: 0.0000484 seconds
2015-08-03T21:33:38.266-0200: 278.767: Total time for which application threads were stopped: 0.0001964 seconds, Stopping threads took: 0.0000840 seconds
2015-08-03T21:33:38.266-0200: 278.767: Total time for which application threads were stopped: 0.0002048 seconds, Stopping threads took: 0.0000915 seconds
2015-08-03T21:33:38.266-0200: 278.767: Total time for which application threads were stopped: 0.0001504 seconds, Stopping threads took: 0.0000560 seconds
2015-08-03T21:33:38.266-0200: 278.768: Total time for which application threads were stopped: 0.0001579 seconds, Stopping threads took: 0.0000439 seconds
2015-08-03T21:33:38.266-0200: 278.768: Total time for which application threads were stopped: 0.0001328 seconds, Stopping threads took: 0.0000361 seconds
2015-08-03T21:33:38.882-0200: 279.383: Total time for which application threads were stopped: 0.0008840 seconds, Stopping threads took: 0.0000572 seconds
2015-08-03T21:33:38.916-0200: 279.417: Total time for which application threads were stopped: 0.0004331 seconds, Stopping threads took: 0.0000301 seconds
2015-08-03T21:33:38.916-0200: 279.418: Total time for which application threads were stopped: 0.0001939 seconds, Stopping threads took: 0.0000353 seconds
2015-08-03T21:33:38.916-0200: 279.418: Total time for which application threads were stopped: 0.0001387 seconds, Stopping threads took: 0.0000119 seconds
2015-08-03T21:33:38.917-0200: 279.418: Total time for which application threads were stopped: 0.0002163 seconds, Stopping threads took: 0.0000728 seconds
2015-08-03T21:33:38.917-0200: 279.418: Total time for which application threads were stopped: 0.0001893 seconds, Stopping threads took: 0.0000517 seconds
2015-08-03T21:33:38.920-0200: 279.421: Total time for which application threads were stopped: 0.0002835 seconds, Stopping threads took: 0.0000287 seconds
2015-08-03T21:33:39.040-0200: 279.542: Total time for which application threads were stopped: 0.0004163 seconds, Stopping threads took: 0.0000948 seconds
2015-08-03T21:33:39.041-0200: 279.542: Total time for which application threads were stopped: 0.0003569 seconds, Stopping threads took: 0.0001592 seconds
2015-08-03T21:33:39.054-0200: 279.556: Total time for which application threads were stopped: 0.0003003 seconds, Stopping threads took: 0.0000292 seconds
2015-08-03T21:33:39.054-0200: 279.556: Total time for which application threads were stopped: 0.0001846 seconds, Stopping threads took: 0.0000166 seconds
2015-08-03T21:33:39.055-0200: 279.556: Total time for which application threads were stopped: 0.0001645 seconds, Stopping threads took: 0.0000129 seconds
2015-08-03T21:33:39.055-0200: 279.556: Total time for which application threads were stopped: 0.0001595 seconds, Stopping threads took: 0.0000130 seconds
2015-08-03T21:33:39.055-0200: 279.557: Total time for which application threads were stopped: 0.0001643 seconds, Stopping threads took: 0.0000124 seconds
2015-08-03T21:33:39.188-0200: 279.689: Total time for which application threads were stopped: 0.0002746 seconds, Stopping threads took: 0.0000298 seconds
{Heap before GC invocations=50 (full 2):
 par new generation   total 109248K, used 92424K [0x00000007a0000000, 0x00000007a8000000, 0x00000007a8000000)
  eden space 87424K, 100% used [0x00000007a0000000, 0x00000007a5560000, 0x00000007a5560000)
  from space 21824K,  22% used [0x00000007a5560000, 0x00000007a5a42100, 0x00000007a6ab0000)
  to   space 21824K,   0% used [0x00000007a6ab0000, 0x00000007a6ab0000, 0x00000007a8000000)
 concurrent mark-sweep generation total 393216K, used 61035K [0x00000007a8000000, 0x00000007c0000000, 0x00000007c0000000)
 Metaspace       used 39499K, capacity 40240K, committed 40440K, reserved 1085440K
  class space    used 4287K, capacity 4509K, committed 4604K, reserved 1048576K
2015-08-03T21:33:39.225-0200: 279.727: [GC (Allocation Failure) 279.727: [ParNew
Desired survivor size 20112992 bytes, new threshold 8 (max 8)
- age   1:    1646960 bytes,    1646960 total
- age   2:     427248 bytes,    2074208 total
- age   3:     506400 bytes,    2580608 total
- age   4:     304256 bytes,    2884864 total
- age   5:      14784 bytes,    2899648 total
- age   6:     447312 bytes,    3346960 total
- age   7:     211592 bytes,    3558552 total
- age   8:     226416 bytes,    3784968 total
: 92424K->6867K(109248K), 0.0073946 secs] 153460K->68566K(502464K), 0.0075097 secs] [Times: user=0.02 sys=0.00, real=0.01 secs] 
Heap after GC invocations=51 (full 2):
 par new generation   total 109248K, used 6867K [0x00000007a0000000, 0x00000007a8000000, 0x00000007a8000000)
  eden space 87424K,   0% used [0x00000007a0000000, 0x00000007a0000000, 0x00000007a5560000)
  from space 21824K,  31% used [0x00000007a6ab0000, 0x00000007a7164f80, 0x00000007a8000000)
  to   space 21824K,   0% used [0x00000007a5560000, 0x00000007a5560000, 0x00000007a6ab0000)
 concurrent mark-sweep generation total 393216K, used 61699K [0x00000007a8000000, 0x00000007c0000000, 0x00000007c0000000)
 Metaspace       used 39499K, capacity 40240K, committed 40440K, reserved 1085440K
  class space    used 4287K, capacity 4509K, committed 4604K, reserved 1048576K
}
2015-08-03T21:33:39.233-0200: 279.734: Total time for which application threads were stopped: 0.0079723 seconds, Stopping threads took: 0.0000360 seconds
2015-08-03T21:33:39.291-0200: 279.793: Total time for which application threads were stopped: 0.0004404 seconds, Stopping threads took: 0.0000342 seconds
2015-08-03T21:33:39.291-0200: 279.793: Total time for which application threads were stopped: 0.0002007 seconds, Stopping threads took: 0.0000150 seconds
2015-08-03T21:33:39.714-0200: 280.216: Total time for which application threads were stopped: 0.0002346 seconds, Stopping threads took: 0.0000227 seconds
{Heap before GC invocations=51 (full 2):
 par new generation   total 109248K, used 94238K [0x00000007a0000000, 0x00000007a8000000, 0x00000007a8000000)
  eden space 87424K,  99% used [0x00000007a0000000, 0x00000007a5552a50, 0x00000007a5560000)
  from space 21824K,  31% used [0x00000007a6ab0000, 0x00000007a7164f80, 0x00000007a8000000)
  to   space 21824K,   0% used [0x00000007a5560000, 0x00000007a5560000, 0x00000007a6ab0000)
 concurrent mark-sweep generation total 393216K, used 61699K [0x00000007a8000000, 0x00000007c0000000, 0x00000007c0000000)
 Metaspace       used 39511K, capacity 40304K, committed 40440K, reserved 1085440K
  class space    used 4287K, capacity 4509K, committed 4604K, reserved 1048576K
2015-08-03T21:33:40.146-0200: 280.647: [GC (Allocation Failure) 280.647: [ParNew
Desired survivor size 20112992 bytes, new threshold 8 (max 8)
- age   1:    1056976 bytes,    1056976 total
- age   2:    1230392 bytes,    2287368 total
- age   3:     416096 bytes,    2703464 total
- age   4:     503200 bytes,    3206664 total
- age   5:     302696 bytes,    3509360 total
- age   6:      14784 bytes,    3524144 total
- age   7:     447312 bytes,    3971456 total
- age   8:     211592 bytes,    4183048 total
: 94238K->5022K(109248K), 0.0062052 secs] 155937K->66943K(502464K), 0.0063197 secs] [Times: user=0.02 sys=0.00, real=0.01 secs] 
Heap after GC invocations=52 (full 2):
 par new generation   total 109248K, used 5022K [0x00000007a0000000, 0x00000007a8000000, 0x00000007a8000000)
  eden space 87424K,   0% used [0x00000007a0000000, 0x00000007a0000000, 0x00000007a5560000)
  from space 21824K,  23% used [0x00000007a5560000, 0x00000007a5a479e0, 0x00000007a6ab0000)
  to   space 21824K,   0% used [0x00000007a6ab0000, 0x00000007a6ab0000, 0x00000007a8000000)
 concurrent mark-sweep generation total 393216K, used 61920K [0x00000007a8000000, 0x00000007c0000000, 0x00000007c0000000)
 Metaspace       used 39511K, capacity 40304K, committed 40440K, reserved 1085440K
  class space    used 4287K, capacity 4509K, committed 4604K, reserved 1048576K
}
2015-08-03T21:33:40.152-0200: 280.654: Total time for which application threads were stopped: 0.0067864 seconds, Stopping threads took: 0.0000294 seconds
2015-08-03T21:33:40.457-0200: 280.958: Total time for which application threads were stopped: 0.0003201 seconds, Stopping threads took: 0.0000448 seconds
2015-08-03T21:33:41.276-0200: 281.777: Total time for which application threads were stopped: 0.0005389 seconds, Stopping threads took: 0.0000729 seconds
2015-08-03T21:33:41.309-0200: 281.810: Total time for which application threads were stopped: 0.0003679 seconds, Stopping threads took: 0.0000612 seconds
{Heap before GC invocations=52 (full 2):
 par new generation   total 109248K, used 92446K [0x00000007a0000000, 0x00000007a8000000, 0x00000007a8000000)
  eden space 87424K, 100% used [0x00000007a0000000, 0x00000007a5560000, 0x00000007a5560000)
  from space 21824K,  23% used [0x00000007a5560000, 0x00000007a5a479e0, 0x00000007a6ab0000)
  to   space 21824K,   0% used [0x00000007a6ab0000, 0x00000007a6ab0000, 0x00000007a8000000)
 concurrent mark-sweep generation total 393216K, used 61920K [0x00000007a8000000, 0x00000007c0000000, 0x00000007c0000000)
 Metaspace       used 39679K, capacity 40432K, committed 40696K, reserved 1085440K
  class space    used 4287K, capacity 4509K, committed 4604K, reserved 1048576K
2015-08-03T21:33:41.333-0200: 281.834: [GC (Allocation Failure) 281.834: [ParNew
Desired survivor size 20112992 bytes, new threshold 8 (max 8)
- age   1:    1368704 bytes,    1368704 total
- age   2:     216408 bytes,    1585112 total
- age   3:     810672 bytes,    2395784 total
- age   4:     413992 bytes,    2809776 total
- age   5:     502560 bytes,    3312336 total
- age   6:     302344 bytes,    3614680 total
- age   7:      14784 bytes,    3629464 total
- age   8:     447312 bytes,    4076776 total
: 92446K->6094K(109248K), 0.0059204 secs] 154367K->68221K(502464K), 0.0059938 secs] [Times: user=0.02 sys=0.00, real=0.00 secs] 
Heap after GC invocations=53 (full 2):
 par new generation   total 109248K, used 6094K [0x00000007a0000000, 0x00000007a8000000, 0x00000007a8000000)
  eden space 87424K,   0% used [0x00000007a0000000, 0x00000007a0000000, 0x00000007a5560000)
  from space 21824K,  27% used [0x00000007a6ab0000, 0x00000007a70a3830, 0x00000007a8000000)
  to   space 21824K,   0% used [0x00000007a5560000, 0x00000007a5560000, 0x00000007a6ab0000)
 concurrent mark-sweep generation total 393216K, used 62127K [0x00000007a8000000, 0x00000007c0000000, 0x00000007c0000000)
 Metaspace       used 39679K, capacity 40432K, committed 40696K, reserved 1085440K
  class space    used 4287K, capacity 4509K, committed 4604K, reserved 1048576K
}
2015-08-03T21:33:41.339-0200: 281.840: Total time for which application threads were stopped: 0.0063110 seconds, Stopping threads took: 0.0000224 seconds
2015-08-03T21:33:42.172-0200: 282.674: Total time for which application threads were stopped: 0.0002770 seconds, Stopping threads took: 0.0000487 seconds
2015-08-03T21:33:42.213-0200: 282.715: Total time for which application threads were stopped: 0.0003175 seconds, Stopping threads took: 0.0000322 seconds
2015-08-03T21:33:42.225-0200: 282.726: Total time for which application threads were stopped: 0.0003051 seconds, Stopping threads took: 0.0000325 seconds
{Heap before GC invocations=53 (full 2):
 par new generation   total 109248K, used 93518K [0x00000007a0000000, 0x00000007a8000000, 0x00000007a8000000)
  eden space 87424K, 100% used [0x00000007a0000000, 0x00000007a5560000, 0x00000007a5560000)
  from space 21824K,  27% used [0x00000007a6ab0000, 0x00000007a70a3830, 0x00000007a8000000)
  to   space 21824K,   0% used [0x00000007a5560000, 0x00000007a5560000, 0x00000007a6ab0000)
 concurrent mark-sweep generation total 393216K, used 62127K [0x00000007a8000000, 0x00000007c0000000, 0x00000007c0000000)
 Metaspace       used 39700K, capacity 40432K, committed 40696K, reserved 1085440K
  class space    used 4287K, capacity 4509K, committed 4604K, reserved 1048576K
2015-08-03T21:33:42.285-0200: 282.786: [GC (Allocation Failure) 282.786: [ParNew
Desired survivor size 20112992 bytes, new threshold 8 (max 8)
- age   1:    1297096 bytes,    1297096 total
- age   2:     756688 bytes,    2053784 total
- age   3:      16144 bytes,    2069928 total
- age   4:     550888 bytes,    2620816 total
- age   5:     413992 bytes,    3034808 total
- age   6:     502208 bytes,    3537016 total
- age   7:     301568 bytes,    3838584 total
- age   8:      14784 bytes,    3853368 total
: 93518K->4792K(109248K), 0.0080466 secs] 155645K->67357K(502464K), 0.0081669 secs] [Times: user=0.02 sys=0.00, real=0.01 secs] 
Heap after GC invocations=54 (full 2):
 par new generation   total 109248K, used 4792K [0x00000007a0000000, 0x00000007a8000000, 0x00000007a8000000)
  eden space 87424K,   0% used [0x00000007a0000000, 0x00000007a0000000, 0x00000007a5560000)
  from space 21824K,  21% used [0x00000007a5560000, 0x00000007a5a0e2e0, 0x00000007a6ab0000)
  to   space 21824K,   0% used [0x00000007a6ab0000, 0x00000007a6ab0000, 0x00000007a8000000)
 concurrent mark-sweep generation total 393216K, used 62565K [0x00000007a8000000, 0x00000007c0000000, 0x00000007c0000000)
 Metaspace       used 39700K, capacity 40432K, committed 40696K, reserved 1085440K
  class space    used 4287K, capacity 4509K, committed 4604K, reserved 1048576K
}
2015-08-03T21:33:42.293-0200: 282.795: Total time for which application threads were stopped: 0.0086214 seconds, Stopping threads took: 0.0000291 seconds
{Heap before GC invocations=54 (full 2):
 par new generation   total 109248K, used 92216K [0x00000007a0000000, 0x00000007a8000000, 0x00000007a8000000)
  eden space 87424K, 100% used [0x00000007a0000000, 0x00000007a5560000, 0x00000007a5560000)
  from space 21824K,  21% used [0x00000007a5560000, 0x00000007a5a0e2e0, 0x00000007a6ab0000)
  to   space 21824K,   0% used [0x00000007a6ab0000, 0x00000007a6ab0000, 0x00000007a8000000)
 concurrent mark-sweep generation total 393216K, used 62565K [0x00000007a8000000, 0x00000007c0000000, 0x00000007c0000000)
 Metaspace       used 39711K, capacity 40432K, committed 40696K, reserved 1085440K
  class space    used 4287K, capacity 4509K, committed 4604K, reserved 1048576K
2015-08-03T21:33:43.239-0200: 283.741: [GC (Allocation Failure) 283.741: [ParNew
Desired survivor size 20112992 bytes, new threshold 8 (max 8)
- age   1:     834096 bytes,     834096 total
- age   2:     868072 bytes,    1702168 total
- age   3:     747816 bytes,    2449984 total
- age   4:      13800 bytes,    2463784 total
- age   5:     550104 bytes,    3013888 total
- age   6:     413216 bytes,    3427104 total
- age   7:     502208 bytes,    3929312 total
- age   8:     301568 bytes,    4230880 total
: 92216K->5587K(109248K), 0.0059626 secs] 154781K->68167K(502464K), 0.0060377 secs] [Times: user=0.02 sys=0.00, real=0.01 secs] 
Heap after GC invocations=55 (full 2):
 par new generation   total 109248K, used 5587K [0x00000007a0000000, 0x00000007a8000000, 0x00000007a8000000)
  eden space 87424K,   0% used [0x00000007a0000000, 0x00000007a0000000, 0x00000007a5560000)
  from space 21824K,  25% used [0x00000007a6ab0000, 0x00000007a7024d40, 0x00000007a8000000)
  to   space 21824K,   0% used [0x00000007a5560000, 0x00000007a5560000, 0x00000007a6ab0000)
 concurrent mark-sweep generation total 393216K, used 62579K [0x00000007a8000000, 0x00000007c0000000, 0x00000007c0000000)
 Metaspace       used 39711K, capacity 40432K, committed 40696K, reserved 1085440K
  class space    used 4287K, capacity 4509K, committed 4604K, reserved 1048576K
}
2015-08-03T21:33:43.245-0200: 283.747: Total time for which application threads were stopped: 0.0064040 seconds, Stopping threads took: 0.0000231 seconds
{Heap before GC invocations=55 (full 2):
 par new generation   total 109248K, used 93011K [0x00000007a0000000, 0x00000007a8000000, 0x00000007a8000000)
  eden space 87424K, 100% used [0x00000007a0000000, 0x00000007a5560000, 0x00000007a5560000)
  from space 21824K,  25% used [0x00000007a6ab0000, 0x00000007a7024d40, 0x00000007a8000000)
  to   space 21824K,   0% used [0x00000007a5560000, 0x00000007a5560000, 0x00000007a6ab0000)
 concurrent mark-sweep generation total 393216K, used 62579K [0x00000007a8000000, 0x00000007c0000000, 0x00000007c0000000)
 Metaspace       used 39723K, capacity 40432K, committed 40696K, reserved 1085440K
  class space    used 4288K, capacity 4509K, committed 4604K, reserved 1048576K
2015-08-03T21:33:44.180-0200: 284.682: [GC (Allocation Failure) 284.682: [ParNew
Desired survivor size 20112992 bytes, new threshold 8 (max 8)
- age   1:     905632 bytes,     905632 total
- age   2:     394240 bytes,    1299872 total
- age   3:     859944 bytes,    2159816 total
- age   4:     744584 bytes,    2904400 total
- age   5:      13016 bytes,    2917416 total
- age   6:     550104 bytes,    3467520 total
- age   7:     413216 bytes,    3880736 total
- age   8:     502208 bytes,    4382944 total
: 93011K->5868K(109248K), 0.0060382 secs] 155591K->68743K(502464K), 0.0061163 secs] [Times: user=0.02 sys=0.00, real=0.00 secs] 
Heap after GC invocations=56 (full 2):
 par new generation   total 109248K, used 5868K [0x00000007a0000000, 0x00000007a8000000, 0x00000007a8000000)
  eden space 87424K,   0% used [0x00000007a0000000, 0x00000007a0000000, 0x00000007a5560000)
  from space 21824K,  26% used [0x00000007a5560000, 0x00000007a5b1b3f0, 0x00000007a6ab0000)
  to   space 21824K,   0% used [0x00000007a6ab0000, 0x00000007a6ab0000, 0x00000007a8000000)
 concurrent mark-sweep generation total 393216K, used 62874K [0x00000007a8000000, 0x00000007c0000000, 0x00000007c0000000)
 Metaspace       used 39723K, capacity 40432K, committed 40696K, reserved 1085440K
  class space    used 4288K, capacity 4509K, committed 4604K, reserved 1048576K
}
2015-08-03T21:33:44.187-0200: 284.688: Total time for which application threads were stopped: 0.0065113 seconds, Stopping threads took: 0.0000221 seconds
2015-08-03T21:33:44.302-0200: 284.803: Total time for which application threads were stopped: 0.0003620 seconds, Stopping threads took: 0.0000277 seconds
{Heap before GC invocations=56 (full 2):
 par new generation   total 109248K, used 93292K [0x00000007a0000000, 0x00000007a8000000, 0x00000007a8000000)
  eden space 87424K, 100% used [0x00000007a0000000, 0x00000007a5560000, 0x00000007a5560000)
  from space 21824K,  26% used [0x00000007a5560000, 0x00000007a5b1b3f0, 0x00000007a6ab0000)
  to   space 21824K,   0% used [0x00000007a6ab0000, 0x00000007a6ab0000, 0x00000007a8000000)
 concurrent mark-sweep generation total 393216K, used 62874K [0x00000007a8000000, 0x00000007c0000000, 0x00000007c0000000)
 Metaspace       used 39734K, capacity 40432K, committed 40696K, reserved 1085440K
  class space    used 4288K, capacity 4509K, committed 4604K, reserved 1048576K
2015-08-03T21:33:45.046-0200: 285.548: [GC (Allocation Failure) 285.548: [ParNew
Desired survivor size 20112992 bytes, new threshold 8 (max 8)
- age   1:    1507184 bytes,    1507184 total
- age   2:     227640 bytes,    1734824 total
- age   3:     167080 bytes,    1901904 total
- age   4:     745968 bytes,    2647872 total
- age   5:     479040 bytes,    3126912 total
- age   6:      13016 bytes,    3139928 total
- age   7:     548872 bytes,    3688800 total
- age   8:     413216 bytes,    4102016 total
: 93292K->5479K(109248K), 0.0170146 secs] 156167K->68845K(502464K), 0.0170975 secs] [Times: user=0.02 sys=0.00, real=0.02 secs] 
Heap after GC invocations=57 (full 2):
 par new generation   total 109248K, used 5479K [0x00000007a0000000, 0x00000007a8000000, 0x00000007a8000000)
  eden space 87424K,   0% used [0x00000007a0000000, 0x00000007a0000000, 0x00000007a5560000)
  from space 21824K,  25% used [0x00000007a6ab0000, 0x00000007a7009fb0, 0x00000007a8000000)
  to   space 21824K,   0% used [0x00000007a5560000, 0x00000007a5560000, 0x00000007a6ab0000)
 concurrent mark-sweep generation total 393216K, used 63365K [0x00000007a8000000, 0x00000007c0000000, 0x00000007c0000000)
 Metaspace       used 39734K, capacity 40432K, committed 40696K, reserved 1085440K
  class space    used 4288K, capacity 4509K, committed 4604K, reserved 1048576K
}
2015-08-03T21:33:45.064-0200: 285.565: Total time for which application threads were stopped: 0.0175780 seconds, Stopping threads took: 0.0000493 seconds
2015-08-03T21:33:45.065-0200: 285.567: Total time for which application threads were stopped: 0.0005917 seconds, Stopping threads took: 0.0000275 seconds
2015-08-03T21:33:45.238-0200: 285.740: Total time for which application threads were stopped: 0.0003394 seconds, Stopping threads took: 0.0000296 seconds
2015-08-03T21:33:46.239-0200: 286.741: Total time for which application threads were stopped: 0.0005306 seconds, Stopping threads took: 0.0000536 seconds
{Heap before GC invocations=57 (full 2):
 par new generation   total 109248K, used 92903K [0x00000007a0000000, 0x00000007a8000000, 0x00000007a8000000)
  eden space 87424K, 100% used [0x00000007a0000000, 0x00000007a5560000, 0x00000007a5560000)
  from space 21824K,  25% used [0x00000007a6ab0000, 0x00000007a7009fb0, 0x00000007a8000000)
  to   space 21824K,   0% used [0x00000007a5560000, 0x00000007a5560000, 0x00000007a6ab0000)
 concurrent mark-sweep generation total 393216K, used 63365K [0x00000007a8000000, 0x00000007c0000000, 0x00000007c0000000)
 Metaspace       used 39776K, capacity 40496K, committed 40696K, reserved 1085440K
  class space    used 4288K, capacity 4509K, committed 4604K, reserved 1048576K
2015-08-03T21:33:46.261-0200: 286.762: [GC (Allocation Failure) 286.763: [ParNew
Desired survivor size 20112992 bytes, new threshold 8 (max 8)
- age   1:    1561584 bytes,    1561584 total
- age   2:     838256 bytes,    2399840 total
- age   3:      18808 bytes,    2418648 total
- age   4:       8960 bytes,    2427608 total
- age   5:     453408 bytes,    2881016 total
- age   6:     477400 bytes,    3358416 total
- age   7:      13016 bytes,    3371432 total
- age   8:     548152 bytes,    3919584 total
: 92903K->5125K(109248K), 0.0061576 secs] 156269K->68894K(502464K), 0.0068582 secs] [Times: user=0.02 sys=0.00, real=0.00 secs] 
Heap after GC invocations=58 (full 2):
 par new generation   total 109248K, used 5125K [0x00000007a0000000, 0x00000007a8000000, 0x00000007a8000000)
  eden space 87424K,   0% used [0x00000007a0000000, 0x00000007a0000000, 0x00000007a5560000)
  from space 21824K,  23% used [0x00000007a5560000, 0x00000007a5a61630, 0x00000007a6ab0000)
  to   space 21824K,   0% used [0x00000007a6ab0000, 0x00000007a6ab0000, 0x00000007a8000000)
 concurrent mark-sweep generation total 393216K, used 63769K [0x00000007a8000000, 0x00000007c0000000, 0x00000007c0000000)
 Metaspace       used 39776K, capacity 40496K, committed 40696K, reserved 1085440K
  class space    used 4288K, capacity 4509K, committed 4604K, reserved 1048576K
}
2015-08-03T21:33:46.267-0200: 286.769: Total time for which application threads were stopped: 0.0071772 seconds, Stopping threads took: 0.0000231 seconds
2015-08-03T21:33:47.271-0200: 287.772: Total time for which application threads were stopped: 0.0005112 seconds, Stopping threads took: 0.0001340 seconds
{Heap before GC invocations=58 (full 2):
 par new generation   total 109248K, used 92549K [0x00000007a0000000, 0x00000007a8000000, 0x00000007a8000000)
  eden space 87424K, 100% used [0x00000007a0000000, 0x00000007a5560000, 0x00000007a5560000)
  from space 21824K,  23% used [0x00000007a5560000, 0x00000007a5a61630, 0x00000007a6ab0000)
  to   space 21824K,   0% used [0x00000007a6ab0000, 0x00000007a6ab0000, 0x00000007a8000000)
 concurrent mark-sweep generation total 393216K, used 63769K [0x00000007a8000000, 0x00000007c0000000, 0x00000007c0000000)
 Metaspace       used 39783K, capacity 40496K, committed 40696K, reserved 1085440K
  class space    used 4288K, capacity 4509K, committed 4604K, reserved 1048576K
2015-08-03T21:33:47.277-0200: 287.779: [GC (Allocation Failure) 287.779: [ParNew
Desired survivor size 20112992 bytes, new threshold 8 (max 8)
- age   1:     828960 bytes,     828960 total
- age   2:    1070312 bytes,    1899272 total
- age   3:     826480 bytes,    2725752 total
- age   4:      15696 bytes,    2741448 total
- age   5:       8960 bytes,    2750408 total
- age   6:     452608 bytes,    3203016 total
- age   7:     477400 bytes,    3680416 total
- age   8:      13016 bytes,    3693432 total
: 92549K->4869K(109248K), 0.0062043 secs] 156318K->69175K(502464K), 0.0062985 secs] [Times: user=0.02 sys=0.01, real=0.01 secs] 
Heap after GC invocations=59 (full 2):
 par new generation   total 109248K, used 4869K [0x00000007a0000000, 0x00000007a8000000, 0x00000007a8000000)
  eden space 87424K,   0% used [0x00000007a0000000, 0x00000007a0000000, 0x00000007a5560000)
  from space 21824K,  22% used [0x00000007a6ab0000, 0x00000007a6f71760, 0x00000007a8000000)
  to   space 21824K,   0% used [0x00000007a5560000, 0x00000007a5560000, 0x00000007a6ab0000)
 concurrent mark-sweep generation total 393216K, used 64305K [0x00000007a8000000, 0x00000007c0000000, 0x00000007c0000000)
 Metaspace       used 39783K, capacity 40496K, committed 40696K, reserved 1085440K
  class space    used 4288K, capacity 4509K, committed 4604K, reserved 1048576K
}
2015-08-03T21:33:47.284-0200: 287.785: Total time for which application threads were stopped: 0.0066115 seconds, Stopping threads took: 0.0000230 seconds
2015-08-03T21:33:47.334-0200: 287.836: Total time for which application threads were stopped: 0.0003228 seconds, Stopping threads took: 0.0000297 seconds
2015-08-03T21:33:47.366-0200: 287.868: Total time for which application threads were stopped: 0.0004146 seconds, Stopping threads took: 0.0000742 seconds
2015-08-03T21:33:47.372-0200: 287.874: Total time for which application threads were stopped: 0.0002632 seconds, Stopping threads took: 0.0000309 seconds
2015-08-03T21:33:47.373-0200: 287.874: Total time for which application threads were stopped: 0.0001642 seconds, Stopping threads took: 0.0000157 seconds
2015-08-03T21:33:47.373-0200: 287.874: Total time for which application threads were stopped: 0.0001442 seconds, Stopping threads took: 0.0000131 seconds
2015-08-03T21:33:47.373-0200: 287.875: Total time for which application threads were stopped: 0.0001414 seconds, Stopping threads took: 0.0000130 seconds
2015-08-03T21:33:47.613-0200: 288.114: Total time for which application threads were stopped: 0.0004141 seconds, Stopping threads took: 0.0000281 seconds
2015-08-03T21:33:48.379-0200: 288.880: Total time for which application threads were stopped: 0.0004240 seconds, Stopping threads took: 0.0000501 seconds
{Heap before GC invocations=59 (full 2):
 par new generation   total 109248K, used 92293K [0x00000007a0000000, 0x00000007a8000000, 0x00000007a8000000)
  eden space 87424K, 100% used [0x00000007a0000000, 0x00000007a5560000, 0x00000007a5560000)
  from space 21824K,  22% used [0x00000007a6ab0000, 0x00000007a6f71760, 0x00000007a8000000)
  to   space 21824K,   0% used [0x00000007a5560000, 0x00000007a5560000, 0x00000007a6ab0000)
 concurrent mark-sweep generation total 393216K, used 64305K [0x00000007a8000000, 0x00000007c0000000, 0x00000007c0000000)
 Metaspace       used 40040K, capacity 40724K, committed 40952K, reserved 1085440K
  class space    used 4315K, capacity 4541K, committed 4604K, reserved 1048576K
2015-08-03T21:33:48.381-0200: 288.883: [GC (Allocation Failure) 288.883: [ParNew
Desired survivor size 20112992 bytes, new threshold 8 (max 8)
- age   1:    3682336 bytes,    3682336 total
- age   2:     241776 bytes,    3924112 total
- age   3:     821512 bytes,    4745624 total
- age   4:     413584 bytes,    5159208 total
- age   5:      14920 bytes,    5174128 total
- age   6:       8960 bytes,    5183088 total
- age   7:     452608 bytes,    5635696 total
- age   8:     476552 bytes,    6112248 total
: 92293K->7358K(109248K), 0.0169124 secs] 156599K->71675K(502464K), 0.0170376 secs] [Times: user=0.03 sys=0.00, real=0.01 secs] 
Heap after GC invocations=60 (full 2):
 par new generation   total 109248K, used 7358K [0x00000007a0000000, 0x00000007a8000000, 0x00000007a8000000)
  eden space 87424K,   0% used [0x00000007a0000000, 0x00000007a0000000, 0x00000007a5560000)
  from space 21824K,  33% used [0x00000007a5560000, 0x00000007a5c8f900, 0x00000007a6ab0000)
  to   space 21824K,   0% used [0x00000007a6ab0000, 0x00000007a6ab0000, 0x00000007a8000000)
 concurrent mark-sweep generation total 393216K, used 64317K [0x00000007a8000000, 0x00000007c0000000, 0x00000007c0000000)
 Metaspace       used 40040K, capacity 40724K, committed 40952K, reserved 1085440K
  class space    used 4315K, capacity 4541K, committed 4604K, reserved 1048576K
}
2015-08-03T21:33:48.398-0200: 288.900: Total time for which application threads were stopped: 0.0175604 seconds, Stopping threads took: 0.0000613 seconds
2015-08-03T21:33:49.399-0200: 289.901: Total time for which application threads were stopped: 0.0003527 seconds, Stopping threads took: 0.0000354 seconds
{Heap before GC invocations=60 (full 2):
 par new generation   total 109248K, used 94782K [0x00000007a0000000, 0x00000007a8000000, 0x00000007a8000000)
  eden space 87424K, 100% used [0x00000007a0000000, 0x00000007a5560000, 0x00000007a5560000)
  from space 21824K,  33% used [0x00000007a5560000, 0x00000007a5c8f900, 0x00000007a6ab0000)
  to   space 21824K,   0% used [0x00000007a6ab0000, 0x00000007a6ab0000, 0x00000007a8000000)
 concurrent mark-sweep generation total 393216K, used 64317K [0x00000007a8000000, 0x00000007c0000000, 0x00000007c0000000)
 Metaspace       used 40046K, capacity 40724K, committed 40952K, reserved 1085440K
  class space    used 4315K, capacity 4541K, committed 4604K, reserved 1048576K
2015-08-03T21:33:49.664-0200: 290.166: [GC (Allocation Failure) 290.166: [ParNew
Desired survivor size 20112992 bytes, new threshold 8 (max 8)
- age   1:    1245800 bytes,    1245800 total
- age   2:    3002224 bytes,    4248024 total
- age   3:      13184 bytes,    4261208 total
- age   4:     464584 bytes,    4725792 total
- age   5:     412768 bytes,    5138560 total
- age   6:      14136 bytes,    5152696 total
- age   7:       8960 bytes,    5161656 total
- age   8:     452128 bytes,    5613784 total
: 94782K->8639K(109248K), 0.0090639 secs] 159099K->73422K(502464K), 0.0091521 secs] [Times: user=0.02 sys=0.01, real=0.01 secs] 
Heap after GC invocations=61 (full 2):
 par new generation   total 109248K, used 8639K [0x00000007a0000000, 0x00000007a8000000, 0x00000007a8000000)
  eden space 87424K,   0% used [0x00000007a0000000, 0x00000007a0000000, 0x00000007a5560000)
  from space 21824K,  39% used [0x00000007a6ab0000, 0x00000007a731fc98, 0x00000007a8000000)
  to   space 21824K,   0% used [0x00000007a5560000, 0x00000007a5560000, 0x00000007a6ab0000)
 concurrent mark-sweep generation total 393216K, used 64783K [0x00000007a8000000, 0x00000007c0000000, 0x00000007c0000000)
 Metaspace       used 40046K, capacity 40724K, committed 40952K, reserved 1085440K
  class space    used 4315K, capacity 4541K, committed 4604K, reserved 1048576K
}
2015-08-03T21:33:49.673-0200: 290.175: Total time for which application threads were stopped: 0.0096775 seconds, Stopping threads took: 0.0000244 seconds
2015-08-03T21:33:50.404-0200: 290.906: Total time for which application threads were stopped: 0.0003582 seconds, Stopping threads took: 0.0001069 seconds
2015-08-03T21:33:50.435-0200: 290.937: Total time for which application threads were stopped: 0.0003424 seconds, Stopping threads took: 0.0000314 seconds
2015-08-03T21:33:50.436-0200: 290.938: Total time for which application threads were stopped: 0.0002189 seconds, Stopping threads took: 0.0000362 seconds
2015-08-03T21:33:50.436-0200: 290.938: Total time for which application threads were stopped: 0.0002551 seconds, Stopping threads took: 0.0000150 seconds
2015-08-03T21:33:50.436-0200: 290.938: Total time for which application threads were stopped: 0.0002840 seconds, Stopping threads took: 0.0000753 seconds
2015-08-03T21:33:50.437-0200: 290.939: Total time for which application threads were stopped: 0.0002148 seconds, Stopping threads took: 0.0000513 seconds
2015-08-03T21:33:50.437-0200: 290.939: Total time for which application threads were stopped: 0.0002642 seconds, Stopping threads took: 0.0000773 seconds
2015-08-03T21:33:50.437-0200: 290.939: Total time for which application threads were stopped: 0.0002462 seconds, Stopping threads took: 0.0000604 seconds
2015-08-03T21:33:50.438-0200: 290.940: Total time for which application threads were stopped: 0.0002146 seconds, Stopping threads took: 0.0000146 seconds
2015-08-03T21:33:50.438-0200: 290.940: Total time for which application threads were stopped: 0.0002667 seconds, Stopping threads took: 0.0000881 seconds
2015-08-03T21:33:50.439-0200: 290.941: Total time for which application threads were stopped: 0.0006547 seconds, Stopping threads took: 0.0000564 seconds
2015-08-03T21:33:50.440-0200: 290.942: Total time for which application threads were stopped: 0.0013388 seconds, Stopping threads took: 0.0010292 seconds
2015-08-03T21:33:50.441-0200: 290.942: Total time for which application threads were stopped: 0.0002057 seconds, Stopping threads took: 0.0000172 seconds
2015-08-03T21:33:50.441-0200: 290.943: Total time for which application threads were stopped: 0.0002763 seconds, Stopping threads took: 0.0000718 seconds
2015-08-03T21:33:50.441-0200: 290.943: Total time for which application threads were stopped: 0.0003500 seconds, Stopping threads took: 0.0001063 seconds
{Heap before GC invocations=61 (full 2):
 par new generation   total 109248K, used 96063K [0x00000007a0000000, 0x00000007a8000000, 0x00000007a8000000)
  eden space 87424K, 100% used [0x00000007a0000000, 0x00000007a5560000, 0x00000007a5560000)
  from space 21824K,  39% used [0x00000007a6ab0000, 0x00000007a731fc98, 0x00000007a8000000)
  to   space 21824K,   0% used [0x00000007a5560000, 0x00000007a5560000, 0x00000007a6ab0000)
 concurrent mark-sweep generation total 393216K, used 64783K [0x00000007a8000000, 0x00000007c0000000, 0x00000007c0000000)
 Metaspace       used 40048K, capacity 40724K, committed 40952K, reserved 1085440K
  class space    used 4315K, capacity 4541K, committed 4604K, reserved 1048576K
2015-08-03T21:33:50.571-0200: 291.073: [GC (Allocation Failure) 291.073: [ParNew
Desired survivor size 20112992 bytes, new threshold 8 (max 8)
- age   1:    1377504 bytes,    1377504 total
- age   2:     573496 bytes,    1951000 total
- age   3:    2283152 bytes,    4234152 total
- age   4:      10328 bytes,    4244480 total
- age   5:     462760 bytes,    4707240 total
- age   6:     288808 bytes,    4996048 total
- age   7:      14136 bytes,    5010184 total
- age   8:       8960 bytes,    5019144 total
: 96063K->6511K(109248K), 0.0089910 secs] 160846K->71736K(502464K), 0.0090935 secs] [Times: user=0.03 sys=0.00, real=0.01 secs] 
Heap after GC invocations=62 (full 2):
 par new generation   total 109248K, used 6511K [0x00000007a0000000, 0x00000007a8000000, 0x00000007a8000000)
  eden space 87424K,   0% used [0x00000007a0000000, 0x00000007a0000000, 0x00000007a5560000)
  from space 21824K,  29% used [0x00000007a5560000, 0x00000007a5bbbf30, 0x00000007a6ab0000)
  to   space 21824K,   0% used [0x00000007a6ab0000, 0x00000007a6ab0000, 0x00000007a8000000)
 concurrent mark-sweep generation total 393216K, used 65225K [0x00000007a8000000, 0x00000007c0000000, 0x00000007c0000000)
 Metaspace       used 40048K, capacity 40724K, committed 40952K, reserved 1085440K
  class space    used 4315K, capacity 4541K, committed 4604K, reserved 1048576K
}
2015-08-03T21:33:50.580-0200: 291.082: Total time for which application threads were stopped: 0.0094284 seconds, Stopping threads took: 0.0000262 seconds
2015-08-03T21:33:51.583-0200: 292.085: Total time for which application threads were stopped: 0.0003687 seconds, Stopping threads took: 0.0000522 seconds
{Heap before GC invocations=62 (full 2):
 par new generation   total 109248K, used 93921K [0x00000007a0000000, 0x00000007a8000000, 0x00000007a8000000)
  eden space 87424K,  99% used [0x00000007a0000000, 0x00000007a555c7e0, 0x00000007a5560000)
  from space 21824K,  29% used [0x00000007a5560000, 0x00000007a5bbbf30, 0x00000007a6ab0000)
  to   space 21824K,   0% used [0x00000007a6ab0000, 0x00000007a6ab0000, 0x00000007a8000000)
 concurrent mark-sweep generation total 393216K, used 65225K [0x00000007a8000000, 0x00000007c0000000, 0x00000007c0000000)
 Metaspace       used 40200K, capacity 40862K, committed 41208K, reserved 1085440K
  class space    used 4315K, capacity 4541K, committed 4604K, reserved 1048576K
2015-08-03T21:33:51.782-0200: 292.284: [GC (Allocation Failure) 292.285: [ParNew
Desired survivor size 20112992 bytes, new threshold 8 (max 8)
- age   1:    1489296 bytes,    1489296 total
- age   2:     589792 bytes,    2079088 total
- age   3:     315496 bytes,    2394584 total
- age   4:    2061304 bytes,    4455888 total
- age   5:      10280 bytes,    4466168 total
- age   6:     462080 bytes,    4928248 total
- age   7:     288808 bytes,    5217056 total
- age   8:      14136 bytes,    5231192 total
: 93921K->6223K(109248K), 0.0083085 secs] 159146K->71456K(502464K), 0.0088418 secs] [Times: user=0.02 sys=0.00, real=0.01 secs] 
Heap after GC invocations=63 (full 2):
 par new generation   total 109248K, used 6223K [0x00000007a0000000, 0x00000007a8000000, 0x00000007a8000000)
  eden space 87424K,   0% used [0x00000007a0000000, 0x00000007a0000000, 0x00000007a5560000)
  from space 21824K,  28% used [0x00000007a6ab0000, 0x00000007a70c3c80, 0x00000007a8000000)
  to   space 21824K,   0% used [0x00000007a5560000, 0x00000007a5560000, 0x00000007a6ab0000)
 concurrent mark-sweep generation total 393216K, used 65233K [0x00000007a8000000, 0x00000007c0000000, 0x00000007c0000000)
 Metaspace       used 40200K, capacity 40862K, committed 41208K, reserved 1085440K
  class space    used 4315K, capacity 4541K, committed 4604K, reserved 1048576K
}
2015-08-03T21:33:51.791-0200: 292.293: Total time for which application threads were stopped: 0.0093324 seconds, Stopping threads took: 0.0000303 seconds
2015-08-03T21:33:52.803-0200: 293.304: Total time for which application threads were stopped: 0.0009037 seconds, Stopping threads took: 0.0005335 seconds
{Heap before GC invocations=63 (full 2):
 par new generation   total 109248K, used 93647K [0x00000007a0000000, 0x00000007a8000000, 0x00000007a8000000)
  eden space 87424K, 100% used [0x00000007a0000000, 0x00000007a5560000, 0x00000007a5560000)
  from space 21824K,  28% used [0x00000007a6ab0000, 0x00000007a70c3c80, 0x00000007a8000000)
  to   space 21824K,   0% used [0x00000007a5560000, 0x00000007a5560000, 0x00000007a6ab0000)
 concurrent mark-sweep generation total 393216K, used 65233K [0x00000007a8000000, 0x00000007c0000000, 0x00000007c0000000)
 Metaspace       used 40200K, capacity 40862K, committed 41208K, reserved 1085440K
  class space    used 4315K, capacity 4541K, committed 4604K, reserved 1048576K
2015-08-03T21:33:52.890-0200: 293.392: [GC (Allocation Failure) 293.392: [ParNew
Desired survivor size 20112992 bytes, new threshold 8 (max 8)
- age   1:     833880 bytes,     833880 total
- age   2:     977856 bytes,    1811736 total
- age   3:     587440 bytes,    2399176 total
- age   4:     312360 bytes,    2711536 total
- age   5:    2060528 bytes,    4772064 total
- age   6:      10280 bytes,    4782344 total
- age   7:     462080 bytes,    5244424 total
- age   8:     288808 bytes,    5533232 total
: 93647K->7794K(109248K), 0.0071272 secs] 158880K->73041K(502464K), 0.0072088 secs] [Times: user=0.02 sys=0.00, real=0.00 secs] 
Heap after GC invocations=64 (full 2):
 par new generation   total 109248K, used 7794K [0x00000007a0000000, 0x00000007a8000000, 0x00000007a8000000)
  eden space 87424K,   0% used [0x00000007a0000000, 0x00000007a0000000, 0x00000007a5560000)
  from space 21824K,  35% used [0x00000007a5560000, 0x00000007a5cfc878, 0x00000007a6ab0000)
  to   space 21824K,   0% used [0x00000007a6ab0000, 0x00000007a6ab0000, 0x00000007a8000000)
 concurrent mark-sweep generation total 393216K, used 65247K [0x00000007a8000000, 0x00000007c0000000, 0x00000007c0000000)
 Metaspace       used 40200K, capacity 40862K, committed 41208K, reserved 1085440K
  class space    used 4315K, capacity 4541K, committed 4604K, reserved 1048576K
}
2015-08-03T21:33:52.898-0200: 293.400: Total time for which application threads were stopped: 0.0075698 seconds, Stopping threads took: 0.0000249 seconds
2015-08-03T21:33:52.951-0200: 293.453: Total time for which application threads were stopped: 0.0002987 seconds, Stopping threads took: 0.0000712 seconds
2015-08-03T21:33:52.951-0200: 293.453: Total time for which application threads were stopped: 0.0001437 seconds, Stopping threads took: 0.0000133 seconds
2015-08-03T21:33:52.987-0200: 293.489: Total time for which application threads were stopped: 0.0003189 seconds, Stopping threads took: 0.0000323 seconds
2015-08-03T21:33:53.070-0200: 293.572: Total time for which application threads were stopped: 0.0004136 seconds, Stopping threads took: 0.0000259 seconds
2015-08-03T21:33:53.222-0200: 293.724: Total time for which application threads were stopped: 0.0002188 seconds, Stopping threads took: 0.0000223 seconds
2015-08-03T21:33:53.222-0200: 293.724: Total time for which application threads were stopped: 0.0001319 seconds, Stopping threads took: 0.0000137 seconds
2015-08-03T21:33:53.482-0200: 293.984: Total time for which application threads were stopped: 0.0003954 seconds, Stopping threads took: 0.0001402 seconds
{Heap before GC invocations=64 (full 2):
 par new generation   total 109248K, used 95218K [0x00000007a0000000, 0x00000007a8000000, 0x00000007a8000000)
  eden space 87424K, 100% used [0x00000007a0000000, 0x00000007a5560000, 0x00000007a5560000)
  from space 21824K,  35% used [0x00000007a5560000, 0x00000007a5cfc878, 0x00000007a6ab0000)
  to   space 21824K,   0% used [0x00000007a6ab0000, 0x00000007a6ab0000, 0x00000007a8000000)
 concurrent mark-sweep generation total 393216K, used 65247K [0x00000007a8000000, 0x00000007c0000000, 0x00000007c0000000)
 Metaspace       used 40234K, capacity 40926K, committed 41208K, reserved 1085440K
  class space    used 4315K, capacity 4541K, committed 4604K, reserved 1048576K
2015-08-03T21:33:53.833-0200: 294.335: [GC (Allocation Failure) 294.335: [ParNew
Desired survivor size 20112992 bytes, new threshold 8 (max 8)
- age   1:    1364728 bytes,    1364728 total
- age   2:     190536 bytes,    1555264 total
- age   3:     819688 bytes,    2374952 total
- age   4:     331256 bytes,    2706208 total
- age   5:     312360 bytes,    3018568 total
- age   6:    2047224 bytes,    5065792 total
- age   7:       9496 bytes,    5075288 total
- age   8:     461960 bytes,    5537248 total
: 95218K->7064K(109248K), 0.0298325 secs] 160465K->72594K(502464K), 0.0299360 secs] [Times: user=0.02 sys=0.00, real=0.03 secs] 
Heap after GC invocations=65 (full 2):
 par new generation   total 109248K, used 7064K [0x00000007a0000000, 0x00000007a8000000, 0x00000007a8000000)
  eden space 87424K,   0% used [0x00000007a0000000, 0x00000007a0000000, 0x00000007a5560000)
  from space 21824K,  32% used [0x00000007a6ab0000, 0x00000007a7196208, 0x00000007a8000000)
  to   space 21824K,   0% used [0x00000007a5560000, 0x00000007a5560000, 0x00000007a6ab0000)
 concurrent mark-sweep generation total 393216K, used 65529K [0x00000007a8000000, 0x00000007c0000000, 0x00000007c0000000)
 Metaspace       used 40234K, capacity 40926K, committed 41208K, reserved 1085440K
  class space    used 4315K, capacity 4541K, committed 4604K, reserved 1048576K
}
2015-08-03T21:33:53.863-0200: 294.365: Total time for which application threads were stopped: 0.0304929 seconds, Stopping threads took: 0.0000369 seconds
2015-08-03T21:33:54.192-0200: 294.694: Total time for which application threads were stopped: 0.0002847 seconds, Stopping threads took: 0.0000295 seconds
2015-08-03T21:33:54.193-0200: 294.695: Total time for which application threads were stopped: 0.0003698 seconds, Stopping threads took: 0.0000132 seconds
2015-08-03T21:33:54.202-0200: 294.704: Total time for which application threads were stopped: 0.0005121 seconds, Stopping threads took: 0.0000920 seconds
2015-08-03T21:33:54.234-0200: 294.736: Total time for which application threads were stopped: 0.0003181 seconds, Stopping threads took: 0.0000323 seconds
2015-08-03T21:33:54.238-0200: 294.740: Total time for which application threads were stopped: 0.0003058 seconds, Stopping threads took: 0.0000317 seconds
2015-08-03T21:33:54.244-0200: 294.746: Total time for which application threads were stopped: 0.0003363 seconds, Stopping threads took: 0.0000553 seconds
2015-08-03T21:33:54.248-0200: 294.750: Total time for which application threads were stopped: 0.0023391 seconds, Stopping threads took: 0.0020580 seconds
2015-08-03T21:33:54.356-0200: 294.858: Total time for which application threads were stopped: 0.0213066 seconds, Stopping threads took: 0.0210042 seconds
2015-08-03T21:33:54.368-0200: 294.870: Total time for which application threads were stopped: 0.0112419 seconds, Stopping threads took: 0.0109566 seconds
2015-08-03T21:33:54.374-0200: 294.876: Total time for which application threads were stopped: 0.0003809 seconds, Stopping threads took: 0.0001003 seconds
2015-08-03T21:33:54.374-0200: 294.876: Total time for which application threads were stopped: 0.0001835 seconds, Stopping threads took: 0.0000153 seconds
2015-08-03T21:33:54.388-0200: 294.890: Total time for which application threads were stopped: 0.0112884 seconds, Stopping threads took: 0.0109788 seconds
2015-08-03T21:33:54.389-0200: 294.891: Total time for which application threads were stopped: 0.0003028 seconds, Stopping threads took: 0.0001103 seconds
2015-08-03T21:33:54.615-0200: 295.117: Total time for which application threads were stopped: 0.0004075 seconds, Stopping threads took: 0.0000559 seconds
2015-08-03T21:33:54.615-0200: 295.117: Total time for which application threads were stopped: 0.0002119 seconds, Stopping threads took: 0.0000334 seconds
{Heap before GC invocations=65 (full 2):
 par new generation   total 109248K, used 94455K [0x00000007a0000000, 0x00000007a8000000, 0x00000007a8000000)
  eden space 87424K,  99% used [0x00000007a0000000, 0x00000007a5557d10, 0x00000007a5560000)
  from space 21824K,  32% used [0x00000007a6ab0000, 0x00000007a7196208, 0x00000007a8000000)
  to   space 21824K,   0% used [0x00000007a5560000, 0x00000007a5560000, 0x00000007a6ab0000)
 concurrent mark-sweep generation total 393216K, used 65529K [0x00000007a8000000, 0x00000007c0000000, 0x00000007c0000000)
 Metaspace       used 40258K, capacity 40926K, committed 41208K, reserved 1085440K
  class space    used 4315K, capacity 4541K, committed 4604K, reserved 1048576K
2015-08-03T21:33:54.888-0200: 295.390: [GC (Allocation Failure) 295.390: [ParNew
Desired survivor size 20112992 bytes, new threshold 8 (max 8)
- age   1:    3899440 bytes,    3899440 total
- age   2:     766320 bytes,    4665760 total
- age   3:      14008 bytes,    4679768 total
- age   4:     501672 bytes,    5181440 total
- age   5:     329640 bytes,    5511080 total
- age   6:     305432 bytes,    5816512 total
- age   7:    2043768 bytes,    7860280 total
- age   8:       9448 bytes,    7869728 total
: 94455K->8438K(109248K), 0.0151025 secs] 159985K->74411K(502464K), 0.0152320 secs] [Times: user=0.03 sys=0.01, real=0.02 secs] 
Heap after GC invocations=66 (full 2):
 par new generation   total 109248K, used 8438K [0x00000007a0000000, 0x00000007a8000000, 0x00000007a8000000)
  eden space 87424K,   0% used [0x00000007a0000000, 0x00000007a0000000, 0x00000007a5560000)
  from space 21824K,  38% used [0x00000007a5560000, 0x00000007a5d9d900, 0x00000007a6ab0000)
  to   space 21824K,   0% used [0x00000007a6ab0000, 0x00000007a6ab0000, 0x00000007a8000000)
 concurrent mark-sweep generation total 393216K, used 65973K [0x00000007a8000000, 0x00000007c0000000, 0x00000007c0000000)
 Metaspace       used 40258K, capacity 40926K, committed 41208K, reserved 1085440K
  class space    used 4315K, capacity 4541K, committed 4604K, reserved 1048576K
}
2015-08-03T21:33:54.903-0200: 295.405: Total time for which application threads were stopped: 0.0158256 seconds, Stopping threads took: 0.0000607 seconds
2015-08-03T21:33:54.904-0200: 295.406: Total time for which application threads were stopped: 0.0007653 seconds, Stopping threads took: 0.0000895 seconds
2015-08-03T21:33:55.160-0200: 295.662: Total time for which application threads were stopped: 0.0003295 seconds, Stopping threads took: 0.0000585 seconds
{Heap before GC invocations=66 (full 2):
 par new generation   total 109248K, used 95862K [0x00000007a0000000, 0x00000007a8000000, 0x00000007a8000000)
  eden space 87424K, 100% used [0x00000007a0000000, 0x00000007a5560000, 0x00000007a5560000)
  from space 21824K,  38% used [0x00000007a5560000, 0x00000007a5d9d900, 0x00000007a6ab0000)
  to   space 21824K,   0% used [0x00000007a6ab0000, 0x00000007a6ab0000, 0x00000007a8000000)
 concurrent mark-sweep generation total 393216K, used 65973K [0x00000007a8000000, 0x00000007c0000000, 0x00000007c0000000)
 Metaspace       used 40290K, capacity 40990K, committed 41208K, reserved 1085440K
  class space    used 4319K, capacity 4541K, committed 4604K, reserved 1048576K
2015-08-03T21:33:55.694-0200: 296.196: [GC (Allocation Failure) 296.196: [ParNew
Desired survivor size 20112992 bytes, new threshold 8 (max 8)
- age   1:    2458080 bytes,    2458080 total
- age   2:    2768376 bytes,    5226456 total
- age   3:     753512 bytes,    5979968 total
- age   4:      12432 bytes,    5992400 total
- age   5:     500768 bytes,    6493168 total
- age   6:     329592 bytes,    6822760 total
- age   7:     305216 bytes,    7127976 total
- age   8:    2043744 bytes,    9171720 total
: 95862K->14335K(109248K), 0.0106468 secs] 161835K->80317K(502464K), 0.0109533 secs] [Times: user=0.02 sys=0.01, real=0.01 secs] 
Heap after GC invocations=67 (full 2):
 par new generation   total 109248K, used 14335K [0x00000007a0000000, 0x00000007a8000000, 0x00000007a8000000)
  eden space 87424K,   0% used [0x00000007a0000000, 0x00000007a0000000, 0x00000007a5560000)
  from space 21824K,  65% used [0x00000007a6ab0000, 0x00000007a78afc20, 0x00000007a8000000)
  to   space 21824K,   0% used [0x00000007a5560000, 0x00000007a5560000, 0x00000007a6ab0000)
 concurrent mark-sweep generation total 393216K, used 65982K [0x00000007a8000000, 0x00000007c0000000, 0x00000007c0000000)
 Metaspace       used 40290K, capacity 40990K, committed 41208K, reserved 1085440K
  class space    used 4319K, capacity 4541K, committed 4604K, reserved 1048576K
}
2015-08-03T21:33:55.705-0200: 296.207: Total time for which application threads were stopped: 0.0115045 seconds, Stopping threads took: 0.0000407 seconds
{Heap before GC invocations=67 (full 2):
 par new generation   total 109248K, used 101759K [0x00000007a0000000, 0x00000007a8000000, 0x00000007a8000000)
  eden space 87424K, 100% used [0x00000007a0000000, 0x00000007a5560000, 0x00000007a5560000)
  from space 21824K,  65% used [0x00000007a6ab0000, 0x00000007a78afc20, 0x00000007a8000000)
  to   space 21824K,   0% used [0x00000007a5560000, 0x00000007a5560000, 0x00000007a6ab0000)
 concurrent mark-sweep generation total 393216K, used 65982K [0x00000007a8000000, 0x00000007c0000000, 0x00000007c0000000)
 Metaspace       used 40295K, capacity 40990K, committed 41208K, reserved 1085440K
  class space    used 4319K, capacity 4541K, committed 4604K, reserved 1048576K
2015-08-03T21:33:56.577-0200: 297.079: [GC (Allocation Failure) 297.079: [ParNew
Desired survivor size 20112992 bytes, new threshold 8 (max 8)
- age   1:    1480832 bytes,    1480832 total
- age   2:    1768160 bytes,    3248992 total
- age   3:    2510464 bytes,    5759456 total
- age   4:     454024 bytes,    6213480 total
- age   5:      11648 bytes,    6225128 total
- age   6:     500672 bytes,    6725800 total
- age   7:     329344 bytes,    7055144 total
- age   8:     305176 bytes,    7360320 total
: 101759K->9579K(109248K), 0.0104416 secs] 167741K->77558K(502464K), 0.0105242 secs] [Times: user=0.02 sys=0.00, real=0.01 secs] 
Heap after GC invocations=68 (full 2):
 par new generation   total 109248K, used 9579K [0x00000007a0000000, 0x00000007a8000000, 0x00000007a8000000)
  eden space 87424K,   0% used [0x00000007a0000000, 0x00000007a0000000, 0x00000007a5560000)
  from space 21824K,  43% used [0x00000007a5560000, 0x00000007a5ebafb0, 0x00000007a6ab0000)
  to   space 21824K,   0% used [0x00000007a6ab0000, 0x00000007a6ab0000, 0x00000007a8000000)
 concurrent mark-sweep generation total 393216K, used 67978K [0x00000007a8000000, 0x00000007c0000000, 0x00000007c0000000)
 Metaspace       used 40295K, capacity 40990K, committed 41208K, reserved 1085440K
  class space    used 4319K, capacity 4541K, committed 4604K, reserved 1048576K
}
2015-08-03T21:33:56.587-0200: 297.089: Total time for which application threads were stopped: 0.0109133 seconds, Stopping threads took: 0.0000246 seconds
{Heap before GC invocations=68 (full 2):
 par new generation   total 109248K, used 96996K [0x00000007a0000000, 0x00000007a8000000, 0x00000007a8000000)
  eden space 87424K,  99% used [0x00000007a0000000, 0x00000007a555e2b0, 0x00000007a5560000)
  from space 21824K,  43% used [0x00000007a5560000, 0x00000007a5ebafb0, 0x00000007a6ab0000)
  to   space 21824K,   0% used [0x00000007a6ab0000, 0x00000007a6ab0000, 0x00000007a8000000)
 concurrent mark-sweep generation total 393216K, used 67978K [0x00000007a8000000, 0x00000007c0000000, 0x00000007c0000000)
 Metaspace       used 40309K, capacity 40990K, committed 41208K, reserved 1085440K
  class space    used 4319K, capacity 4541K, committed 4604K, reserved 1048576K
2015-08-03T21:33:57.547-0200: 298.049: [GC (Allocation Failure) 298.050: [ParNew
Desired survivor size 20112992 bytes, new threshold 8 (max 8)
- age   1:    1524840 bytes,    1524840 total
- age   2:    1013440 bytes,    2538280 total
- age   3:    1764736 bytes,    4303016 total
- age   4:    2487440 bytes,    6790456 total
- age   5:     453200 bytes,    7243656 total
- age   6:      10728 bytes,    7254384 total
- age   7:     500576 bytes,    7754960 total
- age   8:     327760 bytes,    8082720 total
: 96996K->10046K(109248K), 0.0203544 secs] 164975K->78324K(502464K), 0.0206430 secs] [Times: user=0.02 sys=0.01, real=0.02 secs] 
Heap after GC invocations=69 (full 2):
 par new generation   total 109248K, used 10046K [0x00000007a0000000, 0x00000007a8000000, 0x00000007a8000000)
  eden space 87424K,   0% used [0x00000007a0000000, 0x00000007a0000000, 0x00000007a5560000)
  from space 21824K,  46% used [0x00000007a6ab0000, 0x00000007a747fbd0, 0x00000007a8000000)
  to   space 21824K,   0% used [0x00000007a5560000, 0x00000007a5560000, 0x00000007a6ab0000)
 concurrent mark-sweep generation total 393216K, used 68277K [0x00000007a8000000, 0x00000007c0000000, 0x00000007c0000000)
 Metaspace       used 40309K, capacity 40990K, committed 41208K, reserved 1085440K
  class space    used 4319K, capacity 4541K, committed 4604K, reserved 1048576K
}
2015-08-03T21:33:57.568-0200: 298.070: Total time for which application threads were stopped: 0.0210880 seconds, Stopping threads took: 0.0000353 seconds
2015-08-03T21:33:57.581-0200: 298.083: Total time for which application threads were stopped: 0.0004073 seconds, Stopping threads took: 0.0001203 seconds
{Heap before GC invocations=69 (full 2):
 par new generation   total 109248K, used 97470K [0x00000007a0000000, 0x00000007a8000000, 0x00000007a8000000)
  eden space 87424K, 100% used [0x00000007a0000000, 0x00000007a5560000, 0x00000007a5560000)
  from space 21824K,  46% used [0x00000007a6ab0000, 0x00000007a747fbd0, 0x00000007a8000000)
  to   space 21824K,   0% used [0x00000007a5560000, 0x00000007a5560000, 0x00000007a6ab0000)
 concurrent mark-sweep generation total 393216K, used 68277K [0x00000007a8000000, 0x00000007c0000000, 0x00000007c0000000)
 Metaspace       used 40310K, capacity 40990K, committed 41208K, reserved 1085440K
  class space    used 4319K, capacity 4541K, committed 4604K, reserved 1048576K
2015-08-03T21:33:58.462-0200: 298.964: [GC (Allocation Failure) 298.964: [ParNew
Desired survivor size 20112992 bytes, new threshold 8 (max 8)
- age   1:    1114624 bytes,    1114624 total
- age   2:     944352 bytes,    2058976 total
- age   3:     676024 bytes,    2735000 total
- age   4:    1517112 bytes,    4252112 total
- age   5:    1900792 bytes,    6152904 total
- age   6:     448752 bytes,    6601656 total
- age   7:       9616 bytes,    6611272 total
- age   8:      14864 bytes,    6626136 total
: 97470K->11958K(109248K), 0.0064239 secs] 165748K->80556K(502464K), 0.0065295 secs] [Times: user=0.02 sys=0.01, real=0.00 secs] 
Heap after GC invocations=70 (full 2):
 par new generation   total 109248K, used 11958K [0x00000007a0000000, 0x00000007a8000000, 0x00000007a8000000)
  eden space 87424K,   0% used [0x00000007a0000000, 0x00000007a0000000, 0x00000007a5560000)
  from space 21824K,  54% used [0x00000007a5560000, 0x00000007a610d930, 0x00000007a6ab0000)
  to   space 21824K,   0% used [0x00000007a6ab0000, 0x00000007a6ab0000, 0x00000007a8000000)
 concurrent mark-sweep generation total 393216K, used 68598K [0x00000007a8000000, 0x00000007c0000000, 0x00000007c0000000)
 Metaspace       used 40310K, capacity 40990K, committed 41208K, reserved 1085440K
  class space    used 4319K, capacity 4541K, committed 4604K, reserved 1048576K
}
2015-08-03T21:33:58.468-0200: 298.970: Total time for which application threads were stopped: 0.0069159 seconds, Stopping threads took: 0.0000246 seconds
{Heap before GC invocations=70 (full 2):
 par new generation   total 109248K, used 99382K [0x00000007a0000000, 0x00000007a8000000, 0x00000007a8000000)
  eden space 87424K, 100% used [0x00000007a0000000, 0x00000007a5560000, 0x00000007a5560000)
  from space 21824K,  54% used [0x00000007a5560000, 0x00000007a610d930, 0x00000007a6ab0000)
  to   space 21824K,   0% used [0x00000007a6ab0000, 0x00000007a6ab0000, 0x00000007a8000000)
 concurrent mark-sweep generation total 393216K, used 68598K [0x00000007a8000000, 0x00000007c0000000, 0x00000007c0000000)
 Metaspace       used 40310K, capacity 40990K, committed 41208K, reserved 1085440K
  class space    used 4319K, capacity 4541K, committed 4604K, reserved 1048576K
2015-08-03T21:33:59.361-0200: 299.864: [GC (Allocation Failure) 299.864: [ParNew
Desired survivor size 20112992 bytes, new threshold 8 (max 8)
- age   1:    1048776 bytes,    1048776 total
- age   2:     600944 bytes,    1649720 total
- age   3:     939368 bytes,    2589088 total
- age   4:     675952 bytes,    3265040 total
- age   5:    1517088 bytes,    4782128 total
- age   6:    1899960 bytes,    6682088 total
- age   7:     448680 bytes,    7130768 total
- age   8:       9616 bytes,    7140384 total
: 99382K->8764K(109248K), 0.0060791 secs] 167980K->77377K(502464K), 0.0061546 secs] [Times: user=0.02 sys=0.00, real=0.00 secs] 
Heap after GC invocations=71 (full 2):
 par new generation   total 109248K, used 8764K [0x00000007a0000000, 0x00000007a8000000, 0x00000007a8000000)
  eden space 87424K,   0% used [0x00000007a0000000, 0x00000007a0000000, 0x00000007a5560000)
  from space 21824K,  40% used [0x00000007a6ab0000, 0x00000007a733f320, 0x00000007a8000000)
  to   space 21824K,   0% used [0x00000007a5560000, 0x00000007a5560000, 0x00000007a6ab0000)
 concurrent mark-sweep generation total 393216K, used 68612K [0x00000007a8000000, 0x00000007c0000000, 0x00000007c0000000)
 Metaspace       used 40310K, capacity 40990K, committed 41208K, reserved 1085440K
  class space    used 4319K, capacity 4541K, committed 4604K, reserved 1048576K
}
2015-08-03T21:33:59.368-0200: 299.870: Total time for which application threads were stopped: 0.0065180 seconds, Stopping threads took: 0.0000234 seconds
{Heap before GC invocations=71 (full 2):
 par new generation   total 109248K, used 96188K [0x00000007a0000000, 0x00000007a8000000, 0x00000007a8000000)
  eden space 87424K, 100% used [0x00000007a0000000, 0x00000007a5560000, 0x00000007a5560000)
  from space 21824K,  40% used [0x00000007a6ab0000, 0x00000007a733f320, 0x00000007a8000000)
  to   space 21824K,   0% used [0x00000007a5560000, 0x00000007a5560000, 0x00000007a6ab0000)
 concurrent mark-sweep generation total 393216K, used 68612K [0x00000007a8000000, 0x00000007c0000000, 0x00000007c0000000)
 Metaspace       used 40319K, capacity 40990K, committed 41208K, reserved 1085440K
  class space    used 4319K, capacity 4541K, committed 4604K, reserved 1048576K
2015-08-03T21:34:00.145-0200: 300.647: [GC (Allocation Failure) 300.647: [ParNew
Desired survivor size 20112992 bytes, new threshold 8 (max 8)
- age   1:    1775280 bytes,    1775280 total
- age   2:     250336 bytes,    2025616 total
- age   3:     288824 bytes,    2314440 total
- age   4:     624976 bytes,    2939416 total
- age   5:     416224 bytes,    3355640 total
- age   6:    1517088 bytes,    4872728 total
- age   7:    1899936 bytes,    6772664 total
- age   8:     448272 bytes,    7220936 total
: 96188K->11920K(109248K), 0.0101533 secs] 164801K->80542K(502464K), 0.0102791 secs] [Times: user=0.02 sys=0.00, real=0.01 secs] 
Heap after GC invocations=72 (full 2):
 par new generation   total 109248K, used 11920K [0x00000007a0000000, 0x00000007a8000000, 0x00000007a8000000)
  eden space 87424K,   0% used [0x00000007a0000000, 0x00000007a0000000, 0x00000007a5560000)
  from space 21824K,  54% used [0x00000007a5560000, 0x00000007a61041c0, 0x00000007a6ab0000)
  to   space 21824K,   0% used [0x00000007a6ab0000, 0x00000007a6ab0000, 0x00000007a8000000)
 concurrent mark-sweep generation total 393216K, used 68621K [0x00000007a8000000, 0x00000007c0000000, 0x00000007c0000000)
 Metaspace       used 40319K, capacity 40990K, committed 41208K, reserved 1085440K
  class space    used 4319K, capacity 4541K, committed 4604K, reserved 1048576K
}
2015-08-03T21:34:00.155-0200: 300.657: Total time for which application threads were stopped: 0.0107679 seconds, Stopping threads took: 0.0000421 seconds
{Heap before GC invocations=72 (full 2):
 par new generation   total 109248K, used 99344K [0x00000007a0000000, 0x00000007a8000000, 0x00000007a8000000)
  eden space 87424K, 100% used [0x00000007a0000000, 0x00000007a5560000, 0x00000007a5560000)
  from space 21824K,  54% used [0x00000007a5560000, 0x00000007a61041c0, 0x00000007a6ab0000)
  to   space 21824K,   0% used [0x00000007a6ab0000, 0x00000007a6ab0000, 0x00000007a8000000)
 concurrent mark-sweep generation total 393216K, used 68621K [0x00000007a8000000, 0x00000007c0000000, 0x00000007c0000000)
 Metaspace       used 40321K, capacity 40990K, committed 41208K, reserved 1085440K
  class space    used 4319K, capacity 4541K, committed 4604K, reserved 1048576K
2015-08-03T21:34:01.073-0200: 301.575: [GC (Allocation Failure) 301.575: [ParNew
Desired survivor size 20112992 bytes, new threshold 8 (max 8)
- age   1:    1524256 bytes,    1524256 total
- age   2:    1089200 bytes,    2613456 total
- age   3:       8272 bytes,    2621728 total
- age   4:     117944 bytes,    2739672 total
- age   5:     397824 bytes,    3137496 total
- age   6:     415408 bytes,    3552904 total
- age   7:    1517040 bytes,    5069944 total
- age   8:    1899768 bytes,    6969712 total
: 99344K->8945K(109248K), 0.0071583 secs] 167966K->78006K(502464K), 0.0072535 secs] [Times: user=0.02 sys=0.00, real=0.01 secs] 
Heap after GC invocations=73 (full 2):
 par new generation   total 109248K, used 8945K [0x00000007a0000000, 0x00000007a8000000, 0x00000007a8000000)
  eden space 87424K,   0% used [0x00000007a0000000, 0x00000007a0000000, 0x00000007a5560000)
  from space 21824K,  40% used [0x00000007a6ab0000, 0x00000007a736c6a8, 0x00000007a8000000)
  to   space 21824K,   0% used [0x00000007a5560000, 0x00000007a5560000, 0x00000007a6ab0000)
 concurrent mark-sweep generation total 393216K, used 69060K [0x00000007a8000000, 0x00000007c0000000, 0x00000007c0000000)
 Metaspace       used 40321K, capacity 40990K, committed 41208K, reserved 1085440K
  class space    used 4319K, capacity 4541K, committed 4604K, reserved 1048576K
}
2015-08-03T21:34:01.080-0200: 301.583: Total time for which application threads were stopped: 0.0076145 seconds, Stopping threads took: 0.0000257 seconds
{Heap before GC invocations=73 (full 2):
 par new generation   total 109248K, used 96369K [0x00000007a0000000, 0x00000007a8000000, 0x00000007a8000000)
  eden space 87424K, 100% used [0x00000007a0000000, 0x00000007a5560000, 0x00000007a5560000)
  from space 21824K,  40% used [0x00000007a6ab0000, 0x00000007a736c6a8, 0x00000007a8000000)
  to   space 21824K,   0% used [0x00000007a5560000, 0x00000007a5560000, 0x00000007a6ab0000)
 concurrent mark-sweep generation total 393216K, used 69060K [0x00000007a8000000, 0x00000007c0000000, 0x00000007c0000000)
 Metaspace       used 40321K, capacity 40990K, committed 41208K, reserved 1085440K
  class space    used 4319K, capacity 4541K, committed 4604K, reserved 1048576K
2015-08-03T21:34:01.949-0200: 302.451: [GC (Allocation Failure) 302.451: [ParNew
Desired survivor size 20112992 bytes, new threshold 8 (max 8)
- age   1:     861424 bytes,     861424 total
- age   2:     995432 bytes,    1856856 total
- age   3:    1083216 bytes,    2940072 total
- age   4:       8224 bytes,    2948296 total
- age   5:     116328 bytes,    3064624 total
- age   6:     397728 bytes,    3462352 total
- age   7:     415384 bytes,    3877736 total
- age   8:    1517040 bytes,    5394776 total
: 96369K->7572K(109248K), 0.0103378 secs] 165430K->78489K(502464K), 0.0104262 secs] [Times: user=0.02 sys=0.00, real=0.01 secs] 
Heap after GC invocations=74 (full 2):
 par new generation   total 109248K, used 7572K [0x00000007a0000000, 0x00000007a8000000, 0x00000007a8000000)
  eden space 87424K,   0% used [0x00000007a0000000, 0x00000007a0000000, 0x00000007a5560000)
  from space 21824K,  34% used [0x00000007a5560000, 0x00000007a5cc52a0, 0x00000007a6ab0000)
  to   space 21824K,   0% used [0x00000007a6ab0000, 0x00000007a6ab0000, 0x00000007a8000000)
 concurrent mark-sweep generation total 393216K, used 70916K [0x00000007a8000000, 0x00000007c0000000, 0x00000007c0000000)
 Metaspace       used 40321K, capacity 40990K, committed 41208K, reserved 1085440K
  class space    used 4319K, capacity 4541K, committed 4604K, reserved 1048576K
}
2015-08-03T21:34:01.959-0200: 302.462: Total time for which application threads were stopped: 0.0107515 seconds, Stopping threads took: 0.0000227 seconds
{Heap before GC invocations=74 (full 2):
 par new generation   total 109248K, used 94996K [0x00000007a0000000, 0x00000007a8000000, 0x00000007a8000000)
  eden space 87424K, 100% used [0x00000007a0000000, 0x00000007a5560000, 0x00000007a5560000)
  from space 21824K,  34% used [0x00000007a5560000, 0x00000007a5cc52a0, 0x00000007a6ab0000)
  to   space 21824K,   0% used [0x00000007a6ab0000, 0x00000007a6ab0000, 0x00000007a8000000)
 concurrent mark-sweep generation total 393216K, used 70916K [0x00000007a8000000, 0x00000007c0000000, 0x00000007c0000000)
 Metaspace       used 40328K, capacity 40990K, committed 41208K, reserved 1085440K
  class space    used 4319K, capacity 4541K, committed 4604K, reserved 1048576K
2015-08-03T21:34:02.803-0200: 303.306: [GC (Allocation Failure) 303.306: [ParNew
Desired survivor size 20112992 bytes, new threshold 8 (max 8)
- age   1:    1507392 bytes,    1507392 total
- age   2:     233168 bytes,    1740560 total
- age   3:     827408 bytes,    2567968 total
- age   4:     634960 bytes,    3202928 total
- age   5:       8176 bytes,    3211104 total
- age   6:     115496 bytes,    3326600 total
- age   7:     397704 bytes,    3724304 total
- age   8:     414896 bytes,    4139200 total
: 94996K->5634K(109248K), 0.0064505 secs] 165913K->78032K(502464K), 0.0065303 secs] [Times: user=0.02 sys=0.01, real=0.01 secs] 
Heap after GC invocations=75 (full 2):
 par new generation   total 109248K, used 5634K [0x00000007a0000000, 0x00000007a8000000, 0x00000007a8000000)
  eden space 87424K,   0% used [0x00000007a0000000, 0x00000007a0000000, 0x00000007a5560000)
  from space 21824K,  25% used [0x00000007a6ab0000, 0x00000007a7030840, 0x00000007a8000000)
  to   space 21824K,   0% used [0x00000007a5560000, 0x00000007a5560000, 0x00000007a6ab0000)
 concurrent mark-sweep generation total 393216K, used 72398K [0x00000007a8000000, 0x00000007c0000000, 0x00000007c0000000)
 Metaspace       used 40328K, capacity 40990K, committed 41208K, reserved 1085440K
  class space    used 4319K, capacity 4541K, committed 4604K, reserved 1048576K
}
2015-08-03T21:34:02.810-0200: 303.312: Total time for which application threads were stopped: 0.0070221 seconds, Stopping threads took: 0.0000244 seconds
{Heap before GC invocations=75 (full 2):
 par new generation   total 109248K, used 93058K [0x00000007a0000000, 0x00000007a8000000, 0x00000007a8000000)
  eden space 87424K, 100% used [0x00000007a0000000, 0x00000007a5560000, 0x00000007a5560000)
  from space 21824K,  25% used [0x00000007a6ab0000, 0x00000007a7030840, 0x00000007a8000000)
  to   space 21824K,   0% used [0x00000007a5560000, 0x00000007a5560000, 0x00000007a6ab0000)
 concurrent mark-sweep generation total 393216K, used 72398K [0x00000007a8000000, 0x00000007c0000000, 0x00000007c0000000)
 Metaspace       used 40335K, capacity 40990K, committed 41208K, reserved 1085440K
  class space    used 4319K, capacity 4541K, committed 4604K, reserved 1048576K
2015-08-03T21:34:03.745-0200: 304.247: [GC (Allocation Failure) 304.248: [ParNew
Desired survivor size 20112992 bytes, new threshold 8 (max 8)
- age   1:    1286624 bytes,    1286624 total
- age   2:     787112 bytes,    2073736 total
- age   3:      13392 bytes,    2087128 total
- age   4:     461000 bytes,    2548128 total
- age   5:     633320 bytes,    3181448 total
- age   6:       8152 bytes,    3189600 total
- age   7:     115168 bytes,    3304768 total
- age   8:     397632 bytes,    3702400 total
: 93058K->4994K(109248K), 0.0082794 secs] 165456K->77798K(502464K), 0.0087953 secs] [Times: user=0.03 sys=0.00, real=0.01 secs] 
Heap after GC invocations=76 (full 2):
 par new generation   total 109248K, used 4994K [0x00000007a0000000, 0x00000007a8000000, 0x00000007a8000000)
  eden space 87424K,   0% used [0x00000007a0000000, 0x00000007a0000000, 0x00000007a5560000)
  from space 21824K,  22% used [0x00000007a5560000, 0x00000007a5a40930, 0x00000007a6ab0000)
  to   space 21824K,   0% used [0x00000007a6ab0000, 0x00000007a6ab0000, 0x00000007a8000000)
 concurrent mark-sweep generation total 393216K, used 72803K [0x00000007a8000000, 0x00000007c0000000, 0x00000007c0000000)
 Metaspace       used 40335K, capacity 40990K, committed 41208K, reserved 1085440K
  class space    used 4319K, capacity 4541K, committed 4604K, reserved 1048576K
}
2015-08-03T21:34:03.754-0200: 304.256: Total time for which application threads were stopped: 0.0092348 seconds, Stopping threads took: 0.0000254 seconds
{Heap before GC invocations=76 (full 2):
 par new generation   total 109248K, used 92418K [0x00000007a0000000, 0x00000007a8000000, 0x00000007a8000000)
  eden space 87424K, 100% used [0x00000007a0000000, 0x00000007a5560000, 0x00000007a5560000)
  from space 21824K,  22% used [0x00000007a5560000, 0x00000007a5a40930, 0x00000007a6ab0000)
  to   space 21824K,   0% used [0x00000007a6ab0000, 0x00000007a6ab0000, 0x00000007a8000000)
 concurrent mark-sweep generation total 393216K, used 72803K [0x00000007a8000000, 0x00000007c0000000, 0x00000007c0000000)
 Metaspace       used 40335K, capacity 40990K, committed 41208K, reserved 1085440K
  class space    used 4319K, capacity 4541K, committed 4604K, reserved 1048576K
2015-08-03T21:34:04.671-0200: 305.173: [GC (Allocation Failure) 305.173: [ParNew
Desired survivor size 20112992 bytes, new threshold 8 (max 8)
- age   1:     802072 bytes,     802072 total
- age   2:     837208 bytes,    1639280 total
- age   3:     774200 bytes,    2413480 total
- age   4:      12456 bytes,    2425936 total
- age   5:     460096 bytes,    2886032 total
- age   6:     633320 bytes,    3519352 total
- age   7:       8128 bytes,    3527480 total
- age   8:     115144 bytes,    3642624 total
: 92418K->4776K(109248K), 0.0065525 secs] 165222K->77968K(502464K), 0.0066273 secs] [Times: user=0.02 sys=0.01, real=0.00 secs] 
Heap after GC invocations=77 (full 2):
 par new generation   total 109248K, used 4776K [0x00000007a0000000, 0x00000007a8000000, 0x00000007a8000000)
  eden space 87424K,   0% used [0x00000007a0000000, 0x00000007a0000000, 0x00000007a5560000)
  from space 21824K,  21% used [0x00000007a6ab0000, 0x00000007a6f5a3d0, 0x00000007a8000000)
  to   space 21824K,   0% used [0x00000007a5560000, 0x00000007a5560000, 0x00000007a6ab0000)
 concurrent mark-sweep generation total 393216K, used 73192K [0x00000007a8000000, 0x00000007c0000000, 0x00000007c0000000)
 Metaspace       used 40335K, capacity 40990K, committed 41208K, reserved 1085440K
  class space    used 4319K, capacity 4541K, committed 4604K, reserved 1048576K
}
2015-08-03T21:34:04.677-0200: 305.180: Total time for which application threads were stopped: 0.0070835 seconds, Stopping threads took: 0.0000330 seconds
{Heap before GC invocations=77 (full 2):
 par new generation   total 109248K, used 92200K [0x00000007a0000000, 0x00000007a8000000, 0x00000007a8000000)
  eden space 87424K, 100% used [0x00000007a0000000, 0x00000007a5560000, 0x00000007a5560000)
  from space 21824K,  21% used [0x00000007a6ab0000, 0x00000007a6f5a3d0, 0x00000007a8000000)
  to   space 21824K,   0% used [0x00000007a5560000, 0x00000007a5560000, 0x00000007a6ab0000)
 concurrent mark-sweep generation total 393216K, used 73192K [0x00000007a8000000, 0x00000007c0000000, 0x00000007c0000000)
 Metaspace       used 40335K, capacity 40990K, committed 41208K, reserved 1085440K
  class space    used 4319K, capacity 4541K, committed 4604K, reserved 1048576K
2015-08-03T21:34:05.537-0200: 306.039: [GC (Allocation Failure) 306.039: [ParNew
Desired survivor size 20112992 bytes, new threshold 8 (max 8)
- age   1:     971648 bytes,     971648 total
- age   2:     258240 bytes,    1229888 total
- age   3:     715104 bytes,    1944992 total
- age   4:     476728 bytes,    2421720 total
- age   5:      12336 bytes,    2434056 total
- age   6:     460072 bytes,    2894128 total
- age   7:     633264 bytes,    3527392 total
- age   8:       8104 bytes,    3535496 total
: 92200K->4529K(109248K), 0.0070294 secs] 165392K->77834K(502464K), 0.0071305 secs] [Times: user=0.02 sys=0.00, real=0.01 secs] 
Heap after GC invocations=78 (full 2):
 par new generation   total 109248K, used 4529K [0x00000007a0000000, 0x00000007a8000000, 0x00000007a8000000)
  eden space 87424K,   0% used [0x00000007a0000000, 0x00000007a0000000, 0x00000007a5560000)
  from space 21824K,  20% used [0x00000007a5560000, 0x00000007a59cc4e0, 0x00000007a6ab0000)
  to   space 21824K,   0% used [0x00000007a6ab0000, 0x00000007a6ab0000, 0x00000007a8000000)
 concurrent mark-sweep generation total 393216K, used 73305K [0x00000007a8000000, 0x00000007c0000000, 0x00000007c0000000)
 Metaspace       used 40335K, capacity 40990K, committed 41208K, reserved 1085440K
  class space    used 4319K, capacity 4541K, committed 4604K, reserved 1048576K
}
2015-08-03T21:34:05.544-0200: 306.046: Total time for which application threads were stopped: 0.0075814 seconds, Stopping threads took: 0.0000699 seconds
2015-08-03T21:34:06.547-0200: 307.050: Total time for which application threads were stopped: 0.0003160 seconds, Stopping threads took: 0.0000319 seconds
{Heap before GC invocations=78 (full 2):
 par new generation   total 109248K, used 91953K [0x00000007a0000000, 0x00000007a8000000, 0x00000007a8000000)
  eden space 87424K, 100% used [0x00000007a0000000, 0x00000007a5560000, 0x00000007a5560000)
  from space 21824K,  20% used [0x00000007a5560000, 0x00000007a59cc4e0, 0x00000007a6ab0000)
  to   space 21824K,   0% used [0x00000007a6ab0000, 0x00000007a6ab0000, 0x00000007a8000000)
 concurrent mark-sweep generation total 393216K, used 73305K [0x00000007a8000000, 0x00000007c0000000, 0x00000007c0000000)
 Metaspace       used 40339K, capacity 40990K, committed 41208K, reserved 1085440K
  class space    used 4319K, capacity 4541K, committed 4604K, reserved 1048576K
2015-08-03T21:34:06.825-0200: 307.327: [GC (Allocation Failure) 307.327: [ParNew
Desired survivor size 20112992 bytes, new threshold 8 (max 8)
- age   1:    1507520 bytes,    1507520 total
- age   2:     374304 bytes,    1881824 total
- age   3:      15512 bytes,    1897336 total
- age   4:     429808 bytes,    2327144 total
- age   5:     431688 bytes,    2758832 total
- age   6:      12288 bytes,    2771120 total
- age   7:     459664 bytes,    3230784 total
- age   8:     632728 bytes,    3863512 total
: 91953K->4806K(109248K), 0.0067689 secs] 165258K->78119K(502464K), 0.0068403 secs] [Times: user=0.02 sys=0.00, real=0.01 secs] 
Heap after GC invocations=79 (full 2):
 par new generation   total 109248K, used 4806K [0x00000007a0000000, 0x00000007a8000000, 0x00000007a8000000)
  eden space 87424K,   0% used [0x00000007a0000000, 0x00000007a0000000, 0x00000007a5560000)
  from space 21824K,  22% used [0x00000007a6ab0000, 0x00000007a6f61838, 0x00000007a8000000)
  to   space 21824K,   0% used [0x00000007a5560000, 0x00000007a5560000, 0x00000007a6ab0000)
 concurrent mark-sweep generation total 393216K, used 73313K [0x00000007a8000000, 0x00000007c0000000, 0x00000007c0000000)
 Metaspace       used 40339K, capacity 40990K, committed 41208K, reserved 1085440K
  class space    used 4319K, capacity 4541K, committed 4604K, reserved 1048576K
}
2015-08-03T21:34:06.832-0200: 307.334: Total time for which application threads were stopped: 0.0072143 seconds, Stopping threads took: 0.0000270 seconds
{Heap before GC invocations=79 (full 2):
 par new generation   total 109248K, used 92230K [0x00000007a0000000, 0x00000007a8000000, 0x00000007a8000000)
  eden space 87424K, 100% used [0x00000007a0000000, 0x00000007a5560000, 0x00000007a5560000)
  from space 21824K,  22% used [0x00000007a6ab0000, 0x00000007a6f61838, 0x00000007a8000000)
  to   space 21824K,   0% used [0x00000007a5560000, 0x00000007a5560000, 0x00000007a6ab0000)
 concurrent mark-sweep generation total 393216K, used 73313K [0x00000007a8000000, 0x00000007c0000000, 0x00000007c0000000)
 Metaspace       used 40339K, capacity 40990K, committed 41208K, reserved 1085440K
  class space    used 4319K, capacity 4541K, committed 4604K, reserved 1048576K
2015-08-03T21:34:07.789-0200: 308.292: [GC (Allocation Failure) 308.292: [ParNew
Desired survivor size 20112992 bytes, new threshold 8 (max 8)
- age   1:     865656 bytes,     865656 total
- age   2:    1095992 bytes,    1961648 total
- age   3:     369632 bytes,    2331280 total
- age   4:      13904 bytes,    2345184 total
- age   5:     429000 bytes,    2774184 total
- age   6:     430832 bytes,    3205016 total
- age   7:      12288 bytes,    3217304 total
- age   8:     459640 bytes,    3676944 total
: 92230K->5716K(109248K), 0.0104538 secs] 165543K->79648K(502464K), 0.0105224 secs] [Times: user=0.02 sys=0.01, real=0.02 secs] 
Heap after GC invocations=80 (full 2):
 par new generation   total 109248K, used 5716K [0x00000007a0000000, 0x00000007a8000000, 0x00000007a8000000)
  eden space 87424K,   0% used [0x00000007a0000000, 0x00000007a0000000, 0x00000007a5560000)
  from space 21824K,  26% used [0x00000007a5560000, 0x00000007a5af5260, 0x00000007a6ab0000)
  to   space 21824K,   0% used [0x00000007a6ab0000, 0x00000007a6ab0000, 0x00000007a8000000)
 concurrent mark-sweep generation total 393216K, used 73931K [0x00000007a8000000, 0x00000007c0000000, 0x00000007c0000000)
 Metaspace       used 40339K, capacity 40990K, committed 41208K, reserved 1085440K
  class space    used 4319K, capacity 4541K, committed 4604K, reserved 1048576K
}
2015-08-03T21:34:07.800-0200: 308.302: Total time for which application threads were stopped: 0.0108703 seconds, Stopping threads took: 0.0000239 seconds
2015-08-03T21:34:08.056-0200: 308.559: Total time for which application threads were stopped: 0.0002104 seconds, Stopping threads took: 0.0000252 seconds
2015-08-03T21:34:08.056-0200: 308.559: Total time for which application threads were stopped: 0.0001499 seconds, Stopping threads took: 0.0000151 seconds
2015-08-03T21:34:08.057-0200: 308.559: Total time for which application threads were stopped: 0.0001441 seconds, Stopping threads took: 0.0000134 seconds
2015-08-03T21:34:08.057-0200: 308.559: Total time for which application threads were stopped: 0.0001075 seconds, Stopping threads took: 0.0000128 seconds
2015-08-03T21:34:08.057-0200: 308.559: Total time for which application threads were stopped: 0.0001534 seconds, Stopping threads took: 0.0000216 seconds
2015-08-03T21:34:08.064-0200: 308.567: Total time for which application threads were stopped: 0.0003362 seconds, Stopping threads took: 0.0000476 seconds
2015-08-03T21:34:08.112-0200: 308.614: Total time for which application threads were stopped: 0.0002976 seconds, Stopping threads took: 0.0000298 seconds
2015-08-03T21:34:08.112-0200: 308.615: Total time for which application threads were stopped: 0.0002842 seconds, Stopping threads took: 0.0000755 seconds
2015-08-03T21:34:08.112-0200: 308.615: Total time for which application threads were stopped: 0.0002379 seconds, Stopping threads took: 0.0000946 seconds
2015-08-03T21:34:08.113-0200: 308.616: Total time for which application threads were stopped: 0.0005373 seconds, Stopping threads took: 0.0002036 seconds
2015-08-03T21:34:08.116-0200: 308.619: Total time for which application threads were stopped: 0.0003617 seconds, Stopping threads took: 0.0000557 seconds
2015-08-03T21:34:08.124-0200: 308.626: Total time for which application threads were stopped: 0.0003363 seconds, Stopping threads took: 0.0000318 seconds
2015-08-03T21:34:08.124-0200: 308.627: Total time for which application threads were stopped: 0.0002301 seconds, Stopping threads took: 0.0000411 seconds
2015-08-03T21:34:08.124-0200: 308.627: Total time for which application threads were stopped: 0.0002000 seconds, Stopping threads took: 0.0000465 seconds
2015-08-03T21:34:08.176-0200: 308.679: Total time for which application threads were stopped: 0.0003787 seconds, Stopping threads took: 0.0000328 seconds
2015-08-03T21:34:08.287-0200: 308.789: Total time for which application threads were stopped: 0.0004511 seconds, Stopping threads took: 0.0000882 seconds
2015-08-03T21:34:08.287-0200: 308.789: Total time for which application threads were stopped: 0.0002741 seconds, Stopping threads took: 0.0000768 seconds
{Heap before GC invocations=80 (full 2):
 par new generation   total 109248K, used 93140K [0x00000007a0000000, 0x00000007a8000000, 0x00000007a8000000)
  eden space 87424K, 100% used [0x00000007a0000000, 0x00000007a5560000, 0x00000007a5560000)
  from space 21824K,  26% used [0x00000007a5560000, 0x00000007a5af5260, 0x00000007a6ab0000)
  to   space 21824K,   0% used [0x00000007a6ab0000, 0x00000007a6ab0000, 0x00000007a8000000)
 concurrent mark-sweep generation total 393216K, used 73931K [0x00000007a8000000, 0x00000007c0000000, 0x00000007c0000000)
 Metaspace       used 40371K, capacity 41118K, committed 41464K, reserved 1085440K
  class space    used 4319K, capacity 4541K, committed 4604K, reserved 1048576K
2015-08-03T21:34:08.736-0200: 309.239: [GC (Allocation Failure) 309.239: [ParNew
Desired survivor size 20112992 bytes, new threshold 8 (max 8)
- age   1:    1596760 bytes,    1596760 total
- age   2:     200960 bytes,    1797720 total
- age   3:     656960 bytes,    2454680 total
- age   4:     361160 bytes,    2815840 total
- age   5:      13832 bytes,    2829672 total
- age   6:     428152 bytes,    3257824 total
- age   7:     423120 bytes,    3680944 total
- age   8:      12288 bytes,    3693232 total
: 93140K->4714K(109248K), 0.0095157 secs] 167072K->79095K(502464K), 0.0095954 secs] [Times: user=0.02 sys=0.00, real=0.01 secs] 
Heap after GC invocations=81 (full 2):
 par new generation   total 109248K, used 4714K [0x00000007a0000000, 0x00000007a8000000, 0x00000007a8000000)
  eden space 87424K,   0% used [0x00000007a0000000, 0x00000007a0000000, 0x00000007a5560000)
  from space 21824K,  21% used [0x00000007a6ab0000, 0x00000007a6f4a9c8, 0x00000007a8000000)
  to   space 21824K,   0% used [0x00000007a5560000, 0x00000007a5560000, 0x00000007a6ab0000)
 concurrent mark-sweep generation total 393216K, used 74380K [0x00000007a8000000, 0x00000007c0000000, 0x00000007c0000000)
 Metaspace       used 40371K, capacity 41118K, committed 41464K, reserved 1085440K
  class space    used 4319K, capacity 4541K, committed 4604K, reserved 1048576K
}
2015-08-03T21:34:08.746-0200: 309.249: Total time for which application threads were stopped: 0.0101766 seconds, Stopping threads took: 0.0000366 seconds
2015-08-03T21:34:08.798-0200: 309.301: Total time for which application threads were stopped: 0.0003478 seconds, Stopping threads took: 0.0000305 seconds
2015-08-03T21:34:09.294-0200: 309.796: Total time for which application threads were stopped: 0.0003890 seconds, Stopping threads took: 0.0001056 seconds
2015-08-03T21:34:09.294-0200: 309.796: Total time for which application threads were stopped: 0.0002793 seconds, Stopping threads took: 0.0000820 seconds
2015-08-03T21:34:09.294-0200: 309.797: Total time for which application threads were stopped: 0.0002099 seconds, Stopping threads took: 0.0000331 seconds
2015-08-03T21:34:09.295-0200: 309.797: Total time for which application threads were stopped: 0.0002560 seconds, Stopping threads took: 0.0000896 seconds
2015-08-03T21:34:09.295-0200: 309.797: Total time for which application threads were stopped: 0.0001955 seconds, Stopping threads took: 0.0000211 seconds
2015-08-03T21:34:09.299-0200: 309.802: Total time for which application threads were stopped: 0.0002908 seconds, Stopping threads took: 0.0000269 seconds
2015-08-03T21:34:09.393-0200: 309.895: Total time for which application threads were stopped: 0.0002851 seconds, Stopping threads took: 0.0000502 seconds
2015-08-03T21:34:09.551-0200: 310.053: Total time for which application threads were stopped: 0.0003856 seconds, Stopping threads took: 0.0000315 seconds
2015-08-03T21:34:09.745-0200: 310.247: Total time for which application threads were stopped: 0.0005693 seconds, Stopping threads took: 0.0000758 seconds
2015-08-03T21:34:09.798-0200: 310.300: Total time for which application threads were stopped: 0.0006223 seconds, Stopping threads took: 0.0000370 seconds
2015-08-03T21:34:09.798-0200: 310.301: Total time for which application threads were stopped: 0.0003889 seconds, Stopping threads took: 0.0000185 seconds
{Heap before GC invocations=81 (full 2):
 par new generation   total 109248K, used 92138K [0x00000007a0000000, 0x00000007a8000000, 0x00000007a8000000)
  eden space 87424K, 100% used [0x00000007a0000000, 0x00000007a5560000, 0x00000007a5560000)
  from space 21824K,  21% used [0x00000007a6ab0000, 0x00000007a6f4a9c8, 0x00000007a8000000)
  to   space 21824K,   0% used [0x00000007a5560000, 0x00000007a5560000, 0x00000007a6ab0000)
 concurrent mark-sweep generation total 393216K, used 74380K [0x00000007a8000000, 0x00000007c0000000, 0x00000007c0000000)
 Metaspace       used 40384K, capacity 41118K, committed 41464K, reserved 1085440K
  class space    used 4319K, capacity 4541K, committed 4604K, reserved 1048576K
2015-08-03T21:34:10.145-0200: 310.648: [GC (Allocation Failure) 310.648: [ParNew
Desired survivor size 20112992 bytes, new threshold 8 (max 8)
- age   1:    1344112 bytes,    1344112 total
- age   2:     820296 bytes,    2164408 total
- age   3:      15976 bytes,    2180384 total
- age   4:     380496 bytes,    2560880 total
- age   5:     360216 bytes,    2921096 total
- age   6:      13832 bytes,    2934928 total
- age   7:     421336 bytes,    3356264 total
- age   8:     422952 bytes,    3779216 total
: 92138K->4898K(109248K), 0.0079072 secs] 166519K->79290K(502464K), 0.0080212 secs] [Times: user=0.02 sys=0.00, real=0.01 secs] 
Heap after GC invocations=82 (full 2):
 par new generation   total 109248K, used 4898K [0x00000007a0000000, 0x00000007a8000000, 0x00000007a8000000)
  eden space 87424K,   0% used [0x00000007a0000000, 0x00000007a0000000, 0x00000007a5560000)
  from space 21824K,  22% used [0x00000007a5560000, 0x00000007a5a28808, 0x00000007a6ab0000)
  to   space 21824K,   0% used [0x00000007a6ab0000, 0x00000007a6ab0000, 0x00000007a8000000)
 concurrent mark-sweep generation total 393216K, used 74392K [0x00000007a8000000, 0x00000007c0000000, 0x00000007c0000000)
 Metaspace       used 40384K, capacity 41118K, committed 41464K, reserved 1085440K
  class space    used 4319K, capacity 4541K, committed 4604K, reserved 1048576K
}
2015-08-03T21:34:10.153-0200: 310.656: Total time for which application threads were stopped: 0.0084203 seconds, Stopping threads took: 0.0000272 seconds
2015-08-03T21:34:11.154-0200: 311.656: Total time for which application threads were stopped: 0.0003663 seconds, Stopping threads took: 0.0001056 seconds
{Heap before GC invocations=82 (full 2):
 par new generation   total 109248K, used 92322K [0x00000007a0000000, 0x00000007a8000000, 0x00000007a8000000)
  eden space 87424K, 100% used [0x00000007a0000000, 0x00000007a5560000, 0x00000007a5560000)
  from space 21824K,  22% used [0x00000007a5560000, 0x00000007a5a28808, 0x00000007a6ab0000)
  to   space 21824K,   0% used [0x00000007a6ab0000, 0x00000007a6ab0000, 0x00000007a8000000)
 concurrent mark-sweep generation total 393216K, used 74392K [0x00000007a8000000, 0x00000007c0000000, 0x00000007c0000000)
 Metaspace       used 40384K, capacity 41118K, committed 41464K, reserved 1085440K
  class space    used 4319K, capacity 4541K, committed 4604K, reserved 1048576K
2015-08-03T21:34:11.253-0200: 311.755: [GC (Allocation Failure) 311.755: [ParNew
Desired survivor size 20112992 bytes, new threshold 8 (max 8)
- age   1:     892632 bytes,     892632 total
- age   2:     897808 bytes,    1790440 total
- age   3:     816880 bytes,    2607320 total
- age   4:      12000 bytes,    2619320 total
- age   5:     379680 bytes,    2999000 total
- age   6:     360144 bytes,    3359144 total
- age   7:      13808 bytes,    3372952 total
- age   8:     421312 bytes,    3794264 total
: 92322K->5030K(109248K), 0.0077816 secs] 166714K->79836K(502464K), 0.0078805 secs] [Times: user=0.02 sys=0.01, real=0.01 secs] 
Heap after GC invocations=83 (full 2):
 par new generation   total 109248K, used 5030K [0x00000007a0000000, 0x00000007a8000000, 0x00000007a8000000)
  eden space 87424K,   0% used [0x00000007a0000000, 0x00000007a0000000, 0x00000007a5560000)
  from space 21824K,  23% used [0x00000007a6ab0000, 0x00000007a6f99a18, 0x00000007a8000000)
  to   space 21824K,   0% used [0x00000007a5560000, 0x00000007a5560000, 0x00000007a6ab0000)
 concurrent mark-sweep generation total 393216K, used 74806K [0x00000007a8000000, 0x00000007c0000000, 0x00000007c0000000)
 Metaspace       used 40384K, capacity 41118K, committed 41464K, reserved 1085440K
  class space    used 4319K, capacity 4541K, committed 4604K, reserved 1048576K
}
2015-08-03T21:34:11.261-0200: 311.763: Total time for which application threads were stopped: 0.0082271 seconds, Stopping threads took: 0.0000243 seconds
2015-08-03T21:34:11.624-0200: 312.127: Total time for which application threads were stopped: 0.0003891 seconds, Stopping threads took: 0.0000627 seconds
2015-08-03T21:34:11.625-0200: 312.128: Total time for which application threads were stopped: 0.0002898 seconds, Stopping threads took: 0.0000612 seconds
2015-08-03T21:34:11.626-0200: 312.128: Total time for which application threads were stopped: 0.0004660 seconds, Stopping threads took: 0.0000364 seconds
2015-08-03T21:34:11.627-0200: 312.130: Total time for which application threads were stopped: 0.0003436 seconds, Stopping threads took: 0.0000747 seconds
{Heap before GC invocations=83 (full 2):
 par new generation   total 109248K, used 92454K [0x00000007a0000000, 0x00000007a8000000, 0x00000007a8000000)
  eden space 87424K, 100% used [0x00000007a0000000, 0x00000007a5560000, 0x00000007a5560000)
  from space 21824K,  23% used [0x00000007a6ab0000, 0x00000007a6f99a18, 0x00000007a8000000)
  to   space 21824K,   0% used [0x00000007a5560000, 0x00000007a5560000, 0x00000007a6ab0000)
 concurrent mark-sweep generation total 393216K, used 74806K [0x00000007a8000000, 0x00000007c0000000, 0x00000007c0000000)
 Metaspace       used 40391K, capacity 41130K, committed 41464K, reserved 1085440K
  class space    used 4320K, capacity 4543K, committed 4604K, reserved 1048576K
2015-08-03T21:34:12.288-0200: 312.790: [GC (Allocation Failure) 312.790: [ParNew
Desired survivor size 20112992 bytes, new threshold 8 (max 8)
- age   1:    1391944 bytes,    1391944 total
- age   2:     234448 bytes,    1626392 total
- age   3:     742456 bytes,    2368848 total
- age   4:     183464 bytes,    2552312 total
- age   5:      11152 bytes,    2563464 total
- age   6:     369448 bytes,    2932912 total
- age   7:      16760 bytes,    2949672 total
- age   8:      13784 bytes,    2963456 total
: 92454K->4155K(109248K), 0.0067276 secs] 167260K->79372K(502464K), 0.0068069 secs] [Times: user=0.01 sys=0.00, real=0.01 secs] 
Heap after GC invocations=84 (full 2):
 par new generation   total 109248K, used 4155K [0x00000007a0000000, 0x00000007a8000000, 0x00000007a8000000)
  eden space 87424K,   0% used [0x00000007a0000000, 0x00000007a0000000, 0x00000007a5560000)
  from space 21824K,  19% used [0x00000007a5560000, 0x00000007a596ed50, 0x00000007a6ab0000)
  to   space 21824K,   0% used [0x00000007a6ab0000, 0x00000007a6ab0000, 0x00000007a8000000)
 concurrent mark-sweep generation total 393216K, used 75217K [0x00000007a8000000, 0x00000007c0000000, 0x00000007c0000000)
 Metaspace       used 40391K, capacity 41130K, committed 41464K, reserved 1085440K
  class space    used 4320K, capacity 4543K, committed 4604K, reserved 1048576K
}
2015-08-03T21:34:12.295-0200: 312.797: Total time for which application threads were stopped: 0.0072682 seconds, Stopping threads took: 0.0000292 seconds
2015-08-03T21:34:12.770-0200: 313.273: Total time for which application threads were stopped: 0.0004107 seconds, Stopping threads took: 0.0000717 seconds
2015-08-03T21:34:12.770-0200: 313.273: Total time for which application threads were stopped: 0.0001758 seconds, Stopping threads took: 0.0000356 seconds
2015-08-03T21:34:12.770-0200: 313.273: Total time for which application threads were stopped: 0.0001797 seconds, Stopping threads took: 0.0000289 seconds
2015-08-03T21:34:12.771-0200: 313.273: Total time for which application threads were stopped: 0.0001839 seconds, Stopping threads took: 0.0000345 seconds
2015-08-03T21:34:12.771-0200: 313.273: Total time for which application threads were stopped: 0.0001617 seconds, Stopping threads took: 0.0000335 seconds
{Heap before GC invocations=84 (full 2):
 par new generation   total 109248K, used 91579K [0x00000007a0000000, 0x00000007a8000000, 0x00000007a8000000)
  eden space 87424K, 100% used [0x00000007a0000000, 0x00000007a5560000, 0x00000007a5560000)
  from space 21824K,  19% used [0x00000007a5560000, 0x00000007a596ed50, 0x00000007a6ab0000)
  to   space 21824K,   0% used [0x00000007a6ab0000, 0x00000007a6ab0000, 0x00000007a8000000)
 concurrent mark-sweep generation total 393216K, used 75217K [0x00000007a8000000, 0x00000007c0000000, 0x00000007c0000000)
 Metaspace       used 40399K, capacity 41130K, committed 41464K, reserved 1085440K
  class space    used 4320K, capacity 4543K, committed 4604K, reserved 1048576K
2015-08-03T21:34:13.481-0200: 313.984: [GC (Allocation Failure) 313.985: [ParNew
Desired survivor size 20112992 bytes, new threshold 8 (max 8)
- age   1:    1481216 bytes,    1481216 total
- age   2:     705656 bytes,    2186872 total
- age   3:      12968 bytes,    2199840 total
- age   4:     370672 bytes,    2570512 total
- age   5:     179704 bytes,    2750216 total
- age   6:      10280 bytes,    2760496 total
- age   7:     368848 bytes,    3129344 total
- age   8:      16736 bytes,    3146080 total
: 91579K->3867K(109248K), 0.0199092 secs] 166796K->79098K(502464K), 0.0206835 secs] [Times: user=0.03 sys=0.00, real=0.02 secs] 
Heap after GC invocations=85 (full 2):
 par new generation   total 109248K, used 3867K [0x00000007a0000000, 0x00000007a8000000, 0x00000007a8000000)
  eden space 87424K,   0% used [0x00000007a0000000, 0x00000007a0000000, 0x00000007a5560000)
  from space 21824K,  17% used [0x00000007a6ab0000, 0x00000007a6e76db0, 0x00000007a8000000)
  to   space 21824K,   0% used [0x00000007a5560000, 0x00000007a5560000, 0x00000007a6ab0000)
 concurrent mark-sweep generation total 393216K, used 75230K [0x00000007a8000000, 0x00000007c0000000, 0x00000007c0000000)
 Metaspace       used 40399K, capacity 41130K, committed 41464K, reserved 1085440K
  class space    used 4320K, capacity 4543K, committed 4604K, reserved 1048576K
}
2015-08-03T21:34:13.502-0200: 314.005: Total time for which application threads were stopped: 0.0211409 seconds, Stopping threads took: 0.0000297 seconds
2015-08-03T21:34:14.506-0200: 315.009: Total time for which application threads were stopped: 0.0002500 seconds, Stopping threads took: 0.0000318 seconds
{Heap before GC invocations=85 (full 2):
 par new generation   total 109248K, used 91291K [0x00000007a0000000, 0x00000007a8000000, 0x00000007a8000000)
  eden space 87424K, 100% used [0x00000007a0000000, 0x00000007a5560000, 0x00000007a5560000)
  from space 21824K,  17% used [0x00000007a6ab0000, 0x00000007a6e76db0, 0x00000007a8000000)
  to   space 21824K,   0% used [0x00000007a5560000, 0x00000007a5560000, 0x00000007a6ab0000)
 concurrent mark-sweep generation total 393216K, used 75230K [0x00000007a8000000, 0x00000007c0000000, 0x00000007c0000000)
 Metaspace       used 40407K, capacity 41130K, committed 41464K, reserved 1085440K
  class space    used 4320K, capacity 4543K, committed 4604K, reserved 1048576K
2015-08-03T21:34:14.788-0200: 315.291: [GC (Allocation Failure) 315.291: [ParNew
Desired survivor size 20112992 bytes, new threshold 8 (max 8)
- age   1:    1422968 bytes,    1422968 total
- age   2:     805792 bytes,    2228760 total
- age   3:     334064 bytes,    2562824 total
- age   4:       8160 bytes,    2570984 total
- age   5:     367432 bytes,    2938416 total
- age   6:     178960 bytes,    3117376 total
- age   7:      10232 bytes,    3127608 total
- age   8:     368800 bytes,    3496408 total
: 91291K->5382K(109248K), 0.0092828 secs] 166522K->80629K(502464K), 0.0094201 secs] [Times: user=0.02 sys=0.00, real=0.01 secs] 
Heap after GC invocations=86 (full 2):
 par new generation   total 109248K, used 5382K [0x00000007a0000000, 0x00000007a8000000, 0x00000007a8000000)
  eden space 87424K,   0% used [0x00000007a0000000, 0x00000007a0000000, 0x00000007a5560000)
  from space 21824K,  24% used [0x00000007a5560000, 0x00000007a5aa1840, 0x00000007a6ab0000)
  to   space 21824K,   0% used [0x00000007a6ab0000, 0x00000007a6ab0000, 0x00000007a8000000)
 concurrent mark-sweep generation total 393216K, used 75247K [0x00000007a8000000, 0x00000007c0000000, 0x00000007c0000000)
 Metaspace       used 40407K, capacity 41130K, committed 41464K, reserved 1085440K
  class space    used 4320K, capacity 4543K, committed 4604K, reserved 1048576K
}
2015-08-03T21:34:14.798-0200: 315.301: Total time for which application threads were stopped: 0.0101123 seconds, Stopping threads took: 0.0000630 seconds
{Heap before GC invocations=86 (full 2):
 par new generation   total 109248K, used 92806K [0x00000007a0000000, 0x00000007a8000000, 0x00000007a8000000)
  eden space 87424K, 100% used [0x00000007a0000000, 0x00000007a5560000, 0x00000007a5560000)
  from space 21824K,  24% used [0x00000007a5560000, 0x00000007a5aa1840, 0x00000007a6ab0000)
  to   space 21824K,   0% used [0x00000007a6ab0000, 0x00000007a6ab0000, 0x00000007a8000000)
 concurrent mark-sweep generation total 393216K, used 75247K [0x00000007a8000000, 0x00000007c0000000, 0x00000007c0000000)
 Metaspace       used 40407K, capacity 41130K, committed 41464K, reserved 1085440K
  class space    used 4320K, capacity 4543K, committed 4604K, reserved 1048576K
2015-08-03T21:34:15.691-0200: 316.194: [GC (Allocation Failure) 316.194: [ParNew
Desired survivor size 20112992 bytes, new threshold 8 (max 8)
- age   1:     950728 bytes,     950728 total
- age   2:     749192 bytes,    1699920 total
- age   3:     803312 bytes,    2503232 total
- age   4:     331672 bytes,    2834904 total
- age   5:       8160 bytes,    2843064 total
- age   6:     367432 bytes,    3210496 total
- age   7:     178936 bytes,    3389432 total
- age   8:      10232 bytes,    3399664 total
: 92806K->4197K(109248K), 0.0132615 secs] 168053K->79805K(502464K), 0.0133416 secs] [Times: user=0.02 sys=0.00, real=0.01 secs] 
Heap after GC invocations=87 (full 2):
 par new generation   total 109248K, used 4197K [0x00000007a0000000, 0x00000007a8000000, 0x00000007a8000000)
  eden space 87424K,   0% used [0x00000007a0000000, 0x00000007a0000000, 0x00000007a5560000)
  from space 21824K,  19% used [0x00000007a6ab0000, 0x00000007a6ec9620, 0x00000007a8000000)
  to   space 21824K,   0% used [0x00000007a5560000, 0x00000007a5560000, 0x00000007a6ab0000)
 concurrent mark-sweep generation total 393216K, used 75607K [0x00000007a8000000, 0x00000007c0000000, 0x00000007c0000000)
 Metaspace       used 40407K, capacity 41130K, committed 41464K, reserved 1085440K
  class space    used 4320K, capacity 4543K, committed 4604K, reserved 1048576K
}
2015-08-03T21:34:15.705-0200: 316.208: Total time for which application threads were stopped: 0.0137574 seconds, Stopping threads took: 0.0000219 seconds
2015-08-03T21:34:15.795-0200: 316.298: Total time for which application threads were stopped: 0.0009143 seconds, Stopping threads took: 0.0006157 seconds
2015-08-03T21:34:15.796-0200: 316.299: Total time for which application threads were stopped: 0.0003727 seconds, Stopping threads took: 0.0000958 seconds
2015-08-03T21:34:15.798-0200: 316.300: Total time for which application threads were stopped: 0.0006558 seconds, Stopping threads took: 0.0001184 seconds
{Heap before GC invocations=87 (full 2):
 par new generation   total 109248K, used 91621K [0x00000007a0000000, 0x00000007a8000000, 0x00000007a8000000)
  eden space 87424K, 100% used [0x00000007a0000000, 0x00000007a5560000, 0x00000007a5560000)
  from space 21824K,  19% used [0x00000007a6ab0000, 0x00000007a6ec9620, 0x00000007a8000000)
  to   space 21824K,   0% used [0x00000007a5560000, 0x00000007a5560000, 0x00000007a6ab0000)
 concurrent mark-sweep generation total 393216K, used 75607K [0x00000007a8000000, 0x00000007c0000000, 0x00000007c0000000)
 Metaspace       used 40420K, capacity 41130K, committed 41464K, reserved 1085440K
  class space    used 4320K, capacity 4543K, committed 4604K, reserved 1048576K
2015-08-03T21:34:16.686-0200: 317.189: [GC (Allocation Failure) 317.189: [ParNew
Desired survivor size 20112992 bytes, new threshold 8 (max 8)
- age   1:    1270608 bytes,    1270608 total
- age   2:     269104 bytes,    1539712 total
- age   3:     559080 bytes,    2098792 total
- age   4:     457784 bytes,    2556576 total
- age   5:     330840 bytes,    2887416 total
- age   6:       8128 bytes,    2895544 total
- age   7:     366440 bytes,    3261984 total
- age   8:     178912 bytes,    3440896 total
: 91621K->5025K(109248K), 0.0069623 secs] 167229K->80643K(502464K), 0.0070683 secs] [Times: user=0.02 sys=0.00, real=0.01 secs] 
Heap after GC invocations=88 (full 2):
 par new generation   total 109248K, used 5025K [0x00000007a0000000, 0x00000007a8000000, 0x00000007a8000000)
  eden space 87424K,   0% used [0x00000007a0000000, 0x00000007a0000000, 0x00000007a5560000)
  from space 21824K,  23% used [0x00000007a5560000, 0x00000007a5a48528, 0x00000007a6ab0000)
  to   space 21824K,   0% used [0x00000007a6ab0000, 0x00000007a6ab0000, 0x00000007a8000000)
 concurrent mark-sweep generation total 393216K, used 75617K [0x00000007a8000000, 0x00000007c0000000, 0x00000007c0000000)
 Metaspace       used 40420K, capacity 41130K, committed 41464K, reserved 1085440K
  class space    used 4320K, capacity 4543K, committed 4604K, reserved 1048576K
}
2015-08-03T21:34:16.693-0200: 317.196: Total time for which application threads were stopped: 0.0076792 seconds, Stopping threads took: 0.0000306 seconds
2015-08-03T21:34:17.317-0200: 317.820: Total time for which application threads were stopped: 0.0002553 seconds, Stopping threads took: 0.0000206 seconds
2015-08-03T21:34:17.317-0200: 317.820: Total time for which application threads were stopped: 0.0001244 seconds, Stopping threads took: 0.0000139 seconds
2015-08-03T21:34:17.332-0200: 317.834: Total time for which application threads were stopped: 0.0002546 seconds, Stopping threads took: 0.0000373 seconds
{Heap before GC invocations=88 (full 2):
 par new generation   total 109248K, used 92449K [0x00000007a0000000, 0x00000007a8000000, 0x00000007a8000000)
  eden space 87424K, 100% used [0x00000007a0000000, 0x00000007a5560000, 0x00000007a5560000)
  from space 21824K,  23% used [0x00000007a5560000, 0x00000007a5a48528, 0x00000007a6ab0000)
  to   space 21824K,   0% used [0x00000007a6ab0000, 0x00000007a6ab0000, 0x00000007a8000000)
 concurrent mark-sweep generation total 393216K, used 75617K [0x00000007a8000000, 0x00000007c0000000, 0x00000007c0000000)
 Metaspace       used 40456K, capacity 41194K, committed 41464K, reserved 1085440K
  class space    used 4326K, capacity 4543K, committed 4604K, reserved 1048576K
2015-08-03T21:34:17.680-0200: 318.183: [GC (Allocation Failure) 318.183: [ParNew
Desired survivor size 20112992 bytes, new threshold 8 (max 8)
- age   1:    1069088 bytes,    1069088 total
- age   2:     834416 bytes,    1903504 total
- age   3:     246136 bytes,    2149640 total
- age   4:     558976 bytes,    2708616 total
- age   5:     457000 bytes,    3165616 total
- age   6:     330792 bytes,    3496408 total
- age   7:       8104 bytes,    3504512 total
- age   8:     366392 bytes,    3870904 total
: 92449K->4945K(109248K), 0.0071071 secs] 168067K->80738K(502464K), 0.0072147 secs] [Times: user=0.02 sys=0.00, real=0.00 secs] 
Heap after GC invocations=89 (full 2):
 par new generation   total 109248K, used 4945K [0x00000007a0000000, 0x00000007a8000000, 0x00000007a8000000)
  eden space 87424K,   0% used [0x00000007a0000000, 0x00000007a0000000, 0x00000007a5560000)
  from space 21824K,  22% used [0x00000007a6ab0000, 0x00000007a6f84400, 0x00000007a8000000)
  to   space 21824K,   0% used [0x00000007a5560000, 0x00000007a5560000, 0x00000007a6ab0000)
 concurrent mark-sweep generation total 393216K, used 75793K [0x00000007a8000000, 0x00000007c0000000, 0x00000007c0000000)
 Metaspace       used 40456K, capacity 41194K, committed 41464K, reserved 1085440K
  class space    used 4326K, capacity 4543K, committed 4604K, reserved 1048576K
}
2015-08-03T21:34:17.688-0200: 318.190: Total time for which application threads were stopped: 0.0076130 seconds, Stopping threads took: 0.0000287 seconds
{Heap before GC invocations=89 (full 2):
 par new generation   total 109248K, used 92369K [0x00000007a0000000, 0x00000007a8000000, 0x00000007a8000000)
  eden space 87424K, 100% used [0x00000007a0000000, 0x00000007a5560000, 0x00000007a5560000)
  from space 21824K,  22% used [0x00000007a6ab0000, 0x00000007a6f84400, 0x00000007a8000000)
  to   space 21824K,   0% used [0x00000007a5560000, 0x00000007a5560000, 0x00000007a6ab0000)
 concurrent mark-sweep generation total 393216K, used 75793K [0x00000007a8000000, 0x00000007c0000000, 0x00000007c0000000)
 Metaspace       used 40459K, capacity 41194K, committed 41464K, reserved 1085440K
  class space    used 4327K, capacity 4543K, committed 4604K, reserved 1048576K
2015-08-03T21:34:18.528-0200: 319.031: [GC (Allocation Failure) 319.031: [ParNew
Desired survivor size 20112992 bytes, new threshold 8 (max 8)
- age   1:    1634840 bytes,    1634840 total
- age   2:     198504 bytes,    1833344 total
- age   3:     746824 bytes,    2580168 total
- age   4:      10120 bytes,    2590288 total
- age   5:     300984 bytes,    2891272 total
- age   6:     457000 bytes,    3348272 total
- age   7:     330424 bytes,    3678696 total
- age   8:       8032 bytes,    3686728 total
: 92369K->4780K(109248K), 0.0075590 secs] 168162K->80931K(502464K), 0.0076466 secs] [Times: user=0.02 sys=0.00, real=0.01 secs] 
Heap after GC invocations=90 (full 2):
 par new generation   total 109248K, used 4780K [0x00000007a0000000, 0x00000007a8000000, 0x00000007a8000000)
  eden space 87424K,   0% used [0x00000007a0000000, 0x00000007a0000000, 0x00000007a5560000)
  from space 21824K,  21% used [0x00000007a5560000, 0x00000007a5a0b050, 0x00000007a6ab0000)
  to   space 21824K,   0% used [0x00000007a6ab0000, 0x00000007a6ab0000, 0x00000007a8000000)
 concurrent mark-sweep generation total 393216K, used 76151K [0x00000007a8000000, 0x00000007c0000000, 0x00000007c0000000)
 Metaspace       used 40459K, capacity 41194K, committed 41464K, reserved 1085440K
  class space    used 4327K, capacity 4543K, committed 4604K, reserved 1048576K
}
2015-08-03T21:34:18.536-0200: 319.039: Total time for which application threads were stopped: 0.0081177 seconds, Stopping threads took: 0.0000298 seconds
2015-08-03T21:34:18.934-0200: 319.437: Total time for which application threads were stopped: 0.0002943 seconds, Stopping threads took: 0.0000286 seconds
2015-08-03T21:34:18.940-0200: 319.443: Total time for which application threads were stopped: 0.0003152 seconds, Stopping threads took: 0.0000377 seconds
2015-08-03T21:34:18.943-0200: 319.446: Total time for which application threads were stopped: 0.0003578 seconds, Stopping threads took: 0.0000491 seconds
{Heap before GC invocations=90 (full 2):
 par new generation   total 109248K, used 92204K [0x00000007a0000000, 0x00000007a8000000, 0x00000007a8000000)
  eden space 87424K, 100% used [0x00000007a0000000, 0x00000007a5560000, 0x00000007a5560000)
  from space 21824K,  21% used [0x00000007a5560000, 0x00000007a5a0b050, 0x00000007a6ab0000)
  to   space 21824K,   0% used [0x00000007a6ab0000, 0x00000007a6ab0000, 0x00000007a8000000)
 concurrent mark-sweep generation total 393216K, used 76151K [0x00000007a8000000, 0x00000007c0000000, 0x00000007c0000000)
 Metaspace       used 40460K, capacity 41194K, committed 41464K, reserved 1085440K
  class space    used 4327K, capacity 4543K, committed 4604K, reserved 1048576K
2015-08-03T21:34:19.336-0200: 319.839: [GC (Allocation Failure) 319.839: [ParNew
Desired survivor size 20112992 bytes, new threshold 8 (max 8)
- age   1:    1491376 bytes,    1491376 total
- age   2:     794896 bytes,    2286272 total
- age   3:      22992 bytes,    2309264 total
- age   4:      20416 bytes,    2329680 total
- age   5:      10120 bytes,    2339800 total
- age   6:     299568 bytes,    2639368 total
- age   7:      16224 bytes,    2655592 total
- age   8:     330424 bytes,    2986016 total
: 92204K->4059K(109248K), 0.0059254 secs] 168355K->80218K(502464K), 0.0064097 secs] [Times: user=0.02 sys=0.00, real=0.01 secs] 
Heap after GC invocations=91 (full 2):
 par new generation   total 109248K, used 4059K [0x00000007a0000000, 0x00000007a8000000, 0x00000007a8000000)
  eden space 87424K,   0% used [0x00000007a0000000, 0x00000007a0000000, 0x00000007a5560000)
  from space 21824K,  18% used [0x00000007a6ab0000, 0x00000007a6ea6d20, 0x00000007a8000000)
  to   space 21824K,   0% used [0x00000007a5560000, 0x00000007a5560000, 0x00000007a6ab0000)
 concurrent mark-sweep generation total 393216K, used 76159K [0x00000007a8000000, 0x00000007c0000000, 0x00000007c0000000)
 Metaspace       used 40460K, capacity 41194K, committed 41464K, reserved 1085440K
  class space    used 4327K, capacity 4543K, committed 4604K, reserved 1048576K
}
2015-08-03T21:34:19.342-0200: 319.845: Total time for which application threads were stopped: 0.0068107 seconds, Stopping threads took: 0.0000258 seconds
{Heap before GC invocations=91 (full 2):
 par new generation   total 109248K, used 91483K [0x00000007a0000000, 0x00000007a8000000, 0x00000007a8000000)
  eden space 87424K, 100% used [0x00000007a0000000, 0x00000007a5560000, 0x00000007a5560000)
  from space 21824K,  18% used [0x00000007a6ab0000, 0x00000007a6ea6d20, 0x00000007a8000000)
  to   space 21824K,   0% used [0x00000007a5560000, 0x00000007a5560000, 0x00000007a6ab0000)
 concurrent mark-sweep generation total 393216K, used 76159K [0x00000007a8000000, 0x00000007c0000000, 0x00000007c0000000)
 Metaspace       used 40460K, capacity 41194K, committed 41464K, reserved 1085440K
  class space    used 4327K, capacity 4543K, committed 4604K, reserved 1048576K
2015-08-03T21:34:20.207-0200: 320.710: [GC (Allocation Failure) 320.710: [ParNew
Desired survivor size 20112992 bytes, new threshold 8 (max 8)
- age   1:     863120 bytes,     863120 total
- age   2:    1035704 bytes,    1898824 total
- age   3:     778784 bytes,    2677608 total
- age   4:      21192 bytes,    2698800 total
- age   5:      19520 bytes,    2718320 total
- age   6:       9336 bytes,    2727656 total
- age   7:     299568 bytes,    3027224 total
- age   8:      16224 bytes,    3043448 total
: 91483K->3861K(109248K), 0.0060875 secs] 167642K->80344K(502464K), 0.0061560 secs] [Times: user=0.02 sys=0.00, real=0.01 secs] 
Heap after GC invocations=92 (full 2):
 par new generation   total 109248K, used 3861K [0x00000007a0000000, 0x00000007a8000000, 0x00000007a8000000)
  eden space 87424K,   0% used [0x00000007a0000000, 0x00000007a0000000, 0x00000007a5560000)
  from space 21824K,  17% used [0x00000007a5560000, 0x00000007a5925550, 0x00000007a6ab0000)
  to   space 21824K,   0% used [0x00000007a6ab0000, 0x00000007a6ab0000, 0x00000007a8000000)
 concurrent mark-sweep generation total 393216K, used 76482K [0x00000007a8000000, 0x00000007c0000000, 0x00000007c0000000)
 Metaspace       used 40460K, capacity 41194K, committed 41464K, reserved 1085440K
  class space    used 4327K, capacity 4543K, committed 4604K, reserved 1048576K
}
2015-08-03T21:34:20.213-0200: 320.716: Total time for which application threads were stopped: 0.0065055 seconds, Stopping threads took: 0.0000232 seconds
{Heap before GC invocations=92 (full 2):
 par new generation   total 109248K, used 91253K [0x00000007a0000000, 0x00000007a8000000, 0x00000007a8000000)
  eden space 87424K,  99% used [0x00000007a0000000, 0x00000007a5557f28, 0x00000007a5560000)
  from space 21824K,  17% used [0x00000007a5560000, 0x00000007a5925550, 0x00000007a6ab0000)
  to   space 21824K,   0% used [0x00000007a6ab0000, 0x00000007a6ab0000, 0x00000007a8000000)
 concurrent mark-sweep generation total 393216K, used 76482K [0x00000007a8000000, 0x00000007c0000000, 0x00000007c0000000)
 Metaspace       used 40462K, capacity 41194K, committed 41464K, reserved 1085440K
  class space    used 4327K, capacity 4543K, committed 4604K, reserved 1048576K
2015-08-03T21:34:21.031-0200: 321.534: [GC (Allocation Failure) 321.534: [ParNew
Desired survivor size 20112992 bytes, new threshold 8 (max 8)
- age   1:    1353744 bytes,    1353744 total
- age   2:     211880 bytes,    1565624 total
- age   3:     813160 bytes,    2378784 total
- age   4:     405416 bytes,    2784200 total
- age   5:      21144 bytes,    2805344 total
- age   6:      19520 bytes,    2824864 total
- age   7:       9336 bytes,    2834200 total
- age   8:     299216 bytes,    3133416 total
: 91253K->4576K(109248K), 0.0065273 secs] 167736K->81075K(502464K), 0.0066260 secs] [Times: user=0.02 sys=0.00, real=0.00 secs] 
Heap after GC invocations=93 (full 2):
 par new generation   total 109248K, used 4576K [0x00000007a0000000, 0x00000007a8000000, 0x00000007a8000000)
  eden space 87424K,   0% used [0x00000007a0000000, 0x00000007a0000000, 0x00000007a5560000)
  from space 21824K,  20% used [0x00000007a6ab0000, 0x00000007a6f282c0, 0x00000007a8000000)
  to   space 21824K,   0% used [0x00000007a5560000, 0x00000007a5560000, 0x00000007a6ab0000)
 concurrent mark-sweep generation total 393216K, used 76498K [0x00000007a8000000, 0x00000007c0000000, 0x00000007c0000000)
 Metaspace       used 40462K, capacity 41194K, committed 41464K, reserved 1085440K
  class space    used 4327K, capacity 4543K, committed 4604K, reserved 1048576K
}
2015-08-03T21:34:21.037-0200: 321.540: Total time for which application threads were stopped: 0.0071290 seconds, Stopping threads took: 0.0000426 seconds
{Heap before GC invocations=93 (full 2):
 par new generation   total 109248K, used 92000K [0x00000007a0000000, 0x00000007a8000000, 0x00000007a8000000)
  eden space 87424K, 100% used [0x00000007a0000000, 0x00000007a5560000, 0x00000007a5560000)
  from space 21824K,  20% used [0x00000007a6ab0000, 0x00000007a6f282c0, 0x00000007a8000000)
  to   space 21824K,   0% used [0x00000007a5560000, 0x00000007a5560000, 0x00000007a6ab0000)
 concurrent mark-sweep generation total 393216K, used 76498K [0x00000007a8000000, 0x00000007c0000000, 0x00000007c0000000)
 Metaspace       used 40462K, capacity 41194K, committed 41464K, reserved 1085440K
  class space    used 4327K, capacity 4543K, committed 4604K, reserved 1048576K
2015-08-03T21:34:21.868-0200: 322.371: [GC (Allocation Failure) 322.371: [ParNew
Desired survivor size 20112992 bytes, new threshold 8 (max 8)
- age   1:     896544 bytes,     896544 total
- age   2:     886736 bytes,    1783280 total
- age   3:     187136 bytes,    1970416 total
- age   4:     812328 bytes,    2782744 total
- age   5:     403048 bytes,    3185792 total
- age   6:      21080 bytes,    3206872 total
- age   7:      19464 bytes,    3226336 total
- age   8:       9336 bytes,    3235672 total
: 92000K->4503K(109248K), 0.0062662 secs] 168499K->81294K(502464K), 0.0063496 secs] [Times: user=0.02 sys=0.01, real=0.01 secs] 
Heap after GC invocations=94 (full 2):
 par new generation   total 109248K, used 4503K [0x00000007a0000000, 0x00000007a8000000, 0x00000007a8000000)
  eden space 87424K,   0% used [0x00000007a0000000, 0x00000007a0000000, 0x00000007a5560000)
  from space 21824K,  20% used [0x00000007a5560000, 0x00000007a59c5d20, 0x00000007a6ab0000)
  to   space 21824K,   0% used [0x00000007a6ab0000, 0x00000007a6ab0000, 0x00000007a8000000)
 concurrent mark-sweep generation total 393216K, used 76791K [0x00000007a8000000, 0x00000007c0000000, 0x00000007c0000000)
 Metaspace       used 40462K, capacity 41194K, committed 41464K, reserved 1085440K
  class space    used 4327K, capacity 4543K, committed 4604K, reserved 1048576K
}
2015-08-03T21:34:21.875-0200: 322.378: Total time for which application threads were stopped: 0.0067473 seconds, Stopping threads took: 0.0000330 seconds
2015-08-03T21:34:22.877-0200: 323.380: Total time for which application threads were stopped: 0.0003029 seconds, Stopping threads took: 0.0000673 seconds
{Heap before GC invocations=94 (full 2):
 par new generation   total 109248K, used 91927K [0x00000007a0000000, 0x00000007a8000000, 0x00000007a8000000)
  eden space 87424K, 100% used [0x00000007a0000000, 0x00000007a5560000, 0x00000007a5560000)
  from space 21824K,  20% used [0x00000007a5560000, 0x00000007a59c5d20, 0x00000007a6ab0000)
  to   space 21824K,   0% used [0x00000007a6ab0000, 0x00000007a6ab0000, 0x00000007a8000000)
 concurrent mark-sweep generation total 393216K, used 76791K [0x00000007a8000000, 0x00000007c0000000, 0x00000007c0000000)
 Metaspace       used 40463K, capacity 41194K, committed 41464K, reserved 1085440K
  class space    used 4327K, capacity 4543K, committed 4604K, reserved 1048576K
2015-08-03T21:34:23.052-0200: 323.555: [GC (Allocation Failure) 323.555: [ParNew
Desired survivor size 20112992 bytes, new threshold 8 (max 8)
- age   1:    1434256 bytes,    1434256 total
- age   2:     236808 bytes,    1671064 total
- age   3:     753456 bytes,    2424520 total
- age   4:      10000 bytes,    2434520 total
- age   5:     455056 bytes,    2889576 total
- age   6:     402224 bytes,    3291800 total
- age   7:      21032 bytes,    3312832 total
- age   8:      18792 bytes,    3331624 total
: 91927K->4088K(109248K), 0.0073992 secs] 168718K->80888K(502464K), 0.0075240 secs] [Times: user=0.02 sys=0.00, real=0.00 secs] 
Heap after GC invocations=95 (full 2):
 par new generation   total 109248K, used 4088K [0x00000007a0000000, 0x00000007a8000000, 0x00000007a8000000)
  eden space 87424K,   0% used [0x00000007a0000000, 0x00000007a0000000, 0x00000007a5560000)
  from space 21824K,  18% used [0x00000007a6ab0000, 0x00000007a6eae0d0, 0x00000007a8000000)
  to   space 21824K,   0% used [0x00000007a5560000, 0x00000007a5560000, 0x00000007a6ab0000)
 concurrent mark-sweep generation total 393216K, used 76800K [0x00000007a8000000, 0x00000007c0000000, 0x00000007c0000000)
 Metaspace       used 40463K, capacity 41194K, committed 41464K, reserved 1085440K
  class space    used 4327K, capacity 4543K, committed 4604K, reserved 1048576K
}
2015-08-03T21:34:23.059-0200: 323.562: Total time for which application threads were stopped: 0.0079984 seconds, Stopping threads took: 0.0000317 seconds
2015-08-03T21:34:23.118-0200: 323.621: Total time for which application threads were stopped: 0.0003339 seconds, Stopping threads took: 0.0000559 seconds
2015-08-03T21:34:23.122-0200: 323.625: Total time for which application threads were stopped: 0.0003411 seconds, Stopping threads took: 0.0000543 seconds
2015-08-03T21:34:23.123-0200: 323.626: Total time for which application threads were stopped: 0.0002206 seconds, Stopping threads took: 0.0000182 seconds
2015-08-03T21:34:23.123-0200: 323.626: Total time for which application threads were stopped: 0.0002725 seconds, Stopping threads took: 0.0000960 seconds
2015-08-03T21:34:23.124-0200: 323.627: Total time for which application threads were stopped: 0.0003121 seconds, Stopping threads took: 0.0000500 seconds
2015-08-03T21:34:23.127-0200: 323.630: Total time for which application threads were stopped: 0.0002775 seconds, Stopping threads took: 0.0000616 seconds
2015-08-03T21:34:23.354-0200: 323.857: Total time for which application threads were stopped: 0.0003052 seconds, Stopping threads took: 0.0000329 seconds
2015-08-03T21:34:23.354-0200: 323.857: Total time for which application threads were stopped: 0.0001593 seconds, Stopping threads took: 0.0000133 seconds
{Heap before GC invocations=95 (full 2):
 par new generation   total 109248K, used 91324K [0x00000007a0000000, 0x00000007a8000000, 0x00000007a8000000)
  eden space 87424K,  99% used [0x00000007a0000000, 0x00000007a5531000, 0x00000007a5560000)
  from space 21824K,  18% used [0x00000007a6ab0000, 0x00000007a6eae0d0, 0x00000007a8000000)
  to   space 21824K,   0% used [0x00000007a5560000, 0x00000007a5560000, 0x00000007a6ab0000)
 concurrent mark-sweep generation total 393216K, used 76800K [0x00000007a8000000, 0x00000007c0000000, 0x00000007c0000000)
 Metaspace       used 40471K, capacity 41194K, committed 41464K, reserved 1085440K
  class space    used 4328K, capacity 4543K, committed 4604K, reserved 1048576K
2015-08-03T21:34:23.801-0200: 324.305: [GC (Allocation Failure) 324.305: [ParNew
Desired survivor size 20112992 bytes, new threshold 8 (max 8)
- age   1:    1967944 bytes,    1967944 total
- age   2:     846080 bytes,    2814024 total
- age   3:       8256 bytes,    2822280 total
- age   4:     440992 bytes,    3263272 total
- age   5:       9976 bytes,    3273248 total
- age   6:     453664 bytes,    3726912 total
- age   7:     392832 bytes,    4119744 total
- age   8:      20960 bytes,    4140704 total
: 91324K->5698K(109248K), 0.0083936 secs] 168124K->82517K(502464K), 0.0085056 secs] [Times: user=0.03 sys=0.00, real=0.01 secs] 
Heap after GC invocations=96 (full 2):
 par new generation   total 109248K, used 5698K [0x00000007a0000000, 0x00000007a8000000, 0x00000007a8000000)
  eden space 87424K,   0% used [0x00000007a0000000, 0x00000007a0000000, 0x00000007a5560000)
  from space 21824K,  26% used [0x00000007a5560000, 0x00000007a5af0800, 0x00000007a6ab0000)
  to   space 21824K,   0% used [0x00000007a6ab0000, 0x00000007a6ab0000, 0x00000007a8000000)
 concurrent mark-sweep generation total 393216K, used 76819K [0x00000007a8000000, 0x00000007c0000000, 0x00000007c0000000)
 Metaspace       used 40471K, capacity 41194K, committed 41464K, reserved 1085440K
  class space    used 4328K, capacity 4543K, committed 4604K, reserved 1048576K
}
2015-08-03T21:34:23.810-0200: 324.313: Total time for which application threads were stopped: 0.0089683 seconds, Stopping threads took: 0.0000424 seconds
2015-08-03T21:34:24.585-0200: 325.088: Total time for which application threads were stopped: 0.0003373 seconds, Stopping threads took: 0.0000476 seconds
2015-08-03T21:34:24.585-0200: 325.089: Total time for which application threads were stopped: 0.0002431 seconds, Stopping threads took: 0.0000749 seconds
2015-08-03T21:34:24.688-0200: 325.191: Total time for which application threads were stopped: 0.0005263 seconds, Stopping threads took: 0.0000578 seconds
2015-08-03T21:34:24.688-0200: 325.191: Total time for which application threads were stopped: 0.0003571 seconds, Stopping threads took: 0.0000125 seconds
{Heap before GC invocations=96 (full 2):
 par new generation   total 109248K, used 93122K [0x00000007a0000000, 0x00000007a8000000, 0x00000007a8000000)
  eden space 87424K, 100% used [0x00000007a0000000, 0x00000007a5560000, 0x00000007a5560000)
  from space 21824K,  26% used [0x00000007a5560000, 0x00000007a5af0800, 0x00000007a6ab0000)
  to   space 21824K,   0% used [0x00000007a6ab0000, 0x00000007a6ab0000, 0x00000007a8000000)
 concurrent mark-sweep generation total 393216K, used 76819K [0x00000007a8000000, 0x00000007c0000000, 0x00000007c0000000)
 Metaspace       used 40473K, capacity 41194K, committed 41464K, reserved 1085440K
  class space    used 4328K, capacity 4543K, committed 4604K, reserved 1048576K
2015-08-03T21:34:24.726-0200: 325.229: [GC (Allocation Failure) 325.232: [ParNew
Desired survivor size 20112992 bytes, new threshold 8 (max 8)
- age   1:    1734072 bytes,    1734072 total
- age   2:     581392 bytes,    2315464 total
- age   3:     456504 bytes,    2771968 total
- age   4:       8256 bytes,    2780224 total
- age   5:     440176 bytes,    3220400 total
- age   6:       9952 bytes,    3230352 total
- age   7:     448160 bytes,    3678512 total
- age   8:     392808 bytes,    4071320 total
: 93122K->5571K(109248K), 0.0071573 secs] 169941K->82411K(502464K), 0.0103607 secs] [Times: user=0.01 sys=0.00, real=0.01 secs] 
Heap after GC invocations=97 (full 2):
 par new generation   total 109248K, used 5571K [0x00000007a0000000, 0x00000007a8000000, 0x00000007a8000000)
  eden space 87424K,   0% used [0x00000007a0000000, 0x00000007a0000000, 0x00000007a5560000)
  from space 21824K,  25% used [0x00000007a6ab0000, 0x00000007a7020e40, 0x00000007a8000000)
  to   space 21824K,   0% used [0x00000007a5560000, 0x00000007a5560000, 0x00000007a6ab0000)
 concurrent mark-sweep generation total 393216K, used 76839K [0x00000007a8000000, 0x00000007c0000000, 0x00000007c0000000)
 Metaspace       used 40473K, capacity 41194K, committed 41464K, reserved 1085440K
  class space    used 4328K, capacity 4543K, committed 4604K, reserved 1048576K
}
2015-08-03T21:34:24.736-0200: 325.239: Total time for which application threads were stopped: 0.0107097 seconds, Stopping threads took: 0.0000225 seconds
2015-08-03T21:34:25.740-0200: 326.243: Total time for which application threads were stopped: 0.0003214 seconds, Stopping threads took: 0.0000408 seconds
{Heap before GC invocations=97 (full 2):
 par new generation   total 109248K, used 92995K [0x00000007a0000000, 0x00000007a8000000, 0x00000007a8000000)
  eden space 87424K, 100% used [0x00000007a0000000, 0x00000007a5560000, 0x00000007a5560000)
  from space 21824K,  25% used [0x00000007a6ab0000, 0x00000007a7020e40, 0x00000007a8000000)
  to   space 21824K,   0% used [0x00000007a5560000, 0x00000007a5560000, 0x00000007a6ab0000)
 concurrent mark-sweep generation total 393216K, used 76839K [0x00000007a8000000, 0x00000007c0000000, 0x00000007c0000000)
 Metaspace       used 40475K, capacity 41194K, committed 41464K, reserved 1085440K
  class space    used 4328K, capacity 4543K, committed 4604K, reserved 1048576K
2015-08-03T21:34:25.848-0200: 326.351: [GC (Allocation Failure) 326.351: [ParNew
Desired survivor size 20112992 bytes, new threshold 8 (max 8)
- age   1:    1219640 bytes,    1219640 total
- age   2:     920104 bytes,    2139744 total
- age   3:     576496 bytes,    2716240 total
- age   4:     428232 bytes,    3144472 total
- age   5:       8232 bytes,    3152704 total
- age   6:     440104 bytes,    3592808 total
- age   7:       9928 bytes,    3602736 total
- age   8:     448072 bytes,    4050808 total
: 92995K->5120K(109248K), 0.0073550 secs] 169835K->82344K(502464K), 0.0074447 secs] [Times: user=0.03 sys=0.00, real=0.01 secs] 
Heap after GC invocations=98 (full 2):
 par new generation   total 109248K, used 5120K [0x00000007a0000000, 0x00000007a8000000, 0x00000007a8000000)
  eden space 87424K,   0% used [0x00000007a0000000, 0x00000007a0000000, 0x00000007a5560000)
  from space 21824K,  23% used [0x00000007a5560000, 0x00000007a5a60140, 0x00000007a6ab0000)
  to   space 21824K,   0% used [0x00000007a6ab0000, 0x00000007a6ab0000, 0x00000007a8000000)
 concurrent mark-sweep generation total 393216K, used 77223K [0x00000007a8000000, 0x00000007c0000000, 0x00000007c0000000)
 Metaspace       used 40475K, capacity 41194K, committed 41464K, reserved 1085440K
  class space    used 4328K, capacity 4543K, committed 4604K, reserved 1048576K
}
2015-08-03T21:34:25.855-0200: 326.358: Total time for which application threads were stopped: 0.0079403 seconds, Stopping threads took: 0.0000327 seconds
2015-08-03T21:34:26.856-0200: 327.359: Total time for which application threads were stopped: 0.0002684 seconds, Stopping threads took: 0.0000285 seconds
{Heap before GC invocations=98 (full 2):
 par new generation   total 109248K, used 92544K [0x00000007a0000000, 0x00000007a8000000, 0x00000007a8000000)
  eden space 87424K, 100% used [0x00000007a0000000, 0x00000007a5560000, 0x00000007a5560000)
  from space 21824K,  23% used [0x00000007a5560000, 0x00000007a5a60140, 0x00000007a6ab0000)
  to   space 21824K,   0% used [0x00000007a6ab0000, 0x00000007a6ab0000, 0x00000007a8000000)
 concurrent mark-sweep generation total 393216K, used 77223K [0x00000007a8000000, 0x00000007c0000000, 0x00000007c0000000)
 Metaspace       used 40475K, capacity 41194K, committed 41464K, reserved 1085440K
  class space    used 4328K, capacity 4543K, committed 4604K, reserved 1048576K
2015-08-03T21:34:26.907-0200: 327.410: [GC (Allocation Failure) 327.410: [ParNew
Desired survivor size 20112992 bytes, new threshold 8 (max 8)
- age   1:     906656 bytes,     906656 total
- age   2:     747584 bytes,    1654240 total
- age   3:     888568 bytes,    2542808 total
- age   4:     574576 bytes,    3117384 total
- age   5:     427400 bytes,    3544784 total
- age   6:       8152 bytes,    3552936 total
- age   7:     440008 bytes,    3992944 total
- age   8:       9904 bytes,    4002848 total
: 92544K->5487K(109248K), 0.0067679 secs] 169768K->83149K(502464K), 0.0068663 secs] [Times: user=0.02 sys=0.00, real=0.01 secs] 
Heap after GC invocations=99 (full 2):
 par new generation   total 109248K, used 5487K [0x00000007a0000000, 0x00000007a8000000, 0x00000007a8000000)
  eden space 87424K,   0% used [0x00000007a0000000, 0x00000007a0000000, 0x00000007a5560000)
  from space 21824K,  25% used [0x00000007a6ab0000, 0x00000007a700be28, 0x00000007a8000000)
  to   space 21824K,   0% used [0x00000007a5560000, 0x00000007a5560000, 0x00000007a6ab0000)
 concurrent mark-sweep generation total 393216K, used 77662K [0x00000007a8000000, 0x00000007c0000000, 0x00000007c0000000)
 Metaspace       used 40475K, capacity 41194K, committed 41464K, reserved 1085440K
  class space    used 4328K, capacity 4543K, committed 4604K, reserved 1048576K
}
2015-08-03T21:34:26.914-0200: 327.417: Total time for which application threads were stopped: 0.0073195 seconds, Stopping threads took: 0.0000434 seconds
2015-08-03T21:34:26.928-0200: 327.431: Total time for which application threads were stopped: 0.0002736 seconds, Stopping threads took: 0.0000293 seconds
2015-08-03T21:34:26.930-0200: 327.433: Total time for which application threads were stopped: 0.0002312 seconds, Stopping threads took: 0.0000552 seconds
2015-08-03T21:34:26.930-0200: 327.434: Total time for which application threads were stopped: 0.0002518 seconds, Stopping threads took: 0.0001085 seconds
{Heap before GC invocations=99 (full 2):
 par new generation   total 109248K, used 92857K [0x00000007a0000000, 0x00000007a8000000, 0x00000007a8000000)
  eden space 87424K,  99% used [0x00000007a0000000, 0x00000007a5552848, 0x00000007a5560000)
  from space 21824K,  25% used [0x00000007a6ab0000, 0x00000007a700be28, 0x00000007a8000000)
  to   space 21824K,   0% used [0x00000007a5560000, 0x00000007a5560000, 0x00000007a6ab0000)
 concurrent mark-sweep generation total 393216K, used 77662K [0x00000007a8000000, 0x00000007c0000000, 0x00000007c0000000)
 Metaspace       used 40480K, capacity 41194K, committed 41464K, reserved 1085440K
  class space    used 4328K, capacity 4543K, committed 4604K, reserved 1048576K
2015-08-03T21:34:27.869-0200: 328.373: [GC (Allocation Failure) 328.373: [ParNew
Desired survivor size 20112992 bytes, new threshold 8 (max 8)
- age   1:    1254992 bytes,    1254992 total
- age   2:     275336 bytes,    1530328 total
- age   3:     484816 bytes,    2015144 total
- age   4:     574224 bytes,    2589368 total
- age   5:     530032 bytes,    3119400 total
- age   6:     426600 bytes,    3546000 total
- age   7:       8152 bytes,    3554152 total
- age   8:     439352 bytes,    3993504 total
: 92857K->4911K(109248K), 0.0074544 secs] 170519K->82583K(502464K), 0.0075383 secs] [Times: user=0.02 sys=0.00, real=0.01 secs] 
Heap after GC invocations=100 (full 2):
 par new generation   total 109248K, used 4911K [0x00000007a0000000, 0x00000007a8000000, 0x00000007a8000000)
  eden space 87424K,   0% used [0x00000007a0000000, 0x00000007a0000000, 0x00000007a5560000)
  from space 21824K,  22% used [0x00000007a5560000, 0x00000007a5a2bf80, 0x00000007a6ab0000)
  to   space 21824K,   0% used [0x00000007a6ab0000, 0x00000007a6ab0000, 0x00000007a8000000)
 concurrent mark-sweep generation total 393216K, used 77672K [0x00000007a8000000, 0x00000007c0000000, 0x00000007c0000000)
 Metaspace       used 40480K, capacity 41194K, committed 41464K, reserved 1085440K
  class space    used 4328K, capacity 4543K, committed 4604K, reserved 1048576K
}
2015-08-03T21:34:27.877-0200: 328.380: Total time for which application threads were stopped: 0.0080910 seconds, Stopping threads took: 0.0000278 seconds
2015-08-03T21:34:27.983-0200: 328.487: Total time for which application threads were stopped: 0.0003300 seconds, Stopping threads took: 0.0000488 seconds
2015-08-03T21:34:27.985-0200: 328.488: Total time for which application threads were stopped: 0.0008659 seconds, Stopping threads took: 0.0000523 seconds
{Heap before GC invocations=100 (full 2):
 par new generation   total 109248K, used 92335K [0x00000007a0000000, 0x00000007a8000000, 0x00000007a8000000)
  eden space 87424K, 100% used [0x00000007a0000000, 0x00000007a5560000, 0x00000007a5560000)
  from space 21824K,  22% used [0x00000007a5560000, 0x00000007a5a2bf80, 0x00000007a6ab0000)
  to   space 21824K,   0% used [0x00000007a6ab0000, 0x00000007a6ab0000, 0x00000007a8000000)
 concurrent mark-sweep generation total 393216K, used 77672K [0x00000007a8000000, 0x00000007c0000000, 0x00000007c0000000)
 Metaspace       used 40486K, capacity 41194K, committed 41464K, reserved 1085440K
  class space    used 4328K, capacity 4543K, committed 4604K, reserved 1048576K
2015-08-03T21:34:28.963-0200: 329.466: [GC (Allocation Failure) 329.466: [ParNew
Desired survivor size 20112992 bytes, new threshold 8 (max 8)
- age   1:    1358696 bytes,    1358696 total
- age   2:     741256 bytes,    2099952 total
- age   3:      75528 bytes,    2175480 total
- age   4:     109688 bytes,    2285168 total
- age   5:     572928 bytes,    2858096 total
- age   6:     529224 bytes,    3387320 total
- age   7:     426248 bytes,    3813568 total
- age   8:       8104 bytes,    3821672 total
: 92335K->5978K(109248K), 0.0067343 secs] 170007K->84079K(502464K), 0.0068271 secs] [Times: user=0.02 sys=0.00, real=0.01 secs] 
Heap after GC invocations=101 (full 2):
 par new generation   total 109248K, used 5978K [0x00000007a0000000, 0x00000007a8000000, 0x00000007a8000000)
  eden space 87424K,   0% used [0x00000007a0000000, 0x00000007a0000000, 0x00000007a5560000)
  from space 21824K,  27% used [0x00000007a6ab0000, 0x00000007a7086918, 0x00000007a8000000)
  to   space 21824K,   0% used [0x00000007a5560000, 0x00000007a5560000, 0x00000007a6ab0000)
 concurrent mark-sweep generation total 393216K, used 78101K [0x00000007a8000000, 0x00000007c0000000, 0x00000007c0000000)
 Metaspace       used 40486K, capacity 41194K, committed 41464K, reserved 1085440K
  class space    used 4328K, capacity 4543K, committed 4604K, reserved 1048576K
}
2015-08-03T21:34:28.970-0200: 329.473: Total time for which application threads were stopped: 0.0071755 seconds, Stopping threads took: 0.0000285 seconds
2015-08-03T21:34:29.973-0200: 330.476: Total time for which application threads were stopped: 0.0004610 seconds, Stopping threads took: 0.0000725 seconds
{Heap before GC invocations=101 (full 2):
 par new generation   total 109248K, used 93402K [0x00000007a0000000, 0x00000007a8000000, 0x00000007a8000000)
  eden space 87424K, 100% used [0x00000007a0000000, 0x00000007a5560000, 0x00000007a5560000)
  from space 21824K,  27% used [0x00000007a6ab0000, 0x00000007a7086918, 0x00000007a8000000)
  to   space 21824K,   0% used [0x00000007a5560000, 0x00000007a5560000, 0x00000007a6ab0000)
 concurrent mark-sweep generation total 393216K, used 78101K [0x00000007a8000000, 0x00000007c0000000, 0x00000007c0000000)
 Metaspace       used 40490K, capacity 41194K, committed 41464K, reserved 1085440K
  class space    used 4328K, capacity 4543K, committed 4604K, reserved 1048576K
2015-08-03T21:34:29.999-0200: 330.502: [GC (Allocation Failure) 330.502: [ParNew
Desired survivor size 20112992 bytes, new threshold 8 (max 8)
- age   1:    1237448 bytes,    1237448 total
- age   2:     792464 bytes,    2029912 total
- age   3:      21320 bytes,    2051232 total
- age   4:       9376 bytes,    2060608 total
- age   5:     107080 bytes,    2167688 total
- age   6:     570408 bytes,    2738096 total
- age   7:     272080 bytes,    3010176 total
- age   8:     426224 bytes,    3436400 total
: 93402K->4148K(109248K), 0.0110602 secs] 171503K->82258K(502464K), 0.0111945 secs] [Times: user=0.02 sys=0.00, real=0.02 secs] 
Heap after GC invocations=102 (full 2):
 par new generation   total 109248K, used 4148K [0x00000007a0000000, 0x00000007a8000000, 0x00000007a8000000)
  eden space 87424K,   0% used [0x00000007a0000000, 0x00000007a0000000, 0x00000007a5560000)
  from space 21824K,  19% used [0x00000007a5560000, 0x00000007a596d3b0, 0x00000007a6ab0000)
  to   space 21824K,   0% used [0x00000007a6ab0000, 0x00000007a6ab0000, 0x00000007a8000000)
 concurrent mark-sweep generation total 393216K, used 78109K [0x00000007a8000000, 0x00000007c0000000, 0x00000007c0000000)
 Metaspace       used 40490K, capacity 41194K, committed 41464K, reserved 1085440K
  class space    used 4328K, capacity 4543K, committed 4604K, reserved 1048576K
}
2015-08-03T21:34:30.010-0200: 330.514: Total time for which application threads were stopped: 0.0117046 seconds, Stopping threads took: 0.0000280 seconds
{Heap before GC invocations=102 (full 2):
 par new generation   total 109248K, used 91553K [0x00000007a0000000, 0x00000007a8000000, 0x00000007a8000000)
  eden space 87424K,  99% used [0x00000007a0000000, 0x00000007a555b260, 0x00000007a5560000)
  from space 21824K,  19% used [0x00000007a5560000, 0x00000007a596d3b0, 0x00000007a6ab0000)
  to   space 21824K,   0% used [0x00000007a6ab0000, 0x00000007a6ab0000, 0x00000007a8000000)
 concurrent mark-sweep generation total 393216K, used 78109K [0x00000007a8000000, 0x00000007c0000000, 0x00000007c0000000)
 Metaspace       used 40490K, capacity 41194K, committed 41464K, reserved 1085440K
  class space    used 4328K, capacity 4543K, committed 4604K, reserved 1048576K
2015-08-03T21:34:30.992-0200: 331.495: [GC (Allocation Failure) 331.496: [ParNew
Desired survivor size 20112992 bytes, new threshold 8 (max 8)
- age   1:     949504 bytes,     949504 total
- age   2:     773944 bytes,    1723448 total
- age   3:     756680 bytes,    2480128 total
- age   4:      19752 bytes,    2499880 total
- age   5:       8576 bytes,    2508456 total
- age   6:     107048 bytes,    2615504 total
- age   7:     570408 bytes,    3185912 total
- age   8:     272056 bytes,    3457968 total
: 91553K->5018K(109248K), 0.0127387 secs] 169662K->83544K(502464K), 0.0133375 secs] [Times: user=0.02 sys=0.00, real=0.01 secs] 
Heap after GC invocations=103 (full 2):
 par new generation   total 109248K, used 5018K [0x00000007a0000000, 0x00000007a8000000, 0x00000007a8000000)
  eden space 87424K,   0% used [0x00000007a0000000, 0x00000007a0000000, 0x00000007a5560000)
  from space 21824K,  22% used [0x00000007a6ab0000, 0x00000007a6f96998, 0x00000007a8000000)
  to   space 21824K,   0% used [0x00000007a5560000, 0x00000007a5560000, 0x00000007a6ab0000)
 concurrent mark-sweep generation total 393216K, used 78525K [0x00000007a8000000, 0x00000007c0000000, 0x00000007c0000000)
 Metaspace       used 40490K, capacity 41194K, committed 41464K, reserved 1085440K
  class space    used 4328K, capacity 4543K, committed 4604K, reserved 1048576K
}
2015-08-03T21:34:31.005-0200: 331.509: Total time for which application threads were stopped: 0.0146464 seconds, Stopping threads took: 0.0008045 seconds
{Heap before GC invocations=103 (full 2):
 par new generation   total 109248K, used 92442K [0x00000007a0000000, 0x00000007a8000000, 0x00000007a8000000)
  eden space 87424K, 100% used [0x00000007a0000000, 0x00000007a5560000, 0x00000007a5560000)
  from space 21824K,  22% used [0x00000007a6ab0000, 0x00000007a6f96998, 0x00000007a8000000)
  to   space 21824K,   0% used [0x00000007a5560000, 0x00000007a5560000, 0x00000007a6ab0000)
 concurrent mark-sweep generation total 393216K, used 78525K [0x00000007a8000000, 0x00000007c0000000, 0x00000007c0000000)
 Metaspace       used 40491K, capacity 41194K, committed 41464K, reserved 1085440K
  class space    used 4328K, capacity 4543K, committed 4604K, reserved 1048576K
2015-08-03T21:34:31.944-0200: 332.447: [GC (Allocation Failure) 332.447: [ParNew
Desired survivor size 20112992 bytes, new threshold 8 (max 8)
- age   1:    1552696 bytes,    1552696 total
- age   2:     307368 bytes,    1860064 total
- age   3:     626624 bytes,    2486688 total
- age   4:     333776 bytes,    2820464 total
- age   5:      18904 bytes,    2839368 total
- age   6:       8496 bytes,    2847864 total
- age   7:     106480 bytes,    2954344 total
- age   8:     570384 bytes,    3524728 total
: 92442K->4462K(109248K), 0.0085023 secs] 170968K->83253K(502464K), 0.0086075 secs] [Times: user=0.03 sys=0.00, real=0.01 secs] 
Heap after GC invocations=104 (full 2):
 par new generation   total 109248K, used 4462K [0x00000007a0000000, 0x00000007a8000000, 0x00000007a8000000)
  eden space 87424K,   0% used [0x00000007a0000000, 0x00000007a0000000, 0x00000007a5560000)
  from space 21824K,  20% used [0x00000007a5560000, 0x00000007a59bb940, 0x00000007a6ab0000)
  to   space 21824K,   0% used [0x00000007a6ab0000, 0x00000007a6ab0000, 0x00000007a8000000)
 concurrent mark-sweep generation total 393216K, used 78791K [0x00000007a8000000, 0x00000007c0000000, 0x00000007c0000000)
 Metaspace       used 40491K, capacity 41194K, committed 41464K, reserved 1085440K
  class space    used 4328K, capacity 4543K, committed 4604K, reserved 1048576K
}
2015-08-03T21:34:31.952-0200: 332.456: Total time for which application threads were stopped: 0.0090603 seconds, Stopping threads took: 0.0000253 seconds
{Heap before GC invocations=104 (full 2):
 par new generation   total 109248K, used 91886K [0x00000007a0000000, 0x00000007a8000000, 0x00000007a8000000)
  eden space 87424K, 100% used [0x00000007a0000000, 0x00000007a5560000, 0x00000007a5560000)
  from space 21824K,  20% used [0x00000007a5560000, 0x00000007a59bb940, 0x00000007a6ab0000)
  to   space 21824K,   0% used [0x00000007a6ab0000, 0x00000007a6ab0000, 0x00000007a8000000)
 concurrent mark-sweep generation total 393216K, used 78791K [0x00000007a8000000, 0x00000007c0000000, 0x00000007c0000000)
 Metaspace       used 40491K, capacity 41194K, committed 41464K, reserved 1085440K
  class space    used 4328K, capacity 4543K, committed 4604K, reserved 1048576K
2015-08-03T21:34:32.777-0200: 333.281: [GC (Allocation Failure) 333.281: [ParNew
Desired survivor size 20112992 bytes, new threshold 8 (max 8)
- age   1:     902616 bytes,     902616 total
- age   2:     931016 bytes,    1833632 total
- age   3:     296360 bytes,    2129992 total
- age   4:     625768 bytes,    2755760 total
- age   5:     332944 bytes,    3088704 total
- age   6:      18880 bytes,    3107584 total
- age   7:       8496 bytes,    3116080 total
- age   8:     106360 bytes,    3222440 total
: 91886K->4019K(109248K), 0.0060019 secs] 170677K->83369K(502464K), 0.0060753 secs] [Times: user=0.02 sys=0.00, real=0.01 secs] 
Heap after GC invocations=105 (full 2):
 par new generation   total 109248K, used 4019K [0x00000007a0000000, 0x00000007a8000000, 0x00000007a8000000)
  eden space 87424K,   0% used [0x00000007a0000000, 0x00000007a0000000, 0x00000007a5560000)
  from space 21824K,  18% used [0x00000007a6ab0000, 0x00000007a6e9cf58, 0x00000007a8000000)
  to   space 21824K,   0% used [0x00000007a5560000, 0x00000007a5560000, 0x00000007a6ab0000)
 concurrent mark-sweep generation total 393216K, used 79349K [0x00000007a8000000, 0x00000007c0000000, 0x00000007c0000000)
 Metaspace       used 40491K, capacity 41194K, committed 41464K, reserved 1085440K
  class space    used 4328K, capacity 4543K, committed 4604K, reserved 1048576K
}
2015-08-03T21:34:32.783-0200: 333.287: Total time for which application threads were stopped: 0.0064558 seconds, Stopping threads took: 0.0000386 seconds
{Heap before GC invocations=105 (full 2):
 par new generation   total 109248K, used 91443K [0x00000007a0000000, 0x00000007a8000000, 0x00000007a8000000)
  eden space 87424K, 100% used [0x00000007a0000000, 0x00000007a5560000, 0x00000007a5560000)
  from space 21824K,  18% used [0x00000007a6ab0000, 0x00000007a6e9cf58, 0x00000007a8000000)
  to   space 21824K,   0% used [0x00000007a5560000, 0x00000007a5560000, 0x00000007a6ab0000)
 concurrent mark-sweep generation total 393216K, used 79349K [0x00000007a8000000, 0x00000007c0000000, 0x00000007c0000000)
 Metaspace       used 40492K, capacity 41194K, committed 41464K, reserved 1085440K
  class space    used 4328K, capacity 4543K, committed 4604K, reserved 1048576K
2015-08-03T21:34:33.671-0200: 334.175: [GC (Allocation Failure) 334.175: [ParNew
Desired survivor size 20112992 bytes, new threshold 8 (max 8)
- age   1:    1488864 bytes,    1488864 total
- age   2:     235128 bytes,    1723992 total
- age   3:     705264 bytes,    2429256 total
- age   4:     140088 bytes,    2569344 total
- age   5:     376472 bytes,    2945816 total
- age   6:     332920 bytes,    3278736 total
- age   7:      18744 bytes,    3297480 total
- age   8:       8496 bytes,    3305976 total
: 91443K->4912K(109248K), 0.0065545 secs] 170793K->84365K(502464K), 0.0066662 secs] [Times: user=0.02 sys=0.00, real=0.00 secs] 
Heap after GC invocations=106 (full 2):
 par new generation   total 109248K, used 4912K [0x00000007a0000000, 0x00000007a8000000, 0x00000007a8000000)
  eden space 87424K,   0% used [0x00000007a0000000, 0x00000007a0000000, 0x00000007a5560000)
  from space 21824K,  22% used [0x00000007a5560000, 0x00000007a5a2c020, 0x00000007a6ab0000)
  to   space 21824K,   0% used [0x00000007a6ab0000, 0x00000007a6ab0000, 0x00000007a8000000)
 concurrent mark-sweep generation total 393216K, used 79453K [0x00000007a8000000, 0x00000007c0000000, 0x00000007c0000000)
 Metaspace       used 40492K, capacity 41194K, committed 41464K, reserved 1085440K
  class space    used 4328K, capacity 4543K, committed 4604K, reserved 1048576K
}
2015-08-03T21:34:33.678-0200: 334.181: Total time for which application threads were stopped: 0.0070931 seconds, Stopping threads took: 0.0000247 seconds
{Heap before GC invocations=106 (full 2):
 par new generation   total 109248K, used 92336K [0x00000007a0000000, 0x00000007a8000000, 0x00000007a8000000)
  eden space 87424K, 100% used [0x00000007a0000000, 0x00000007a5560000, 0x00000007a5560000)
  from space 21824K,  22% used [0x00000007a5560000, 0x00000007a5a2c020, 0x00000007a6ab0000)
  to   space 21824K,   0% used [0x00000007a6ab0000, 0x00000007a6ab0000, 0x00000007a8000000)
 concurrent mark-sweep generation total 393216K, used 79453K [0x00000007a8000000, 0x00000007c0000000, 0x00000007c0000000)
 Metaspace       used 40493K, capacity 41194K, committed 41464K, reserved 1085440K
  class space    used 4329K, capacity 4543K, committed 4604K, reserved 1048576K
2015-08-03T21:34:34.506-0200: 335.009: [GC (Allocation Failure) 335.010: [ParNew
Desired survivor size 20112992 bytes, new threshold 8 (max 8)
- age   1:    1493488 bytes,    1493488 total
- age   2:     785824 bytes,    2279312 total
- age   3:      12320 bytes,    2291632 total
- age   4:     257808 bytes,    2549440 total
- age   5:     138424 bytes,    2687864 total
- age   6:     375688 bytes,    3063552 total
- age   7:     332328 bytes,    3395880 total
- age   8:      18744 bytes,    3414624 total
: 92336K->4149K(109248K), 0.0060996 secs] 171789K->83610K(502464K), 0.0061760 secs] [Times: user=0.02 sys=0.00, real=0.01 secs] 
Heap after GC invocations=107 (full 2):
 par new generation   total 109248K, used 4149K [0x00000007a0000000, 0x00000007a8000000, 0x00000007a8000000)
  eden space 87424K,   0% used [0x00000007a0000000, 0x00000007a0000000, 0x00000007a5560000)
  from space 21824K,  19% used [0x00000007a6ab0000, 0x00000007a6ebd4f0, 0x00000007a8000000)
  to   space 21824K,   0% used [0x00000007a5560000, 0x00000007a5560000, 0x00000007a6ab0000)
 concurrent mark-sweep generation total 393216K, used 79461K [0x00000007a8000000, 0x00000007c0000000, 0x00000007c0000000)
 Metaspace       used 40493K, capacity 41194K, committed 41464K, reserved 1085440K
  class space    used 4329K, capacity 4543K, committed 4604K, reserved 1048576K
}
2015-08-03T21:34:34.512-0200: 335.016: Total time for which application threads were stopped: 0.0065902 seconds, Stopping threads took: 0.0000244 seconds
{Heap before GC invocations=107 (full 2):
 par new generation   total 109248K, used 91573K [0x00000007a0000000, 0x00000007a8000000, 0x00000007a8000000)
  eden space 87424K, 100% used [0x00000007a0000000, 0x00000007a5560000, 0x00000007a5560000)
  from space 21824K,  19% used [0x00000007a6ab0000, 0x00000007a6ebd4f0, 0x00000007a8000000)
  to   space 21824K,   0% used [0x00000007a5560000, 0x00000007a5560000, 0x00000007a6ab0000)
 concurrent mark-sweep generation total 393216K, used 79461K [0x00000007a8000000, 0x00000007c0000000, 0x00000007c0000000)
 Metaspace       used 40493K, capacity 41194K, committed 41464K, reserved 1085440K
  class space    used 4329K, capacity 4543K, committed 4604K, reserved 1048576K
2015-08-03T21:34:35.337-0200: 335.840: [GC (Allocation Failure) 335.840: [ParNew
Desired survivor size 20112992 bytes, new threshold 8 (max 8)
- age   1:     881488 bytes,     881488 total
- age   2:    1077144 bytes,    1958632 total
- age   3:     774672 bytes,    2733304 total
- age   4:       9120 bytes,    2742424 total
- age   5:     257000 bytes,    2999424 total
- age   6:     138376 bytes,    3137800 total
- age   7:     375664 bytes,    3513464 total
- age   8:     332304 bytes,    3845768 total
: 91573K->5756K(109248K), 0.0062505 secs] 171034K->85236K(502464K), 0.0063387 secs] [Times: user=0.01 sys=0.01, real=0.01 secs] 
Heap after GC invocations=108 (full 2):
 par new generation   total 109248K, used 5756K [0x00000007a0000000, 0x00000007a8000000, 0x00000007a8000000)
  eden space 87424K,   0% used [0x00000007a0000000, 0x00000007a0000000, 0x00000007a5560000)
  from space 21824K,  26% used [0x00000007a5560000, 0x00000007a5aff180, 0x00000007a6ab0000)
  to   space 21824K,   0% used [0x00000007a6ab0000, 0x00000007a6ab0000, 0x00000007a8000000)
 concurrent mark-sweep generation total 393216K, used 79480K [0x00000007a8000000, 0x00000007c0000000, 0x00000007c0000000)
 Metaspace       used 40493K, capacity 41194K, committed 41464K, reserved 1085440K
  class space    used 4329K, capacity 4543K, committed 4604K, reserved 1048576K
}
2015-08-03T21:34:35.343-0200: 335.847: Total time for which application threads were stopped: 0.0067162 seconds, Stopping threads took: 0.0000238 seconds
{Heap before GC invocations=108 (full 2):
 par new generation   total 109248K, used 93165K [0x00000007a0000000, 0x00000007a8000000, 0x00000007a8000000)
  eden space 87424K,  99% used [0x00000007a0000000, 0x00000007a555c3a0, 0x00000007a5560000)
  from space 21824K,  26% used [0x00000007a5560000, 0x00000007a5aff180, 0x00000007a6ab0000)
  to   space 21824K,   0% used [0x00000007a6ab0000, 0x00000007a6ab0000, 0x00000007a8000000)
 concurrent mark-sweep generation total 393216K, used 79480K [0x00000007a8000000, 0x00000007c0000000, 0x00000007c0000000)
 Metaspace       used 40495K, capacity 41194K, committed 41464K, reserved 1085440K
  class space    used 4329K, capacity 4543K, committed 4604K, reserved 1048576K
2015-08-03T21:34:36.284-0200: 336.788: [GC (Allocation Failure) 336.788: [ParNew
Desired survivor size 20112992 bytes, new threshold 8 (max 8)
- age   1:    1643416 bytes,    1643416 total
- age   2:     216968 bytes,    1860384 total
- age   3:     926256 bytes,    2786640 total
- age   4:     443784 bytes,    3230424 total
- age   5:       9096 bytes,    3239520 total
- age   6:     256920 bytes,    3496440 total
- age   7:     138328 bytes,    3634768 total
- age   8:     374864 bytes,    4009632 total
: 93165K->4975K(109248K), 0.0065998 secs] 172645K->84780K(502464K), 0.0068341 secs] [Times: user=0.02 sys=0.00, real=0.01 secs] 
Heap after GC invocations=109 (full 2):
 par new generation   total 109248K, used 4975K [0x00000007a0000000, 0x00000007a8000000, 0x00000007a8000000)
  eden space 87424K,   0% used [0x00000007a0000000, 0x00000007a0000000, 0x00000007a5560000)
  from space 21824K,  22% used [0x00000007a6ab0000, 0x00000007a6f8bd40, 0x00000007a8000000)
  to   space 21824K,   0% used [0x00000007a5560000, 0x00000007a5560000, 0x00000007a6ab0000)
 concurrent mark-sweep generation total 393216K, used 79805K [0x00000007a8000000, 0x00000007c0000000, 0x00000007c0000000)
 Metaspace       used 40495K, capacity 41194K, committed 41464K, reserved 1085440K
  class space    used 4329K, capacity 4543K, committed 4604K, reserved 1048576K
}
2015-08-03T21:34:36.291-0200: 336.795: Total time for which application threads were stopped: 0.0072709 seconds, Stopping threads took: 0.0000250 seconds
2015-08-03T21:34:37.156-0200: 337.659: Total time for which application threads were stopped: 0.0003115 seconds, Stopping threads took: 0.0000529 seconds
{Heap before GC invocations=109 (full 2):
 par new generation   total 109248K, used 92399K [0x00000007a0000000, 0x00000007a8000000, 0x00000007a8000000)
  eden space 87424K, 100% used [0x00000007a0000000, 0x00000007a5560000, 0x00000007a5560000)
  from space 21824K,  22% used [0x00000007a6ab0000, 0x00000007a6f8bd40, 0x00000007a8000000)
  to   space 21824K,   0% used [0x00000007a5560000, 0x00000007a5560000, 0x00000007a6ab0000)
 concurrent mark-sweep generation total 393216K, used 79805K [0x00000007a8000000, 0x00000007c0000000, 0x00000007c0000000)
 Metaspace       used 40498K, capacity 41194K, committed 41464K, reserved 1085440K
  class space    used 4329K, capacity 4543K, committed 4604K, reserved 1048576K
2015-08-03T21:34:37.288-0200: 337.791: [GC (Allocation Failure) 337.791: [ParNew
Desired survivor size 20112992 bytes, new threshold 8 (max 8)
- age   1:    1499296 bytes,    1499296 total
- age   2:     756944 bytes,    2256240 total
- age   3:       8912 bytes,    2265152 total
- age   4:     576808 bytes,    2841960 total
- age   5:     442976 bytes,    3284936 total
- age   6:       9096 bytes,    3294032 total
- age   7:     256216 bytes,    3550248 total
- age   8:     138304 bytes,    3688552 total
: 92399K->5864K(109248K), 0.0064020 secs] 172204K->86037K(502464K), 0.0064988 secs] [Times: user=0.01 sys=0.01, real=0.01 secs] 
Heap after GC invocations=110 (full 2):
 par new generation   total 109248K, used 5864K [0x00000007a0000000, 0x00000007a8000000, 0x00000007a8000000)
  eden space 87424K,   0% used [0x00000007a0000000, 0x00000007a0000000, 0x00000007a5560000)
  from space 21824K,  26% used [0x00000007a5560000, 0x00000007a5b1a3a0, 0x00000007a6ab0000)
  to   space 21824K,   0% used [0x00000007a6ab0000, 0x00000007a6ab0000, 0x00000007a8000000)
 concurrent mark-sweep generation total 393216K, used 80172K [0x00000007a8000000, 0x00000007c0000000, 0x00000007c0000000)
 Metaspace       used 40498K, capacity 41194K, committed 41464K, reserved 1085440K
  class space    used 4329K, capacity 4543K, committed 4604K, reserved 1048576K
}
2015-08-03T21:34:37.294-0200: 337.798: Total time for which application threads were stopped: 0.0078853 seconds, Stopping threads took: 0.0010062 seconds
{Heap before GC invocations=110 (full 2):
 par new generation   total 109248K, used 93288K [0x00000007a0000000, 0x00000007a8000000, 0x00000007a8000000)
  eden space 87424K, 100% used [0x00000007a0000000, 0x00000007a5560000, 0x00000007a5560000)
  from space 21824K,  26% used [0x00000007a5560000, 0x00000007a5b1a3a0, 0x00000007a6ab0000)
  to   space 21824K,   0% used [0x00000007a6ab0000, 0x00000007a6ab0000, 0x00000007a8000000)
 concurrent mark-sweep generation total 393216K, used 80172K [0x00000007a8000000, 0x00000007c0000000, 0x00000007c0000000)
 Metaspace       used 40499K, capacity 41194K, committed 41464K, reserved 1085440K
  class space    used 4329K, capacity 4543K, committed 4604K, reserved 1048576K
2015-08-03T21:34:38.094-0200: 338.598: [GC (Allocation Failure) 338.598: [ParNew
Desired survivor size 20112992 bytes, new threshold 8 (max 8)
- age   1:    1445472 bytes,    1445472 total
- age   2:     943888 bytes,    2389360 total
- age   3:     435128 bytes,    2824488 total
- age   4:       8104 bytes,    2832592 total
- age   5:     575192 bytes,    3407784 total
- age   6:     436704 bytes,    3844488 total
- age   7:       9096 bytes,    3853584 total
- age   8:     256192 bytes,    4109776 total
: 93288K->5215K(109248K), 0.0477460 secs] 173461K->85522K(502464K), 0.0478392 secs] [Times: user=0.04 sys=0.00, real=0.05 secs] 
Heap after GC invocations=111 (full 2):
 par new generation   total 109248K, used 5215K [0x00000007a0000000, 0x00000007a8000000, 0x00000007a8000000)
  eden space 87424K,   0% used [0x00000007a0000000, 0x00000007a0000000, 0x00000007a5560000)
  from space 21824K,  23% used [0x00000007a6ab0000, 0x00000007a6fc7c80, 0x00000007a8000000)
  to   space 21824K,   0% used [0x00000007a5560000, 0x00000007a5560000, 0x00000007a6ab0000)
 concurrent mark-sweep generation total 393216K, used 80307K [0x00000007a8000000, 0x00000007c0000000, 0x00000007c0000000)
 Metaspace       used 40499K, capacity 41194K, committed 41464K, reserved 1085440K
  class space    used 4329K, capacity 4543K, committed 4604K, reserved 1048576K
}
2015-08-03T21:34:38.142-0200: 338.646: Total time for which application threads were stopped: 0.0486446 seconds, Stopping threads took: 0.0001210 seconds
2015-08-03T21:34:38.168-0200: 338.672: Total time for which application threads were stopped: 0.0002747 seconds, Stopping threads took: 0.0000306 seconds
2015-08-03T21:34:38.168-0200: 338.672: Total time for which application threads were stopped: 0.0002690 seconds, Stopping threads took: 0.0000222 seconds
2015-08-03T21:34:38.250-0200: 338.753: Total time for which application threads were stopped: 0.0002789 seconds, Stopping threads took: 0.0000307 seconds
2015-08-03T21:34:38.250-0200: 338.754: Total time for which application threads were stopped: 0.0001809 seconds, Stopping threads took: 0.0000146 seconds
2015-08-03T21:34:39.251-0200: 339.754: Total time for which application threads were stopped: 0.0003247 seconds, Stopping threads took: 0.0000295 seconds
2015-08-03T21:34:39.356-0200: 339.860: Total time for which application threads were stopped: 0.0002662 seconds, Stopping threads took: 0.0000234 seconds
{Heap before GC invocations=111 (full 2):
 par new generation   total 109248K, used 92639K [0x00000007a0000000, 0x00000007a8000000, 0x00000007a8000000)
  eden space 87424K, 100% used [0x00000007a0000000, 0x00000007a5560000, 0x00000007a5560000)
  from space 21824K,  23% used [0x00000007a6ab0000, 0x00000007a6fc7c80, 0x00000007a8000000)
  to   space 21824K,   0% used [0x00000007a5560000, 0x00000007a5560000, 0x00000007a6ab0000)
 concurrent mark-sweep generation total 393216K, used 80307K [0x00000007a8000000, 0x00000007c0000000, 0x00000007c0000000)
 Metaspace       used 40502K, capacity 41258K, committed 41464K, reserved 1085440K
  class space    used 4329K, capacity 4543K, committed 4604K, reserved 1048576K
2015-08-03T21:34:39.464-0200: 339.968: [GC (Allocation Failure) 339.968: [ParNew
Desired survivor size 20112992 bytes, new threshold 8 (max 8)
- age   1:    1223960 bytes,    1223960 total
- age   2:     425856 bytes,    1649816 total
- age   3:     735296 bytes,    2385112 total
- age   4:     400664 bytes,    2785776 total
- age   5:       7320 bytes,    2793096 total
- age   6:     574392 bytes,    3367488 total
- age   7:     435048 bytes,    3802536 total
- age   8:       9096 bytes,    3811632 total
: 92639K->4913K(109248K), 0.0108214 secs] 172946K->85470K(502464K), 0.0109104 secs] [Times: user=0.02 sys=0.00, real=0.01 secs] 
Heap after GC invocations=112 (full 2):
 par new generation   total 109248K, used 4913K [0x00000007a0000000, 0x00000007a8000000, 0x00000007a8000000)
  eden space 87424K,   0% used [0x00000007a0000000, 0x00000007a0000000, 0x00000007a5560000)
  from space 21824K,  22% used [0x00000007a5560000, 0x00000007a5a2c4a0, 0x00000007a6ab0000)
  to   space 21824K,   0% used [0x00000007a6ab0000, 0x00000007a6ab0000, 0x00000007a8000000)
 concurrent mark-sweep generation total 393216K, used 80557K [0x00000007a8000000, 0x00000007c0000000, 0x00000007c0000000)
 Metaspace       used 40502K, capacity 41258K, committed 41464K, reserved 1085440K
  class space    used 4329K, capacity 4543K, committed 4604K, reserved 1048576K
}
2015-08-03T21:34:39.475-0200: 339.979: Total time for which application threads were stopped: 0.0113873 seconds, Stopping threads took: 0.0000273 seconds
2015-08-03T21:34:39.582-0200: 340.086: Total time for which application threads were stopped: 0.0002608 seconds, Stopping threads took: 0.0000291 seconds
2015-08-03T21:34:39.582-0200: 340.086: Total time for which application threads were stopped: 0.0001432 seconds, Stopping threads took: 0.0000143 seconds
2015-08-03T21:34:39.690-0200: 340.194: Total time for which application threads were stopped: 0.0003232 seconds, Stopping threads took: 0.0000507 seconds
2015-08-03T21:34:39.691-0200: 340.194: Total time for which application threads were stopped: 0.0001494 seconds, Stopping threads took: 0.0000425 seconds
{Heap before GC invocations=112 (full 2):
 par new generation   total 109248K, used 92337K [0x00000007a0000000, 0x00000007a8000000, 0x00000007a8000000)
  eden space 87424K, 100% used [0x00000007a0000000, 0x00000007a5560000, 0x00000007a5560000)
  from space 21824K,  22% used [0x00000007a5560000, 0x00000007a5a2c4a0, 0x00000007a6ab0000)
  to   space 21824K,   0% used [0x00000007a6ab0000, 0x00000007a6ab0000, 0x00000007a8000000)
 concurrent mark-sweep generation total 393216K, used 80557K [0x00000007a8000000, 0x00000007c0000000, 0x00000007c0000000)
 Metaspace       used 40503K, capacity 41258K, committed 41464K, reserved 1085440K
  class space    used 4329K, capacity 4543K, committed 4604K, reserved 1048576K
2015-08-03T21:34:40.367-0200: 340.870: [GC (Allocation Failure) 340.870: [ParNew
Desired survivor size 20112992 bytes, new threshold 8 (max 8)
- age   1:    1483240 bytes,    1483240 total
- age   2:     576168 bytes,    2059408 total
- age   3:     256360 bytes,    2315768 total
- age   4:      15624 bytes,    2331392 total
- age   5:     394768 bytes,    2726160 total
- age   6:       6280 bytes,    2732440 total
- age   7:      62720 bytes,    2795160 total
- age   8:     434440 bytes,    3229600 total
: 92337K->4641K(109248K), 0.0179925 secs] 172894K->85208K(502464K), 0.0181188 secs] [Times: user=0.05 sys=0.01, real=0.02 secs] 
Heap after GC invocations=113 (full 2):
 par new generation   total 109248K, used 4641K [0x00000007a0000000, 0x00000007a8000000, 0x00000007a8000000)
  eden space 87424K,   0% used [0x00000007a0000000, 0x00000007a0000000, 0x00000007a5560000)
  from space 21824K,  21% used [0x00000007a6ab0000, 0x00000007a6f387d0, 0x00000007a8000000)
  to   space 21824K,   0% used [0x00000007a5560000, 0x00000007a5560000, 0x00000007a6ab0000)
 concurrent mark-sweep generation total 393216K, used 80566K [0x00000007a8000000, 0x00000007c0000000, 0x00000007c0000000)
 Metaspace       used 40503K, capacity 41258K, committed 41464K, reserved 1085440K
  class space    used 4329K, capacity 4543K, committed 4604K, reserved 1048576K
}
2015-08-03T21:34:40.385-0200: 340.888: Total time for which application threads were stopped: 0.0186018 seconds, Stopping threads took: 0.0000311 seconds
2015-08-03T21:34:41.480-0200: 341.984: Total time for which application threads were stopped: 0.0004389 seconds, Stopping threads took: 0.0000532 seconds
2015-08-03T21:34:41.482-0200: 341.986: Total time for which application threads were stopped: 0.0003728 seconds, Stopping threads took: 0.0000701 seconds
2015-08-03T21:34:41.483-0200: 341.987: Total time for which application threads were stopped: 0.0003504 seconds, Stopping threads took: 0.0000582 seconds
2015-08-03T21:34:41.485-0200: 341.989: Total time for which application threads were stopped: 0.0004160 seconds, Stopping threads took: 0.0000665 seconds
2015-08-03T21:34:41.489-0200: 341.993: Total time for which application threads were stopped: 0.0010961 seconds, Stopping threads took: 0.0007412 seconds
2015-08-03T21:34:41.496-0200: 342.000: Total time for which application threads were stopped: 0.0004259 seconds, Stopping threads took: 0.0000805 seconds
2015-08-03T21:34:41.498-0200: 342.002: Total time for which application threads were stopped: 0.0004436 seconds, Stopping threads took: 0.0001043 seconds
2015-08-03T21:34:41.501-0200: 342.005: Total time for which application threads were stopped: 0.0019795 seconds, Stopping threads took: 0.0012584 seconds
2015-08-03T21:34:41.508-0200: 342.012: Total time for which application threads were stopped: 0.0051676 seconds, Stopping threads took: 0.0048288 seconds
2015-08-03T21:34:41.528-0200: 342.032: Total time for which application threads were stopped: 0.0008771 seconds, Stopping threads took: 0.0004569 seconds
2015-08-03T21:34:42.528-0200: 343.032: Total time for which application threads were stopped: 0.0003156 seconds, Stopping threads took: 0.0000336 seconds
2015-08-03T21:34:45.663-0200: 346.167: Total time for which application threads were stopped: 0.0002003 seconds, Stopping threads took: 0.0000222 seconds
2015-08-03T21:34:45.768-0200: 346.272: Total time for which application threads were stopped: 0.0002069 seconds, Stopping threads took: 0.0000229 seconds
2015-08-03T21:34:46.772-0200: 347.276: Total time for which application threads were stopped: 0.0003607 seconds, Stopping threads took: 0.0000467 seconds
2015-08-03T21:34:49.778-0200: 350.282: Total time for which application threads were stopped: 0.0004099 seconds, Stopping threads took: 0.0000573 seconds
2015-08-03T21:34:51.785-0200: 352.289: Total time for which application threads were stopped: 0.0005461 seconds, Stopping threads took: 0.0000708 seconds
2015-08-03T21:35:09.814-0200: 370.319: Total time for which application threads were stopped: 0.0003212 seconds, Stopping threads took: 0.0000318 seconds
2015-08-03T21:35:09.919-0200: 370.424: Total time for which application threads were stopped: 0.0004654 seconds, Stopping threads took: 0.0000387 seconds
2015-08-03T21:35:09.925-0200: 370.430: Total time for which application threads were stopped: 0.0003678 seconds, Stopping threads took: 0.0000281 seconds
2015-08-03T21:35:09.926-0200: 370.431: Total time for which application threads were stopped: 0.0002592 seconds, Stopping threads took: 0.0000210 seconds
2015-08-03T21:35:09.944-0200: 370.449: Total time for which application threads were stopped: 0.0003176 seconds, Stopping threads took: 0.0000356 seconds
2015-08-03T21:35:09.946-0200: 370.451: Total time for which application threads were stopped: 0.0004016 seconds, Stopping threads took: 0.0000434 seconds
2015-08-03T21:35:10.947-0200: 371.452: Total time for which application threads were stopped: 0.0003227 seconds, Stopping threads took: 0.0000433 seconds
2015-08-03T21:35:26.311-0200: 386.816: Total time for which application threads were stopped: 0.0002837 seconds, Stopping threads took: 0.0000254 seconds
2015-08-03T21:35:26.353-0200: 386.859: Total time for which application threads were stopped: 0.0003062 seconds, Stopping threads took: 0.0000521 seconds
2015-08-03T21:35:26.354-0200: 386.859: Total time for which application threads were stopped: 0.0002829 seconds, Stopping threads took: 0.0000394 seconds
2015-08-03T21:35:26.357-0200: 386.862: Total time for which application threads were stopped: 0.0002973 seconds, Stopping threads took: 0.0000517 seconds
2015-08-03T21:35:26.361-0200: 386.866: Total time for which application threads were stopped: 0.0008923 seconds, Stopping threads took: 0.0000620 seconds
2015-08-03T21:35:26.364-0200: 386.870: Total time for which application threads were stopped: 0.0003632 seconds, Stopping threads took: 0.0000586 seconds
2015-08-03T21:35:26.369-0200: 386.874: Total time for which application threads were stopped: 0.0003223 seconds, Stopping threads took: 0.0000478 seconds
2015-08-03T21:35:26.437-0200: 386.943: Total time for which application threads were stopped: 0.0003426 seconds, Stopping threads took: 0.0000477 seconds
2015-08-03T21:35:26.488-0200: 386.994: Total time for which application threads were stopped: 0.0010032 seconds, Stopping threads took: 0.0000187 seconds
2015-08-03T21:35:26.491-0200: 386.997: Total time for which application threads were stopped: 0.0006227 seconds, Stopping threads took: 0.0003252 seconds
2015-08-03T21:35:26.492-0200: 386.997: Total time for which application threads were stopped: 0.0003603 seconds, Stopping threads took: 0.0001242 seconds
2015-08-03T21:35:26.493-0200: 386.999: Total time for which application threads were stopped: 0.0003645 seconds, Stopping threads took: 0.0001186 seconds
2015-08-03T21:35:26.494-0200: 386.999: Total time for which application threads were stopped: 0.0002128 seconds, Stopping threads took: 0.0000179 seconds
2015-08-03T21:35:26.505-0200: 387.010: Total time for which application threads were stopped: 0.0003481 seconds, Stopping threads took: 0.0000278 seconds
2015-08-03T21:35:26.505-0200: 387.011: Total time for which application threads were stopped: 0.0002374 seconds, Stopping threads took: 0.0000187 seconds
2015-08-03T21:35:26.507-0200: 387.012: Total time for which application threads were stopped: 0.0002737 seconds, Stopping threads took: 0.0000220 seconds
2015-08-03T21:35:26.507-0200: 387.013: Total time for which application threads were stopped: 0.0002179 seconds, Stopping threads took: 0.0000170 seconds
2015-08-03T21:35:26.508-0200: 387.013: Total time for which application threads were stopped: 0.0002142 seconds, Stopping threads took: 0.0000153 seconds
2015-08-03T21:35:27.514-0200: 388.019: Total time for which application threads were stopped: 0.0004752 seconds, Stopping threads took: 0.0000787 seconds
2015-08-03T21:35:31.524-0200: 392.030: Total time for which application threads were stopped: 0.0002906 seconds, Stopping threads took: 0.0000471 seconds
2015-08-03T21:35:32.525-0200: 393.031: Total time for which application threads were stopped: 0.0001923 seconds, Stopping threads took: 0.0000225 seconds
2015-08-03T21:35:52.911-0200: 413.417: Total time for which application threads were stopped: 0.0003295 seconds, Stopping threads took: 0.0000327 seconds
2015-08-03T21:35:52.911-0200: 413.418: Total time for which application threads were stopped: 0.0001574 seconds, Stopping threads took: 0.0000364 seconds
2015-08-03T21:35:52.917-0200: 413.424: Total time for which application threads were stopped: 0.0005165 seconds, Stopping threads took: 0.0000796 seconds
2015-08-03T21:35:52.928-0200: 413.434: Total time for which application threads were stopped: 0.0007015 seconds, Stopping threads took: 0.0004129 seconds
2015-08-03T21:35:52.947-0200: 413.454: Total time for which application threads were stopped: 0.0002989 seconds, Stopping threads took: 0.0000285 seconds
2015-08-03T21:35:52.958-0200: 413.464: Total time for which application threads were stopped: 0.0002987 seconds, Stopping threads took: 0.0000321 seconds
2015-08-03T21:35:52.958-0200: 413.465: Total time for which application threads were stopped: 0.0001673 seconds, Stopping threads took: 0.0000136 seconds
2015-08-03T21:35:52.961-0200: 413.467: Total time for which application threads were stopped: 0.0003544 seconds, Stopping threads took: 0.0000454 seconds
2015-08-03T21:35:52.963-0200: 413.470: Total time for which application threads were stopped: 0.0004786 seconds, Stopping threads took: 0.0001444 seconds
2015-08-03T21:35:52.967-0200: 413.473: Total time for which application threads were stopped: 0.0005728 seconds, Stopping threads took: 0.0000377 seconds
2015-08-03T21:35:52.983-0200: 413.489: Total time for which application threads were stopped: 0.0004458 seconds, Stopping threads took: 0.0000425 seconds
2015-08-03T21:36:09.949-0200: 430.456: Total time for which application threads were stopped: 0.0003679 seconds, Stopping threads took: 0.0000554 seconds
2015-08-03T21:38:19.683-0200: 560.194: Total time for which application threads were stopped: 0.0007175 seconds, Stopping threads took: 0.0000750 seconds
2015-08-03T21:38:19.687-0200: 560.198: Total time for which application threads were stopped: 0.0003116 seconds, Stopping threads took: 0.0000216 seconds
2015-08-03T21:38:19.721-0200: 560.233: Total time for which application threads were stopped: 0.0263426 seconds, Stopping threads took: 0.0000304 seconds
2015-08-03T21:38:19.798-0200: 560.309: Total time for which application threads were stopped: 0.0002640 seconds, Stopping threads took: 0.0000495 seconds
2015-08-03T21:38:19.799-0200: 560.311: Total time for which application threads were stopped: 0.0002092 seconds, Stopping threads took: 0.0000126 seconds
2015-08-03T21:38:19.810-0200: 560.322: Total time for which application threads were stopped: 0.0005274 seconds, Stopping threads took: 0.0000408 seconds
2015-08-03T21:38:20.188-0200: 560.699: Total time for which application threads were stopped: 0.0005389 seconds, Stopping threads took: 0.0000499 seconds
2015-08-03T21:38:20.189-0200: 560.700: Total time for which application threads were stopped: 0.0007481 seconds, Stopping threads took: 0.0000755 seconds
2015-08-03T21:38:20.191-0200: 560.702: Total time for which application threads were stopped: 0.0009787 seconds, Stopping threads took: 0.0006506 seconds
2015-08-03T21:38:20.305-0200: 560.816: Total time for which application threads were stopped: 0.0299840 seconds, Stopping threads took: 0.0292772 seconds
{Heap before GC invocations=113 (full 2):
 par new generation   total 109248K, used 92056K [0x00000007a0000000, 0x00000007a8000000, 0x00000007a8000000)
  eden space 87424K,  99% used [0x00000007a0000000, 0x00000007a555d910, 0x00000007a5560000)
  from space 21824K,  21% used [0x00000007a6ab0000, 0x00000007a6f387d0, 0x00000007a8000000)
  to   space 21824K,   0% used [0x00000007a5560000, 0x00000007a5560000, 0x00000007a6ab0000)
 concurrent mark-sweep generation total 393216K, used 80566K [0x00000007a8000000, 0x00000007c0000000, 0x00000007c0000000)
 Metaspace       used 41502K, capacity 42218K, committed 42360K, reserved 1087488K
  class space    used 4459K, capacity 4671K, committed 4732K, reserved 1048576K
2015-08-03T21:38:20.329-0200: 560.840: [GC (Allocation Failure) 560.841: [ParNew
Desired survivor size 20112992 bytes, new threshold 8 (max 8)
- age   1:    6003688 bytes,    6003688 total
- age   2:     534504 bytes,    6538192 total
- age   3:     253096 bytes,    6791288 total
- age   4:     253264 bytes,    7044552 total
- age   5:      14176 bytes,    7058728 total
- age   6:     394360 bytes,    7453088 total
- age   7:       6256 bytes,    7459344 total
- age   8:      62720 bytes,    7522064 total
: 92056K->7822K(109248K), 0.0850214 secs] 172622K->88813K(502464K), 0.0859220 secs] [Times: user=0.04 sys=0.08, real=0.09 secs] 
Heap after GC invocations=114 (full 2):
 par new generation   total 109248K, used 7822K [0x00000007a0000000, 0x00000007a8000000, 0x00000007a8000000)
  eden space 87424K,   0% used [0x00000007a0000000, 0x00000007a0000000, 0x00000007a5560000)
  from space 21824K,  35% used [0x00000007a5560000, 0x00000007a5d03b38, 0x00000007a6ab0000)
  to   space 21824K,   0% used [0x00000007a6ab0000, 0x00000007a6ab0000, 0x00000007a8000000)
 concurrent mark-sweep generation total 393216K, used 80991K [0x00000007a8000000, 0x00000007c0000000, 0x00000007c0000000)
 Metaspace       used 41502K, capacity 42218K, committed 42360K, reserved 1087488K
  class space    used 4459K, capacity 4671K, committed 4732K, reserved 1048576K
}
2015-08-03T21:38:20.415-0200: 560.926: Total time for which application threads were stopped: 0.0866332 seconds, Stopping threads took: 0.0001549 seconds
{Heap before GC invocations=114 (full 2):
 par new generation   total 109248K, used 95246K [0x00000007a0000000, 0x00000007a8000000, 0x00000007a8000000)
  eden space 87424K, 100% used [0x00000007a0000000, 0x00000007a5560000, 0x00000007a5560000)
  from space 21824K,  35% used [0x00000007a5560000, 0x00000007a5d03b38, 0x00000007a6ab0000)
  to   space 21824K,   0% used [0x00000007a6ab0000, 0x00000007a6ab0000, 0x00000007a8000000)
 concurrent mark-sweep generation total 393216K, used 80991K [0x00000007a8000000, 0x00000007c0000000, 0x00000007c0000000)
 Metaspace       used 41503K, capacity 42218K, committed 42360K, reserved 1087488K
  class space    used 4459K, capacity 4671K, committed 4732K, reserved 1048576K
2015-08-03T21:38:20.714-0200: 561.225: [GC (Allocation Failure) 561.225: [ParNew
Desired survivor size 20112992 bytes, new threshold 8 (max 8)
- age   1:    1518184 bytes,    1518184 total
- age   2:    4739504 bytes,    6257688 total
- age   3:     533720 bytes,    6791408 total
- age   4:     252312 bytes,    7043720 total
- age   5:     253264 bytes,    7296984 total
- age   6:      14176 bytes,    7311160 total
- age   7:     394360 bytes,    7705520 total
- age   8:       6256 bytes,    7711776 total
: 95246K->8881K(109248K), 0.0240125 secs] 176237K->89933K(502464K), 0.0240998 secs] [Times: user=0.03 sys=0.01, real=0.02 secs] 
Heap after GC invocations=115 (full 2):
 par new generation   total 109248K, used 8881K [0x00000007a0000000, 0x00000007a8000000, 0x00000007a8000000)
  eden space 87424K,   0% used [0x00000007a0000000, 0x00000007a0000000, 0x00000007a5560000)
  from space 21824K,  40% used [0x00000007a6ab0000, 0x00000007a735c5a0, 0x00000007a8000000)
  to   space 21824K,   0% used [0x00000007a5560000, 0x00000007a5560000, 0x00000007a6ab0000)
 concurrent mark-sweep generation total 393216K, used 81052K [0x00000007a8000000, 0x00000007c0000000, 0x00000007c0000000)
 Metaspace       used 41503K, capacity 42218K, committed 42360K, reserved 1087488K
  class space    used 4459K, capacity 4671K, committed 4732K, reserved 1048576K
}
2015-08-03T21:38:20.738-0200: 561.250: Total time for which application threads were stopped: 0.0257781 seconds, Stopping threads took: 0.0011981 seconds
{Heap before GC invocations=115 (full 2):
 par new generation   total 109248K, used 96305K [0x00000007a0000000, 0x00000007a8000000, 0x00000007a8000000)
  eden space 87424K, 100% used [0x00000007a0000000, 0x00000007a5560000, 0x00000007a5560000)
  from space 21824K,  40% used [0x00000007a6ab0000, 0x00000007a735c5a0, 0x00000007a8000000)
  to   space 21824K,   0% used [0x00000007a5560000, 0x00000007a5560000, 0x00000007a6ab0000)
 concurrent mark-sweep generation total 393216K, used 81052K [0x00000007a8000000, 0x00000007c0000000, 0x00000007c0000000)
 Metaspace       used 41505K, capacity 42218K, committed 42360K, reserved 1087488K
  class space    used 4460K, capacity 4671K, committed 4732K, reserved 1048576K
2015-08-03T21:38:20.814-0200: 561.326: [GC (Allocation Failure) 561.326: [ParNew
Desired survivor size 20112992 bytes, new threshold 8 (max 8)
- age   1:     153032 bytes,     153032 total
- age   2:    1191704 bytes,    1344736 total
- age   3:    4739504 bytes,    6084240 total
- age   4:     533720 bytes,    6617960 total
- age   5:     252312 bytes,    6870272 total
- age   6:     253264 bytes,    7123536 total
- age   7:      14176 bytes,    7137712 total
- age   8:     394360 bytes,    7532072 total
: 96305K->12474K(109248K), 0.0105762 secs] 177357K->93533K(502464K), 0.0106627 secs] [Times: user=0.04 sys=0.00, real=0.01 secs] 
Heap after GC invocations=116 (full 2):
 par new generation   total 109248K, used 12474K [0x00000007a0000000, 0x00000007a8000000, 0x00000007a8000000)
  eden space 87424K,   0% used [0x00000007a0000000, 0x00000007a0000000, 0x00000007a5560000)
  from space 21824K,  57% used [0x00000007a5560000, 0x00000007a618ebb8, 0x00000007a6ab0000)
  to   space 21824K,   0% used [0x00000007a6ab0000, 0x00000007a6ab0000, 0x00000007a8000000)
 concurrent mark-sweep generation total 393216K, used 81058K [0x00000007a8000000, 0x00000007c0000000, 0x00000007c0000000)
 Metaspace       used 41505K, capacity 42218K, committed 42360K, reserved 1087488K
  class space    used 4460K, capacity 4671K, committed 4732K, reserved 1048576K
}
2015-08-03T21:38:20.825-0200: 561.336: Total time for which application threads were stopped: 0.0112563 seconds, Stopping threads took: 0.0000831 seconds
{Heap before GC invocations=116 (full 2):
 par new generation   total 109248K, used 99898K [0x00000007a0000000, 0x00000007a8000000, 0x00000007a8000000)
  eden space 87424K, 100% used [0x00000007a0000000, 0x00000007a5560000, 0x00000007a5560000)
  from space 21824K,  57% used [0x00000007a5560000, 0x00000007a618ebb8, 0x00000007a6ab0000)
  to   space 21824K,   0% used [0x00000007a6ab0000, 0x00000007a6ab0000, 0x00000007a8000000)
 concurrent mark-sweep generation total 393216K, used 81058K [0x00000007a8000000, 0x00000007c0000000, 0x00000007c0000000)
 Metaspace       used 41505K, capacity 42218K, committed 42360K, reserved 1087488K
  class space    used 4460K, capacity 4671K, committed 4732K, reserved 1048576K
2015-08-03T21:38:20.923-0200: 561.435: [GC (Allocation Failure) 561.435: [ParNew
Desired survivor size 20112992 bytes, new threshold 8 (max 8)
- age   1:    1125520 bytes,    1125520 total
- age   2:      41808 bytes,    1167328 total
- age   3:    1166400 bytes,    2333728 total
- age   4:    4739504 bytes,    7073232 total
- age   5:     533720 bytes,    7606952 total
- age   6:     252312 bytes,    7859264 total
- age   7:     253264 bytes,    8112528 total
- age   8:      14176 bytes,    8126704 total
: 99898K->9957K(109248K), 0.0363996 secs] 180957K->91401K(502464K), 0.0365171 secs] [Times: user=0.04 sys=0.00, real=0.04 secs] 
Heap after GC invocations=117 (full 2):
 par new generation   total 109248K, used 9957K [0x00000007a0000000, 0x00000007a8000000, 0x00000007a8000000)
  eden space 87424K,   0% used [0x00000007a0000000, 0x00000007a0000000, 0x00000007a5560000)
  from space 21824K,  45% used [0x00000007a6ab0000, 0x00000007a7469700, 0x00000007a8000000)
  to   space 21824K,   0% used [0x00000007a5560000, 0x00000007a5560000, 0x00000007a6ab0000)
 concurrent mark-sweep generation total 393216K, used 81444K [0x00000007a8000000, 0x00000007c0000000, 0x00000007c0000000)
 Metaspace       used 41505K, capacity 42218K, committed 42360K, reserved 1087488K
  class space    used 4460K, capacity 4671K, committed 4732K, reserved 1048576K
}
2015-08-03T21:38:20.960-0200: 561.472: Total time for which application threads were stopped: 0.0427418 seconds, Stopping threads took: 0.0057510 seconds
{Heap before GC invocations=117 (full 2):
 par new generation   total 109248K, used 97381K [0x00000007a0000000, 0x00000007a8000000, 0x00000007a8000000)
  eden space 87424K, 100% used [0x00000007a0000000, 0x00000007a5560000, 0x00000007a5560000)
  from space 21824K,  45% used [0x00000007a6ab0000, 0x00000007a7469700, 0x00000007a8000000)
  to   space 21824K,   0% used [0x00000007a5560000, 0x00000007a5560000, 0x00000007a6ab0000)
 concurrent mark-sweep generation total 393216K, used 81444K [0x00000007a8000000, 0x00000007c0000000, 0x00000007c0000000)
 Metaspace       used 41505K, capacity 42218K, committed 42360K, reserved 1087488K
  class space    used 4460K, capacity 4671K, committed 4732K, reserved 1048576K
2015-08-03T21:38:20.988-0200: 561.499: [GC (Allocation Failure) 561.500: [ParNew
Desired survivor size 20112992 bytes, new threshold 8 (max 8)
- age   1:    1194616 bytes,    1194616 total
- age   2:     215000 bytes,    1409616 total
- age   3:      40232 bytes,    1449848 total
- age   4:    1081744 bytes,    2531592 total
- age   5:    4739504 bytes,    7271096 total
- age   6:     533720 bytes,    7804816 total
- age   7:     252312 bytes,    8057128 total
- age   8:     253264 bytes,    8310392 total
: 97381K->12000K(109248K), 0.0428119 secs] 178825K->93458K(502464K), 0.0429091 secs] [Times: user=0.03 sys=0.01, real=0.05 secs] 
Heap after GC invocations=118 (full 2):
 par new generation   total 109248K, used 12000K [0x00000007a0000000, 0x00000007a8000000, 0x00000007a8000000)
  eden space 87424K,   0% used [0x00000007a0000000, 0x00000007a0000000, 0x00000007a5560000)
  from space 21824K,  54% used [0x00000007a5560000, 0x00000007a6118210, 0x00000007a6ab0000)
  to   space 21824K,   0% used [0x00000007a6ab0000, 0x00000007a6ab0000, 0x00000007a8000000)
 concurrent mark-sweep generation total 393216K, used 81458K [0x00000007a8000000, 0x00000007c0000000, 0x00000007c0000000)
 Metaspace       used 41505K, capacity 42218K, committed 42360K, reserved 1087488K
  class space    used 4460K, capacity 4671K, committed 4732K, reserved 1048576K
}
2015-08-03T21:38:21.031-0200: 561.542: Total time for which application threads were stopped: 0.0435703 seconds, Stopping threads took: 0.0001314 seconds
{Heap before GC invocations=118 (full 2):
 par new generation   total 109248K, used 99424K [0x00000007a0000000, 0x00000007a8000000, 0x00000007a8000000)
  eden space 87424K, 100% used [0x00000007a0000000, 0x00000007a5560000, 0x00000007a5560000)
  from space 21824K,  54% used [0x00000007a5560000, 0x00000007a6118210, 0x00000007a6ab0000)
  to   space 21824K,   0% used [0x00000007a6ab0000, 0x00000007a6ab0000, 0x00000007a8000000)
 concurrent mark-sweep generation total 393216K, used 81458K [0x00000007a8000000, 0x00000007c0000000, 0x00000007c0000000)
 Metaspace       used 41505K, capacity 42218K, committed 42360K, reserved 1087488K
  class space    used 4460K, capacity 4671K, committed 4732K, reserved 1048576K
2015-08-03T21:38:21.061-0200: 561.573: [GC (Allocation Failure) 561.573: [ParNew
Desired survivor size 20112992 bytes, new threshold 8 (max 8)
- age   1:    1385544 bytes,    1385544 total
- age   2:      79696 bytes,    1465240 total
- age   3:      71968 bytes,    1537208 total
- age   4:      40232 bytes,    1577440 total
- age   5:    1081744 bytes,    2659184 total
- age   6:    4739504 bytes,    7398688 total
- age   7:     533720 bytes,    7932408 total
- age   8:     252312 bytes,    8184720 total
: 99424K->10704K(109248K), 0.0614089 secs] 180882K->92410K(502464K), 0.0615359 secs] [Times: user=0.06 sys=0.00, real=0.06 secs] 
Heap after GC invocations=119 (full 2):
 par new generation   total 109248K, used 10704K [0x00000007a0000000, 0x00000007a8000000, 0x00000007a8000000)
  eden space 87424K,   0% used [0x00000007a0000000, 0x00000007a0000000, 0x00000007a5560000)
  from space 21824K,  49% used [0x00000007a6ab0000, 0x00000007a7524378, 0x00000007a8000000)
  to   space 21824K,   0% used [0x00000007a5560000, 0x00000007a5560000, 0x00000007a6ab0000)
 concurrent mark-sweep generation total 393216K, used 81706K [0x00000007a8000000, 0x00000007c0000000, 0x00000007c0000000)
 Metaspace       used 41505K, capacity 42218K, committed 42360K, reserved 1087488K
  class space    used 4460K, capacity 4671K, committed 4732K, reserved 1048576K
}
2015-08-03T21:38:21.123-0200: 561.635: Total time for which application threads were stopped: 0.0624983 seconds, Stopping threads took: 0.0003831 seconds
{Heap before GC invocations=119 (full 2):
 par new generation   total 109248K, used 98128K [0x00000007a0000000, 0x00000007a8000000, 0x00000007a8000000)
  eden space 87424K, 100% used [0x00000007a0000000, 0x00000007a5560000, 0x00000007a5560000)
  from space 21824K,  49% used [0x00000007a6ab0000, 0x00000007a7524378, 0x00000007a8000000)
  to   space 21824K,   0% used [0x00000007a5560000, 0x00000007a5560000, 0x00000007a6ab0000)
 concurrent mark-sweep generation total 393216K, used 81706K [0x00000007a8000000, 0x00000007c0000000, 0x00000007c0000000)
 Metaspace       used 41506K, capacity 42218K, committed 42360K, reserved 1087488K
  class space    used 4460K, capacity 4671K, committed 4732K, reserved 1048576K
2015-08-03T21:38:21.169-0200: 561.680: [GC (Allocation Failure) 561.680: [ParNew
Desired survivor size 20112992 bytes, new threshold 8 (max 8)
- age   1:    1766152 bytes,    1766152 total
- age   2:     117984 bytes,    1884136 total
- age   3:      79264 bytes,    1963400 total
- age   4:      71480 bytes,    2034880 total
- age   5:      39688 bytes,    2074568 total
- age   6:    1081744 bytes,    3156312 total
- age   7:    4739544 bytes,    7895856 total
- age   8:     533720 bytes,    8429576 total
: 98128K->10466K(109248K), 0.0730346 secs] 179834K->92420K(502464K), 0.0731335 secs] [Times: user=0.05 sys=0.00, real=0.08 secs] 
Heap after GC invocations=120 (full 2):
 par new generation   total 109248K, used 10466K [0x00000007a0000000, 0x00000007a8000000, 0x00000007a8000000)
  eden space 87424K,   0% used [0x00000007a0000000, 0x00000007a0000000, 0x00000007a5560000)
  from space 21824K,  47% used [0x00000007a5560000, 0x00000007a5f98bd0, 0x00000007a6ab0000)
  to   space 21824K,   0% used [0x00000007a6ab0000, 0x00000007a6ab0000, 0x00000007a8000000)
 concurrent mark-sweep generation total 393216K, used 81953K [0x00000007a8000000, 0x00000007c0000000, 0x00000007c0000000)
 Metaspace       used 41506K, capacity 42218K, committed 42360K, reserved 1087488K
  class space    used 4460K, capacity 4671K, committed 4732K, reserved 1048576K
}
2015-08-03T21:38:21.242-0200: 561.753: Total time for which application threads were stopped: 0.0746179 seconds, Stopping threads took: 0.0009909 seconds
{Heap before GC invocations=120 (full 2):
 par new generation   total 109248K, used 97890K [0x00000007a0000000, 0x00000007a8000000, 0x00000007a8000000)
  eden space 87424K, 100% used [0x00000007a0000000, 0x00000007a5560000, 0x00000007a5560000)
  from space 21824K,  47% used [0x00000007a5560000, 0x00000007a5f98bd0, 0x00000007a6ab0000)
  to   space 21824K,   0% used [0x00000007a6ab0000, 0x00000007a6ab0000, 0x00000007a8000000)
 concurrent mark-sweep generation total 393216K, used 81953K [0x00000007a8000000, 0x00000007c0000000, 0x00000007c0000000)
 Metaspace       used 41507K, capacity 42218K, committed 42360K, reserved 1087488K
  class space    used 4460K, capacity 4671K, committed 4732K, reserved 1048576K
2015-08-03T21:38:21.290-0200: 561.801: [GC (Allocation Failure) 561.801: [ParNew
Desired survivor size 20112992 bytes, new threshold 8 (max 8)
- age   1:    1508616 bytes,    1508616 total
- age   2:     103352 bytes,    1611968 total
- age   3:     117768 bytes,    1729736 total
- age   4:      78288 bytes,    1808024 total
- age   5:      71480 bytes,    1879504 total
- age   6:      39416 bytes,    1918920 total
- age   7:    1081744 bytes,    3000664 total
- age   8:    4739504 bytes,    7740168 total
: 97890K->12636K(109248K), 0.0827030 secs] 179844K->95113K(502464K), 0.0828091 secs] [Times: user=0.08 sys=0.01, real=0.08 secs] 
Heap after GC invocations=121 (full 2):
 par new generation   total 109248K, used 12636K [0x00000007a0000000, 0x00000007a8000000, 0x00000007a8000000)
  eden space 87424K,   0% used [0x00000007a0000000, 0x00000007a0000000, 0x00000007a5560000)
  from space 21824K,  57% used [0x00000007a6ab0000, 0x00000007a7707108, 0x00000007a8000000)
  to   space 21824K,   0% used [0x00000007a5560000, 0x00000007a5560000, 0x00000007a6ab0000)
 concurrent mark-sweep generation total 393216K, used 82477K [0x00000007a8000000, 0x00000007c0000000, 0x00000007c0000000)
 Metaspace       used 41507K, capacity 42218K, committed 42360K, reserved 1087488K
  class space    used 4460K, capacity 4671K, committed 4732K, reserved 1048576K
}
2015-08-03T21:38:21.373-0200: 561.884: Total time for which application threads were stopped: 0.0840086 seconds, Stopping threads took: 0.0007196 seconds
{Heap before GC invocations=121 (full 2):
 par new generation   total 109248K, used 100060K [0x00000007a0000000, 0x00000007a8000000, 0x00000007a8000000)
  eden space 87424K, 100% used [0x00000007a0000000, 0x00000007a5560000, 0x00000007a5560000)
  from space 21824K,  57% used [0x00000007a6ab0000, 0x00000007a7707108, 0x00000007a8000000)
  to   space 21824K,   0% used [0x00000007a5560000, 0x00000007a5560000, 0x00000007a6ab0000)
 concurrent mark-sweep generation total 393216K, used 82477K [0x00000007a8000000, 0x00000007c0000000, 0x00000007c0000000)
 Metaspace       used 41507K, capacity 42218K, committed 42360K, reserved 1087488K
  class space    used 4460K, capacity 4671K, committed 4732K, reserved 1048576K
2015-08-03T21:38:21.424-0200: 561.936: [GC (Allocation Failure) 561.936: [ParNew
Desired survivor size 20112992 bytes, new threshold 8 (max 8)
- age   1:    1364736 bytes,    1364736 total
- age   2:      94072 bytes,    1458808 total
- age   3:     103352 bytes,    1562160 total
- age   4:     117768 bytes,    1679928 total
- age   5:      78288 bytes,    1758216 total
- age   6:      71480 bytes,    1829696 total
- age   7:      39416 bytes,    1869112 total
- age   8:    1081744 bytes,    2950856 total
: 100060K->4618K(109248K), 0.0972730 secs] 182537K->91740K(502464K), 0.0973805 secs] [Times: user=0.13 sys=0.01, real=0.10 secs] 
Heap after GC invocations=122 (full 2):
 par new generation   total 109248K, used 4618K [0x00000007a0000000, 0x00000007a8000000, 0x00000007a8000000)
  eden space 87424K,   0% used [0x00000007a0000000, 0x00000007a0000000, 0x00000007a5560000)
  from space 21824K,  21% used [0x00000007a5560000, 0x00000007a59e2a60, 0x00000007a6ab0000)
  to   space 21824K,   0% used [0x00000007a6ab0000, 0x00000007a6ab0000, 0x00000007a8000000)
 concurrent mark-sweep generation total 393216K, used 87121K [0x00000007a8000000, 0x00000007c0000000, 0x00000007c0000000)
 Metaspace       used 41507K, capacity 42218K, committed 42360K, reserved 1087488K
  class space    used 4460K, capacity 4671K, committed 4732K, reserved 1048576K
}
2015-08-03T21:38:21.522-0200: 562.033: Total time for which application threads were stopped: 0.0988590 seconds, Stopping threads took: 0.0009611 seconds
{Heap before GC invocations=122 (full 2):
 par new generation   total 109248K, used 92042K [0x00000007a0000000, 0x00000007a8000000, 0x00000007a8000000)
  eden space 87424K, 100% used [0x00000007a0000000, 0x00000007a5560000, 0x00000007a5560000)
  from space 21824K,  21% used [0x00000007a5560000, 0x00000007a59e2a60, 0x00000007a6ab0000)
  to   space 21824K,   0% used [0x00000007a6ab0000, 0x00000007a6ab0000, 0x00000007a8000000)
 concurrent mark-sweep generation total 393216K, used 87121K [0x00000007a8000000, 0x00000007c0000000, 0x00000007c0000000)
 Metaspace       used 41507K, capacity 42218K, committed 42360K, reserved 1087488K
  class space    used 4460K, capacity 4671K, committed 4732K, reserved 1048576K
2015-08-03T21:38:21.578-0200: 562.090: [GC (Allocation Failure) 562.090: [ParNew
Desired survivor size 20112992 bytes, new threshold 8 (max 8)
- age   1:    1037240 bytes,    1037240 total
- age   2:      78328 bytes,    1115568 total
- age   3:      93808 bytes,    1209376 total
- age   4:     102464 bytes,    1311840 total
- age   5:     117408 bytes,    1429248 total
- age   6:      78000 bytes,    1507248 total
- age   7:      71312 bytes,    1578560 total
- age   8:      38480 bytes,    1617040 total
: 92042K->2055K(109248K), 0.0232999 secs] 179164K->90234K(502464K), 0.0234323 secs] [Times: user=0.04 sys=0.01, real=0.03 secs] 
Heap after GC invocations=123 (full 2):
 par new generation   total 109248K, used 2055K [0x00000007a0000000, 0x00000007a8000000, 0x00000007a8000000)
  eden space 87424K,   0% used [0x00000007a0000000, 0x00000007a0000000, 0x00000007a5560000)
  from space 21824K,   9% used [0x00000007a6ab0000, 0x00000007a6cb1ca0, 0x00000007a8000000)
  to   space 21824K,   0% used [0x00000007a5560000, 0x00000007a5560000, 0x00000007a6ab0000)
 concurrent mark-sweep generation total 393216K, used 88179K [0x00000007a8000000, 0x00000007c0000000, 0x00000007c0000000)
 Metaspace       used 41507K, capacity 42218K, committed 42360K, reserved 1087488K
  class space    used 4460K, capacity 4671K, committed 4732K, reserved 1048576K
}
2015-08-03T21:38:21.602-0200: 562.113: Total time for which application threads were stopped: 0.0242376 seconds, Stopping threads took: 0.0001668 seconds
2015-08-03T21:38:21.828-0200: 562.339: Total time for which application threads were stopped: 0.0003754 seconds, Stopping threads took: 0.0000317 seconds
2015-08-03T21:38:21.829-0200: 562.341: Total time for which application threads were stopped: 0.0002778 seconds, Stopping threads took: 0.0000267 seconds
2015-08-03T21:38:21.887-0200: 562.399: Total time for which application threads were stopped: 0.0004552 seconds, Stopping threads took: 0.0000542 seconds
2015-08-03T21:38:21.902-0200: 562.413: Total time for which application threads were stopped: 0.0115839 seconds, Stopping threads took: 0.0110252 seconds
{Heap before GC invocations=123 (full 2):
 par new generation   total 109248K, used 89479K [0x00000007a0000000, 0x00000007a8000000, 0x00000007a8000000)
  eden space 87424K, 100% used [0x00000007a0000000, 0x00000007a5560000, 0x00000007a5560000)
  from space 21824K,   9% used [0x00000007a6ab0000, 0x00000007a6cb1ca0, 0x00000007a8000000)
  to   space 21824K,   0% used [0x00000007a5560000, 0x00000007a5560000, 0x00000007a6ab0000)
 concurrent mark-sweep generation total 393216K, used 88179K [0x00000007a8000000, 0x00000007c0000000, 0x00000007c0000000)
 Metaspace       used 41511K, capacity 42282K, committed 42616K, reserved 1087488K
  class space    used 4460K, capacity 4671K, committed 4732K, reserved 1048576K
2015-08-03T21:38:21.942-0200: 562.453: [GC (Allocation Failure) 562.453: [ParNew
Desired survivor size 20112992 bytes, new threshold 8 (max 8)
- age   1:    4633752 bytes,    4633752 total
- age   2:     480520 bytes,    5114272 total
- age   3:      78328 bytes,    5192600 total
- age   4:      93808 bytes,    5286408 total
- age   5:     102464 bytes,    5388872 total
- age   6:     117408 bytes,    5506280 total
- age   7:      78000 bytes,    5584280 total
- age   8:      71312 bytes,    5655592 total
: 89479K->6275K(109248K), 0.0230054 secs] 177658K->94494K(502464K), 0.0231444 secs] [Times: user=0.04 sys=0.00, real=0.02 secs] 
Heap after GC invocations=124 (full 2):
 par new generation   total 109248K, used 6275K [0x00000007a0000000, 0x00000007a8000000, 0x00000007a8000000)
  eden space 87424K,   0% used [0x00000007a0000000, 0x00000007a0000000, 0x00000007a5560000)
  from space 21824K,  28% used [0x00000007a5560000, 0x00000007a5b80db0, 0x00000007a6ab0000)
  to   space 21824K,   0% used [0x00000007a6ab0000, 0x00000007a6ab0000, 0x00000007a8000000)
 concurrent mark-sweep generation total 393216K, used 88218K [0x00000007a8000000, 0x00000007c0000000, 0x00000007c0000000)
 Metaspace       used 41511K, capacity 42282K, committed 42616K, reserved 1087488K
  class space    used 4460K, capacity 4671K, committed 4732K, reserved 1048576K
}
2015-08-03T21:38:21.965-0200: 562.477: Total time for which application threads were stopped: 0.0239236 seconds, Stopping threads took: 0.0001604 seconds
{Heap before GC invocations=124 (full 2):
 par new generation   total 109248K, used 93699K [0x00000007a0000000, 0x00000007a8000000, 0x00000007a8000000)
  eden space 87424K, 100% used [0x00000007a0000000, 0x00000007a5560000, 0x00000007a5560000)
  from space 21824K,  28% used [0x00000007a5560000, 0x00000007a5b80db0, 0x00000007a6ab0000)
  to   space 21824K,   0% used [0x00000007a6ab0000, 0x00000007a6ab0000, 0x00000007a8000000)
 concurrent mark-sweep generation total 393216K, used 88218K [0x00000007a8000000, 0x00000007c0000000, 0x00000007c0000000)
 Metaspace       used 41512K, capacity 42282K, committed 42616K, reserved 1087488K
  class space    used 4460K, capacity 4671K, committed 4732K, reserved 1048576K
2015-08-03T21:38:22.014-0200: 562.525: [GC (Allocation Failure) 562.525: [ParNew
Desired survivor size 20112992 bytes, new threshold 8 (max 8)
- age   1:    1542352 bytes,    1542352 total
- age   2:    4571144 bytes,    6113496 total
- age   3:     480520 bytes,    6594016 total
- age   4:      78328 bytes,    6672344 total
- age   5:      93808 bytes,    6766152 total
- age   6:     102464 bytes,    6868616 total
- age   7:     117408 bytes,    6986024 total
- age   8:      78000 bytes,    7064024 total
: 93699K->9452K(109248K), 0.0237828 secs] 181918K->97743K(502464K), 0.0238796 secs] [Times: user=0.06 sys=0.00, real=0.02 secs] 
Heap after GC invocations=125 (full 2):
 par new generation   total 109248K, used 9452K [0x00000007a0000000, 0x00000007a8000000, 0x00000007a8000000)
  eden space 87424K,   0% used [0x00000007a0000000, 0x00000007a0000000, 0x00000007a5560000)
  from space 21824K,  43% used [0x00000007a6ab0000, 0x00000007a73eb148, 0x00000007a8000000)
  to   space 21824K,   0% used [0x00000007a5560000, 0x00000007a5560000, 0x00000007a6ab0000)
 concurrent mark-sweep generation total 393216K, used 88290K [0x00000007a8000000, 0x00000007c0000000, 0x00000007c0000000)
 Metaspace       used 41512K, capacity 42282K, committed 42616K, reserved 1087488K
  class space    used 4460K, capacity 4671K, committed 4732K, reserved 1048576K
}
2015-08-03T21:38:22.038-0200: 562.549: Total time for which application threads were stopped: 0.0247286 seconds, Stopping threads took: 0.0003183 seconds
{Heap before GC invocations=125 (full 2):
 par new generation   total 109248K, used 96876K [0x00000007a0000000, 0x00000007a8000000, 0x00000007a8000000)
  eden space 87424K, 100% used [0x00000007a0000000, 0x00000007a5560000, 0x00000007a5560000)
  from space 21824K,  43% used [0x00000007a6ab0000, 0x00000007a73eb148, 0x00000007a8000000)
  to   space 21824K,   0% used [0x00000007a5560000, 0x00000007a5560000, 0x00000007a6ab0000)
 concurrent mark-sweep generation total 393216K, used 88290K [0x00000007a8000000, 0x00000007c0000000, 0x00000007c0000000)
 Metaspace       used 41513K, capacity 42282K, committed 42616K, reserved 1087488K
  class space    used 4460K, capacity 4671K, committed 4732K, reserved 1048576K
2015-08-03T21:38:22.068-0200: 562.579: [GC (Allocation Failure) 562.579: [ParNew
Desired survivor size 20112992 bytes, new threshold 8 (max 8)
- age   1:    1381064 bytes,    1381064 total
- age   2:    1183280 bytes,    2564344 total
- age   3:    4571144 bytes,    7135488 total
- age   4:     480520 bytes,    7616008 total
- age   5:      78328 bytes,    7694336 total
- age   6:      93808 bytes,    7788144 total
- age   7:     102464 bytes,    7890608 total
- age   8:     117408 bytes,    8008016 total
: 96876K->9092K(109248K), 0.0564414 secs] 185167K->97462K(502464K), 0.0565862 secs] [Times: user=0.06 sys=0.01, real=0.06 secs] 
Heap after GC invocations=126 (full 2):
 par new generation   total 109248K, used 9092K [0x00000007a0000000, 0x00000007a8000000, 0x00000007a8000000)
  eden space 87424K,   0% used [0x00000007a0000000, 0x00000007a0000000, 0x00000007a5560000)
  from space 21824K,  41% used [0x00000007a5560000, 0x00000007a5e413e0, 0x00000007a6ab0000)
  to   space 21824K,   0% used [0x00000007a6ab0000, 0x00000007a6ab0000, 0x00000007a8000000)
 concurrent mark-sweep generation total 393216K, used 88369K [0x00000007a8000000, 0x00000007c0000000, 0x00000007c0000000)
 Metaspace       used 41513K, capacity 42282K, committed 42616K, reserved 1087488K
  class space    used 4460K, capacity 4671K, committed 4732K, reserved 1048576K
}
2015-08-03T21:38:22.124-0200: 562.636: Total time for which application threads were stopped: 0.0607784 seconds, Stopping threads took: 0.0036610 seconds
{Heap before GC invocations=126 (full 2):
 par new generation   total 109248K, used 96503K [0x00000007a0000000, 0x00000007a8000000, 0x00000007a8000000)
  eden space 87424K,  99% used [0x00000007a0000000, 0x00000007a555c9c0, 0x00000007a5560000)
  from space 21824K,  41% used [0x00000007a5560000, 0x00000007a5e413e0, 0x00000007a6ab0000)
  to   space 21824K,   0% used [0x00000007a6ab0000, 0x00000007a6ab0000, 0x00000007a8000000)
 concurrent mark-sweep generation total 393216K, used 88369K [0x00000007a8000000, 0x00000007c0000000, 0x00000007c0000000)
 Metaspace       used 41513K, capacity 42282K, committed 42616K, reserved 1087488K
  class space    used 4460K, capacity 4671K, committed 4732K, reserved 1048576K
2015-08-03T21:38:22.160-0200: 562.672: [GC (Allocation Failure) 562.672: [ParNew
Desired survivor size 20112992 bytes, new threshold 8 (max 8)
- age   1:     899152 bytes,     899152 total
- age   2:     638056 bytes,    1537208 total
- age   3:    1142544 bytes,    2679752 total
- age   4:    4571144 bytes,    7250896 total
- age   5:     480520 bytes,    7731416 total
- age   6:      78328 bytes,    7809744 total
- age   7:      93808 bytes,    7903552 total
- age   8:     102464 bytes,    8006016 total
: 96503K->11855K(109248K), 0.0226381 secs] 184872K->100341K(502464K), 0.0227272 secs] [Times: user=0.05 sys=0.00, real=0.02 secs] 
Heap after GC invocations=127 (full 2):
 par new generation   total 109248K, used 11855K [0x00000007a0000000, 0x00000007a8000000, 0x00000007a8000000)
  eden space 87424K,   0% used [0x00000007a0000000, 0x00000007a0000000, 0x00000007a5560000)
  from space 21824K,  54% used [0x00000007a6ab0000, 0x00000007a7643df0, 0x00000007a8000000)
  to   space 21824K,   0% used [0x00000007a5560000, 0x00000007a5560000, 0x00000007a6ab0000)
 concurrent mark-sweep generation total 393216K, used 88485K [0x00000007a8000000, 0x00000007c0000000, 0x00000007c0000000)
 Metaspace       used 41513K, capacity 42282K, committed 42616K, reserved 1087488K
  class space    used 4460K, capacity 4671K, committed 4732K, reserved 1048576K
}
2015-08-03T21:38:22.183-0200: 562.695: Total time for which application threads were stopped: 0.0351080 seconds, Stopping threads took: 0.0119236 seconds
{Heap before GC invocations=127 (full 2):
 par new generation   total 109248K, used 99279K [0x00000007a0000000, 0x00000007a8000000, 0x00000007a8000000)
  eden space 87424K, 100% used [0x00000007a0000000, 0x00000007a5560000, 0x00000007a5560000)
  from space 21824K,  54% used [0x00000007a6ab0000, 0x00000007a7643df0, 0x00000007a8000000)
  to   space 21824K,   0% used [0x00000007a5560000, 0x00000007a5560000, 0x00000007a6ab0000)
 concurrent mark-sweep generation total 393216K, used 88485K [0x00000007a8000000, 0x00000007c0000000, 0x00000007c0000000)
 Metaspace       used 41513K, capacity 42282K, committed 42616K, reserved 1087488K
  class space    used 4460K, capacity 4671K, committed 4732K, reserved 1048576K
2015-08-03T21:38:22.207-0200: 562.719: [GC (Allocation Failure) 562.719: [ParNew
Desired survivor size 20112992 bytes, new threshold 8 (max 8)
- age   1:    1513720 bytes,    1513720 total
- age   2:     273776 bytes,    1787496 total
- age   3:     638056 bytes,    2425552 total
- age   4:    1142544 bytes,    3568096 total
- age   5:    4571128 bytes,    8139224 total
- age   6:     480520 bytes,    8619744 total
- age   7:      78328 bytes,    8698072 total
- age   8:      93808 bytes,    8791880 total
: 99279K->10032K(109248K), 0.0744985 secs] 187765K->98620K(502464K), 0.0746288 secs] [Times: user=0.09 sys=0.01, real=0.08 secs] 
Heap after GC invocations=128 (full 2):
 par new generation   total 109248K, used 10032K [0x00000007a0000000, 0x00000007a8000000, 0x00000007a8000000)
  eden space 87424K,   0% used [0x00000007a0000000, 0x00000007a0000000, 0x00000007a5560000)
  from space 21824K,  45% used [0x00000007a5560000, 0x00000007a5f2c268, 0x00000007a6ab0000)
  to   space 21824K,   0% used [0x00000007a6ab0000, 0x00000007a6ab0000, 0x00000007a8000000)
 concurrent mark-sweep generation total 393216K, used 88588K [0x00000007a8000000, 0x00000007c0000000, 0x00000007c0000000)
 Metaspace       used 41513K, capacity 42282K, committed 42616K, reserved 1087488K
  class space    used 4460K, capacity 4671K, committed 4732K, reserved 1048576K
}
2015-08-03T21:38:22.282-0200: 562.793: Total time for which application threads were stopped: 0.0752818 seconds, Stopping threads took: 0.0001287 seconds
{Heap before GC invocations=128 (full 2):
 par new generation   total 109248K, used 97456K [0x00000007a0000000, 0x00000007a8000000, 0x00000007a8000000)
  eden space 87424K, 100% used [0x00000007a0000000, 0x00000007a5560000, 0x00000007a5560000)
  from space 21824K,  45% used [0x00000007a5560000, 0x00000007a5f2c268, 0x00000007a6ab0000)
  to   space 21824K,   0% used [0x00000007a6ab0000, 0x00000007a6ab0000, 0x00000007a8000000)
 concurrent mark-sweep generation total 393216K, used 88588K [0x00000007a8000000, 0x00000007c0000000, 0x00000007c0000000)
 Metaspace       used 41513K, capacity 42282K, committed 42616K, reserved 1087488K
  class space    used 4460K, capacity 4671K, committed 4732K, reserved 1048576K
2015-08-03T21:38:22.315-0200: 562.827: [GC (Allocation Failure) 562.827: [ParNew
Desired survivor size 20112992 bytes, new threshold 8 (max 8)
- age   1:    1017096 bytes,    1017096 total
- age   2:      92720 bytes,    1109816 total
- age   3:     273856 bytes,    1383672 total
- age   4:     638056 bytes,    2021728 total
- age   5:    1142544 bytes,    3164272 total
- age   6:    4571032 bytes,    7735304 total
- age   7:     480520 bytes,    8215824 total
- age   8:      78328 bytes,    8294152 total
: 97456K->11027K(109248K), 0.0802939 secs] 186044K->99709K(502464K), 0.0803923 secs] [Times: user=0.11 sys=0.00, real=0.08 secs] 
Heap after GC invocations=129 (full 2):
 par new generation   total 109248K, used 11027K [0x00000007a0000000, 0x00000007a8000000, 0x00000007a8000000)
  eden space 87424K,   0% used [0x00000007a0000000, 0x00000007a0000000, 0x00000007a5560000)
  from space 21824K,  50% used [0x00000007a6ab0000, 0x00000007a7574c40, 0x00000007a8000000)
  to   space 21824K,   0% used [0x00000007a5560000, 0x00000007a5560000, 0x00000007a6ab0000)
 concurrent mark-sweep generation total 393216K, used 88682K [0x00000007a8000000, 0x00000007c0000000, 0x00000007c0000000)
 Metaspace       used 41513K, capacity 42282K, committed 42616K, reserved 1087488K
  class space    used 4460K, capacity 4671K, committed 4732K, reserved 1048576K
}
2015-08-03T21:38:22.396-0200: 562.907: Total time for which application threads were stopped: 0.0811205 seconds, Stopping threads took: 0.0001776 seconds
{Heap before GC invocations=129 (full 2):
 par new generation   total 109248K, used 98429K [0x00000007a0000000, 0x00000007a8000000, 0x00000007a8000000)
  eden space 87424K,  99% used [0x00000007a0000000, 0x00000007a555aa68, 0x00000007a5560000)
  from space 21824K,  50% used [0x00000007a6ab0000, 0x00000007a7574c40, 0x00000007a8000000)
  to   space 21824K,   0% used [0x00000007a5560000, 0x00000007a5560000, 0x00000007a6ab0000)
 concurrent mark-sweep generation total 393216K, used 88682K [0x00000007a8000000, 0x00000007c0000000, 0x00000007c0000000)
 Metaspace       used 41513K, capacity 42282K, committed 42616K, reserved 1087488K
  class space    used 4460K, capacity 4671K, committed 4732K, reserved 1048576K
2015-08-03T21:38:22.425-0200: 562.936: [GC (Allocation Failure) 562.936: [ParNew
Desired survivor size 20112992 bytes, new threshold 8 (max 8)
- age   1:     965904 bytes,     965904 total
- age   2:     109384 bytes,    1075288 total
- age   3:      92720 bytes,    1168008 total
- age   4:     272856 bytes,    1440864 total
- age   5:     637784 bytes,    2078648 total
- age   6:    1142272 bytes,    3220920 total
- age   7:    4571056 bytes,    7791976 total
- age   8:     480520 bytes,    8272496 total
: 98429K->10969K(109248K), 0.0759116 secs] 187111K->99729K(502464K), 0.0760448 secs] [Times: user=0.09 sys=0.00, real=0.08 secs] 
Heap after GC invocations=130 (full 2):
 par new generation   total 109248K, used 10969K [0x00000007a0000000, 0x00000007a8000000, 0x00000007a8000000)
  eden space 87424K,   0% used [0x00000007a0000000, 0x00000007a0000000, 0x00000007a5560000)
  from space 21824K,  50% used [0x00000007a5560000, 0x00000007a60164f8, 0x00000007a6ab0000)
  to   space 21824K,   0% used [0x00000007a6ab0000, 0x00000007a6ab0000, 0x00000007a8000000)
 concurrent mark-sweep generation total 393216K, used 88760K [0x00000007a8000000, 0x00000007c0000000, 0x00000007c0000000)
 Metaspace       used 41513K, capacity 42282K, committed 42616K, reserved 1087488K
  class space    used 4460K, capacity 4671K, committed 4732K, reserved 1048576K
}
2015-08-03T21:38:22.501-0200: 563.012: Total time for which application threads were stopped: 0.0768524 seconds, Stopping threads took: 0.0001944 seconds
{Heap before GC invocations=130 (full 2):
 par new generation   total 109248K, used 98393K [0x00000007a0000000, 0x00000007a8000000, 0x00000007a8000000)
  eden space 87424K, 100% used [0x00000007a0000000, 0x00000007a5560000, 0x00000007a5560000)
  from space 21824K,  50% used [0x00000007a5560000, 0x00000007a60164f8, 0x00000007a6ab0000)
  to   space 21824K,   0% used [0x00000007a6ab0000, 0x00000007a6ab0000, 0x00000007a8000000)
 concurrent mark-sweep generation total 393216K, used 88760K [0x00000007a8000000, 0x00000007c0000000, 0x00000007c0000000)
 Metaspace       used 41513K, capacity 42282K, committed 42616K, reserved 1087488K
  class space    used 4460K, capacity 4671K, committed 4732K, reserved 1048576K
2015-08-03T21:38:22.534-0200: 563.046: [GC (Allocation Failure) 563.046: [ParNew
Desired survivor size 20112992 bytes, new threshold 8 (max 8)
- age   1:    1001088 bytes,    1001088 total
- age   2:     103968 bytes,    1105056 total
- age   3:     109168 bytes,    1214224 total
- age   4:      91960 bytes,    1306184 total
- age   5:     272640 bytes,    1578824 total
- age   6:     637512 bytes,    2216336 total
- age   7:    1142272 bytes,    3358608 total
- age   8:    4571032 bytes,    7929640 total
: 98393K->9558K(109248K), 0.0404839 secs] 187153K->98792K(502464K), 0.0405786 secs] [Times: user=0.07 sys=0.01, real=0.04 secs] 
Heap after GC invocations=131 (full 2):
 par new generation   total 109248K, used 9558K [0x00000007a0000000, 0x00000007a8000000, 0x00000007a8000000)
  eden space 87424K,   0% used [0x00000007a0000000, 0x00000007a0000000, 0x00000007a5560000)
  from space 21824K,  43% used [0x00000007a6ab0000, 0x00000007a7405a88, 0x00000007a8000000)
  to   space 21824K,   0% used [0x00000007a5560000, 0x00000007a5560000, 0x00000007a6ab0000)
 concurrent mark-sweep generation total 393216K, used 89233K [0x00000007a8000000, 0x00000007c0000000, 0x00000007c0000000)
 Metaspace       used 41513K, capacity 42282K, committed 42616K, reserved 1087488K
  class space    used 4460K, capacity 4671K, committed 4732K, reserved 1048576K
}
2015-08-03T21:38:22.575-0200: 563.086: Total time for which application threads were stopped: 0.0412493 seconds, Stopping threads took: 0.0001767 seconds
{Heap before GC invocations=131 (full 2):
 par new generation   total 109248K, used 96950K [0x00000007a0000000, 0x00000007a8000000, 0x00000007a8000000)
  eden space 87424K,  99% used [0x00000007a0000000, 0x00000007a5558048, 0x00000007a5560000)
  from space 21824K,  43% used [0x00000007a6ab0000, 0x00000007a7405a88, 0x00000007a8000000)
  to   space 21824K,   0% used [0x00000007a5560000, 0x00000007a5560000, 0x00000007a6ab0000)
 concurrent mark-sweep generation total 393216K, used 89233K [0x00000007a8000000, 0x00000007c0000000, 0x00000007c0000000)
 Metaspace       used 41513K, capacity 42282K, committed 42616K, reserved 1087488K
  class space    used 4460K, capacity 4671K, committed 4732K, reserved 1048576K
2015-08-03T21:38:22.625-0200: 563.136: [GC (Allocation Failure) 563.136: [ParNew
Desired survivor size 20112992 bytes, new threshold 8 (max 8)
- age   1:    1997776 bytes,    1997776 total
- age   2:      93528 bytes,    2091304 total
- age   3:     103968 bytes,    2195272 total
- age   4:     109168 bytes,    2304440 total
- age   5:      91848 bytes,    2396288 total
- age   6:     272640 bytes,    2668928 total
- age   7:     637512 bytes,    3306440 total
- age   8:    1142272 bytes,    4448712 total
: 96950K->6869K(109248K), 0.0403043 secs] 186184K->100579K(502464K), 0.0404285 secs] [Times: user=0.08 sys=0.01, real=0.04 secs] 
Heap after GC invocations=132 (full 2):
 par new generation   total 109248K, used 6869K [0x00000007a0000000, 0x00000007a8000000, 0x00000007a8000000)
  eden space 87424K,   0% used [0x00000007a0000000, 0x00000007a0000000, 0x00000007a5560000)
  from space 21824K,  31% used [0x00000007a5560000, 0x00000007a5c157c0, 0x00000007a6ab0000)
  to   space 21824K,   0% used [0x00000007a6ab0000, 0x00000007a6ab0000, 0x00000007a8000000)
 concurrent mark-sweep generation total 393216K, used 93709K [0x00000007a8000000, 0x00000007c0000000, 0x00000007c0000000)
 Metaspace       used 41513K, capacity 42282K, committed 42616K, reserved 1087488K
  class space    used 4460K, capacity 4671K, committed 4732K, reserved 1048576K
}
2015-08-03T21:38:22.665-0200: 563.177: Total time for which application threads were stopped: 0.0410908 seconds, Stopping threads took: 0.0001863 seconds
{Heap before GC invocations=132 (full 2):
 par new generation   total 109248K, used 94293K [0x00000007a0000000, 0x00000007a8000000, 0x00000007a8000000)
  eden space 87424K, 100% used [0x00000007a0000000, 0x00000007a5560000, 0x00000007a5560000)
  from space 21824K,  31% used [0x00000007a5560000, 0x00000007a5c157c0, 0x00000007a6ab0000)
  to   space 21824K,   0% used [0x00000007a6ab0000, 0x00000007a6ab0000, 0x00000007a8000000)
 concurrent mark-sweep generation total 393216K, used 93709K [0x00000007a8000000, 0x00000007c0000000, 0x00000007c0000000)
 Metaspace       used 41516K, capacity 42282K, committed 42616K, reserved 1087488K
  class space    used 4460K, capacity 4671K, committed 4732K, reserved 1048576K
2015-08-03T21:38:22.748-0200: 563.260: [GC (Allocation Failure) 563.260: [ParNew
Desired survivor size 20112992 bytes, new threshold 8 (max 8)
- age   1:    1717560 bytes,    1717560 total
- age   2:      74728 bytes,    1792288 total
- age   3:      92904 bytes,    1885192 total
- age   4:     103368 bytes,    1988560 total
- age   5:     108904 bytes,    2097464 total
- age   6:      91752 bytes,    2189216 total
- age   7:     272136 bytes,    2461352 total
- age   8:     636552 bytes,    3097904 total
: 94293K->4205K(109248K), 0.0286623 secs] 188003K->98840K(502464K), 0.0287597 secs] [Times: user=0.04 sys=0.00, real=0.03 secs] 
Heap after GC invocations=133 (full 2):
 par new generation   total 109248K, used 4205K [0x00000007a0000000, 0x00000007a8000000, 0x00000007a8000000)
  eden space 87424K,   0% used [0x00000007a0000000, 0x00000007a0000000, 0x00000007a5560000)
  from space 21824K,  19% used [0x00000007a6ab0000, 0x00000007a6ecb590, 0x00000007a8000000)
  to   space 21824K,   0% used [0x00000007a5560000, 0x00000007a5560000, 0x00000007a6ab0000)
 concurrent mark-sweep generation total 393216K, used 94635K [0x00000007a8000000, 0x00000007c0000000, 0x00000007c0000000)
 Metaspace       used 41516K, capacity 42282K, committed 42616K, reserved 1087488K
  class space    used 4460K, capacity 4671K, committed 4732K, reserved 1048576K
}
2015-08-03T21:38:22.777-0200: 563.289: Total time for which application threads were stopped: 0.0294410 seconds, Stopping threads took: 0.0001665 seconds
2015-08-03T21:38:22.941-0200: 563.453: Total time for which application threads were stopped: 0.0004686 seconds, Stopping threads took: 0.0000502 seconds
2015-08-03T21:38:22.943-0200: 563.454: Total time for which application threads were stopped: 0.0003586 seconds, Stopping threads took: 0.0000280 seconds
2015-08-03T21:38:22.945-0200: 563.456: Total time for which application threads were stopped: 0.0004816 seconds, Stopping threads took: 0.0001539 seconds
2015-08-03T21:38:22.970-0200: 563.482: Total time for which application threads were stopped: 0.0235864 seconds, Stopping threads took: 0.0231132 seconds
{Heap before GC invocations=133 (full 2):
 par new generation   total 109248K, used 91629K [0x00000007a0000000, 0x00000007a8000000, 0x00000007a8000000)
  eden space 87424K, 100% used [0x00000007a0000000, 0x00000007a5560000, 0x00000007a5560000)
  from space 21824K,  19% used [0x00000007a6ab0000, 0x00000007a6ecb590, 0x00000007a8000000)
  to   space 21824K,   0% used [0x00000007a5560000, 0x00000007a5560000, 0x00000007a6ab0000)
 concurrent mark-sweep generation total 393216K, used 94635K [0x00000007a8000000, 0x00000007c0000000, 0x00000007c0000000)
 Metaspace       used 41533K, capacity 42282K, committed 42616K, reserved 1087488K
  class space    used 4460K, capacity 4671K, committed 4732K, reserved 1048576K
2015-08-03T21:38:23.015-0200: 563.526: [GC (Allocation Failure) 563.526: [ParNew
Desired survivor size 20112992 bytes, new threshold 8 (max 8)
- age   1:    4986888 bytes,    4986888 total
- age   2:    1258072 bytes,    6244960 total
- age   3:      74488 bytes,    6319448 total
- age   4:      91992 bytes,    6411440 total
- age   5:     102984 bytes,    6514424 total
- age   6:     108496 bytes,    6622920 total
- age   7:      91152 bytes,    6714072 total
- age   8:      75216 bytes,    6789288 total
: 91629K->7800K(109248K), 0.0197880 secs] 186264K->102867K(502464K), 0.0199134 secs] [Times: user=0.05 sys=0.00, real=0.02 secs] 
Heap after GC invocations=134 (full 2):
 par new generation   total 109248K, used 7800K [0x00000007a0000000, 0x00000007a8000000, 0x00000007a8000000)
  eden space 87424K,   0% used [0x00000007a0000000, 0x00000007a0000000, 0x00000007a5560000)
  from space 21824K,  35% used [0x00000007a5560000, 0x00000007a5cfe160, 0x00000007a6ab0000)
  to   space 21824K,   0% used [0x00000007a6ab0000, 0x00000007a6ab0000, 0x00000007a8000000)
 concurrent mark-sweep generation total 393216K, used 95067K [0x00000007a8000000, 0x00000007c0000000, 0x00000007c0000000)
 Metaspace       used 41533K, capacity 42282K, committed 42616K, reserved 1087488K
  class space    used 4460K, capacity 4671K, committed 4732K, reserved 1048576K
}
2015-08-03T21:38:23.035-0200: 563.546: Total time for which application threads were stopped: 0.0206845 seconds, Stopping threads took: 0.0001742 seconds
{Heap before GC invocations=134 (full 2):
 par new generation   total 109248K, used 95204K [0x00000007a0000000, 0x00000007a8000000, 0x00000007a8000000)
  eden space 87424K,  99% used [0x00000007a0000000, 0x00000007a555b0a0, 0x00000007a5560000)
  from space 21824K,  35% used [0x00000007a5560000, 0x00000007a5cfe160, 0x00000007a6ab0000)
  to   space 21824K,   0% used [0x00000007a6ab0000, 0x00000007a6ab0000, 0x00000007a8000000)
 concurrent mark-sweep generation total 393216K, used 95067K [0x00000007a8000000, 0x00000007c0000000, 0x00000007c0000000)
 Metaspace       used 41533K, capacity 42282K, committed 42616K, reserved 1087488K
  class space    used 4460K, capacity 4671K, committed 4732K, reserved 1048576K
2015-08-03T21:38:23.054-0200: 563.565: [GC (Allocation Failure) 563.565: [ParNew
Desired survivor size 20112992 bytes, new threshold 8 (max 8)
- age   1:    1124240 bytes,    1124240 total
- age   2:    4578960 bytes,    5703200 total
- age   3:    1258072 bytes,    6961272 total
- age   4:      74488 bytes,    7035760 total
- age   5:      91992 bytes,    7127752 total
- age   6:     102984 bytes,    7230736 total
- age   7:     108496 bytes,    7339232 total
- age   8:      91152 bytes,    7430384 total
: 95204K->8147K(109248K), 0.0593139 secs] 190272K->103290K(502464K), 0.0594334 secs] [Times: user=0.05 sys=0.00, real=0.06 secs] 
Heap after GC invocations=135 (full 2):
 par new generation   total 109248K, used 8147K [0x00000007a0000000, 0x00000007a8000000, 0x00000007a8000000)
  eden space 87424K,   0% used [0x00000007a0000000, 0x00000007a0000000, 0x00000007a5560000)
  from space 21824K,  37% used [0x00000007a6ab0000, 0x00000007a72a4d00, 0x00000007a8000000)
  to   space 21824K,   0% used [0x00000007a5560000, 0x00000007a5560000, 0x00000007a6ab0000)
 concurrent mark-sweep generation total 393216K, used 95143K [0x00000007a8000000, 0x00000007c0000000, 0x00000007c0000000)
 Metaspace       used 41533K, capacity 42282K, committed 42616K, reserved 1087488K
  class space    used 4460K, capacity 4671K, committed 4732K, reserved 1048576K
}
2015-08-03T21:38:23.113-0200: 563.625: Total time for which application threads were stopped: 0.0601232 seconds, Stopping threads took: 0.0001188 seconds
{Heap before GC invocations=135 (full 2):
 par new generation   total 109248K, used 95571K [0x00000007a0000000, 0x00000007a8000000, 0x00000007a8000000)
  eden space 87424K, 100% used [0x00000007a0000000, 0x00000007a5560000, 0x00000007a5560000)
  from space 21824K,  37% used [0x00000007a6ab0000, 0x00000007a72a4d00, 0x00000007a8000000)
  to   space 21824K,   0% used [0x00000007a5560000, 0x00000007a5560000, 0x00000007a6ab0000)
 concurrent mark-sweep generation total 393216K, used 95143K [0x00000007a8000000, 0x00000007c0000000, 0x00000007c0000000)
 Metaspace       used 41533K, capacity 42282K, committed 42616K, reserved 1087488K
  class space    used 4460K, capacity 4671K, committed 4732K, reserved 1048576K
2015-08-03T21:38:23.131-0200: 563.642: [GC (Allocation Failure) 563.642: [ParNew
Desired survivor size 20112992 bytes, new threshold 8 (max 8)
- age   1:    1467448 bytes,    1467448 total
- age   2:     806616 bytes,    2274064 total
- age   3:    4484664 bytes,    6758728 total
- age   4:    1258072 bytes,    8016800 total
- age   5:      74488 bytes,    8091288 total
- age   6:      91992 bytes,    8183280 total
- age   7:     102984 bytes,    8286264 total
- age   8:     108496 bytes,    8394760 total
: 95571K->11900K(109248K), 0.0551799 secs] 190714K->107134K(502464K), 0.0552899 secs] [Times: user=0.09 sys=0.00, real=0.05 secs] 
Heap after GC invocations=136 (full 2):
 par new generation   total 109248K, used 11900K [0x00000007a0000000, 0x00000007a8000000, 0x00000007a8000000)
  eden space 87424K,   0% used [0x00000007a0000000, 0x00000007a0000000, 0x00000007a5560000)
  from space 21824K,  54% used [0x00000007a5560000, 0x00000007a60ff070, 0x00000007a6ab0000)
  to   space 21824K,   0% used [0x00000007a6ab0000, 0x00000007a6ab0000, 0x00000007a8000000)
 concurrent mark-sweep generation total 393216K, used 95234K [0x00000007a8000000, 0x00000007c0000000, 0x00000007c0000000)
 Metaspace       used 41533K, capacity 42282K, committed 42616K, reserved 1087488K
  class space    used 4460K, capacity 4671K, committed 4732K, reserved 1048576K
}
2015-08-03T21:38:23.186-0200: 563.698: Total time for which application threads were stopped: 0.0560958 seconds, Stopping threads took: 0.0002007 seconds
{Heap before GC invocations=136 (full 2):
 par new generation   total 109248K, used 99233K [0x00000007a0000000, 0x00000007a8000000, 0x00000007a8000000)
  eden space 87424K,  99% used [0x00000007a0000000, 0x00000007a5549780, 0x00000007a5560000)
  from space 21824K,  54% used [0x00000007a5560000, 0x00000007a60ff070, 0x00000007a6ab0000)
  to   space 21824K,   0% used [0x00000007a6ab0000, 0x00000007a6ab0000, 0x00000007a8000000)
 concurrent mark-sweep generation total 393216K, used 95234K [0x00000007a8000000, 0x00000007c0000000, 0x00000007c0000000)
 Metaspace       used 41533K, capacity 42282K, committed 42616K, reserved 1087488K
  class space    used 4460K, capacity 4671K, committed 4732K, reserved 1048576K
2015-08-03T21:38:23.203-0200: 563.714: [GC (Allocation Failure) 563.715: [ParNew
Desired survivor size 20112992 bytes, new threshold 8 (max 8)
- age   1:     662944 bytes,     662944 total
- age   2:     633520 bytes,    1296464 total
- age   3:     806464 bytes,    2102928 total
- age   4:    4484664 bytes,    6587592 total
- age   5:    1258072 bytes,    7845664 total
- age   6:      74488 bytes,    7920152 total
- age   7:      91992 bytes,    8012144 total
- age   8:     102984 bytes,    8115128 total
: 99233K->10742K(109248K), 0.0507338 secs] 194468K->106084K(502464K), 0.0508559 secs] [Times: user=0.06 sys=0.00, real=0.05 secs] 
Heap after GC invocations=137 (full 2):
 par new generation   total 109248K, used 10742K [0x00000007a0000000, 0x00000007a8000000, 0x00000007a8000000)
  eden space 87424K,   0% used [0x00000007a0000000, 0x00000007a0000000, 0x00000007a5560000)
  from space 21824K,  49% used [0x00000007a6ab0000, 0x00000007a752d888, 0x00000007a8000000)
  to   space 21824K,   0% used [0x00000007a5560000, 0x00000007a5560000, 0x00000007a6ab0000)
 concurrent mark-sweep generation total 393216K, used 95342K [0x00000007a8000000, 0x00000007c0000000, 0x00000007c0000000)
 Metaspace       used 41533K, capacity 42282K, committed 42616K, reserved 1087488K
  class space    used 4460K, capacity 4671K, committed 4732K, reserved 1048576K
}
2015-08-03T21:38:23.254-0200: 563.765: Total time for which application threads were stopped: 0.0516357 seconds, Stopping threads took: 0.0002186 seconds
{Heap before GC invocations=137 (full 2):
 par new generation   total 109248K, used 98166K [0x00000007a0000000, 0x00000007a8000000, 0x00000007a8000000)
  eden space 87424K, 100% used [0x00000007a0000000, 0x00000007a5560000, 0x00000007a5560000)
  from space 21824K,  49% used [0x00000007a6ab0000, 0x00000007a752d888, 0x00000007a8000000)
  to   space 21824K,   0% used [0x00000007a5560000, 0x00000007a5560000, 0x00000007a6ab0000)
 concurrent mark-sweep generation total 393216K, used 95342K [0x00000007a8000000, 0x00000007c0000000, 0x00000007c0000000)
 Metaspace       used 41551K, capacity 42282K, committed 42616K, reserved 1087488K
  class space    used 4462K, capacity 4671K, committed 4732K, reserved 1048576K
2015-08-03T21:38:23.281-0200: 563.792: [GC (Allocation Failure) 563.792: [ParNew
Desired survivor size 20112992 bytes, new threshold 8 (max 8)
- age   1:    1025712 bytes,    1025712 total
- age   2:      59824 bytes,    1085536 total
- age   3:     633208 bytes,    1718744 total
- age   4:     806464 bytes,    2525208 total
- age   5:    4484664 bytes,    7009872 total
- age   6:    1258072 bytes,    8267944 total
- age   7:      74488 bytes,    8342432 total
- age   8:      91992 bytes,    8434424 total
: 98166K->10413K(109248K), 0.0679416 secs] 193508K->105858K(502464K), 0.0680294 secs] [Times: user=0.06 sys=0.01, real=0.06 secs] 
Heap after GC invocations=138 (full 2):
 par new generation   total 109248K, used 10413K [0x00000007a0000000, 0x00000007a8000000, 0x00000007a8000000)
  eden space 87424K,   0% used [0x00000007a0000000, 0x00000007a0000000, 0x00000007a5560000)
  from space 21824K,  47% used [0x00000007a5560000, 0x00000007a5f8b610, 0x00000007a6ab0000)
  to   space 21824K,   0% used [0x00000007a6ab0000, 0x00000007a6ab0000, 0x00000007a8000000)
 concurrent mark-sweep generation total 393216K, used 95445K [0x00000007a8000000, 0x00000007c0000000, 0x00000007c0000000)
 Metaspace       used 41551K, capacity 42282K, committed 42616K, reserved 1087488K
  class space    used 4462K, capacity 4671K, committed 4732K, reserved 1048576K
}
2015-08-03T21:38:23.349-0200: 563.861: Total time for which application threads were stopped: 0.0687016 seconds, Stopping threads took: 0.0001601 seconds
{Heap before GC invocations=138 (full 2):
 par new generation   total 109248K, used 97837K [0x00000007a0000000, 0x00000007a8000000, 0x00000007a8000000)
  eden space 87424K, 100% used [0x00000007a0000000, 0x00000007a5560000, 0x00000007a5560000)
  from space 21824K,  47% used [0x00000007a5560000, 0x00000007a5f8b610, 0x00000007a6ab0000)
  to   space 21824K,   0% used [0x00000007a6ab0000, 0x00000007a6ab0000, 0x00000007a8000000)
 concurrent mark-sweep generation total 393216K, used 95445K [0x00000007a8000000, 0x00000007c0000000, 0x00000007c0000000)
 Metaspace       used 41551K, capacity 42282K, committed 42616K, reserved 1087488K
  class space    used 4462K, capacity 4671K, committed 4732K, reserved 1048576K
2015-08-03T21:38:23.377-0200: 563.888: [GC (Allocation Failure) 563.888: [ParNew
Desired survivor size 20112992 bytes, new threshold 8 (max 8)
- age   1:    1535496 bytes,    1535496 total
- age   2:     182288 bytes,    1717784 total
- age   3:      59824 bytes,    1777608 total
- age   4:     633208 bytes,    2410816 total
- age   5:     806464 bytes,    3217280 total
- age   6:    4484664 bytes,    7701944 total
- age   7:    1258072 bytes,    8960016 total
- age   8:      74488 bytes,    9034504 total
: 97837K->14437K(109248K), 0.0557791 secs] 193282K->109975K(502464K), 0.0559039 secs] [Times: user=0.05 sys=0.00, real=0.06 secs] 
Heap after GC invocations=139 (full 2):
 par new generation   total 109248K, used 14437K [0x00000007a0000000, 0x00000007a8000000, 0x00000007a8000000)
  eden space 87424K,   0% used [0x00000007a0000000, 0x00000007a0000000, 0x00000007a5560000)
  from space 21824K,  66% used [0x00000007a6ab0000, 0x00000007a78c9780, 0x00000007a8000000)
  to   space 21824K,   0% used [0x00000007a5560000, 0x00000007a5560000, 0x00000007a6ab0000)
 concurrent mark-sweep generation total 393216K, used 95537K [0x00000007a8000000, 0x00000007c0000000, 0x00000007c0000000)
 Metaspace       used 41551K, capacity 42282K, committed 42616K, reserved 1087488K
  class space    used 4462K, capacity 4671K, committed 4732K, reserved 1048576K
}
2015-08-03T21:38:23.433-0200: 563.944: Total time for which application threads were stopped: 0.0566235 seconds, Stopping threads took: 0.0001891 seconds
{Heap before GC invocations=139 (full 2):
 par new generation   total 109248K, used 101861K [0x00000007a0000000, 0x00000007a8000000, 0x00000007a8000000)
  eden space 87424K, 100% used [0x00000007a0000000, 0x00000007a5560000, 0x00000007a5560000)
  from space 21824K,  66% used [0x00000007a6ab0000, 0x00000007a78c9780, 0x00000007a8000000)
  to   space 21824K,   0% used [0x00000007a5560000, 0x00000007a5560000, 0x00000007a6ab0000)
 concurrent mark-sweep generation total 393216K, used 95537K [0x00000007a8000000, 0x00000007c0000000, 0x00000007c0000000)
 Metaspace       used 41551K, capacity 42282K, committed 42616K, reserved 1087488K
  class space    used 4462K, capacity 4671K, committed 4732K, reserved 1048576K
2015-08-03T21:38:23.463-0200: 563.974: [GC (Allocation Failure) 563.974: [ParNew
Desired survivor size 20112992 bytes, new threshold 8 (max 8)
- age   1:    1483336 bytes,    1483336 total
- age   2:     111152 bytes,    1594488 total
- age   3:     182288 bytes,    1776776 total
- age   4:      59176 bytes,    1835952 total
- age   5:     632392 bytes,    2468344 total
- age   6:     806464 bytes,    3274808 total
- age   7:    4484664 bytes,    7759472 total
- age   8:    1258072 bytes,    9017544 total
: 101861K->10026K(109248K), 0.0223514 secs] 197399K->105638K(502464K), 0.0224539 secs] [Times: user=0.04 sys=0.00, real=0.02 secs] 
Heap after GC invocations=140 (full 2):
 par new generation   total 109248K, used 10026K [0x00000007a0000000, 0x00000007a8000000, 0x00000007a8000000)
  eden space 87424K,   0% used [0x00000007a0000000, 0x00000007a0000000, 0x00000007a5560000)
  from space 21824K,  45% used [0x00000007a5560000, 0x00000007a5f2a860, 0x00000007a6ab0000)
  to   space 21824K,   0% used [0x00000007a6ab0000, 0x00000007a6ab0000, 0x00000007a8000000)
 concurrent mark-sweep generation total 393216K, used 95612K [0x00000007a8000000, 0x00000007c0000000, 0x00000007c0000000)
 Metaspace       used 41551K, capacity 42282K, committed 42616K, reserved 1087488K
  class space    used 4462K, capacity 4671K, committed 4732K, reserved 1048576K
}
2015-08-03T21:38:23.485-0200: 563.997: Total time for which application threads were stopped: 0.0232084 seconds, Stopping threads took: 0.0001512 seconds
{Heap before GC invocations=140 (full 2):
 par new generation   total 109248K, used 97429K [0x00000007a0000000, 0x00000007a8000000, 0x00000007a8000000)
  eden space 87424K,  99% used [0x00000007a0000000, 0x00000007a555aee8, 0x00000007a5560000)
  from space 21824K,  45% used [0x00000007a5560000, 0x00000007a5f2a860, 0x00000007a6ab0000)
  to   space 21824K,   0% used [0x00000007a6ab0000, 0x00000007a6ab0000, 0x00000007a8000000)
 concurrent mark-sweep generation total 393216K, used 95612K [0x00000007a8000000, 0x00000007c0000000, 0x00000007c0000000)
 Metaspace       used 41551K, capacity 42282K, committed 42616K, reserved 1087488K
  class space    used 4462K, capacity 4671K, committed 4732K, reserved 1048576K
2015-08-03T21:38:23.522-0200: 564.033: [GC (Allocation Failure) 564.033: [ParNew
Desired survivor size 20112992 bytes, new threshold 8 (max 8)
- age   1:    1231216 bytes,    1231216 total
- age   2:      99888 bytes,    1331104 total
- age   3:     110936 bytes,    1442040 total
- age   4:     181584 bytes,    1623624 total
- age   5:      58632 bytes,    1682256 total
- age   6:     632392 bytes,    2314648 total
- age   7:     806464 bytes,    3121112 total
- age   8:    4484664 bytes,    7605776 total
: 97429K->9509K(109248K), 0.0575154 secs] 193042K->106354K(502464K), 0.0576235 secs] [Times: user=0.05 sys=0.01, real=0.05 secs] 
Heap after GC invocations=141 (full 2):
 par new generation   total 109248K, used 9509K [0x00000007a0000000, 0x00000007a8000000, 0x00000007a8000000)
  eden space 87424K,   0% used [0x00000007a0000000, 0x00000007a0000000, 0x00000007a5560000)
  from space 21824K,  43% used [0x00000007a6ab0000, 0x00000007a73f9468, 0x00000007a8000000)
  to   space 21824K,   0% used [0x00000007a5560000, 0x00000007a5560000, 0x00000007a6ab0000)
 concurrent mark-sweep generation total 393216K, used 96845K [0x00000007a8000000, 0x00000007c0000000, 0x00000007c0000000)
 Metaspace       used 41551K, capacity 42282K, committed 42616K, reserved 1087488K
  class space    used 4462K, capacity 4671K, committed 4732K, reserved 1048576K
}
2015-08-03T21:38:23.579-0200: 564.091: Total time for which application threads were stopped: 0.0583090 seconds, Stopping threads took: 0.0002369 seconds
{Heap before GC invocations=141 (full 2):
 par new generation   total 109248K, used 96933K [0x00000007a0000000, 0x00000007a8000000, 0x00000007a8000000)
  eden space 87424K, 100% used [0x00000007a0000000, 0x00000007a5560000, 0x00000007a5560000)
  from space 21824K,  43% used [0x00000007a6ab0000, 0x00000007a73f9468, 0x00000007a8000000)
  to   space 21824K,   0% used [0x00000007a5560000, 0x00000007a5560000, 0x00000007a6ab0000)
 concurrent mark-sweep generation total 393216K, used 96845K [0x00000007a8000000, 0x00000007c0000000, 0x00000007c0000000)
 Metaspace       used 41551K, capacity 42282K, committed 42616K, reserved 1087488K
  class space    used 4462K, capacity 4671K, committed 4732K, reserved 1048576K
2015-08-03T21:38:23.643-0200: 564.154: [GC (Allocation Failure) 564.155: [ParNew
Desired survivor size 20112992 bytes, new threshold 8 (max 8)
- age   1:    1055840 bytes,    1055840 total
- age   2:      94256 bytes,    1150096 total
- age   3:      99888 bytes,    1249984 total
- age   4:     110936 bytes,    1360920 total
- age   5:     181584 bytes,    1542504 total
- age   6:      58632 bytes,    1601136 total
- age   7:     632392 bytes,    2233528 total
- age   8:     806464 bytes,    3039992 total
: 96933K->7472K(109248K), 0.0339355 secs] 193778K->108704K(502464K), 0.0340341 secs] [Times: user=0.06 sys=0.01, real=0.03 secs] 
Heap after GC invocations=142 (full 2):
 par new generation   total 109248K, used 7472K [0x00000007a0000000, 0x00000007a8000000, 0x00000007a8000000)
  eden space 87424K,   0% used [0x00000007a0000000, 0x00000007a0000000, 0x00000007a5560000)
  from space 21824K,  34% used [0x00000007a5560000, 0x00000007a5cac1e0, 0x00000007a6ab0000)
  to   space 21824K,   0% used [0x00000007a6ab0000, 0x00000007a6ab0000, 0x00000007a8000000)
 concurrent mark-sweep generation total 393216K, used 101231K [0x00000007a8000000, 0x00000007c0000000, 0x00000007c0000000)
 Metaspace       used 41551K, capacity 42282K, committed 42616K, reserved 1087488K
  class space    used 4462K, capacity 4671K, committed 4732K, reserved 1048576K
}
2015-08-03T21:38:23.677-0200: 564.189: Total time for which application threads were stopped: 0.0349160 seconds, Stopping threads took: 0.0003440 seconds
{Heap before GC invocations=142 (full 2):
 par new generation   total 109248K, used 94896K [0x00000007a0000000, 0x00000007a8000000, 0x00000007a8000000)
  eden space 87424K, 100% used [0x00000007a0000000, 0x00000007a5560000, 0x00000007a5560000)
  from space 21824K,  34% used [0x00000007a5560000, 0x00000007a5cac1e0, 0x00000007a6ab0000)
  to   space 21824K,   0% used [0x00000007a6ab0000, 0x00000007a6ab0000, 0x00000007a8000000)
 concurrent mark-sweep generation total 393216K, used 101231K [0x00000007a8000000, 0x00000007c0000000, 0x00000007c0000000)
 Metaspace       used 41552K, capacity 42282K, committed 42616K, reserved 1087488K
  class space    used 4462K, capacity 4671K, committed 4732K, reserved 1048576K
2015-08-03T21:38:23.760-0200: 564.272: [GC (Allocation Failure) 564.272: [ParNew
Desired survivor size 20112992 bytes, new threshold 8 (max 8)
- age   1:    1088624 bytes,    1088624 total
- age   2:      77744 bytes,    1166368 total
- age   3:      93632 bytes,    1260000 total
- age   4:      99312 bytes,    1359312 total
- age   5:     110552 bytes,    1469864 total
- age   6:     181224 bytes,    1651088 total
- age   7:      58032 bytes,    1709120 total
- age   8:     632008 bytes,    2341128 total
: 94896K->4048K(109248K), 0.0107774 secs] 196128K->106069K(502464K), 0.0108932 secs] [Times: user=0.03 sys=0.00, real=0.01 secs] 
Heap after GC invocations=143 (full 2):
 par new generation   total 109248K, used 4048K [0x00000007a0000000, 0x00000007a8000000, 0x00000007a8000000)
  eden space 87424K,   0% used [0x00000007a0000000, 0x00000007a0000000, 0x00000007a5560000)
  from space 21824K,  18% used [0x00000007a6ab0000, 0x00000007a6ea41d8, 0x00000007a8000000)
  to   space 21824K,   0% used [0x00000007a5560000, 0x00000007a5560000, 0x00000007a6ab0000)
 concurrent mark-sweep generation total 393216K, used 102021K [0x00000007a8000000, 0x00000007c0000000, 0x00000007c0000000)
 Metaspace       used 41552K, capacity 42282K, committed 42616K, reserved 1087488K
  class space    used 4462K, capacity 4671K, committed 4732K, reserved 1048576K
}
2015-08-03T21:38:23.771-0200: 564.283: Total time for which application threads were stopped: 0.0123564 seconds, Stopping threads took: 0.0009374 seconds
2015-08-03T21:38:23.897-0200: 564.409: Total time for which application threads were stopped: 0.0004131 seconds, Stopping threads took: 0.0000296 seconds
2015-08-03T21:38:23.968-0200: 564.479: Total time for which application threads were stopped: 0.0003900 seconds, Stopping threads took: 0.0000512 seconds
{Heap before GC invocations=143 (full 2):
 par new generation   total 109248K, used 91472K [0x00000007a0000000, 0x00000007a8000000, 0x00000007a8000000)
  eden space 87424K, 100% used [0x00000007a0000000, 0x00000007a5560000, 0x00000007a5560000)
  from space 21824K,  18% used [0x00000007a6ab0000, 0x00000007a6ea41d8, 0x00000007a8000000)
  to   space 21824K,   0% used [0x00000007a5560000, 0x00000007a5560000, 0x00000007a6ab0000)
 concurrent mark-sweep generation total 393216K, used 102021K [0x00000007a8000000, 0x00000007c0000000, 0x00000007c0000000)
 Metaspace       used 41570K, capacity 42282K, committed 42616K, reserved 1087488K
  class space    used 4462K, capacity 4671K, committed 4732K, reserved 1048576K
2015-08-03T21:38:24.031-0200: 564.542: [GC (Allocation Failure) 564.542: [ParNew
Desired survivor size 20112992 bytes, new threshold 8 (max 8)
- age   1:    5072256 bytes,    5072256 total
- age   2:     133528 bytes,    5205784 total
- age   3:      77624 bytes,    5283408 total
- age   4:      93176 bytes,    5376584 total
- age   5:      99096 bytes,    5475680 total
- age   6:     110456 bytes,    5586136 total
- age   7:     180048 bytes,    5766184 total
- age   8:      57720 bytes,    5823904 total
: 91472K->5970K(109248K), 0.0278485 secs] 193493K->108227K(502464K), 0.0279685 secs] [Times: user=0.04 sys=0.01, real=0.02 secs] 
Heap after GC invocations=144 (full 2):
 par new generation   total 109248K, used 5970K [0x00000007a0000000, 0x00000007a8000000, 0x00000007a8000000)
  eden space 87424K,   0% used [0x00000007a0000000, 0x00000007a0000000, 0x00000007a5560000)
  from space 21824K,  27% used [0x00000007a5560000, 0x00000007a5b349d8, 0x00000007a6ab0000)
  to   space 21824K,   0% used [0x00000007a6ab0000, 0x00000007a6ab0000, 0x00000007a8000000)
 concurrent mark-sweep generation total 393216K, used 102257K [0x00000007a8000000, 0x00000007c0000000, 0x00000007c0000000)
 Metaspace       used 41570K, capacity 42282K, committed 42616K, reserved 1087488K
  class space    used 4462K, capacity 4671K, committed 4732K, reserved 1048576K
}
2015-08-03T21:38:24.059-0200: 564.570: Total time for which application threads were stopped: 0.0355491 seconds, Stopping threads took: 0.0070739 seconds
{Heap before GC invocations=144 (full 2):
 par new generation   total 109248K, used 93394K [0x00000007a0000000, 0x00000007a8000000, 0x00000007a8000000)
  eden space 87424K, 100% used [0x00000007a0000000, 0x00000007a5560000, 0x00000007a5560000)
  from space 21824K,  27% used [0x00000007a5560000, 0x00000007a5b349d8, 0x00000007a6ab0000)
  to   space 21824K,   0% used [0x00000007a6ab0000, 0x00000007a6ab0000, 0x00000007a8000000)
 concurrent mark-sweep generation total 393216K, used 102257K [0x00000007a8000000, 0x00000007c0000000, 0x00000007c0000000)
 Metaspace       used 41571K, capacity 42282K, committed 42616K, reserved 1087488K
  class space    used 4462K, capacity 4671K, committed 4732K, reserved 1048576K
2015-08-03T21:38:24.098-0200: 564.609: [GC (Allocation Failure) 564.609: [ParNew
Desired survivor size 20112992 bytes, new threshold 8 (max 8)
- age   1:    3169768 bytes,    3169768 total
- age   2:    4675480 bytes,    7845248 total
- age   3:     133528 bytes,    7978776 total
- age   4:      77624 bytes,    8056400 total
- age   5:      93176 bytes,    8149576 total
- age   6:      99096 bytes,    8248672 total
- age   7:     110456 bytes,    8359128 total
- age   8:     180048 bytes,    8539176 total
: 93394K->10908K(109248K), 0.0293871 secs] 195651K->113224K(502464K), 0.0294705 secs] [Times: user=0.05 sys=0.00, real=0.03 secs] 
Heap after GC invocations=145 (full 2):
 par new generation   total 109248K, used 10908K [0x00000007a0000000, 0x00000007a8000000, 0x00000007a8000000)
  eden space 87424K,   0% used [0x00000007a0000000, 0x00000007a0000000, 0x00000007a5560000)
  from space 21824K,  49% used [0x00000007a6ab0000, 0x00000007a7557170, 0x00000007a8000000)
  to   space 21824K,   0% used [0x00000007a5560000, 0x00000007a5560000, 0x00000007a6ab0000)
 concurrent mark-sweep generation total 393216K, used 102315K [0x00000007a8000000, 0x00000007c0000000, 0x00000007c0000000)
 Metaspace       used 41571K, capacity 42282K, committed 42616K, reserved 1087488K
  class space    used 4462K, capacity 4671K, committed 4732K, reserved 1048576K
}
2015-08-03T21:38:24.127-0200: 564.639: Total time for which application threads were stopped: 0.0324005 seconds, Stopping threads took: 0.0023690 seconds
{Heap before GC invocations=145 (full 2):
 par new generation   total 109248K, used 98332K [0x00000007a0000000, 0x00000007a8000000, 0x00000007a8000000)
  eden space 87424K, 100% used [0x00000007a0000000, 0x00000007a5560000, 0x00000007a5560000)
  from space 21824K,  49% used [0x00000007a6ab0000, 0x00000007a7557170, 0x00000007a8000000)
  to   space 21824K,   0% used [0x00000007a5560000, 0x00000007a5560000, 0x00000007a6ab0000)
 concurrent mark-sweep generation total 393216K, used 102315K [0x00000007a8000000, 0x00000007c0000000, 0x00000007c0000000)
 Metaspace       used 41572K, capacity 42282K, committed 42616K, reserved 1087488K
  class space    used 4462K, capacity 4671K, committed 4732K, reserved 1048576K
2015-08-03T21:38:24.168-0200: 564.680: [GC (Allocation Failure) 564.680: [ParNew
Desired survivor size 20112992 bytes, new threshold 8 (max 8)
- age   1:     495584 bytes,     495584 total
- age   2:    2915152 bytes,    3410736 total
- age   3:    4675480 bytes,    8086216 total
- age   4:     133528 bytes,    8219744 total
- age   5:      77624 bytes,    8297368 total
- age   6:      93176 bytes,    8390544 total
- age   7:      99096 bytes,    8489640 total
- age   8:     110456 bytes,    8600096 total
: 98332K->11599K(109248K), 0.0772998 secs] 200648K->114094K(502464K), 0.0774015 secs] [Times: user=0.07 sys=0.00, real=0.08 secs] 
Heap after GC invocations=146 (full 2):
 par new generation   total 109248K, used 11599K [0x00000007a0000000, 0x00000007a8000000, 0x00000007a8000000)
  eden space 87424K,   0% used [0x00000007a0000000, 0x00000007a0000000, 0x00000007a5560000)
  from space 21824K,  53% used [0x00000007a5560000, 0x00000007a60b3da8, 0x00000007a6ab0000)
  to   space 21824K,   0% used [0x00000007a6ab0000, 0x00000007a6ab0000, 0x00000007a8000000)
 concurrent mark-sweep generation total 393216K, used 102495K [0x00000007a8000000, 0x00000007c0000000, 0x00000007c0000000)
 Metaspace       used 41572K, capacity 42282K, committed 42616K, reserved 1087488K
  class space    used 4462K, capacity 4671K, committed 4732K, reserved 1048576K
}
2015-08-03T21:38:24.246-0200: 564.757: Total time for which application threads were stopped: 0.0900891 seconds, Stopping threads took: 0.0121405 seconds
{Heap before GC invocations=146 (full 2):
 par new generation   total 109248K, used 99023K [0x00000007a0000000, 0x00000007a8000000, 0x00000007a8000000)
  eden space 87424K, 100% used [0x00000007a0000000, 0x00000007a5560000, 0x00000007a5560000)
  from space 21824K,  53% used [0x00000007a5560000, 0x00000007a60b3da8, 0x00000007a6ab0000)
  to   space 21824K,   0% used [0x00000007a6ab0000, 0x00000007a6ab0000, 0x00000007a8000000)
 concurrent mark-sweep generation total 393216K, used 102495K [0x00000007a8000000, 0x00000007c0000000, 0x00000007c0000000)
 Metaspace       used 41572K, capacity 42282K, committed 42616K, reserved 1087488K
  class space    used 4462K, capacity 4671K, committed 4732K, reserved 1048576K
2015-08-03T21:38:24.265-0200: 564.777: [GC (Allocation Failure) 564.777: [ParNew
Desired survivor size 20112992 bytes, new threshold 8 (max 8)
- age   1:    1280848 bytes,    1280848 total
- age   2:      43920 bytes,    1324768 total
- age   3:    2632576 bytes,    3957344 total
- age   4:    4675416 bytes,    8632760 total
- age   5:     133528 bytes,    8766288 total
- age   6:      77624 bytes,    8843912 total
- age   7:      93176 bytes,    8937088 total
- age   8:      99096 bytes,    9036184 total
: 99023K->10509K(109248K), 0.0141576 secs] 201518K->113115K(502464K), 0.0142348 secs] [Times: user=0.05 sys=0.01, real=0.02 secs] 
Heap after GC invocations=147 (full 2):
 par new generation   total 109248K, used 10509K [0x00000007a0000000, 0x00000007a8000000, 0x00000007a8000000)
  eden space 87424K,   0% used [0x00000007a0000000, 0x00000007a0000000, 0x00000007a5560000)
  from space 21824K,  48% used [0x00000007a6ab0000, 0x00000007a74f3760, 0x00000007a8000000)
  to   space 21824K,   0% used [0x00000007a5560000, 0x00000007a5560000, 0x00000007a6ab0000)
 concurrent mark-sweep generation total 393216K, used 102605K [0x00000007a8000000, 0x00000007c0000000, 0x00000007c0000000)
 Metaspace       used 41572K, capacity 42282K, committed 42616K, reserved 1087488K
  class space    used 4462K, capacity 4671K, committed 4732K, reserved 1048576K
}
2015-08-03T21:38:24.280-0200: 564.791: Total time for which application threads were stopped: 0.0149165 seconds, Stopping threads took: 0.0001173 seconds
{Heap before GC invocations=147 (full 2):
 par new generation   total 109248K, used 97933K [0x00000007a0000000, 0x00000007a8000000, 0x00000007a8000000)
  eden space 87424K, 100% used [0x00000007a0000000, 0x00000007a5560000, 0x00000007a5560000)
  from space 21824K,  48% used [0x00000007a6ab0000, 0x00000007a74f3760, 0x00000007a8000000)
  to   space 21824K,   0% used [0x00000007a5560000, 0x00000007a5560000, 0x00000007a6ab0000)
 concurrent mark-sweep generation total 393216K, used 102605K [0x00000007a8000000, 0x00000007c0000000, 0x00000007c0000000)
 Metaspace       used 41572K, capacity 42282K, committed 42616K, reserved 1087488K
  class space    used 4462K, capacity 4671K, committed 4732K, reserved 1048576K
2015-08-03T21:38:24.308-0200: 564.819: [GC (Allocation Failure) 564.819: [ParNew
Desired survivor size 20112992 bytes, new threshold 8 (max 8)
- age   1:    1227240 bytes,    1227240 total
- age   2:      45736 bytes,    1272976 total
- age   3:      43472 bytes,    1316448 total
- age   4:    2632576 bytes,    3949024 total
- age   5:    4704944 bytes,    8653968 total
- age   6:     133528 bytes,    8787496 total
- age   7:      77624 bytes,    8865120 total
- age   8:      93176 bytes,    8958296 total
: 97933K->11503K(109248K), 0.0697135 secs] 200539K->114208K(502464K), 0.0698437 secs] [Times: user=0.06 sys=0.00, real=0.07 secs] 
Heap after GC invocations=148 (full 2):
 par new generation   total 109248K, used 11503K [0x00000007a0000000, 0x00000007a8000000, 0x00000007a8000000)
  eden space 87424K,   0% used [0x00000007a0000000, 0x00000007a0000000, 0x00000007a5560000)
  from space 21824K,  52% used [0x00000007a5560000, 0x00000007a609bfe0, 0x00000007a6ab0000)
  to   space 21824K,   0% used [0x00000007a6ab0000, 0x00000007a6ab0000, 0x00000007a8000000)
 concurrent mark-sweep generation total 393216K, used 102704K [0x00000007a8000000, 0x00000007c0000000, 0x00000007c0000000)
 Metaspace       used 41572K, capacity 42282K, committed 42616K, reserved 1087488K
  class space    used 4462K, capacity 4671K, committed 4732K, reserved 1048576K
}
2015-08-03T21:38:24.378-0200: 564.889: Total time for which application threads were stopped: 0.0705521 seconds, Stopping threads took: 0.0001672 seconds
{Heap before GC invocations=148 (full 2):
 par new generation   total 109248K, used 98927K [0x00000007a0000000, 0x00000007a8000000, 0x00000007a8000000)
  eden space 87424K, 100% used [0x00000007a0000000, 0x00000007a5560000, 0x00000007a5560000)
  from space 21824K,  52% used [0x00000007a5560000, 0x00000007a609bfe0, 0x00000007a6ab0000)
  to   space 21824K,   0% used [0x00000007a6ab0000, 0x00000007a6ab0000, 0x00000007a8000000)
 concurrent mark-sweep generation total 393216K, used 102704K [0x00000007a8000000, 0x00000007c0000000, 0x00000007c0000000)
 Metaspace       used 41572K, capacity 42282K, committed 42616K, reserved 1087488K
  class space    used 4462K, capacity 4671K, committed 4732K, reserved 1048576K
2015-08-03T21:38:24.404-0200: 564.916: [GC (Allocation Failure) 564.916: [ParNew
Desired survivor size 20112992 bytes, new threshold 8 (max 8)
- age   1:    1297728 bytes,    1297728 total
- age   2:      96568 bytes,    1394296 total
- age   3:      45736 bytes,    1440032 total
- age   4:      43472 bytes,    1483504 total
- age   5:    2632576 bytes,    4116080 total
- age   6:    4675416 bytes,    8791496 total
- age   7:     133528 bytes,    8925024 total
- age   8:      77624 bytes,    9002648 total
: 98927K->10374K(109248K), 0.0604596 secs] 201632K->113171K(502464K), 0.0605615 secs] [Times: user=0.08 sys=0.00, real=0.06 secs] 
Heap after GC invocations=149 (full 2):
 par new generation   total 109248K, used 10374K [0x00000007a0000000, 0x00000007a8000000, 0x00000007a8000000)
  eden space 87424K,   0% used [0x00000007a0000000, 0x00000007a0000000, 0x00000007a5560000)
  from space 21824K,  47% used [0x00000007a6ab0000, 0x00000007a74d1940, 0x00000007a8000000)
  to   space 21824K,   0% used [0x00000007a5560000, 0x00000007a5560000, 0x00000007a6ab0000)
 concurrent mark-sweep generation total 393216K, used 102797K [0x00000007a8000000, 0x00000007c0000000, 0x00000007c0000000)
 Metaspace       used 41572K, capacity 42282K, committed 42616K, reserved 1087488K
  class space    used 4462K, capacity 4671K, committed 4732K, reserved 1048576K
}
2015-08-03T21:38:24.465-0200: 564.977: Total time for which application threads were stopped: 0.0615019 seconds, Stopping threads took: 0.0004097 seconds
{Heap before GC invocations=149 (full 2):
 par new generation   total 109248K, used 97798K [0x00000007a0000000, 0x00000007a8000000, 0x00000007a8000000)
  eden space 87424K, 100% used [0x00000007a0000000, 0x00000007a5560000, 0x00000007a5560000)
  from space 21824K,  47% used [0x00000007a6ab0000, 0x00000007a74d1940, 0x00000007a8000000)
  to   space 21824K,   0% used [0x00000007a5560000, 0x00000007a5560000, 0x00000007a6ab0000)
 concurrent mark-sweep generation total 393216K, used 102797K [0x00000007a8000000, 0x00000007c0000000, 0x00000007c0000000)
 Metaspace       used 41572K, capacity 42282K, committed 42616K, reserved 1087488K
  class space    used 4462K, capacity 4671K, committed 4732K, reserved 1048576K
2015-08-03T21:38:24.495-0200: 565.007: [GC (Allocation Failure) 565.007: [ParNew
Desired survivor size 20112992 bytes, new threshold 8 (max 8)
- age   1:    1938872 bytes,    1938872 total
- age   2:     124184 bytes,    2063056 total
- age   3:      96352 bytes,    2159408 total
- age   4:      45464 bytes,    2204872 total
- age   5:      43200 bytes,    2248072 total
- age   6:    2632616 bytes,    4880688 total
- age   7:    4675416 bytes,    9556104 total
- age   8:     133528 bytes,    9689632 total
: 97798K->13808K(109248K), 0.0343007 secs] 200595K->116683K(502464K), 0.0344292 secs] [Times: user=0.06 sys=0.01, real=0.04 secs] 
Heap after GC invocations=150 (full 2):
 par new generation   total 109248K, used 13808K [0x00000007a0000000, 0x00000007a8000000, 0x00000007a8000000)
  eden space 87424K,   0% used [0x00000007a0000000, 0x00000007a0000000, 0x00000007a5560000)
  from space 21824K,  63% used [0x00000007a5560000, 0x00000007a62dc1b8, 0x00000007a6ab0000)
  to   space 21824K,   0% used [0x00000007a6ab0000, 0x00000007a6ab0000, 0x00000007a8000000)
 concurrent mark-sweep generation total 393216K, used 102875K [0x00000007a8000000, 0x00000007c0000000, 0x00000007c0000000)
 Metaspace       used 41572K, capacity 42282K, committed 42616K, reserved 1087488K
  class space    used 4462K, capacity 4671K, committed 4732K, reserved 1048576K
}
2015-08-03T21:38:24.530-0200: 565.041: Total time for which application threads were stopped: 0.0351425 seconds, Stopping threads took: 0.0001820 seconds
{Heap before GC invocations=150 (full 2):
 par new generation   total 109248K, used 101232K [0x00000007a0000000, 0x00000007a8000000, 0x00000007a8000000)
  eden space 87424K, 100% used [0x00000007a0000000, 0x00000007a5560000, 0x00000007a5560000)
  from space 21824K,  63% used [0x00000007a5560000, 0x00000007a62dc1b8, 0x00000007a6ab0000)
  to   space 21824K,   0% used [0x00000007a6ab0000, 0x00000007a6ab0000, 0x00000007a8000000)
 concurrent mark-sweep generation total 393216K, used 102875K [0x00000007a8000000, 0x00000007c0000000, 0x00000007c0000000)
 Metaspace       used 41572K, capacity 42282K, committed 42616K, reserved 1087488K
  class space    used 4462K, capacity 4671K, committed 4732K, reserved 1048576K
2015-08-03T21:38:24.571-0200: 565.082: [GC (Allocation Failure) 565.082: [ParNew
Desired survivor size 20112992 bytes, new threshold 8 (max 8)
- age   1:    1168792 bytes,    1168792 total
- age   2:      98528 bytes,    1267320 total
- age   3:     124184 bytes,    1391504 total
- age   4:      95000 bytes,    1486504 total
- age   5:      44648 bytes,    1531152 total
- age   6:      43200 bytes,    1574352 total
- age   7:    2632576 bytes,    4206928 total
- age   8:    4675416 bytes,    8882344 total
: 101232K->11042K(109248K), 0.0150663 secs] 204107K->114051K(502464K), 0.0151610 secs] [Times: user=0.05 sys=0.00, real=0.01 secs] 
Heap after GC invocations=151 (full 2):
 par new generation   total 109248K, used 11042K [0x00000007a0000000, 0x00000007a8000000, 0x00000007a8000000)
  eden space 87424K,   0% used [0x00000007a0000000, 0x00000007a0000000, 0x00000007a5560000)
  from space 21824K,  50% used [0x00000007a6ab0000, 0x00000007a7578880, 0x00000007a8000000)
  to   space 21824K,   0% used [0x00000007a5560000, 0x00000007a5560000, 0x00000007a6ab0000)
 concurrent mark-sweep generation total 393216K, used 103009K [0x00000007a8000000, 0x00000007c0000000, 0x00000007c0000000)
 Metaspace       used 41572K, capacity 42282K, committed 42616K, reserved 1087488K
  class space    used 4462K, capacity 4671K, committed 4732K, reserved 1048576K
}
2015-08-03T21:38:24.586-0200: 565.097: Total time for which application threads were stopped: 0.0158199 seconds, Stopping threads took: 0.0001609 seconds
{Heap before GC invocations=151 (full 2):
 par new generation   total 109248K, used 98466K [0x00000007a0000000, 0x00000007a8000000, 0x00000007a8000000)
  eden space 87424K, 100% used [0x00000007a0000000, 0x00000007a5560000, 0x00000007a5560000)
  from space 21824K,  50% used [0x00000007a6ab0000, 0x00000007a7578880, 0x00000007a8000000)
  to   space 21824K,   0% used [0x00000007a5560000, 0x00000007a5560000, 0x00000007a6ab0000)
 concurrent mark-sweep generation total 393216K, used 103009K [0x00000007a8000000, 0x00000007c0000000, 0x00000007c0000000)
 Metaspace       used 41572K, capacity 42282K, committed 42616K, reserved 1087488K
  class space    used 4462K, capacity 4671K, committed 4732K, reserved 1048576K
2015-08-03T21:38:24.693-0200: 565.205: [GC (Allocation Failure) 565.205: [ParNew
Desired survivor size 20112992 bytes, new threshold 8 (max 8)
- age   1:    1946656 bytes,    1946656 total
- age   2:      97096 bytes,    2043752 total
- age   3:      98528 bytes,    2142280 total
- age   4:     124184 bytes,    2266464 total
- age   5:      95000 bytes,    2361464 total
- age   6:      44536 bytes,    2406000 total
- age   7:      43200 bytes,    2449200 total
- age   8:    2632512 bytes,    5081712 total
: 98466K->9857K(109248K), 0.0473929 secs] 201475K->117450K(502464K), 0.0475173 secs] [Times: user=0.09 sys=0.01, real=0.05 secs] 
Heap after GC invocations=152 (full 2):
 par new generation   total 109248K, used 9857K [0x00000007a0000000, 0x00000007a8000000, 0x00000007a8000000)
  eden space 87424K,   0% used [0x00000007a0000000, 0x00000007a0000000, 0x00000007a5560000)
  from space 21824K,  45% used [0x00000007a5560000, 0x00000007a5f00588, 0x00000007a6ab0000)
  to   space 21824K,   0% used [0x00000007a6ab0000, 0x00000007a6ab0000, 0x00000007a8000000)
 concurrent mark-sweep generation total 393216K, used 107592K [0x00000007a8000000, 0x00000007c0000000, 0x00000007c0000000)
 Metaspace       used 41572K, capacity 42282K, committed 42616K, reserved 1087488K
  class space    used 4462K, capacity 4671K, committed 4732K, reserved 1048576K
}
2015-08-03T21:38:24.741-0200: 565.253: Total time for which application threads were stopped: 0.0483567 seconds, Stopping threads took: 0.0003323 seconds
{Heap before GC invocations=152 (full 2):
 par new generation   total 109248K, used 97281K [0x00000007a0000000, 0x00000007a8000000, 0x00000007a8000000)
  eden space 87424K, 100% used [0x00000007a0000000, 0x00000007a5560000, 0x00000007a5560000)
  from space 21824K,  45% used [0x00000007a5560000, 0x00000007a5f00588, 0x00000007a6ab0000)
  to   space 21824K,   0% used [0x00000007a6ab0000, 0x00000007a6ab0000, 0x00000007a8000000)
 concurrent mark-sweep generation total 393216K, used 107592K [0x00000007a8000000, 0x00000007c0000000, 0x00000007c0000000)
 Metaspace       used 41572K, capacity 42282K, committed 42616K, reserved 1087488K
  class space    used 4462K, capacity 4671K, committed 4732K, reserved 1048576K
2015-08-03T21:38:24.805-0200: 565.317: [GC (Allocation Failure) 565.317: [ParNew
Desired survivor size 20112992 bytes, new threshold 8 (max 8)
- age   1:     915328 bytes,     915328 total
- age   2:      74960 bytes,     990288 total
- age   3:      97096 bytes,    1087384 total
- age   4:      98528 bytes,    1185912 total
- age   5:     124184 bytes,    1310096 total
- age   6:      95000 bytes,    1405096 total
- age   7:      44536 bytes,    1449632 total
- age   8:      43200 bytes,    1492832 total
: 97281K->3627K(109248K), 0.0308587 secs] 204874K->113793K(502464K), 0.0309984 secs] [Times: user=0.05 sys=0.01, real=0.03 secs] 
Heap after GC invocations=153 (full 2):
 par new generation   total 109248K, used 3627K [0x00000007a0000000, 0x00000007a8000000, 0x00000007a8000000)
  eden space 87424K,   0% used [0x00000007a0000000, 0x00000007a0000000, 0x00000007a5560000)
  from space 21824K,  16% used [0x00000007a6ab0000, 0x00000007a6e3add8, 0x00000007a8000000)
  to   space 21824K,   0% used [0x00000007a5560000, 0x00000007a5560000, 0x00000007a6ab0000)
 concurrent mark-sweep generation total 393216K, used 110165K [0x00000007a8000000, 0x00000007c0000000, 0x00000007c0000000)
 Metaspace       used 41572K, capacity 42282K, committed 42616K, reserved 1087488K
  class space    used 4462K, capacity 4671K, committed 4732K, reserved 1048576K
}
2015-08-03T21:38:24.836-0200: 565.348: Total time for which application threads were stopped: 0.0336822 seconds, Stopping threads took: 0.0022272 seconds
2015-08-03T21:38:24.842-0200: 565.354: Total time for which application threads were stopped: 0.0008067 seconds, Stopping threads took: 0.0003974 seconds
{Heap before GC invocations=153 (full 2):
 par new generation   total 109248K, used 91051K [0x00000007a0000000, 0x00000007a8000000, 0x00000007a8000000)
  eden space 87424K, 100% used [0x00000007a0000000, 0x00000007a5560000, 0x00000007a5560000)
  from space 21824K,  16% used [0x00000007a6ab0000, 0x00000007a6e3add8, 0x00000007a8000000)
  to   space 21824K,   0% used [0x00000007a5560000, 0x00000007a5560000, 0x00000007a6ab0000)
 concurrent mark-sweep generation total 393216K, used 110165K [0x00000007a8000000, 0x00000007c0000000, 0x00000007c0000000)
 Metaspace       used 41610K, capacity 42346K, committed 42616K, reserved 1087488K
  class space    used 4462K, capacity 4671K, committed 4732K, reserved 1048576K
2015-08-03T21:38:25.099-0200: 565.611: [GC (Allocation Failure) 565.611: [ParNew
Desired survivor size 20112992 bytes, new threshold 8 (max 8)
- age   1:    4620304 bytes,    4620304 total
- age   2:      89008 bytes,    4709312 total
- age   3:      74696 bytes,    4784008 total
- age   4:      96640 bytes,    4880648 total
- age   5:      98384 bytes,    4979032 total
- age   6:     124040 bytes,    5103072 total
- age   7:      94952 bytes,    5198024 total
- age   8:      44152 bytes,    5242176 total
: 91051K->5653K(109248K), 0.0487611 secs] 201217K->115862K(502464K), 0.0488603 secs] [Times: user=0.06 sys=0.00, real=0.05 secs] 
Heap after GC invocations=154 (full 2):
 par new generation   total 109248K, used 5653K [0x00000007a0000000, 0x00000007a8000000, 0x00000007a8000000)
  eden space 87424K,   0% used [0x00000007a0000000, 0x00000007a0000000, 0x00000007a5560000)
  from space 21824K,  25% used [0x00000007a5560000, 0x00000007a5ae5408, 0x00000007a6ab0000)
  to   space 21824K,   0% used [0x00000007a6ab0000, 0x00000007a6ab0000, 0x00000007a8000000)
 concurrent mark-sweep generation total 393216K, used 110209K [0x00000007a8000000, 0x00000007c0000000, 0x00000007c0000000)
 Metaspace       used 41610K, capacity 42346K, committed 42616K, reserved 1087488K
  class space    used 4462K, capacity 4671K, committed 4732K, reserved 1048576K
}
2015-08-03T21:38:25.148-0200: 565.660: Total time for which application threads were stopped: 0.0496364 seconds, Stopping threads took: 0.0000993 seconds
{Heap before GC invocations=154 (full 2):
 par new generation   total 109248K, used 93077K [0x00000007a0000000, 0x00000007a8000000, 0x00000007a8000000)
  eden space 87424K, 100% used [0x00000007a0000000, 0x00000007a5560000, 0x00000007a5560000)
  from space 21824K,  25% used [0x00000007a5560000, 0x00000007a5ae5408, 0x00000007a6ab0000)
  to   space 21824K,   0% used [0x00000007a6ab0000, 0x00000007a6ab0000, 0x00000007a8000000)
 concurrent mark-sweep generation total 393216K, used 110209K [0x00000007a8000000, 0x00000007c0000000, 0x00000007c0000000)
 Metaspace       used 41610K, capacity 42346K, committed 42616K, reserved 1087488K
  class space    used 4462K, capacity 4671K, committed 4732K, reserved 1048576K
2015-08-03T21:38:25.178-0200: 565.690: [GC (Allocation Failure) 565.690: [ParNew
Desired survivor size 20112992 bytes, new threshold 8 (max 8)
- age   1:    3060528 bytes,    3060528 total
- age   2:    4479256 bytes,    7539784 total
- age   3:      89008 bytes,    7628792 total
- age   4:      74696 bytes,    7703488 total
- age   5:      96640 bytes,    7800128 total
- age   6:      98384 bytes,    7898512 total
- age   7:     124040 bytes,    8022552 total
- age   8:      94952 bytes,    8117504 total
: 93077K->9768K(109248K), 0.0433577 secs] 203286K->120023K(502464K), 0.0434747 secs] [Times: user=0.05 sys=0.00, real=0.05 secs] 
Heap after GC invocations=155 (full 2):
 par new generation   total 109248K, used 9768K [0x00000007a0000000, 0x00000007a8000000, 0x00000007a8000000)
  eden space 87424K,   0% used [0x00000007a0000000, 0x00000007a0000000, 0x00000007a5560000)
  from space 21824K,  44% used [0x00000007a6ab0000, 0x00000007a743a2b0, 0x00000007a8000000)
  to   space 21824K,   0% used [0x00000007a5560000, 0x00000007a5560000, 0x00000007a6ab0000)
 concurrent mark-sweep generation total 393216K, used 110254K [0x00000007a8000000, 0x00000007c0000000, 0x00000007c0000000)
 Metaspace       used 41610K, capacity 42346K, committed 42616K, reserved 1087488K
  class space    used 4462K, capacity 4671K, committed 4732K, reserved 1048576K
}
2015-08-03T21:38:25.222-0200: 565.733: Total time for which application threads were stopped: 0.0441357 seconds, Stopping threads took: 0.0001783 seconds
{Heap before GC invocations=155 (full 2):
 par new generation   total 109248K, used 97192K [0x00000007a0000000, 0x00000007a8000000, 0x00000007a8000000)
  eden space 87424K, 100% used [0x00000007a0000000, 0x00000007a5560000, 0x00000007a5560000)
  from space 21824K,  44% used [0x00000007a6ab0000, 0x00000007a743a2b0, 0x00000007a8000000)
  to   space 21824K,   0% used [0x00000007a5560000, 0x00000007a5560000, 0x00000007a6ab0000)
 concurrent mark-sweep generation total 393216K, used 110254K [0x00000007a8000000, 0x00000007c0000000, 0x00000007c0000000)
 Metaspace       used 41610K, capacity 42346K, committed 42616K, reserved 1087488K
  class space    used 4462K, capacity 4671K, committed 4732K, reserved 1048576K
2015-08-03T21:38:25.238-0200: 565.749: [GC (Allocation Failure) 565.749: [ParNew
Desired survivor size 20112992 bytes, new threshold 8 (max 8)
- age   1:     534432 bytes,     534432 total
- age   2:    2588640 bytes,    3123072 total
- age   3:    4479256 bytes,    7602328 total
- age   4:      89008 bytes,    7691336 total
- age   5:      74696 bytes,    7766032 total
- age   6:      96640 bytes,    7862672 total
- age   7:      98384 bytes,    7961056 total
- age   8:     124040 bytes,    8085096 total
: 97192K->12114K(109248K), 0.0532775 secs] 207447K->122463K(502464K), 0.0533701 secs] [Times: user=0.07 sys=0.00, real=0.06 secs] 
Heap after GC invocations=156 (full 2):
 par new generation   total 109248K, used 12114K [0x00000007a0000000, 0x00000007a8000000, 0x00000007a8000000)
  eden space 87424K,   0% used [0x00000007a0000000, 0x00000007a0000000, 0x00000007a5560000)
  from space 21824K,  55% used [0x00000007a5560000, 0x00000007a6134868, 0x00000007a6ab0000)
  to   space 21824K,   0% used [0x00000007a6ab0000, 0x00000007a6ab0000, 0x00000007a8000000)
 concurrent mark-sweep generation total 393216K, used 110349K [0x00000007a8000000, 0x00000007c0000000, 0x00000007c0000000)
 Metaspace       used 41610K, capacity 42346K, committed 42616K, reserved 1087488K
  class space    used 4462K, capacity 4671K, committed 4732K, reserved 1048576K
}
2015-08-03T21:38:25.291-0200: 565.803: Total time for which application threads were stopped: 0.0540111 seconds, Stopping threads took: 0.0001521 seconds
{Heap before GC invocations=156 (full 2):
 par new generation   total 109248K, used 99538K [0x00000007a0000000, 0x00000007a8000000, 0x00000007a8000000)
  eden space 87424K, 100% used [0x00000007a0000000, 0x00000007a5560000, 0x00000007a5560000)
  from space 21824K,  55% used [0x00000007a5560000, 0x00000007a6134868, 0x00000007a6ab0000)
  to   space 21824K,   0% used [0x00000007a6ab0000, 0x00000007a6ab0000, 0x00000007a8000000)
 concurrent mark-sweep generation total 393216K, used 110349K [0x00000007a8000000, 0x00000007c0000000, 0x00000007c0000000)
 Metaspace       used 41610K, capacity 42346K, committed 42616K, reserved 1087488K
  class space    used 4462K, capacity 4671K, committed 4732K, reserved 1048576K
2015-08-03T21:38:25.315-0200: 565.827: [GC (Allocation Failure) 565.827: [ParNew
Desired survivor size 20112992 bytes, new threshold 8 (max 8)
- age   1:     906024 bytes,     906024 total
- age   2:     238944 bytes,    1144968 total
- age   3:    2588496 bytes,    3733464 total
- age   4:    4479256 bytes,    8212720 total
- age   5:      89008 bytes,    8301728 total
- age   6:      74696 bytes,    8376424 total
- age   7:      96640 bytes,    8473064 total
- age   8:      98384 bytes,    8571448 total
: 99538K->11113K(109248K), 0.0555218 secs] 209887K->121586K(502464K), 0.0556632 secs] [Times: user=0.05 sys=0.00, real=0.06 secs] 
Heap after GC invocations=157 (full 2):
 par new generation   total 109248K, used 11113K [0x00000007a0000000, 0x00000007a8000000, 0x00000007a8000000)
  eden space 87424K,   0% used [0x00000007a0000000, 0x00000007a0000000, 0x00000007a5560000)
  from space 21824K,  50% used [0x00000007a6ab0000, 0x00000007a758a5a0, 0x00000007a8000000)
  to   space 21824K,   0% used [0x00000007a5560000, 0x00000007a5560000, 0x00000007a6ab0000)
 concurrent mark-sweep generation total 393216K, used 110472K [0x00000007a8000000, 0x00000007c0000000, 0x00000007c0000000)
 Metaspace       used 41610K, capacity 42346K, committed 42616K, reserved 1087488K
  class space    used 4462K, capacity 4671K, committed 4732K, reserved 1048576K
}
2015-08-03T21:38:25.371-0200: 565.883: Total time for which application threads were stopped: 0.0564730 seconds, Stopping threads took: 0.0002534 seconds
{Heap before GC invocations=157 (full 2):
 par new generation   total 109248K, used 98537K [0x00000007a0000000, 0x00000007a8000000, 0x00000007a8000000)
  eden space 87424K, 100% used [0x00000007a0000000, 0x00000007a5560000, 0x00000007a5560000)
  from space 21824K,  50% used [0x00000007a6ab0000, 0x00000007a758a5a0, 0x00000007a8000000)
  to   space 21824K,   0% used [0x00000007a5560000, 0x00000007a5560000, 0x00000007a6ab0000)
 concurrent mark-sweep generation total 393216K, used 110472K [0x00000007a8000000, 0x00000007c0000000, 0x00000007c0000000)
 Metaspace       used 41610K, capacity 42346K, committed 42616K, reserved 1087488K
  class space    used 4462K, capacity 4671K, committed 4732K, reserved 1048576K
2015-08-03T21:38:25.401-0200: 565.912: [GC (Allocation Failure) 565.912: [ParNew
Desired survivor size 20112992 bytes, new threshold 8 (max 8)
- age   1:    1172728 bytes,    1172728 total
- age   2:      51872 bytes,    1224600 total
- age   3:     238640 bytes,    1463240 total
- age   4:    2588496 bytes,    4051736 total
- age   5:    4479256 bytes,    8530992 total
- age   6:      89008 bytes,    8620000 total
- age   7:      74696 bytes,    8694696 total
- age   8:      96640 bytes,    8791336 total
: 98537K->11178K(109248K), 0.0620811 secs] 209010K->121750K(502464K), 0.0621786 secs] [Times: user=0.05 sys=0.00, real=0.06 secs] 
Heap after GC invocations=158 (full 2):
 par new generation   total 109248K, used 11178K [0x00000007a0000000, 0x00000007a8000000, 0x00000007a8000000)
  eden space 87424K,   0% used [0x00000007a0000000, 0x00000007a0000000, 0x00000007a5560000)
  from space 21824K,  51% used [0x00000007a5560000, 0x00000007a604abb0, 0x00000007a6ab0000)
  to   space 21824K,   0% used [0x00000007a6ab0000, 0x00000007a6ab0000, 0x00000007a8000000)
 concurrent mark-sweep generation total 393216K, used 110571K [0x00000007a8000000, 0x00000007c0000000, 0x00000007c0000000)
 Metaspace       used 41610K, capacity 42346K, committed 42616K, reserved 1087488K
  class space    used 4462K, capacity 4671K, committed 4732K, reserved 1048576K
}
2015-08-03T21:38:25.463-0200: 565.975: Total time for which application threads were stopped: 0.0629359 seconds, Stopping threads took: 0.0002343 seconds
{Heap before GC invocations=158 (full 2):
 par new generation   total 109248K, used 98602K [0x00000007a0000000, 0x00000007a8000000, 0x00000007a8000000)
  eden space 87424K, 100% used [0x00000007a0000000, 0x00000007a5560000, 0x00000007a5560000)
  from space 21824K,  51% used [0x00000007a5560000, 0x00000007a604abb0, 0x00000007a6ab0000)
  to   space 21824K,   0% used [0x00000007a6ab0000, 0x00000007a6ab0000, 0x00000007a8000000)
 concurrent mark-sweep generation total 393216K, used 110571K [0x00000007a8000000, 0x00000007c0000000, 0x00000007c0000000)
 Metaspace       used 41610K, capacity 42346K, committed 42616K, reserved 1087488K
  class space    used 4462K, capacity 4671K, committed 4732K, reserved 1048576K
2015-08-03T21:38:25.491-0200: 566.003: [GC (Allocation Failure) 566.003: [ParNew
Desired survivor size 20112992 bytes, new threshold 8 (max 8)
- age   1:    1380536 bytes,    1380536 total
- age   2:      93760 bytes,    1474296 total
- age   3:      51720 bytes,    1526016 total
- age   4:     238640 bytes,    1764656 total
- age   5:    2588496 bytes,    4353152 total
- age   6:    4479256 bytes,    8832408 total
- age   7:      89008 bytes,    8921416 total
- age   8:      74696 bytes,    8996112 total
: 98602K->10589K(109248K), 0.0674295 secs] 209174K->121257K(502464K), 0.0675385 secs] [Times: user=0.04 sys=0.00, real=0.06 secs] 
Heap after GC invocations=159 (full 2):
 par new generation   total 109248K, used 10589K [0x00000007a0000000, 0x00000007a8000000, 0x00000007a8000000)
  eden space 87424K,   0% used [0x00000007a0000000, 0x00000007a0000000, 0x00000007a5560000)
  from space 21824K,  48% used [0x00000007a6ab0000, 0x00000007a7507580, 0x00000007a8000000)
  to   space 21824K,   0% used [0x00000007a5560000, 0x00000007a5560000, 0x00000007a6ab0000)
 concurrent mark-sweep generation total 393216K, used 110667K [0x00000007a8000000, 0x00000007c0000000, 0x00000007c0000000)
 Metaspace       used 41610K, capacity 42346K, committed 42616K, reserved 1087488K
  class space    used 4462K, capacity 4671K, committed 4732K, reserved 1048576K
}
2015-08-03T21:38:25.559-0200: 566.071: Total time for which application threads were stopped: 0.0682992 seconds, Stopping threads took: 0.0002401 seconds
{Heap before GC invocations=159 (full 2):
 par new generation   total 109248K, used 98013K [0x00000007a0000000, 0x00000007a8000000, 0x00000007a8000000)
  eden space 87424K, 100% used [0x00000007a0000000, 0x00000007a5560000, 0x00000007a5560000)
  from space 21824K,  48% used [0x00000007a6ab0000, 0x00000007a7507580, 0x00000007a8000000)
  to   space 21824K,   0% used [0x00000007a5560000, 0x00000007a5560000, 0x00000007a6ab0000)
 concurrent mark-sweep generation total 393216K, used 110667K [0x00000007a8000000, 0x00000007c0000000, 0x00000007c0000000)
 Metaspace       used 41610K, capacity 42346K, committed 42616K, reserved 1087488K
  class space    used 4462K, capacity 4671K, committed 4732K, reserved 1048576K
2015-08-03T21:38:25.594-0200: 566.106: [GC (Allocation Failure) 566.106: [ParNew
Desired survivor size 20112992 bytes, new threshold 8 (max 8)
- age   1:    1699264 bytes,    1699264 total
- age   2:     116776 bytes,    1816040 total
- age   3:      93328 bytes,    1909368 total
- age   4:      50960 bytes,    1960328 total
- age   5:     238368 bytes,    2198696 total
- age   6:    2588496 bytes,    4787192 total
- age   7:    4479768 bytes,    9266960 total
- age   8:      89008 bytes,    9355968 total
: 98013K->13383K(109248K), 0.0171388 secs] 208681K->124126K(502464K), 0.0172281 secs] [Times: user=0.05 sys=0.00, real=0.02 secs] 
Heap after GC invocations=160 (full 2):
 par new generation   total 109248K, used 13383K [0x00000007a0000000, 0x00000007a8000000, 0x00000007a8000000)
  eden space 87424K,   0% used [0x00000007a0000000, 0x00000007a0000000, 0x00000007a5560000)
  from space 21824K,  61% used [0x00000007a5560000, 0x00000007a6271f58, 0x00000007a6ab0000)
  to   space 21824K,   0% used [0x00000007a6ab0000, 0x00000007a6ab0000, 0x00000007a8000000)
 concurrent mark-sweep generation total 393216K, used 110742K [0x00000007a8000000, 0x00000007c0000000, 0x00000007c0000000)
 Metaspace       used 41610K, capacity 42346K, committed 42616K, reserved 1087488K
  class space    used 4462K, capacity 4671K, committed 4732K, reserved 1048576K
}
2015-08-03T21:38:25.612-0200: 566.123: Total time for which application threads were stopped: 0.0180080 seconds, Stopping threads took: 0.0002752 seconds
{Heap before GC invocations=160 (full 2):
 par new generation   total 109248K, used 100807K [0x00000007a0000000, 0x00000007a8000000, 0x00000007a8000000)
  eden space 87424K, 100% used [0x00000007a0000000, 0x00000007a5560000, 0x00000007a5560000)
  from space 21824K,  61% used [0x00000007a5560000, 0x00000007a6271f58, 0x00000007a6ab0000)
  to   space 21824K,   0% used [0x00000007a6ab0000, 0x00000007a6ab0000, 0x00000007a8000000)
 concurrent mark-sweep generation total 393216K, used 110742K [0x00000007a8000000, 0x00000007c0000000, 0x00000007c0000000)
 Metaspace       used 41610K, capacity 42346K, committed 42616K, reserved 1087488K
  class space    used 4462K, capacity 4671K, committed 4732K, reserved 1048576K
2015-08-03T21:38:25.660-0200: 566.171: [GC (Allocation Failure) 566.171: [ParNew
Desired survivor size 20112992 bytes, new threshold 8 (max 8)
- age   1:    1272600 bytes,    1272600 total
- age   2:     100504 bytes,    1373104 total
- age   3:     116560 bytes,    1489664 total
- age   4:      92624 bytes,    1582288 total
- age   5:      50688 bytes,    1632976 total
- age   6:     238096 bytes,    1871072 total
- age   7:    2588496 bytes,    4459568 total
- age   8:    4479120 bytes,    8938688 total
: 100807K->12010K(109248K), 0.0136497 secs] 211550K->122842K(502464K), 0.0137676 secs] [Times: user=0.05 sys=0.00, real=0.01 secs] 
Heap after GC invocations=161 (full 2):
 par new generation   total 109248K, used 12010K [0x00000007a0000000, 0x00000007a8000000, 0x00000007a8000000)
  eden space 87424K,   0% used [0x00000007a0000000, 0x00000007a0000000, 0x00000007a5560000)
  from space 21824K,  55% used [0x00000007a6ab0000, 0x00000007a766aa00, 0x00000007a8000000)
  to   space 21824K,   0% used [0x00000007a5560000, 0x00000007a5560000, 0x00000007a6ab0000)
 concurrent mark-sweep generation total 393216K, used 110831K [0x00000007a8000000, 0x00000007c0000000, 0x00000007c0000000)
 Metaspace       used 41610K, capacity 42346K, committed 42616K, reserved 1087488K
  class space    used 4462K, capacity 4671K, committed 4732K, reserved 1048576K
}
2015-08-03T21:38:25.674-0200: 566.185: Total time for which application threads were stopped: 0.0147569 seconds, Stopping threads took: 0.0004287 seconds
{Heap before GC invocations=161 (full 2):
 par new generation   total 109248K, used 99434K [0x00000007a0000000, 0x00000007a8000000, 0x00000007a8000000)
  eden space 87424K, 100% used [0x00000007a0000000, 0x00000007a5560000, 0x00000007a5560000)
  from space 21824K,  55% used [0x00000007a6ab0000, 0x00000007a766aa00, 0x00000007a8000000)
  to   space 21824K,   0% used [0x00000007a5560000, 0x00000007a5560000, 0x00000007a6ab0000)
 concurrent mark-sweep generation total 393216K, used 110831K [0x00000007a8000000, 0x00000007c0000000, 0x00000007c0000000)
 Metaspace       used 41610K, capacity 42346K, committed 42616K, reserved 1087488K
  class space    used 4462K, capacity 4671K, committed 4732K, reserved 1048576K
2015-08-03T21:38:25.753-0200: 566.265: [GC (Allocation Failure) 566.265: [ParNew
Desired survivor size 20112992 bytes, new threshold 8 (max 8)
- age   1:    1344040 bytes,    1344040 total
- age   2:      92704 bytes,    1436744 total
- age   3:      99544 bytes,    1536288 total
- age   4:     116272 bytes,    1652560 total
- age   5:      92384 bytes,    1744944 total
- age   6:      50112 bytes,    1795056 total
- age   7:     237064 bytes,    2032120 total
- age   8:    2587712 bytes,    4619832 total
: 99434K->6911K(109248K), 0.0343508 secs] 210266K->122129K(502464K), 0.0344491 secs] [Times: user=0.06 sys=0.01, real=0.03 secs] 
Heap after GC invocations=162 (full 2):
 par new generation   total 109248K, used 6911K [0x00000007a0000000, 0x00000007a8000000, 0x00000007a8000000)
  eden space 87424K,   0% used [0x00000007a0000000, 0x00000007a0000000, 0x00000007a5560000)
  from space 21824K,  31% used [0x00000007a5560000, 0x00000007a5c1ffa0, 0x00000007a6ab0000)
  to   space 21824K,   0% used [0x00000007a6ab0000, 0x00000007a6ab0000, 0x00000007a8000000)
 concurrent mark-sweep generation total 393216K, used 115217K [0x00000007a8000000, 0x00000007c0000000, 0x00000007c0000000)
 Metaspace       used 41610K, capacity 42346K, committed 42616K, reserved 1087488K
  class space    used 4462K, capacity 4671K, committed 4732K, reserved 1048576K
}
2015-08-03T21:38:25.788-0200: 566.300: Total time for which application threads were stopped: 0.0357360 seconds, Stopping threads took: 0.0007377 seconds
{Heap before GC invocations=162 (full 2):
 par new generation   total 109248K, used 94335K [0x00000007a0000000, 0x00000007a8000000, 0x00000007a8000000)
  eden space 87424K, 100% used [0x00000007a0000000, 0x00000007a5560000, 0x00000007a5560000)
  from space 21824K,  31% used [0x00000007a5560000, 0x00000007a5c1ffa0, 0x00000007a6ab0000)
  to   space 21824K,   0% used [0x00000007a6ab0000, 0x00000007a6ab0000, 0x00000007a8000000)
 concurrent mark-sweep generation total 393216K, used 115217K [0x00000007a8000000, 0x00000007c0000000, 0x00000007c0000000)
 Metaspace       used 41610K, capacity 42346K, committed 42616K, reserved 1087488K
  class space    used 4462K, capacity 4671K, committed 4732K, reserved 1048576K
2015-08-03T21:38:25.849-0200: 566.360: [GC (Allocation Failure) 566.360: [ParNew
Desired survivor size 20112992 bytes, new threshold 8 (max 8)
- age   1:     742480 bytes,     742480 total
- age   2:     397400 bytes,    1139880 total
- age   3:      92336 bytes,    1232216 total
- age   4:      99064 bytes,    1331280 total
- age   5:     116080 bytes,    1447360 total
- age   6:      92264 bytes,    1539624 total
- age   7:      49944 bytes,    1589568 total
- age   8:     236776 bytes,    1826344 total
: 94335K->3419K(109248K), 0.0300524 secs] 209553K->121166K(502464K), 0.0303705 secs] [Times: user=0.04 sys=0.00, real=0.03 secs] 
Heap after GC invocations=163 (full 2):
 par new generation   total 109248K, used 3419K [0x00000007a0000000, 0x00000007a8000000, 0x00000007a8000000)
  eden space 87424K,   0% used [0x00000007a0000000, 0x00000007a0000000, 0x00000007a5560000)
  from space 21824K,  15% used [0x00000007a6ab0000, 0x00000007a6e06f10, 0x00000007a8000000)
  to   space 21824K,   0% used [0x00000007a5560000, 0x00000007a5560000, 0x00000007a6ab0000)
 concurrent mark-sweep generation total 393216K, used 117746K [0x00000007a8000000, 0x00000007c0000000, 0x00000007c0000000)
 Metaspace       used 41610K, capacity 42346K, committed 42616K, reserved 1087488K
  class space    used 4462K, capacity 4671K, committed 4732K, reserved 1048576K
}
2015-08-03T21:38:25.879-0200: 566.391: Total time for which application threads were stopped: 0.0310388 seconds, Stopping threads took: 0.0001199 seconds
2015-08-03T21:38:26.095-0200: 566.607: Total time for which application threads were stopped: 0.0003963 seconds, Stopping threads took: 0.0000310 seconds
2015-08-03T21:38:26.199-0200: 566.710: Total time for which application threads were stopped: 0.0003544 seconds, Stopping threads took: 0.0000301 seconds
2015-08-03T21:38:26.230-0200: 566.741: Total time for which application threads were stopped: 0.0004049 seconds, Stopping threads took: 0.0000541 seconds
2015-08-03T21:38:26.231-0200: 566.742: Total time for which application threads were stopped: 0.0003776 seconds, Stopping threads took: 0.0000925 seconds
2015-08-03T21:38:26.231-0200: 566.742: Total time for which application threads were stopped: 0.0002833 seconds, Stopping threads took: 0.0000306 seconds
2015-08-03T21:38:26.232-0200: 566.743: Total time for which application threads were stopped: 0.0003185 seconds, Stopping threads took: 0.0000304 seconds
2015-08-03T21:38:26.234-0200: 566.746: Total time for which application threads were stopped: 0.0005091 seconds, Stopping threads took: 0.0000595 seconds
2015-08-03T21:38:26.245-0200: 566.757: Total time for which application threads were stopped: 0.0015805 seconds, Stopping threads took: 0.0010472 seconds
2015-08-03T21:38:26.246-0200: 566.758: Total time for which application threads were stopped: 0.0003817 seconds, Stopping threads took: 0.0000516 seconds
2015-08-03T21:38:26.275-0200: 566.787: Total time for which application threads were stopped: 0.0007646 seconds, Stopping threads took: 0.0004004 seconds
2015-08-03T21:38:26.275-0200: 566.787: Total time for which application threads were stopped: 0.0002618 seconds, Stopping threads took: 0.0000392 seconds
2015-08-03T21:38:26.280-0200: 566.791: Total time for which application threads were stopped: 0.0010146 seconds, Stopping threads took: 0.0006081 seconds
2015-08-03T21:38:26.280-0200: 566.792: Total time for which application threads were stopped: 0.0002016 seconds, Stopping threads took: 0.0000151 seconds
2015-08-03T21:38:26.281-0200: 566.793: Total time for which application threads were stopped: 0.0010093 seconds, Stopping threads took: 0.0007008 seconds
2015-08-03T21:38:26.295-0200: 566.806: Total time for which application threads were stopped: 0.0004551 seconds, Stopping threads took: 0.0001769 seconds
{Heap before GC invocations=163 (full 2):
 par new generation   total 109248K, used 90843K [0x00000007a0000000, 0x00000007a8000000, 0x00000007a8000000)
  eden space 87424K, 100% used [0x00000007a0000000, 0x00000007a5560000, 0x00000007a5560000)
  from space 21824K,  15% used [0x00000007a6ab0000, 0x00000007a6e06f10, 0x00000007a8000000)
  to   space 21824K,   0% used [0x00000007a5560000, 0x00000007a5560000, 0x00000007a6ab0000)
 concurrent mark-sweep generation total 393216K, used 117746K [0x00000007a8000000, 0x00000007c0000000, 0x00000007c0000000)
 Metaspace       used 41686K, capacity 42410K, committed 42616K, reserved 1087488K
  class space    used 4464K, capacity 4671K, committed 4732K, reserved 1048576K
2015-08-03T21:38:26.400-0200: 566.911: [GC (Allocation Failure) 566.911: [ParNew
Desired survivor size 20112992 bytes, new threshold 8 (max 8)
- age   1:    3003552 bytes,    3003552 total
- age   2:     258576 bytes,    3262128 total
- age   3:     395096 bytes,    3657224 total
- age   4:      91784 bytes,    3749008 total
- age   5:      98968 bytes,    3847976 total
- age   6:     115984 bytes,    3963960 total
- age   7:      91808 bytes,    4055768 total
- age   8:      49656 bytes,    4105424 total
: 90843K->4583K(109248K), 0.0149888 secs] 208590K->122372K(502464K), 0.0151085 secs] [Times: user=0.03 sys=0.00, real=0.01 secs] 
Heap after GC invocations=164 (full 2):
 par new generation   total 109248K, used 4583K [0x00000007a0000000, 0x00000007a8000000, 0x00000007a8000000)
  eden space 87424K,   0% used [0x00000007a0000000, 0x00000007a0000000, 0x00000007a5560000)
  from space 21824K,  21% used [0x00000007a5560000, 0x00000007a59d9f18, 0x00000007a6ab0000)
  to   space 21824K,   0% used [0x00000007a6ab0000, 0x00000007a6ab0000, 0x00000007a8000000)
 concurrent mark-sweep generation total 393216K, used 117788K [0x00000007a8000000, 0x00000007c0000000, 0x00000007c0000000)
 Metaspace       used 41686K, capacity 42410K, committed 42616K, reserved 1087488K
  class space    used 4464K, capacity 4671K, committed 4732K, reserved 1048576K
}
2015-08-03T21:38:26.415-0200: 566.926: Total time for which application threads were stopped: 0.0156584 seconds, Stopping threads took: 0.0000323 seconds
2015-08-03T21:38:27.420-0200: 567.932: Total time for which application threads were stopped: 0.0007690 seconds, Stopping threads took: 0.0000448 seconds
2015-08-03T21:38:28.426-0200: 568.937: Total time for which application threads were stopped: 0.0006158 seconds, Stopping threads took: 0.0001074 seconds
2015-08-03T21:39:27.599-0200: 628.113: Total time for which application threads were stopped: 0.0049812 seconds, Stopping threads took: 0.0000707 seconds
2015-08-03T21:39:27.792-0200: 628.306: Total time for which application threads were stopped: 0.0002580 seconds, Stopping threads took: 0.0000211 seconds
2015-08-03T21:39:27.828-0200: 628.342: Total time for which application threads were stopped: 0.0003828 seconds, Stopping threads took: 0.0000231 seconds
2015-08-03T21:39:27.829-0200: 628.342: Total time for which application threads were stopped: 0.0001793 seconds, Stopping threads took: 0.0000460 seconds
2015-08-03T21:39:27.840-0200: 628.354: Total time for which application threads were stopped: 0.0004884 seconds, Stopping threads took: 0.0000237 seconds
2015-08-03T21:39:27.842-0200: 628.355: Total time for which application threads were stopped: 0.0002196 seconds, Stopping threads took: 0.0000197 seconds
2015-08-03T21:39:27.896-0200: 628.409: Total time for which application threads were stopped: 0.0003810 seconds, Stopping threads took: 0.0000482 seconds
2015-08-03T21:39:27.928-0200: 628.442: Total time for which application threads were stopped: 0.0002694 seconds, Stopping threads took: 0.0000197 seconds
2015-08-03T21:39:27.930-0200: 628.444: Total time for which application threads were stopped: 0.0002791 seconds, Stopping threads took: 0.0000262 seconds
2015-08-03T21:39:27.936-0200: 628.449: Total time for which application threads were stopped: 0.0002991 seconds, Stopping threads took: 0.0000258 seconds
2015-08-03T21:39:27.936-0200: 628.450: Total time for which application threads were stopped: 0.0002437 seconds, Stopping threads took: 0.0000205 seconds
2015-08-03T21:39:27.937-0200: 628.451: Total time for which application threads were stopped: 0.0001876 seconds, Stopping threads took: 0.0000160 seconds
2015-08-03T21:39:27.937-0200: 628.451: Total time for which application threads were stopped: 0.0002473 seconds, Stopping threads took: 0.0001040 seconds
2015-08-03T21:39:27.938-0200: 628.452: Total time for which application threads were stopped: 0.0001784 seconds, Stopping threads took: 0.0000210 seconds
2015-08-03T21:39:27.939-0200: 628.452: Total time for which application threads were stopped: 0.0002160 seconds, Stopping threads took: 0.0000336 seconds
2015-08-03T21:39:27.939-0200: 628.453: Total time for which application threads were stopped: 0.0001624 seconds, Stopping threads took: 0.0000187 seconds
2015-08-03T21:39:27.940-0200: 628.453: Total time for which application threads were stopped: 0.0001627 seconds, Stopping threads took: 0.0000158 seconds
2015-08-03T21:39:27.940-0200: 628.454: Total time for which application threads were stopped: 0.0001669 seconds, Stopping threads took: 0.0000438 seconds
2015-08-03T21:39:27.941-0200: 628.454: Total time for which application threads were stopped: 0.0001581 seconds, Stopping threads took: 0.0000397 seconds
2015-08-03T21:39:27.954-0200: 628.467: Total time for which application threads were stopped: 0.0014316 seconds, Stopping threads took: 0.0000307 seconds
2015-08-03T21:39:27.956-0200: 628.470: Total time for which application threads were stopped: 0.0002495 seconds, Stopping threads took: 0.0000231 seconds
2015-08-03T21:39:27.961-0200: 628.475: Total time for which application threads were stopped: 0.0009740 seconds, Stopping threads took: 0.0000249 seconds
2015-08-03T21:39:28.049-0200: 628.562: Total time for which application threads were stopped: 0.0049814 seconds, Stopping threads took: 0.0000501 seconds
2015-08-03T21:39:28.052-0200: 628.566: Total time for which application threads were stopped: 0.0003349 seconds, Stopping threads took: 0.0000572 seconds
2015-08-03T21:39:28.189-0200: 628.702: Total time for which application threads were stopped: 0.0004846 seconds, Stopping threads took: 0.0000411 seconds
2015-08-03T21:39:28.204-0200: 628.718: Total time for which application threads were stopped: 0.0003528 seconds, Stopping threads took: 0.0000535 seconds
2015-08-03T21:39:28.220-0200: 628.734: Total time for which application threads were stopped: 0.0002422 seconds, Stopping threads took: 0.0000189 seconds
2015-08-03T21:39:28.375-0200: 628.889: Total time for which application threads were stopped: 0.0003499 seconds, Stopping threads took: 0.0000259 seconds
2015-08-03T21:39:28.533-0200: 629.046: Total time for which application threads were stopped: 0.0002759 seconds, Stopping threads took: 0.0000306 seconds
2015-08-03T21:39:29.538-0200: 630.052: Total time for which application threads were stopped: 0.0004001 seconds, Stopping threads took: 0.0000818 seconds
2015-08-03T21:39:56.890-0200: 657.404: Total time for which application threads were stopped: 0.0003044 seconds, Stopping threads took: 0.0000607 seconds
2015-08-03T21:39:56.890-0200: 657.405: Total time for which application threads were stopped: 0.0002585 seconds, Stopping threads took: 0.0001057 seconds
2015-08-03T21:39:56.892-0200: 657.406: Total time for which application threads were stopped: 0.0003396 seconds, Stopping threads took: 0.0000711 seconds
2015-08-03T21:39:56.896-0200: 657.411: Total time for which application threads were stopped: 0.0004761 seconds, Stopping threads took: 0.0000399 seconds
2015-08-03T21:39:56.898-0200: 657.413: Total time for which application threads were stopped: 0.0003547 seconds, Stopping threads took: 0.0000353 seconds
2015-08-03T21:39:56.901-0200: 657.415: Total time for which application threads were stopped: 0.0002894 seconds, Stopping threads took: 0.0000294 seconds
2015-08-03T21:39:56.905-0200: 657.419: Total time for which application threads were stopped: 0.0002376 seconds, Stopping threads took: 0.0000240 seconds
2015-08-03T21:39:56.936-0200: 657.451: Total time for which application threads were stopped: 0.0008896 seconds, Stopping threads took: 0.0000384 seconds
2015-08-03T21:39:56.957-0200: 657.472: Total time for which application threads were stopped: 0.0002392 seconds, Stopping threads took: 0.0000495 seconds
2015-08-03T21:39:56.958-0200: 657.472: Total time for which application threads were stopped: 0.0001797 seconds, Stopping threads took: 0.0000245 seconds
2015-08-03T21:39:56.958-0200: 657.473: Total time for which application threads were stopped: 0.0001587 seconds, Stopping threads took: 0.0000584 seconds
2015-08-03T21:39:56.958-0200: 657.473: Total time for which application threads were stopped: 0.0001295 seconds, Stopping threads took: 0.0000124 seconds
2015-08-03T21:39:56.958-0200: 657.473: Total time for which application threads were stopped: 0.0000922 seconds, Stopping threads took: 0.0000090 seconds
2015-08-03T21:39:56.974-0200: 657.488: Total time for which application threads were stopped: 0.0002213 seconds, Stopping threads took: 0.0000261 seconds
2015-08-03T21:39:56.974-0200: 657.489: Total time for which application threads were stopped: 0.0001153 seconds, Stopping threads took: 0.0000116 seconds
2015-08-03T21:39:56.974-0200: 657.489: Total time for which application threads were stopped: 0.0001367 seconds, Stopping threads took: 0.0000125 seconds
2015-08-03T21:39:57.978-0200: 658.492: Total time for which application threads were stopped: 0.0004612 seconds, Stopping threads took: 0.0001962 seconds
2015-08-03T21:40:22.560-0200: 683.076: Total time for which application threads were stopped: 0.0018350 seconds, Stopping threads took: 0.0000338 seconds
2015-08-03T21:40:22.561-0200: 683.077: Total time for which application threads were stopped: 0.0001883 seconds, Stopping threads took: 0.0000145 seconds
2015-08-03T21:40:22.563-0200: 683.078: Total time for which application threads were stopped: 0.0002409 seconds, Stopping threads took: 0.0000539 seconds
2015-08-03T21:40:22.563-0200: 683.079: Total time for which application threads were stopped: 0.0002824 seconds, Stopping threads took: 0.0000862 seconds
2015-08-03T21:40:22.566-0200: 683.082: Total time for which application threads were stopped: 0.0003356 seconds, Stopping threads took: 0.0000558 seconds
2015-08-03T21:40:22.691-0200: 683.206: Total time for which application threads were stopped: 0.0004963 seconds, Stopping threads took: 0.0000408 seconds
2015-08-03T21:40:22.692-0200: 683.207: Total time for which application threads were stopped: 0.0003521 seconds, Stopping threads took: 0.0000248 seconds
2015-08-03T21:40:22.739-0200: 683.255: Total time for which application threads were stopped: 0.0036115 seconds, Stopping threads took: 0.0004481 seconds
{Heap before GC invocations=164 (full 2):
 par new generation   total 109248K, used 92007K [0x00000007a0000000, 0x00000007a8000000, 0x00000007a8000000)
  eden space 87424K, 100% used [0x00000007a0000000, 0x00000007a5560000, 0x00000007a5560000)
  from space 21824K,  21% used [0x00000007a5560000, 0x00000007a59d9f18, 0x00000007a6ab0000)
  to   space 21824K,   0% used [0x00000007a6ab0000, 0x00000007a6ab0000, 0x00000007a8000000)
 concurrent mark-sweep generation total 393216K, used 117788K [0x00000007a8000000, 0x00000007c0000000, 0x00000007c0000000)
 Metaspace       used 43412K, capacity 44100K, committed 44280K, reserved 1089536K
  class space    used 4643K, capacity 4814K, committed 4860K, reserved 1048576K
2015-08-03T21:40:22.781-0200: 683.297: [GC (Allocation Failure) 683.300: [ParNew
Desired survivor size 20112992 bytes, new threshold 8 (max 8)
- age   1:    4267216 bytes,    4267216 total
- age   2:    2066904 bytes,    6334120 total
- age   3:     258576 bytes,    6592696 total
- age   4:     152912 bytes,    6745608 total
- age   5:      91784 bytes,    6837392 total
- age   6:      98968 bytes,    6936360 total
- age   7:     115984 bytes,    7052344 total
- age   8:      91808 bytes,    7144152 total
: 92007K->8296K(109248K), 0.1635453 secs] 209796K->126135K(502464K), 0.1664469 secs] [Times: user=0.06 sys=0.05, real=0.16 secs] 
Heap after GC invocations=165 (full 2):
 par new generation   total 109248K, used 8296K [0x00000007a0000000, 0x00000007a8000000, 0x00000007a8000000)
  eden space 87424K,   0% used [0x00000007a0000000, 0x00000007a0000000, 0x00000007a5560000)
  from space 21824K,  38% used [0x00000007a6ab0000, 0x00000007a72ca1f8, 0x00000007a8000000)
  to   space 21824K,   0% used [0x00000007a5560000, 0x00000007a5560000, 0x00000007a6ab0000)
 concurrent mark-sweep generation total 393216K, used 117838K [0x00000007a8000000, 0x00000007c0000000, 0x00000007c0000000)
 Metaspace       used 43412K, capacity 44100K, committed 44280K, reserved 1089536K
  class space    used 4643K, capacity 4814K, committed 4860K, reserved 1048576K
}
2015-08-03T21:40:22.948-0200: 683.463: Total time for which application threads were stopped: 0.1774772 seconds, Stopping threads took: 0.0103938 seconds
{Heap before GC invocations=165 (full 2):
 par new generation   total 109248K, used 95713K [0x00000007a0000000, 0x00000007a8000000, 0x00000007a8000000)
  eden space 87424K,  99% used [0x00000007a0000000, 0x00000007a555e580, 0x00000007a5560000)
  from space 21824K,  38% used [0x00000007a6ab0000, 0x00000007a72ca1f8, 0x00000007a8000000)
  to   space 21824K,   0% used [0x00000007a5560000, 0x00000007a5560000, 0x00000007a6ab0000)
 concurrent mark-sweep generation total 393216K, used 117838K [0x00000007a8000000, 0x00000007c0000000, 0x00000007c0000000)
 Metaspace       used 43412K, capacity 44100K, committed 44280K, reserved 1089536K
  class space    used 4643K, capacity 4814K, committed 4860K, reserved 1048576K
2015-08-03T21:40:23.073-0200: 683.589: [GC (Allocation Failure) 683.589: [ParNew
Desired survivor size 20112992 bytes, new threshold 8 (max 8)
- age   1:    3176720 bytes,    3176720 total
- age   2:    2803808 bytes,    5980528 total
- age   3:    2065344 bytes,    8045872 total
- age   4:     258576 bytes,    8304448 total
- age   5:     152912 bytes,    8457360 total
- age   6:      91784 bytes,    8549144 total
- age   7:      98968 bytes,    8648112 total
- age   8:     115984 bytes,    8764096 total
: 95713K->11973K(109248K), 0.0763008 secs] 213552K->129904K(502464K), 0.0763961 secs] [Times: user=0.04 sys=0.01, real=0.07 secs] 
Heap after GC invocations=166 (full 2):
 par new generation   total 109248K, used 11973K [0x00000007a0000000, 0x00000007a8000000, 0x00000007a8000000)
  eden space 87424K,   0% used [0x00000007a0000000, 0x00000007a0000000, 0x00000007a5560000)
  from space 21824K,  54% used [0x00000007a5560000, 0x00000007a6111640, 0x00000007a6ab0000)
  to   space 21824K,   0% used [0x00000007a6ab0000, 0x00000007a6ab0000, 0x00000007a8000000)
 concurrent mark-sweep generation total 393216K, used 117930K [0x00000007a8000000, 0x00000007c0000000, 0x00000007c0000000)
 Metaspace       used 43412K, capacity 44100K, committed 44280K, reserved 1089536K
  class space    used 4643K, capacity 4814K, committed 4860K, reserved 1048576K
}
2015-08-03T21:40:23.150-0200: 683.665: Total time for which application threads were stopped: 0.0797925 seconds, Stopping threads took: 0.0004907 seconds
{Heap before GC invocations=166 (full 2):
 par new generation   total 109248K, used 99397K [0x00000007a0000000, 0x00000007a8000000, 0x00000007a8000000)
  eden space 87424K, 100% used [0x00000007a0000000, 0x00000007a5560000, 0x00000007a5560000)
  from space 21824K,  54% used [0x00000007a5560000, 0x00000007a6111640, 0x00000007a6ab0000)
  to   space 21824K,   0% used [0x00000007a6ab0000, 0x00000007a6ab0000, 0x00000007a8000000)
 concurrent mark-sweep generation total 393216K, used 117930K [0x00000007a8000000, 0x00000007c0000000, 0x00000007c0000000)
 Metaspace       used 43413K, capacity 44100K, committed 44280K, reserved 1089536K
  class space    used 4643K, capacity 4814K, committed 4860K, reserved 1048576K
2015-08-03T21:40:23.191-0200: 683.707: [GC (Allocation Failure) 683.707: [ParNew
Desired survivor size 20112992 bytes, new threshold 8 (max 8)
- age   1:     685544 bytes,     685544 total
- age   2:    2586872 bytes,    3272416 total
- age   3:    2505672 bytes,    5778088 total
- age   4:    2065344 bytes,    7843432 total
- age   5:     258576 bytes,    8102008 total
- age   6:     152912 bytes,    8254920 total
- age   7:      91784 bytes,    8346704 total
- age   8:      98968 bytes,    8445672 total
: 99397K->10588K(109248K), 0.1092711 secs] 217328K->128634K(502464K), 0.1093906 secs] [Times: user=0.04 sys=0.01, real=0.11 secs] 
Heap after GC invocations=167 (full 2):
 par new generation   total 109248K, used 10588K [0x00000007a0000000, 0x00000007a8000000, 0x00000007a8000000)
  eden space 87424K,   0% used [0x00000007a0000000, 0x00000007a0000000, 0x00000007a5560000)
  from space 21824K,  48% used [0x00000007a6ab0000, 0x00000007a75073b0, 0x00000007a8000000)
  to   space 21824K,   0% used [0x00000007a5560000, 0x00000007a5560000, 0x00000007a6ab0000)
 concurrent mark-sweep generation total 393216K, used 118046K [0x00000007a8000000, 0x00000007c0000000, 0x00000007c0000000)
 Metaspace       used 43413K, capacity 44100K, committed 44280K, reserved 1089536K
  class space    used 4643K, capacity 4814K, committed 4860K, reserved 1048576K
}
2015-08-03T21:40:23.301-0200: 683.816: Total time for which application threads were stopped: 0.1101209 seconds, Stopping threads took: 0.0001819 seconds
{Heap before GC invocations=167 (full 2):
 par new generation   total 109248K, used 98012K [0x00000007a0000000, 0x00000007a8000000, 0x00000007a8000000)
  eden space 87424K, 100% used [0x00000007a0000000, 0x00000007a5560000, 0x00000007a5560000)
  from space 21824K,  48% used [0x00000007a6ab0000, 0x00000007a75073b0, 0x00000007a8000000)
  to   space 21824K,   0% used [0x00000007a5560000, 0x00000007a5560000, 0x00000007a6ab0000)
 concurrent mark-sweep generation total 393216K, used 118046K [0x00000007a8000000, 0x00000007c0000000, 0x00000007c0000000)
 Metaspace       used 43413K, capacity 44100K, committed 44280K, reserved 1089536K
  class space    used 4643K, capacity 4814K, committed 4860K, reserved 1048576K
2015-08-03T21:40:23.319-0200: 683.835: [GC (Allocation Failure) 683.835: [ParNew
Desired survivor size 20112992 bytes, new threshold 8 (max 8)
- age   1:    1499152 bytes,    1499152 total
- age   2:     578184 bytes,    2077336 total
- age   3:    2557288 bytes,    4634624 total
- age   4:    2505672 bytes,    7140296 total
- age   5:    2130912 bytes,    9271208 total
- age   6:     291360 bytes,    9562568 total
- age   7:     152912 bytes,    9715480 total
- age   8:      91784 bytes,    9807264 total
: 98012K->12884K(109248K), 0.0376539 secs] 216058K->131028K(502464K), 0.0377311 secs] [Times: user=0.04 sys=0.00, real=0.04 secs] 
Heap after GC invocations=168 (full 2):
 par new generation   total 109248K, used 12884K [0x00000007a0000000, 0x00000007a8000000, 0x00000007a8000000)
  eden space 87424K,   0% used [0x00000007a0000000, 0x00000007a0000000, 0x00000007a5560000)
  from space 21824K,  59% used [0x00000007a5560000, 0x00000007a61f50a0, 0x00000007a6ab0000)
  to   space 21824K,   0% used [0x00000007a6ab0000, 0x00000007a6ab0000, 0x00000007a8000000)
 concurrent mark-sweep generation total 393216K, used 118144K [0x00000007a8000000, 0x00000007c0000000, 0x00000007c0000000)
 Metaspace       used 43413K, capacity 44100K, committed 44280K, reserved 1089536K
  class space    used 4643K, capacity 4814K, committed 4860K, reserved 1048576K
}
2015-08-03T21:40:23.357-0200: 683.873: Total time for which application threads were stopped: 0.0384526 seconds, Stopping threads took: 0.0001501 seconds
{Heap before GC invocations=168 (full 2):
 par new generation   total 109248K, used 100308K [0x00000007a0000000, 0x00000007a8000000, 0x00000007a8000000)
  eden space 87424K, 100% used [0x00000007a0000000, 0x00000007a5560000, 0x00000007a5560000)
  from space 21824K,  59% used [0x00000007a5560000, 0x00000007a61f50a0, 0x00000007a6ab0000)
  to   space 21824K,   0% used [0x00000007a6ab0000, 0x00000007a6ab0000, 0x00000007a8000000)
 concurrent mark-sweep generation total 393216K, used 118144K [0x00000007a8000000, 0x00000007c0000000, 0x00000007c0000000)
 Metaspace       used 43413K, capacity 44100K, committed 44280K, reserved 1089536K
  class space    used 4643K, capacity 4814K, committed 4860K, reserved 1048576K
2015-08-03T21:40:23.389-0200: 683.905: [GC (Allocation Failure) 683.905: [ParNew
Desired survivor size 20112992 bytes, new threshold 8 (max 8)
- age   1:     977328 bytes,     977328 total
- age   2:     505352 bytes,    1482680 total
- age   3:     578184 bytes,    2060864 total
- age   4:    2557144 bytes,    4618008 total
- age   5:    2505672 bytes,    7123680 total
- age   6:    2065344 bytes,    9189024 total
- age   7:     258576 bytes,    9447600 total
- age   8:     152912 bytes,    9600512 total
: 100308K->12141K(109248K), 0.0550632 secs] 218452K->130377K(502464K), 0.0551866 secs] [Times: user=0.05 sys=0.01, real=0.06 secs] 
Heap after GC invocations=169 (full 2):
 par new generation   total 109248K, used 12141K [0x00000007a0000000, 0x00000007a8000000, 0x00000007a8000000)
  eden space 87424K,   0% used [0x00000007a0000000, 0x00000007a0000000, 0x00000007a5560000)
  from space 21824K,  55% used [0x00000007a6ab0000, 0x00000007a768b4d8, 0x00000007a8000000)
  to   space 21824K,   0% used [0x00000007a5560000, 0x00000007a5560000, 0x00000007a6ab0000)
 concurrent mark-sweep generation total 393216K, used 118236K [0x00000007a8000000, 0x00000007c0000000, 0x00000007c0000000)
 Metaspace       used 43413K, capacity 44100K, committed 44280K, reserved 1089536K
  class space    used 4643K, capacity 4814K, committed 4860K, reserved 1048576K
}
2015-08-03T21:40:23.444-0200: 683.960: Total time for which application threads were stopped: 0.0560120 seconds, Stopping threads took: 0.0002431 seconds
{Heap before GC invocations=169 (full 2):
 par new generation   total 109248K, used 99565K [0x00000007a0000000, 0x00000007a8000000, 0x00000007a8000000)
  eden space 87424K, 100% used [0x00000007a0000000, 0x00000007a5560000, 0x00000007a5560000)
  from space 21824K,  55% used [0x00000007a6ab0000, 0x00000007a768b4d8, 0x00000007a8000000)
  to   space 21824K,   0% used [0x00000007a5560000, 0x00000007a5560000, 0x00000007a6ab0000)
 concurrent mark-sweep generation total 393216K, used 118236K [0x00000007a8000000, 0x00000007c0000000, 0x00000007c0000000)
 Metaspace       used 43413K, capacity 44100K, committed 44280K, reserved 1089536K
  class space    used 4643K, capacity 4814K, committed 4860K, reserved 1048576K
2015-08-03T21:40:23.474-0200: 683.989: [GC (Allocation Failure) 683.989: [ParNew
Desired survivor size 20112992 bytes, new threshold 8 (max 8)
- age   1:    1166032 bytes,    1166032 total
- age   2:      78064 bytes,    1244096 total
- age   3:     505048 bytes,    1749144 total
- age   4:     578184 bytes,    2327328 total
- age   5:    2557144 bytes,    4884472 total
- age   6:    2505768 bytes,    7390240 total
- age   7:    2065344 bytes,    9455584 total
- age   8:     258576 bytes,    9714160 total
: 99565K->12162K(109248K), 0.0598466 secs] 217801K->130551K(502464K), 0.0599438 secs] [Times: user=0.05 sys=0.00, real=0.06 secs] 
Heap after GC invocations=170 (full 2):
 par new generation   total 109248K, used 12162K [0x00000007a0000000, 0x00000007a8000000, 0x00000007a8000000)
  eden space 87424K,   0% used [0x00000007a0000000, 0x00000007a0000000, 0x00000007a5560000)
  from space 21824K,  55% used [0x00000007a5560000, 0x00000007a6140870, 0x00000007a6ab0000)
  to   space 21824K,   0% used [0x00000007a6ab0000, 0x00000007a6ab0000, 0x00000007a8000000)
 concurrent mark-sweep generation total 393216K, used 118389K [0x00000007a8000000, 0x00000007c0000000, 0x00000007c0000000)
 Metaspace       used 43413K, capacity 44100K, committed 44280K, reserved 1089536K
  class space    used 4643K, capacity 4814K, committed 4860K, reserved 1048576K
}
2015-08-03T21:40:23.534-0200: 684.049: Total time for which application threads were stopped: 0.0607284 seconds, Stopping threads took: 0.0002676 seconds
{Heap before GC invocations=170 (full 2):
 par new generation   total 109248K, used 99586K [0x00000007a0000000, 0x00000007a8000000, 0x00000007a8000000)
  eden space 87424K, 100% used [0x00000007a0000000, 0x00000007a5560000, 0x00000007a5560000)
  from space 21824K,  55% used [0x00000007a5560000, 0x00000007a6140870, 0x00000007a6ab0000)
  to   space 21824K,   0% used [0x00000007a6ab0000, 0x00000007a6ab0000, 0x00000007a8000000)
 concurrent mark-sweep generation total 393216K, used 118389K [0x00000007a8000000, 0x00000007c0000000, 0x00000007c0000000)
 Metaspace       used 43416K, capacity 44100K, committed 44280K, reserved 1089536K
  class space    used 4643K, capacity 4814K, committed 4860K, reserved 1048576K
2015-08-03T21:40:23.579-0200: 684.095: [GC (Allocation Failure) 684.095: [ParNew
Desired survivor size 20112992 bytes, new threshold 8 (max 8)
- age   1:    1758024 bytes,    1758024 total
- age   2:     115032 bytes,    1873056 total
- age   3:      77792 bytes,    1950848 total
- age   4:     505048 bytes,    2455896 total
- age   5:     577640 bytes,    3033536 total
- age   6:    2557144 bytes,    5590680 total
- age   7:    2505672 bytes,    8096352 total
- age   8:    2065344 bytes,   10161696 total
: 99586K->16662K(109248K), 0.0646983 secs] 217975K->135306K(502464K), 0.0647977 secs] [Times: user=0.06 sys=0.01, real=0.07 secs] 
Heap after GC invocations=171 (full 2):
 par new generation   total 109248K, used 16662K [0x00000007a0000000, 0x00000007a8000000, 0x00000007a8000000)
  eden space 87424K,   0% used [0x00000007a0000000, 0x00000007a0000000, 0x00000007a5560000)
  from space 21824K,  76% used [0x00000007a6ab0000, 0x00000007a7af5840, 0x00000007a8000000)
  to   space 21824K,   0% used [0x00000007a5560000, 0x00000007a5560000, 0x00000007a6ab0000)
 concurrent mark-sweep generation total 393216K, used 118644K [0x00000007a8000000, 0x00000007c0000000, 0x00000007c0000000)
 Metaspace       used 43416K, capacity 44100K, committed 44280K, reserved 1089536K
  class space    used 4643K, capacity 4814K, committed 4860K, reserved 1048576K
}
2015-08-03T21:40:23.644-0200: 684.160: Total time for which application threads were stopped: 0.0654124 seconds, Stopping threads took: 0.0001698 seconds
{Heap before GC invocations=171 (full 2):
 par new generation   total 109248K, used 104082K [0x00000007a0000000, 0x00000007a8000000, 0x00000007a8000000)
  eden space 87424K,  99% used [0x00000007a0000000, 0x00000007a555f048, 0x00000007a5560000)
  from space 21824K,  76% used [0x00000007a6ab0000, 0x00000007a7af5840, 0x00000007a8000000)
  to   space 21824K,   0% used [0x00000007a5560000, 0x00000007a5560000, 0x00000007a6ab0000)
 concurrent mark-sweep generation total 393216K, used 118644K [0x00000007a8000000, 0x00000007c0000000, 0x00000007c0000000)
 Metaspace       used 43416K, capacity 44100K, committed 44280K, reserved 1089536K
  class space    used 4643K, capacity 4814K, committed 4860K, reserved 1048576K
2015-08-03T21:40:23.695-0200: 684.211: [GC (Allocation Failure) 684.211: [ParNew
Desired survivor size 20112992 bytes, new threshold 8 (max 8)
- age   1:    1203560 bytes,    1203560 total
- age   2:      99024 bytes,    1302584 total
- age   3:     114600 bytes,    1417184 total
- age   4:      77032 bytes,    1494216 total
- age   5:     504344 bytes,    1998560 total
- age   6:     577640 bytes,    2576200 total
- age   7:    2557144 bytes,    5133344 total
- age   8:    2505672 bytes,    7639016 total
: 104082K->10268K(109248K), 0.0522004 secs] 222726K->130939K(502464K), 0.0523041 secs] [Times: user=0.06 sys=0.00, real=0.05 secs] 
Heap after GC invocations=172 (full 2):
 par new generation   total 109248K, used 10268K [0x00000007a0000000, 0x00000007a8000000, 0x00000007a8000000)
  eden space 87424K,   0% used [0x00000007a0000000, 0x00000007a0000000, 0x00000007a5560000)
  from space 21824K,  47% used [0x00000007a5560000, 0x00000007a5f670a0, 0x00000007a6ab0000)
  to   space 21824K,   0% used [0x00000007a6ab0000, 0x00000007a6ab0000, 0x00000007a8000000)
 concurrent mark-sweep generation total 393216K, used 120671K [0x00000007a8000000, 0x00000007c0000000, 0x00000007c0000000)
 Metaspace       used 43416K, capacity 44100K, committed 44280K, reserved 1089536K
  class space    used 4643K, capacity 4814K, committed 4860K, reserved 1048576K
}
2015-08-03T21:40:23.748-0200: 684.263: Total time for which application threads were stopped: 0.0529538 seconds, Stopping threads took: 0.0001809 seconds
{Heap before GC invocations=172 (full 2):
 par new generation   total 109248K, used 97668K [0x00000007a0000000, 0x00000007a8000000, 0x00000007a8000000)
  eden space 87424K,  99% used [0x00000007a0000000, 0x00000007a555a230, 0x00000007a5560000)
  from space 21824K,  47% used [0x00000007a5560000, 0x00000007a5f670a0, 0x00000007a6ab0000)
  to   space 21824K,   0% used [0x00000007a6ab0000, 0x00000007a6ab0000, 0x00000007a8000000)
 concurrent mark-sweep generation total 393216K, used 120671K [0x00000007a8000000, 0x00000007c0000000, 0x00000007c0000000)
 Metaspace       used 43416K, capacity 44100K, committed 44280K, reserved 1089536K
  class space    used 4643K, capacity 4814K, committed 4860K, reserved 1048576K
2015-08-03T21:40:23.788-0200: 684.304: [GC (Allocation Failure) 684.304: [ParNew
Desired survivor size 20112992 bytes, new threshold 8 (max 8)
- age   1:     912256 bytes,     912256 total
- age   2:      95920 bytes,    1008176 total
- age   3:      99024 bytes,    1107200 total
- age   4:     114600 bytes,    1221800 total
- age   5:      77032 bytes,    1298832 total
- age   6:     504344 bytes,    1803176 total
- age   7:     577496 bytes,    2380672 total
- age   8:    2557144 bytes,    4937816 total
: 97668K->6892K(109248K), 0.0278715 secs] 218340K->130038K(502464K), 0.0279684 secs] [Times: user=0.05 sys=0.00, real=0.03 secs] 
Heap after GC invocations=173 (full 2):
 par new generation   total 109248K, used 6892K [0x00000007a0000000, 0x00000007a8000000, 0x00000007a8000000)
  eden space 87424K,   0% used [0x00000007a0000000, 0x00000007a0000000, 0x00000007a5560000)
  from space 21824K,  31% used [0x00000007a6ab0000, 0x00000007a716b0d8, 0x00000007a8000000)
  to   space 21824K,   0% used [0x00000007a5560000, 0x00000007a5560000, 0x00000007a6ab0000)
 concurrent mark-sweep generation total 393216K, used 123146K [0x00000007a8000000, 0x00000007c0000000, 0x00000007c0000000)
 Metaspace       used 43416K, capacity 44100K, committed 44280K, reserved 1089536K
  class space    used 4643K, capacity 4814K, committed 4860K, reserved 1048576K
}
2015-08-03T21:40:23.817-0200: 684.332: Total time for which application threads were stopped: 0.0294839 seconds, Stopping threads took: 0.0009780 seconds
{Heap before GC invocations=173 (full 2):
 par new generation   total 109248K, used 94316K [0x00000007a0000000, 0x00000007a8000000, 0x00000007a8000000)
  eden space 87424K, 100% used [0x00000007a0000000, 0x00000007a5560000, 0x00000007a5560000)
  from space 21824K,  31% used [0x00000007a6ab0000, 0x00000007a716b0d8, 0x00000007a8000000)
  to   space 21824K,   0% used [0x00000007a5560000, 0x00000007a5560000, 0x00000007a6ab0000)
 concurrent mark-sweep generation total 393216K, used 123146K [0x00000007a8000000, 0x00000007c0000000, 0x00000007c0000000)
 Metaspace       used 43416K, capacity 44100K, committed 44280K, reserved 1089536K
  class space    used 4643K, capacity 4814K, committed 4860K, reserved 1048576K
2015-08-03T21:40:23.882-0200: 684.398: [GC (Allocation Failure) 684.398: [ParNew
Desired survivor size 20112992 bytes, new threshold 8 (max 8)
- age   1:    1170352 bytes,    1170352 total
- age   2:      84064 bytes,    1254416 total
- age   3:      94936 bytes,    1349352 total
- age   4:      98832 bytes,    1448184 total
- age   5:     114408 bytes,    1562592 total
- age   6:      76888 bytes,    1639480 total
- age   7:     503744 bytes,    2143224 total
- age   8:     576096 bytes,    2719320 total
: 94316K->4189K(109248K), 0.0289550 secs] 217462K->129835K(502464K), 0.0290825 secs] [Times: user=0.06 sys=0.01, real=0.03 secs] 
Heap after GC invocations=174 (full 2):
 par new generation   total 109248K, used 4189K [0x00000007a0000000, 0x00000007a8000000, 0x00000007a8000000)
  eden space 87424K,   0% used [0x00000007a0000000, 0x00000007a0000000, 0x00000007a5560000)
  from space 21824K,  19% used [0x00000007a5560000, 0x00000007a5977540, 0x00000007a6ab0000)
  to   space 21824K,   0% used [0x00000007a6ab0000, 0x00000007a6ab0000, 0x00000007a8000000)
 concurrent mark-sweep generation total 393216K, used 125646K [0x00000007a8000000, 0x00000007c0000000, 0x00000007c0000000)
 Metaspace       used 43416K, capacity 44100K, committed 44280K, reserved 1089536K
  class space    used 4643K, capacity 4814K, committed 4860K, reserved 1048576K
}
2015-08-03T21:40:23.912-0200: 684.427: Total time for which application threads were stopped: 0.0379311 seconds, Stopping threads took: 0.0082392 seconds
{Heap before GC invocations=174 (full 2):
 par new generation   total 109248K, used 91613K [0x00000007a0000000, 0x00000007a8000000, 0x00000007a8000000)
  eden space 87424K, 100% used [0x00000007a0000000, 0x00000007a5560000, 0x00000007a5560000)
  from space 21824K,  19% used [0x00000007a5560000, 0x00000007a5977540, 0x00000007a6ab0000)
  to   space 21824K,   0% used [0x00000007a6ab0000, 0x00000007a6ab0000, 0x00000007a8000000)
 concurrent mark-sweep generation total 393216K, used 125646K [0x00000007a8000000, 0x00000007c0000000, 0x00000007c0000000)
 Metaspace       used 43417K, capacity 44100K, committed 44280K, reserved 1089536K
  class space    used 4643K, capacity 4814K, committed 4860K, reserved 1048576K
2015-08-03T21:40:24.110-0200: 684.626: [GC (Allocation Failure) 684.626: [ParNew
Desired survivor size 20112992 bytes, new threshold 8 (max 8)
- age   1:    3058408 bytes,    3058408 total
- age   2:     141728 bytes,    3200136 total
- age   3:      83920 bytes,    3284056 total
- age   4:      94432 bytes,    3378488 total
- age   5:      98712 bytes,    3477200 total
- age   6:     114384 bytes,    3591584 total
- age   7:      76312 bytes,    3667896 total
- age   8:      58208 bytes,    3726104 total
: 91613K->4426K(109248K), 0.0142438 secs] 217259K->130285K(502464K), 0.0143380 secs] [Times: user=0.03 sys=0.00, real=0.01 secs] 
Heap after GC invocations=175 (full 2):
 par new generation   total 109248K, used 4426K [0x00000007a0000000, 0x00000007a8000000, 0x00000007a8000000)
  eden space 87424K,   0% used [0x00000007a0000000, 0x00000007a0000000, 0x00000007a5560000)
  from space 21824K,  20% used [0x00000007a6ab0000, 0x00000007a6f02b38, 0x00000007a8000000)
  to   space 21824K,   0% used [0x00000007a5560000, 0x00000007a5560000, 0x00000007a6ab0000)
 concurrent mark-sweep generation total 393216K, used 125859K [0x00000007a8000000, 0x00000007c0000000, 0x00000007c0000000)
 Metaspace       used 43417K, capacity 44100K, committed 44280K, reserved 1089536K
  class space    used 4643K, capacity 4814K, committed 4860K, reserved 1048576K
}
2015-08-03T21:40:24.125-0200: 684.640: Total time for which application threads were stopped: 0.0149619 seconds, Stopping threads took: 0.0000295 seconds
2015-08-03T21:40:24.137-0200: 684.653: Total time for which application threads were stopped: 0.0005406 seconds, Stopping threads took: 0.0000993 seconds
2015-08-03T21:40:24.176-0200: 684.691: Total time for which application threads were stopped: 0.0002972 seconds, Stopping threads took: 0.0000572 seconds
2015-08-03T21:40:24.176-0200: 684.692: Total time for which application threads were stopped: 0.0002883 seconds, Stopping threads took: 0.0000236 seconds
2015-08-03T21:40:24.178-0200: 684.694: Total time for which application threads were stopped: 0.0013003 seconds, Stopping threads took: 0.0010147 seconds
2015-08-03T21:40:24.180-0200: 684.696: Total time for which application threads were stopped: 0.0016102 seconds, Stopping threads took: 0.0012251 seconds
2015-08-03T21:40:24.180-0200: 684.696: Total time for which application threads were stopped: 0.0003768 seconds, Stopping threads took: 0.0000959 seconds
2015-08-03T21:40:24.182-0200: 684.698: Total time for which application threads were stopped: 0.0013567 seconds, Stopping threads took: 0.0010754 seconds
2015-08-03T21:40:24.184-0200: 684.700: Total time for which application threads were stopped: 0.0004125 seconds, Stopping threads took: 0.0000539 seconds
2015-08-03T21:40:24.215-0200: 684.731: Total time for which application threads were stopped: 0.0004385 seconds, Stopping threads took: 0.0000630 seconds
2015-08-03T21:40:24.217-0200: 684.733: Total time for which application threads were stopped: 0.0004468 seconds, Stopping threads took: 0.0000748 seconds
2015-08-03T21:40:24.218-0200: 684.733: Total time for which application threads were stopped: 0.0002954 seconds, Stopping threads took: 0.0000401 seconds
2015-08-03T21:40:24.218-0200: 684.734: Total time for which application threads were stopped: 0.0008016 seconds, Stopping threads took: 0.0000316 seconds
2015-08-03T21:40:24.240-0200: 684.755: Total time for which application threads were stopped: 0.0002941 seconds, Stopping threads took: 0.0000302 seconds
2015-08-03T21:40:25.242-0200: 685.758: Total time for which application threads were stopped: 0.0004555 seconds, Stopping threads took: 0.0001126 seconds
2015-08-03T21:40:46.973-0200: 707.490: Total time for which application threads were stopped: 0.0003219 seconds, Stopping threads took: 0.0000317 seconds
2015-08-03T21:40:46.979-0200: 707.496: Total time for which application threads were stopped: 0.0002459 seconds, Stopping threads took: 0.0000223 seconds
2015-08-03T21:40:46.992-0200: 707.508: Total time for which application threads were stopped: 0.0004882 seconds, Stopping threads took: 0.0000707 seconds
2015-08-03T21:40:46.998-0200: 707.514: Total time for which application threads were stopped: 0.0003252 seconds, Stopping threads took: 0.0000310 seconds
2015-08-03T21:40:47.000-0200: 707.516: Total time for which application threads were stopped: 0.0004695 seconds, Stopping threads took: 0.0000642 seconds
2015-08-03T21:40:47.021-0200: 707.538: Total time for which application threads were stopped: 0.0002830 seconds, Stopping threads took: 0.0000314 seconds
2015-08-03T21:40:47.022-0200: 707.539: Total time for which application threads were stopped: 0.0003553 seconds, Stopping threads took: 0.0000526 seconds
2015-08-03T21:40:47.023-0200: 707.540: Total time for which application threads were stopped: 0.0004356 seconds, Stopping threads took: 0.0001508 seconds
2015-08-03T21:40:47.024-0200: 707.540: Total time for which application threads were stopped: 0.0002328 seconds, Stopping threads took: 0.0000543 seconds
2015-08-03T21:40:47.024-0200: 707.540: Total time for which application threads were stopped: 0.0002143 seconds, Stopping threads took: 0.0000480 seconds
2015-08-03T21:40:47.024-0200: 707.541: Total time for which application threads were stopped: 0.0002848 seconds, Stopping threads took: 0.0000346 seconds
2015-08-03T21:40:47.046-0200: 707.562: Total time for which application threads were stopped: 0.0004550 seconds, Stopping threads took: 0.0000562 seconds
2015-08-03T21:40:47.048-0200: 707.564: Total time for which application threads were stopped: 0.0003456 seconds, Stopping threads took: 0.0000474 seconds
2015-08-03T21:40:47.048-0200: 707.565: Total time for which application threads were stopped: 0.0002318 seconds, Stopping threads took: 0.0000299 seconds
2015-08-03T21:40:47.050-0200: 707.566: Total time for which application threads were stopped: 0.0003523 seconds, Stopping threads took: 0.0000457 seconds
2015-08-03T21:40:47.050-0200: 707.567: Total time for which application threads were stopped: 0.0002459 seconds, Stopping threads took: 0.0000393 seconds
2015-08-03T21:40:47.051-0200: 707.567: Total time for which application threads were stopped: 0.0002196 seconds, Stopping threads took: 0.0000324 seconds
2015-08-03T21:40:47.070-0200: 707.586: Total time for which application threads were stopped: 0.0002847 seconds, Stopping threads took: 0.0000287 seconds
2015-08-03T21:40:48.072-0200: 708.589: Total time for which application threads were stopped: 0.0005592 seconds, Stopping threads took: 0.0001804 seconds
2015-08-03T21:40:57.090-0200: 717.607: Total time for which application threads were stopped: 0.0003374 seconds, Stopping threads took: 0.0000576 seconds
2015-08-03T21:41:15.134-0200: 735.651: Total time for which application threads were stopped: 0.0004531 seconds, Stopping threads took: 0.0000386 seconds
2015-08-03T21:41:24.157-0200: 744.674: Total time for which application threads were stopped: 0.0005366 seconds, Stopping threads took: 0.0001136 seconds
2015-08-03T21:41:32.165-0200: 752.683: Total time for which application threads were stopped: 0.0005773 seconds, Stopping threads took: 0.0000530 seconds
2015-08-03T21:41:51.404-0200: 771.923: Total time for which application threads were stopped: 0.0002411 seconds, Stopping threads took: 0.0000212 seconds
2015-08-03T21:41:51.409-0200: 771.927: Total time for which application threads were stopped: 0.0002406 seconds, Stopping threads took: 0.0000433 seconds
2015-08-03T21:41:51.422-0200: 771.940: Total time for which application threads were stopped: 0.0003591 seconds, Stopping threads took: 0.0000208 seconds
2015-08-03T21:41:51.422-0200: 771.941: Total time for which application threads were stopped: 0.0002192 seconds, Stopping threads took: 0.0000529 seconds
2015-08-03T21:41:51.423-0200: 771.941: Total time for which application threads were stopped: 0.0001959 seconds, Stopping threads took: 0.0000477 seconds
2015-08-03T21:41:51.424-0200: 771.942: Total time for which application threads were stopped: 0.0004063 seconds, Stopping threads took: 0.0000516 seconds
2015-08-03T21:41:51.424-0200: 771.943: Total time for which application threads were stopped: 0.0002077 seconds, Stopping threads took: 0.0000318 seconds
2015-08-03T21:41:51.427-0200: 771.945: Total time for which application threads were stopped: 0.0004299 seconds, Stopping threads took: 0.0000603 seconds
2015-08-03T21:41:51.439-0200: 771.958: Total time for which application threads were stopped: 0.0004526 seconds, Stopping threads took: 0.0000555 seconds
2015-08-03T21:41:51.440-0200: 771.958: Total time for which application threads were stopped: 0.0004482 seconds, Stopping threads took: 0.0000725 seconds
2015-08-03T21:41:51.440-0200: 771.959: Total time for which application threads were stopped: 0.0002594 seconds, Stopping threads took: 0.0000293 seconds
2015-08-03T21:41:51.445-0200: 771.964: Total time for which application threads were stopped: 0.0003296 seconds, Stopping threads took: 0.0000486 seconds
2015-08-03T21:41:51.446-0200: 771.964: Total time for which application threads were stopped: 0.0003645 seconds, Stopping threads took: 0.0000150 seconds
2015-08-03T21:59:37.076-0200: 1837.628: Total time for which application threads were stopped: 0.0153801 seconds, Stopping threads took: 0.0006502 seconds
2015-08-03T21:59:42.089-0200: 1842.641: Total time for which application threads were stopped: 0.0002212 seconds, Stopping threads took: 0.0000401 seconds
2015-08-03T22:01:07.295-0200: 1927.851: Total time for which application threads were stopped: 0.0042032 seconds, Stopping threads took: 0.0003926 seconds
2015-08-03T22:02:52.542-0200: 2033.101: Total time for which application threads were stopped: 0.0040134 seconds, Stopping threads took: 0.0007689 seconds
2015-08-03T22:02:57.557-0200: 2038.115: Total time for which application threads were stopped: 0.0004606 seconds, Stopping threads took: 0.0000693 seconds
2015-08-03T22:03:17.598-0200: 2058.157: Total time for which application threads were stopped: 0.0002613 seconds, Stopping threads took: 0.0000379 seconds
2015-08-03T22:09:47.558-0200: 2448.129: Total time for which application threads were stopped: 0.0050431 seconds, Stopping threads took: 0.0006363 seconds
2015-08-03T22:11:44.840-0200: 2565.414: Total time for which application threads were stopped: 0.0008705 seconds, Stopping threads took: 0.0001645 seconds
2015-08-03T22:12:04.880-0200: 2585.455: Total time for which application threads were stopped: 0.0005011 seconds, Stopping threads took: 0.0000539 seconds
2015-08-03T22:29:04.499-0200: 3605.103: Total time for which application threads were stopped: 0.0065030 seconds, Stopping threads took: 0.0010115 seconds
2015-08-03T22:33:25.242-0200: 3865.853: Total time for which application threads were stopped: 0.0052098 seconds, Stopping threads took: 0.0009356 seconds
2015-08-03T23:29:05.161-0200: 7205.865: Total time for which application threads were stopped: 0.0097437 seconds, Stopping threads took: 0.0009115 seconds
2015-08-03T23:40:06.849-0200: 7867.571: Total time for which application threads were stopped: 0.0059073 seconds, Stopping threads took: 0.0007497 seconds
2015-08-04T01:11:09.030-0200: 9129.088: Total time for which application threads were stopped: 0.1086320 seconds, Stopping threads took: 0.0218908 seconds
2015-08-04T01:11:09.968-0200: 9130.011: Total time for which application threads were stopped: 0.1029837 seconds, Stopping threads took: 0.0093671 seconds
2015-08-04T01:11:09.980-0200: 9130.023: Total time for which application threads were stopped: 0.0046312 seconds, Stopping threads took: 0.0042875 seconds
2015-08-04T01:11:09.992-0200: 9130.035: Total time for which application threads were stopped: 0.0023917 seconds, Stopping threads took: 0.0021981 seconds
2015-08-04T01:11:10.001-0200: 9130.044: Total time for which application threads were stopped: 0.0085649 seconds, Stopping threads took: 0.0083524 seconds
2015-08-04T01:11:10.338-0200: 9130.381: Total time for which application threads were stopped: 0.0048041 seconds, Stopping threads took: 0.0045087 seconds
2015-08-04T01:11:10.361-0200: 9130.405: Total time for which application threads were stopped: 0.0224672 seconds, Stopping threads took: 0.0221970 seconds
2015-08-04T01:11:10.486-0200: 9130.530: Total time for which application threads were stopped: 0.0096333 seconds, Stopping threads took: 0.0092787 seconds
2015-08-04T01:11:10.487-0200: 9130.530: Total time for which application threads were stopped: 0.0002233 seconds, Stopping threads took: 0.0000368 seconds
2015-08-04T01:11:10.488-0200: 9130.531: Total time for which application threads were stopped: 0.0003718 seconds, Stopping threads took: 0.0000457 seconds
2015-08-04T01:11:10.489-0200: 9130.533: Total time for which application threads were stopped: 0.0002621 seconds, Stopping threads took: 0.0000430 seconds
2015-08-04T01:11:10.495-0200: 9130.595: Total time for which application threads were stopped: 0.0581036 seconds, Stopping threads took: 0.0015538 seconds
2015-08-04T01:11:10.566-0200: 9130.610: Total time for which application threads were stopped: 0.0042329 seconds, Stopping threads took: 0.0040062 seconds
2015-08-04T01:11:10.569-0200: 9130.612: Total time for which application threads were stopped: 0.0003727 seconds, Stopping threads took: 0.0000989 seconds
2015-08-04T01:11:10.576-0200: 9130.619: Total time for which application threads were stopped: 0.0068423 seconds, Stopping threads took: 0.0000592 seconds
2015-08-04T01:11:10.598-0200: 9130.641: Total time for which application threads were stopped: 0.0002470 seconds, Stopping threads took: 0.0000419 seconds
2015-08-04T01:11:10.605-0200: 9130.648: Total time for which application threads were stopped: 0.0002292 seconds, Stopping threads took: 0.0000232 seconds
2015-08-04T01:11:10.608-0200: 9130.652: Total time for which application threads were stopped: 0.0002178 seconds, Stopping threads took: 0.0000260 seconds
2015-08-04T01:11:10.675-0200: 9130.718: Total time for which application threads were stopped: 0.0006233 seconds, Stopping threads took: 0.0003635 seconds
2015-08-04T01:11:10.764-0200: 9130.807: Total time for which application threads were stopped: 0.0052255 seconds, Stopping threads took: 0.0041801 seconds
2015-08-04T01:11:10.766-0200: 9130.809: Total time for which application threads were stopped: 0.0009158 seconds, Stopping threads took: 0.0006251 seconds
2015-08-04T01:11:10.792-0200: 9130.836: Total time for which application threads were stopped: 0.0025816 seconds, Stopping threads took: 0.0013104 seconds
2015-08-04T01:11:10.813-0200: 9130.857: Total time for which application threads were stopped: 0.0005018 seconds, Stopping threads took: 0.0001222 seconds
2015-08-04T01:11:10.814-0200: 9130.857: Total time for which application threads were stopped: 0.0003105 seconds, Stopping threads took: 0.0000781 seconds
2015-08-04T01:11:10.829-0200: 9130.873: Total time for which application threads were stopped: 0.0027544 seconds, Stopping threads took: 0.0023060 seconds
2015-08-04T01:11:11.831-0200: 9131.875: Total time for which application threads were stopped: 0.0004613 seconds, Stopping threads took: 0.0000606 seconds
2015-08-04T20:42:24.554-0200: 9159.355: Total time for which application threads were stopped: 0.3516095 seconds, Stopping threads took: 0.0678639 seconds
2015-08-04T20:42:25.560-0200: 9160.361: Total time for which application threads were stopped: 0.3016234 seconds, Stopping threads took: 0.0425302 seconds
2015-08-04T20:42:25.710-0200: 9160.512: Total time for which application threads were stopped: 0.0506849 seconds, Stopping threads took: 0.0503908 seconds
2015-08-04T20:42:25.761-0200: 9160.563: Total time for which application threads were stopped: 0.0498387 seconds, Stopping threads took: 0.0494748 seconds
2015-08-04T20:42:25.919-0200: 9160.720: Total time for which application threads were stopped: 0.0415922 seconds, Stopping threads took: 0.0413598 seconds
2015-08-04T20:42:25.919-0200: 9160.721: Total time for which application threads were stopped: 0.0002007 seconds, Stopping threads took: 0.0000420 seconds
2015-08-04T20:42:25.966-0200: 9160.767: Total time for which application threads were stopped: 0.0462497 seconds, Stopping threads took: 0.0459551 seconds
2015-08-04T20:42:25.966-0200: 9160.768: Total time for which application threads were stopped: 0.0002115 seconds, Stopping threads took: 0.0000500 seconds
2015-08-04T20:42:25.969-0200: 9160.771: Total time for which application threads were stopped: 0.0003561 seconds, Stopping threads took: 0.0000838 seconds
2015-08-04T20:42:26.050-0200: 9160.852: Total time for which application threads were stopped: 0.0429512 seconds, Stopping threads took: 0.0425904 seconds
2015-08-04T20:42:26.089-0200: 9160.891: Total time for which application threads were stopped: 0.0375704 seconds, Stopping threads took: 0.0373379 seconds
2015-08-04T20:42:26.286-0200: 9161.087: Total time for which application threads were stopped: 0.0019186 seconds, Stopping threads took: 0.0016739 seconds
2015-08-04T20:42:26.645-0200: 9161.446: Total time for which application threads were stopped: 0.0023945 seconds, Stopping threads took: 0.0020804 seconds
2015-08-04T20:42:29.660-0200: 9164.462: Total time for which application threads were stopped: 0.0002900 seconds, Stopping threads took: 0.0000308 seconds
2015-08-04T20:42:30.137-0200: 9164.938: Total time for which application threads were stopped: 0.0003709 seconds, Stopping threads took: 0.0000525 seconds
2015-08-04T20:42:30.250-0200: 9165.052: Total time for which application threads were stopped: 0.0046176 seconds, Stopping threads took: 0.0043415 seconds
2015-08-04T20:42:30.258-0200: 9165.059: Total time for which application threads were stopped: 0.0041272 seconds, Stopping threads took: 0.0038016 seconds
2015-08-04T20:42:30.300-0200: 9165.102: Total time for which application threads were stopped: 0.0042089 seconds, Stopping threads took: 0.0039558 seconds
2015-08-04T20:42:30.347-0200: 9165.148: Total time for which application threads were stopped: 0.0015896 seconds, Stopping threads took: 0.0000316 seconds
2015-08-04T20:42:30.653-0200: 9165.455: Total time for which application threads were stopped: 0.0002944 seconds, Stopping threads took: 0.0000283 seconds
2015-08-04T20:42:30.654-0200: 9165.455: Total time for which application threads were stopped: 0.0001781 seconds, Stopping threads took: 0.0000140 seconds
2015-08-04T20:42:30.702-0200: 9165.504: Total time for which application threads were stopped: 0.0003193 seconds, Stopping threads took: 0.0000269 seconds
2015-08-04T20:42:30.718-0200: 9165.520: Total time for which application threads were stopped: 0.0002869 seconds, Stopping threads took: 0.0000294 seconds
2015-08-04T20:42:32.299-0200: 9167.101: Total time for which application threads were stopped: 0.0003329 seconds, Stopping threads took: 0.0000590 seconds
2015-08-04T20:42:32.503-0200: 9167.305: Total time for which application threads were stopped: 0.0003083 seconds, Stopping threads took: 0.0000521 seconds
2015-08-04T20:42:32.503-0200: 9167.305: Total time for which application threads were stopped: 0.0002030 seconds, Stopping threads took: 0.0000391 seconds
2015-08-04T20:42:32.524-0200: 9167.326: Total time for which application threads were stopped: 0.0051867 seconds, Stopping threads took: 0.0000295 seconds
2015-08-04T20:42:32.531-0200: 9167.333: Total time for which application threads were stopped: 0.0003174 seconds, Stopping threads took: 0.0000290 seconds
2015-08-04T20:42:32.537-0200: 9167.339: Total time for which application threads were stopped: 0.0045982 seconds, Stopping threads took: 0.0042534 seconds
2015-08-04T20:42:33.542-0200: 9168.343: Total time for which application threads were stopped: 0.0002597 seconds, Stopping threads took: 0.0000303 seconds
2015-08-04T20:42:41.765-0200: 9176.567: Total time for which application threads were stopped: 0.0094286 seconds, Stopping threads took: 0.0006652 seconds
2015-08-04T20:42:41.997-0200: 9176.799: Total time for which application threads were stopped: 0.0010334 seconds, Stopping threads took: 0.0000397 seconds
2015-08-04T20:42:42.545-0200: 9177.347: Total time for which application threads were stopped: 0.0003112 seconds, Stopping threads took: 0.0000606 seconds
2015-08-04T20:42:42.549-0200: 9177.351: Total time for which application threads were stopped: 0.0002921 seconds, Stopping threads took: 0.0000487 seconds
2015-08-04T20:42:42.549-0200: 9177.351: Total time for which application threads were stopped: 0.0001627 seconds, Stopping threads took: 0.0000320 seconds
2015-08-04T20:42:42.553-0200: 9177.355: Total time for which application threads were stopped: 0.0031653 seconds, Stopping threads took: 0.0028421 seconds
2015-08-04T20:42:42.602-0200: 9177.404: Total time for which application threads were stopped: 0.0004417 seconds, Stopping threads took: 0.0000643 seconds
2015-08-04T20:42:43.602-0200: 9178.404: Total time for which application threads were stopped: 0.0003521 seconds, Stopping threads took: 0.0000320 seconds
2015-08-04T20:42:49.122-0200: 9183.925: Total time for which application threads were stopped: 0.0006919 seconds, Stopping threads took: 0.0000738 seconds
2015-08-04T20:42:49.604-0200: 9184.407: Total time for which application threads were stopped: 0.0003222 seconds, Stopping threads took: 0.0000570 seconds
2015-08-04T20:42:49.768-0200: 9184.570: Total time for which application threads were stopped: 0.0021358 seconds, Stopping threads took: 0.0000291 seconds
2015-08-04T20:42:49.783-0200: 9184.585: Total time for which application threads were stopped: 0.0027826 seconds, Stopping threads took: 0.0017006 seconds
2015-08-04T20:42:49.941-0200: 9184.744: Total time for which application threads were stopped: 0.0003107 seconds, Stopping threads took: 0.0000273 seconds
2015-08-04T20:42:52.950-0200: 9187.752: Total time for which application threads were stopped: 0.0003626 seconds, Stopping threads took: 0.0000318 seconds
2015-08-04T20:43:24.019-0200: 9218.823: Total time for which application threads were stopped: 0.0027357 seconds, Stopping threads took: 0.0004587 seconds
2015-08-04T20:44:48.889-0200: 9303.694: Total time for which application threads were stopped: 0.0067185 seconds, Stopping threads took: 0.0002953 seconds
{Heap before GC invocations=175 (full 2):
 par new generation   total 109248K, used 91850K [0x00000007a0000000, 0x00000007a8000000, 0x00000007a8000000)
  eden space 87424K, 100% used [0x00000007a0000000, 0x00000007a5560000, 0x00000007a5560000)
  from space 21824K,  20% used [0x00000007a6ab0000, 0x00000007a6f02b38, 0x00000007a8000000)
  to   space 21824K,   0% used [0x00000007a5560000, 0x00000007a5560000, 0x00000007a6ab0000)
 concurrent mark-sweep generation total 393216K, used 125859K [0x00000007a8000000, 0x00000007c0000000, 0x00000007c0000000)
 Metaspace       used 43742K, capacity 44452K, committed 44536K, reserved 1089536K
  class space    used 4665K, capacity 4846K, committed 4860K, reserved 1048576K
2015-08-04T20:44:48.899-0200: 9303.705: [GC (Allocation Failure) 9303.716: [ParNew
Desired survivor size 20112992 bytes, new threshold 8 (max 8)
- age   1:    1997064 bytes,    1997064 total
- age   2:    3089512 bytes,    5086576 total
- age   3:     141728 bytes,    5228304 total
- age   4:      83888 bytes,    5312192 total
- age   5:      94432 bytes,    5406624 total
- age   6:      98712 bytes,    5505336 total
- age   7:     114384 bytes,    5619720 total
- age   8:      76312 bytes,    5696032 total
: 91850K->6906K(109248K), 0.1624680 secs] 217709K->132824K(502464K), 0.1733633 secs] [Times: user=0.05 sys=0.17, real=0.18 secs] 
Heap after GC invocations=176 (full 2):
 par new generation   total 109248K, used 6906K [0x00000007a0000000, 0x00000007a8000000, 0x00000007a8000000)
  eden space 87424K,   0% used [0x00000007a0000000, 0x00000007a0000000, 0x00000007a5560000)
  from space 21824K,  31% used [0x00000007a5560000, 0x00000007a5c1eaa0, 0x00000007a6ab0000)
  to   space 21824K,   0% used [0x00000007a6ab0000, 0x00000007a6ab0000, 0x00000007a8000000)
 concurrent mark-sweep generation total 393216K, used 125918K [0x00000007a8000000, 0x00000007c0000000, 0x00000007c0000000)
 Metaspace       used 43742K, capacity 44452K, committed 44536K, reserved 1089536K
  class space    used 4665K, capacity 4846K, committed 4860K, reserved 1048576K
}
2015-08-04T20:44:49.073-0200: 9303.879: Total time for which application threads were stopped: 0.1797440 seconds, Stopping threads took: 0.0000260 seconds
2015-08-04T20:44:49.089-0200: 9303.895: Total time for which application threads were stopped: 0.0003264 seconds, Stopping threads took: 0.0000406 seconds
2015-08-04T20:44:49.180-0200: 9303.986: Total time for which application threads were stopped: 0.0003916 seconds, Stopping threads took: 0.0000296 seconds
2015-08-04T20:44:51.598-0200: 9306.404: Total time for which application threads were stopped: 0.0003336 seconds, Stopping threads took: 0.0000670 seconds
2015-08-04T20:44:51.677-0200: 9306.483: Total time for which application threads were stopped: 0.0049942 seconds, Stopping threads took: 0.0000580 seconds
2015-08-04T20:44:51.692-0200: 9306.498: Total time for which application threads were stopped: 0.0002465 seconds, Stopping threads took: 0.0000240 seconds
2015-08-04T20:44:52.696-0200: 9307.502: Total time for which application threads were stopped: 0.0002638 seconds, Stopping threads took: 0.0000311 seconds
2015-08-04T20:44:53.697-0200: 9308.503: Total time for which application threads were stopped: 0.0004118 seconds, Stopping threads took: 0.0000449 seconds
2015-08-04T20:44:56.705-0200: 9311.511: Total time for which application threads were stopped: 0.0004871 seconds, Stopping threads took: 0.0000635 seconds
2015-08-04T20:44:59.711-0200: 9314.517: Total time for which application threads were stopped: 0.0003243 seconds, Stopping threads took: 0.0000463 seconds
2015-08-04T20:45:12.739-0200: 9327.546: Total time for which application threads were stopped: 0.0002846 seconds, Stopping threads took: 0.0000545 seconds
2015-08-04T20:45:45.805-0200: 9360.613: Total time for which application threads were stopped: 0.0003587 seconds, Stopping threads took: 0.0000553 seconds
2015-08-04T20:46:29.916-0200: 9404.725: Total time for which application threads were stopped: 0.0044182 seconds, Stopping threads took: 0.0007299 seconds
2015-08-04T20:47:06.032-0200: 9440.842: Total time for which application threads were stopped: 0.0002941 seconds, Stopping threads took: 0.0000412 seconds
2015-08-04T20:51:19.667-0200: 9694.484: Total time for which application threads were stopped: 0.0045606 seconds, Stopping threads took: 0.0009046 seconds
2015-08-04T20:51:54.745-0200: 9729.563: Total time for which application threads were stopped: 0.0003421 seconds, Stopping threads took: 0.0000404 seconds
2015-08-04T20:54:54.155-0200: 9908.978: Total time for which application threads were stopped: 0.0028827 seconds, Stopping threads took: 0.0004417 seconds
2015-08-04T20:59:19.817-0200: 10174.649: Total time for which application threads were stopped: 0.0006190 seconds, Stopping threads took: 0.0000590 seconds
2015-08-04T20:59:41.866-0200: 10196.698: Total time for which application threads were stopped: 0.0003310 seconds, Stopping threads took: 0.0000724 seconds
2015-08-04T20:59:43.871-0200: 10198.703: Total time for which application threads were stopped: 0.0004152 seconds, Stopping threads took: 0.0000819 seconds
2015-08-04T21:00:33.986-0200: 10248.820: Total time for which application threads were stopped: 0.0003453 seconds, Stopping threads took: 0.0000561 seconds
2015-08-04T21:00:35.992-0200: 10250.826: Total time for which application threads were stopped: 0.0003752 seconds, Stopping threads took: 0.0001349 seconds
2015-08-04T21:03:05.137-0200: 10403.213: Total time for which application threads were stopped: 0.0045087 seconds, Stopping threads took: 0.0008463 seconds
2015-08-04T21:06:26.629-0200: 10604.713: Total time for which application threads were stopped: 0.0044052 seconds, Stopping threads took: 0.0007161 seconds
2015-08-04T21:07:16.770-0200: 10654.856: Total time for which application threads were stopped: 0.0007615 seconds, Stopping threads took: 0.0001050 seconds
2015-08-04T21:10:19.209-0200: 10837.302: Total time for which application threads were stopped: 0.0041720 seconds, Stopping threads took: 0.0007778 seconds
2015-08-04T21:19:31.691-0200: 11389.804: Total time for which application threads were stopped: 0.0063849 seconds, Stopping threads took: 0.0007330 seconds
2015-08-04T22:42:27.827-0200: 16366.079: Total time for which application threads were stopped: 0.1038235 seconds, Stopping threads took: 0.0023401 seconds
{Heap before GC invocations=176 (full 2):
 par new generation   total 109248K, used 94330K [0x00000007a0000000, 0x00000007a8000000, 0x00000007a8000000)
  eden space 87424K, 100% used [0x00000007a0000000, 0x00000007a5560000, 0x00000007a5560000)
  from space 21824K,  31% used [0x00000007a5560000, 0x00000007a5c1eaa0, 0x00000007a6ab0000)
  to   space 21824K,   0% used [0x00000007a6ab0000, 0x00000007a6ab0000, 0x00000007a8000000)
 concurrent mark-sweep generation total 393216K, used 125918K [0x00000007a8000000, 0x00000007c0000000, 0x00000007c0000000)
 Metaspace       used 43754K, capacity 44452K, committed 44536K, reserved 1089536K
  class space    used 4665K, capacity 4846K, committed 4860K, reserved 1048576K
2015-08-05T00:39:24.723-0200: 23383.166: [GC (Allocation Failure) 23383.194: [ParNew
Desired survivor size 20112992 bytes, new threshold 8 (max 8)
- age   1:     339352 bytes,     339352 total
- age   2:    1721712 bytes,    2061064 total
- age   3:    3023944 bytes,    5085008 total
- age   4:     141728 bytes,    5226736 total
- age   5:      83888 bytes,    5310624 total
- age   6:      94432 bytes,    5405056 total
- age   7:      98712 bytes,    5503768 total
- age   8:     114384 bytes,    5618152 total
: 94330K->8559K(109248K), 0.5463977 secs] 220248K->134554K(502464K), 0.5749390 secs] [Times: user=0.17 sys=0.22, real=0.57 secs] 
Heap after GC invocations=177 (full 2):
 par new generation   total 109248K, used 8559K [0x00000007a0000000, 0x00000007a8000000, 0x00000007a8000000)
  eden space 87424K,   0% used [0x00000007a0000000, 0x00000007a0000000, 0x00000007a5560000)
  from space 21824K,  39% used [0x00000007a6ab0000, 0x00000007a730bef8, 0x00000007a8000000)
  to   space 21824K,   0% used [0x00000007a5560000, 0x00000007a5560000, 0x00000007a6ab0000)
 concurrent mark-sweep generation total 393216K, used 125994K [0x00000007a8000000, 0x00000007c0000000, 0x00000007c0000000)
 Metaspace       used 43754K, capacity 44452K, committed 44536K, reserved 1089536K
  class space    used 4665K, capacity 4846K, committed 4860K, reserved 1048576K
}
2015-08-05T00:39:25.299-0200: 23383.742: Total time for which application threads were stopped: 0.6163057 seconds, Stopping threads took: 0.0004358 seconds
2015-08-05T03:16:16.662-0200: 32795.364: Total time for which application threads were stopped: 0.0460746 seconds, Stopping threads took: 0.0006384 seconds
2015-08-05T04:00:50.954-0200: 35469.731: Total time for which application threads were stopped: 0.0225139 seconds, Stopping threads took: 0.0008309 seconds
{Heap before GC invocations=177 (full 2):
 par new generation   total 109248K, used 95983K [0x00000007a0000000, 0x00000007a8000000, 0x00000007a8000000)
  eden space 87424K, 100% used [0x00000007a0000000, 0x00000007a5560000, 0x00000007a5560000)
  from space 21824K,  39% used [0x00000007a6ab0000, 0x00000007a730bef8, 0x00000007a8000000)
  to   space 21824K,   0% used [0x00000007a5560000, 0x00000007a5560000, 0x00000007a6ab0000)
 concurrent mark-sweep generation total 393216K, used 125994K [0x00000007a8000000, 0x00000007c0000000, 0x00000007c0000000)
 Metaspace       used 43767K, capacity 44452K, committed 44536K, reserved 1089536K
  class space    used 4665K, capacity 4846K, committed 4860K, reserved 1048576K
2015-08-05T04:47:21.936-0200: 38260.792: [GC (Allocation Failure) 38260.801: [ParNew
Desired survivor size 20112992 bytes, new threshold 8 (max 8)
- age   1:     175936 bytes,     175936 total
- age   2:     165032 bytes,     340968 total
- age   3:    1721096 bytes,    2062064 total
- age   4:    3056728 bytes,    5118792 total
- age   5:     141728 bytes,    5260520 total
- age   6:      83888 bytes,    5344408 total
- age   7:      94432 bytes,    5438840 total
- age   8:      98712 bytes,    5537552 total
: 95983K->6486K(109248K), 0.0708792 secs] 221978K->132594K(502464K), 0.0796449 secs] [Times: user=0.04 sys=0.10, real=0.08 secs] 
Heap after GC invocations=178 (full 2):
 par new generation   total 109248K, used 6486K [0x00000007a0000000, 0x00000007a8000000, 0x00000007a8000000)
  eden space 87424K,   0% used [0x00000007a0000000, 0x00000007a0000000, 0x00000007a5560000)
  from space 21824K,  29% used [0x00000007a5560000, 0x00000007a5bb5860, 0x00000007a6ab0000)
  to   space 21824K,   0% used [0x00000007a6ab0000, 0x00000007a6ab0000, 0x00000007a8000000)
 concurrent mark-sweep generation total 393216K, used 126108K [0x00000007a8000000, 0x00000007c0000000, 0x00000007c0000000)
 Metaspace       used 43767K, capacity 44452K, committed 44536K, reserved 1089536K
  class space    used 4665K, capacity 4846K, committed 4860K, reserved 1048576K
}
2015-08-05T04:47:22.017-0200: 38260.874: Total time for which application threads were stopped: 0.1083957 seconds, Stopping threads took: 0.0007078 seconds
2015-08-05T08:48:39.106-0200: 48536.449: Total time for which application threads were stopped: 0.1055738 seconds, Stopping threads took: 0.0205305 seconds
2015-08-05T08:48:39.255-0200: 48536.598: Total time for which application threads were stopped: 0.0849715 seconds, Stopping threads took: 0.0266637 seconds
2015-08-05T08:48:39.433-0200: 48536.776: Total time for which application threads were stopped: 0.0202234 seconds, Stopping threads took: 0.0142705 seconds
2015-08-05T08:48:39.474-0200: 48536.817: Total time for which application threads were stopped: 0.0215783 seconds, Stopping threads took: 0.0193840 seconds
2015-08-05T08:48:39.495-0200: 48536.838: Total time for which application threads were stopped: 0.0028547 seconds, Stopping threads took: 0.0003911 seconds
2015-08-05T08:48:39.507-0200: 48536.850: Total time for which application threads were stopped: 0.0119979 seconds, Stopping threads took: 0.0113219 seconds
2015-08-05T08:48:39.790-0200: 48537.134: Total time for which application threads were stopped: 0.0142076 seconds, Stopping threads took: 0.0031976 seconds
2015-08-05T08:48:39.798-0200: 48537.141: Total time for which application threads were stopped: 0.0038493 seconds, Stopping threads took: 0.0033608 seconds
2015-08-05T08:48:39.800-0200: 48537.144: Total time for which application threads were stopped: 0.0021379 seconds, Stopping threads took: 0.0016319 seconds
2015-08-05T08:48:39.830-0200: 48537.173: Total time for which application threads were stopped: 0.0204423 seconds, Stopping threads took: 0.0154519 seconds
2015-08-05T08:48:39.831-0200: 48537.174: Total time for which application threads were stopped: 0.0003013 seconds, Stopping threads took: 0.0000530 seconds
2015-08-05T08:48:39.835-0200: 48537.178: Total time for which application threads were stopped: 0.0038968 seconds, Stopping threads took: 0.0036508 seconds
2015-08-05T08:48:39.839-0200: 48537.182: Total time for which application threads were stopped: 0.0035383 seconds, Stopping threads took: 0.0033208 seconds
2015-08-05T08:48:39.846-0200: 48537.189: Total time for which application threads were stopped: 0.0025545 seconds, Stopping threads took: 0.0022893 seconds
2015-08-05T08:48:39.851-0200: 48537.194: Total time for which application threads were stopped: 0.0040156 seconds, Stopping threads took: 0.0037137 seconds
2015-08-05T08:48:39.871-0200: 48537.214: Total time for which application threads were stopped: 0.0058893 seconds, Stopping threads took: 0.0036168 seconds
2015-08-05T08:48:39.879-0200: 48537.222: Total time for which application threads were stopped: 0.0004227 seconds, Stopping threads took: 0.0000732 seconds
2015-08-05T08:48:39.893-0200: 48537.236: Total time for which application threads were stopped: 0.0006400 seconds, Stopping threads took: 0.0002827 seconds
2015-08-05T08:48:39.935-0200: 48537.278: Total time for which application threads were stopped: 0.0004389 seconds, Stopping threads took: 0.0000740 seconds
2015-08-05T08:48:39.938-0200: 48537.281: Total time for which application threads were stopped: 0.0033244 seconds, Stopping threads took: 0.0000855 seconds
2015-08-05T08:48:39.962-0200: 48537.305: Total time for which application threads were stopped: 0.0066957 seconds, Stopping threads took: 0.0042334 seconds
2015-08-05T08:48:39.988-0200: 48537.331: Total time for which application threads were stopped: 0.0027693 seconds, Stopping threads took: 0.0024732 seconds
2015-08-05T08:48:40.988-0200: 48538.332: Total time for which application threads were stopped: 0.0005217 seconds, Stopping threads took: 0.0000323 seconds
2015-08-05T22:33:00.122-0200: 48565.600: Total time for which application threads were stopped: 0.3394471 seconds, Stopping threads took: 0.0487252 seconds
2015-08-05T22:33:01.027-0200: 48566.505: Total time for which application threads were stopped: 0.1157754 seconds, Stopping threads took: 0.0187387 seconds
2015-08-05T22:33:01.359-0200: 48566.838: Total time for which application threads were stopped: 0.2492631 seconds, Stopping threads took: 0.1024956 seconds
2015-08-05T22:33:01.498-0200: 48566.976: Total time for which application threads were stopped: 0.1378781 seconds, Stopping threads took: 0.0457004 seconds
2015-08-05T22:33:01.572-0200: 48567.050: Total time for which application threads were stopped: 0.0711171 seconds, Stopping threads took: 0.0706494 seconds
2015-08-05T22:33:02.062-0200: 48567.540: Total time for which application threads were stopped: 0.0272377 seconds, Stopping threads took: 0.0268265 seconds
2015-08-05T22:33:02.106-0200: 48567.584: Total time for which application threads were stopped: 0.0437220 seconds, Stopping threads took: 0.0433954 seconds
2015-08-05T22:33:02.107-0200: 48567.585: Total time for which application threads were stopped: 0.0003112 seconds, Stopping threads took: 0.0001413 seconds
2015-08-05T22:33:02.108-0200: 48567.586: Total time for which application threads were stopped: 0.0004709 seconds, Stopping threads took: 0.0000560 seconds
2015-08-05T22:33:02.285-0200: 48567.763: Total time for which application threads were stopped: 0.0357751 seconds, Stopping threads took: 0.0354469 seconds
2015-08-05T22:33:02.667-0200: 48568.145: Total time for which application threads were stopped: 0.0958952 seconds, Stopping threads took: 0.0953210 seconds
2015-08-05T22:33:04.474-0200: 48569.952: Total time for which application threads were stopped: 0.0349607 seconds, Stopping threads took: 0.0289028 seconds
2015-08-05T22:33:04.555-0200: 48570.033: Total time for which application threads were stopped: 0.0004682 seconds, Stopping threads took: 0.0000413 seconds
2015-08-05T22:33:04.633-0200: 48570.111: Total time for which application threads were stopped: 0.0003975 seconds, Stopping threads took: 0.0000499 seconds
2015-08-05T22:33:05.627-0200: 48571.105: Total time for which application threads were stopped: 0.0114137 seconds, Stopping threads took: 0.0110086 seconds
2015-08-05T22:33:05.632-0200: 48571.110: Total time for which application threads were stopped: 0.0048292 seconds, Stopping threads took: 0.0044420 seconds
2015-08-05T22:33:05.678-0200: 48571.156: Total time for which application threads were stopped: 0.0142075 seconds, Stopping threads took: 0.0038701 seconds
2015-08-05T22:33:05.862-0200: 48571.340: Total time for which application threads were stopped: 0.0003994 seconds, Stopping threads took: 0.0000303 seconds
2015-08-05T22:33:05.863-0200: 48571.341: Total time for which application threads were stopped: 0.0004334 seconds, Stopping threads took: 0.0000262 seconds
2015-08-05T22:33:05.880-0200: 48571.358: Total time for which application threads were stopped: 0.0004168 seconds, Stopping threads took: 0.0000558 seconds
2015-08-05T22:33:05.889-0200: 48571.367: Total time for which application threads were stopped: 0.0064878 seconds, Stopping threads took: 0.0057794 seconds
2015-08-05T22:33:05.899-0200: 48571.377: Total time for which application threads were stopped: 0.0089005 seconds, Stopping threads took: 0.0084887 seconds
2015-08-05T22:33:06.903-0200: 48572.381: Total time for which application threads were stopped: 0.0004638 seconds, Stopping threads took: 0.0000367 seconds
2015-08-05T22:33:16.759-0200: 48582.238: Total time for which application threads were stopped: 0.0137542 seconds, Stopping threads took: 0.0007144 seconds
2015-08-05T22:33:16.953-0200: 48582.431: Total time for which application threads were stopped: 0.0019577 seconds, Stopping threads took: 0.0013852 seconds
2015-08-05T22:33:16.960-0200: 48582.439: Total time for which application threads were stopped: 0.0064299 seconds, Stopping threads took: 0.0001153 seconds
2015-08-05T22:33:17.961-0200: 48583.440: Total time for which application threads were stopped: 0.0004233 seconds, Stopping threads took: 0.0000417 seconds
2015-08-05T22:33:24.100-0200: 48589.579: Total time for which application threads were stopped: 0.0094666 seconds, Stopping threads took: 0.0031577 seconds
2015-08-05T22:33:24.269-0200: 48589.748: Total time for which application threads were stopped: 0.0004029 seconds, Stopping threads took: 0.0000309 seconds
2015-08-05T22:33:25.273-0200: 48590.752: Total time for which application threads were stopped: 0.0003735 seconds, Stopping threads took: 0.0000369 seconds
2015-08-05T22:34:14.432-0200: 48639.912: Total time for which application threads were stopped: 0.0091319 seconds, Stopping threads took: 0.0030017 seconds
2015-08-05T22:34:22.448-0200: 48647.929: Total time for which application threads were stopped: 0.0005130 seconds, Stopping threads took: 0.0000463 seconds
2015-08-05T22:35:23.827-0200: 48709.310: Total time for which application threads were stopped: 0.0082777 seconds, Stopping threads took: 0.0004145 seconds
2015-08-05T22:35:24.828-0200: 48710.310: Total time for which application threads were stopped: 0.0003499 seconds, Stopping threads took: 0.0000253 seconds
2015-08-05T22:35:27.832-0200: 48713.315: Total time for which application threads were stopped: 0.0003674 seconds, Stopping threads took: 0.0000326 seconds
2015-08-05T22:37:25.880-0200: 48831.366: Total time for which application threads were stopped: 0.0047067 seconds, Stopping threads took: 0.0003495 seconds
{Heap before GC invocations=178 (full 2):
 par new generation   total 109248K, used 93910K [0x00000007a0000000, 0x00000007a8000000, 0x00000007a8000000)
  eden space 87424K, 100% used [0x00000007a0000000, 0x00000007a5560000, 0x00000007a5560000)
  from space 21824K,  29% used [0x00000007a5560000, 0x00000007a5bb5860, 0x00000007a6ab0000)
  to   space 21824K,   0% used [0x00000007a6ab0000, 0x00000007a6ab0000, 0x00000007a8000000)
 concurrent mark-sweep generation total 393216K, used 126108K [0x00000007a8000000, 0x00000007c0000000, 0x00000007c0000000)
 Metaspace       used 43798K, capacity 44516K, committed 44792K, reserved 1089536K
  class space    used 4665K, capacity 4846K, committed 4860K, reserved 1048576K
2015-08-05T22:37:44.304-0200: 48849.790: [GC (Allocation Failure) 48849.801: [ParNew
Desired survivor size 20112992 bytes, new threshold 8 (max 8)
- age   1:     525808 bytes,     525808 total
- age   2:        112 bytes,     525920 total
- age   3:      88712 bytes,     614632 total
- age   4:    1632928 bytes,    2247560 total
- age   5:    3253432 bytes,    5500992 total
- age   6:     141728 bytes,    5642720 total
- age   7:      83888 bytes,    5726608 total
- age   8:      94432 bytes,    5821040 total
: 93910K->8190K(109248K), 0.1866991 secs] 220018K->134398K(502464K), 0.1974161 secs] [Times: user=0.07 sys=0.14, real=0.20 secs] 
Heap after GC invocations=179 (full 2):
 par new generation   total 109248K, used 8190K [0x00000007a0000000, 0x00000007a8000000, 0x00000007a8000000)
  eden space 87424K,   0% used [0x00000007a0000000, 0x00000007a0000000, 0x00000007a5560000)
  from space 21824K,  37% used [0x00000007a6ab0000, 0x00000007a72afb48, 0x00000007a8000000)
  to   space 21824K,   0% used [0x00000007a5560000, 0x00000007a5560000, 0x00000007a6ab0000)
 concurrent mark-sweep generation total 393216K, used 126207K [0x00000007a8000000, 0x00000007c0000000, 0x00000007c0000000)
 Metaspace       used 43798K, capacity 44516K, committed 44792K, reserved 1089536K
  class space    used 4665K, capacity 4846K, committed 4860K, reserved 1048576K
}
2015-08-05T22:37:44.501-0200: 48849.988: Total time for which application threads were stopped: 0.2044632 seconds, Stopping threads took: 0.0000251 seconds
2015-08-05T22:39:27.911-0200: 48953.401: Total time for which application threads were stopped: 0.0062323 seconds, Stopping threads took: 0.0004013 seconds
2015-08-05T22:41:30.018-0200: 49075.511: Total time for which application threads were stopped: 0.0156048 seconds, Stopping threads took: 0.0095656 seconds
2015-08-05T22:42:14.112-0200: 49119.607: Total time for which application threads were stopped: 0.0052186 seconds, Stopping threads took: 0.0004187 seconds
2015-08-05T22:42:31.552-0200: 49137.048: Total time for which application threads were stopped: 0.0039663 seconds, Stopping threads took: 0.0013005 seconds
2015-08-05T22:42:57.612-0200: 49163.109: Total time for which application threads were stopped: 0.0075680 seconds, Stopping threads took: 0.0005693 seconds
2015-08-05T22:43:32.068-0200: 49197.565: Total time for which application threads were stopped: 0.0006227 seconds, Stopping threads took: 0.0000304 seconds
2015-08-05T22:45:34.092-0200: 49319.593: Total time for which application threads were stopped: 0.0042380 seconds, Stopping threads took: 0.0003292 seconds
2015-08-05T22:47:41.162-0200: 49446.666: Total time for which application threads were stopped: 0.0033473 seconds, Stopping threads took: 0.0003460 seconds
2015-08-05T22:47:41.411-0200: 49446.916: Total time for which application threads were stopped: 0.0008082 seconds, Stopping threads took: 0.0000314 seconds
2015-08-05T22:47:41.417-0200: 49446.922: Total time for which application threads were stopped: 0.0006173 seconds, Stopping threads took: 0.0000915 seconds
2015-08-05T22:47:48.468-0200: 49453.973: Total time for which application threads were stopped: 0.0073888 seconds, Stopping threads took: 0.0028295 seconds
2015-08-05T22:47:48.475-0200: 49453.980: Total time for which application threads were stopped: 0.0038452 seconds, Stopping threads took: 0.0000551 seconds
2015-08-05T22:47:48.514-0200: 49454.019: Total time for which application threads were stopped: 0.0003481 seconds, Stopping threads took: 0.0000262 seconds
2015-08-05T22:48:20.618-0200: 49486.124: Total time for which application threads were stopped: 0.0005957 seconds, Stopping threads took: 0.0000714 seconds
2015-08-05T22:48:38.664-0200: 49504.171: Total time for which application threads were stopped: 0.0004993 seconds, Stopping threads took: 0.0000593 seconds
2015-08-06T23:41:49.309-0200: 52817.586: Total time for which application threads were stopped: 2.3641666 seconds, Stopping threads took: 0.2593446 seconds
2015-08-06T23:41:49.741-0200: 52817.997: Total time for which application threads were stopped: 0.0765264 seconds, Stopping threads took: 0.0288940 seconds
2015-08-06T23:41:49.934-0200: 52818.190: Total time for which application threads were stopped: 0.0405302 seconds, Stopping threads took: 0.0399946 seconds
2015-08-06T23:41:50.263-0200: 52818.520: Total time for which application threads were stopped: 0.0088000 seconds, Stopping threads took: 0.0000602 seconds
2015-08-06T23:41:50.281-0200: 52818.538: Total time for which application threads were stopped: 0.0174454 seconds, Stopping threads took: 0.0090694 seconds
2015-08-06T23:41:50.302-0200: 52818.559: Total time for which application threads were stopped: 0.0207120 seconds, Stopping threads took: 0.0202765 seconds
2015-08-06T23:41:50.430-0200: 52818.686: Total time for which application threads were stopped: 0.0144672 seconds, Stopping threads took: 0.0074987 seconds
2015-08-06T23:41:50.655-0200: 52818.911: Total time for which application threads were stopped: 0.0079783 seconds, Stopping threads took: 0.0075647 seconds
2015-08-06T23:41:50.667-0200: 52818.924: Total time for which application threads were stopped: 0.0117722 seconds, Stopping threads took: 0.0114522 seconds
2015-08-06T23:41:50.677-0200: 52818.933: Total time for which application threads were stopped: 0.0092518 seconds, Stopping threads took: 0.0044266 seconds
2015-08-06T23:41:50.677-0200: 52818.934: Total time for which application threads were stopped: 0.0004879 seconds, Stopping threads took: 0.0001758 seconds
2015-08-06T23:41:50.714-0200: 52818.971: Total time for which application threads were stopped: 0.0204811 seconds, Stopping threads took: 0.0200963 seconds
2015-08-06T23:41:50.736-0200: 52818.992: Total time for which application threads were stopped: 0.0046846 seconds, Stopping threads took: 0.0043204 seconds
2015-08-06T23:41:50.783-0200: 52819.039: Total time for which application threads were stopped: 0.0003812 seconds, Stopping threads took: 0.0000496 seconds
2015-08-06T23:41:50.787-0200: 52819.043: Total time for which application threads were stopped: 0.0035899 seconds, Stopping threads took: 0.0000187 seconds
2015-08-06T23:41:50.788-0200: 52819.044: Total time for which application threads were stopped: 0.0004469 seconds, Stopping threads took: 0.0000481 seconds
2015-08-06T23:41:50.815-0200: 52819.072: Total time for which application threads were stopped: 0.0225892 seconds, Stopping threads took: 0.0099922 seconds
2015-08-06T23:41:50.848-0200: 52819.105: Total time for which application threads were stopped: 0.0004242 seconds, Stopping threads took: 0.0000283 seconds
2015-08-06T23:41:51.850-0200: 52820.106: Total time for which application threads were stopped: 0.0004141 seconds, Stopping threads took: 0.0000294 seconds
2015-08-06T23:41:51.920-0200: 52820.177: Total time for which application threads were stopped: 0.0003876 seconds, Stopping threads took: 0.0000468 seconds
2015-08-06T23:41:51.921-0200: 52820.177: Total time for which application threads were stopped: 0.0004408 seconds, Stopping threads took: 0.0000554 seconds
2015-08-06T23:41:52.002-0200: 52820.258: Total time for which application threads were stopped: 0.0026680 seconds, Stopping threads took: 0.0022629 seconds
2015-08-06T23:41:52.049-0200: 52820.306: Total time for which application threads were stopped: 0.0003431 seconds, Stopping threads took: 0.0000288 seconds
2015-08-06T23:41:53.051-0200: 52821.307: Total time for which application threads were stopped: 0.0003585 seconds, Stopping threads took: 0.0000301 seconds
2015-08-06T23:41:54.271-0200: 52822.528: Total time for which application threads were stopped: 0.0250920 seconds, Stopping threads took: 0.0110528 seconds
2015-08-06T23:41:54.500-0200: 52822.757: Total time for which application threads were stopped: 0.0006491 seconds, Stopping threads took: 0.0000984 seconds
2015-08-06T23:41:54.501-0200: 52822.757: Total time for which application threads were stopped: 0.0003334 seconds, Stopping threads took: 0.0000167 seconds
2015-08-06T23:41:54.503-0200: 52822.759: Total time for which application threads were stopped: 0.0004532 seconds, Stopping threads took: 0.0000237 seconds
2015-08-06T23:41:54.512-0200: 52822.769: Total time for which application threads were stopped: 0.0030979 seconds, Stopping threads took: 0.0027373 seconds
2015-08-06T23:41:54.513-0200: 52822.769: Total time for which application threads were stopped: 0.0003402 seconds, Stopping threads took: 0.0000393 seconds
2015-08-06T23:41:54.514-0200: 52822.770: Total time for which application threads were stopped: 0.0003647 seconds, Stopping threads took: 0.0000484 seconds
2015-08-06T23:41:54.514-0200: 52822.771: Total time for which application threads were stopped: 0.0003350 seconds, Stopping threads took: 0.0000789 seconds
2015-08-06T23:41:54.522-0200: 52822.779: Total time for which application threads were stopped: 0.0068032 seconds, Stopping threads took: 0.0064466 seconds
2015-08-06T23:41:54.529-0200: 52822.786: Total time for which application threads were stopped: 0.0054964 seconds, Stopping threads took: 0.0051038 seconds
2015-08-06T23:41:54.540-0200: 52822.797: Total time for which application threads were stopped: 0.0004035 seconds, Stopping threads took: 0.0000331 seconds
2015-08-06T23:42:04.554-0200: 52832.811: Total time for which application threads were stopped: 0.0067985 seconds, Stopping threads took: 0.0005120 seconds
2015-08-06T23:42:04.556-0200: 52832.813: Total time for which application threads were stopped: 0.0003999 seconds, Stopping threads took: 0.0000260 seconds
2015-08-06T23:42:04.556-0200: 52832.813: Total time for which application threads were stopped: 0.0002618 seconds, Stopping threads took: 0.0000147 seconds
2015-08-06T23:42:04.557-0200: 52832.813: Total time for which application threads were stopped: 0.0002698 seconds, Stopping threads took: 0.0000146 seconds
2015-08-06T23:42:04.567-0200: 52832.824: Total time for which application threads were stopped: 0.0083772 seconds, Stopping threads took: 0.0033549 seconds
2015-08-06T23:42:04.573-0200: 52832.830: Total time for which application threads were stopped: 0.0044582 seconds, Stopping threads took: 0.0040587 seconds
2015-08-06T23:42:04.574-0200: 52832.831: Total time for which application threads were stopped: 0.0002315 seconds, Stopping threads took: 0.0000486 seconds
2015-08-06T23:42:04.574-0200: 52832.831: Total time for which application threads were stopped: 0.0002288 seconds, Stopping threads took: 0.0000410 seconds
2015-08-06T23:42:04.678-0200: 52832.934: Total time for which application threads were stopped: 0.0005077 seconds, Stopping threads took: 0.0000308 seconds
2015-08-06T23:42:04.678-0200: 52832.935: Total time for which application threads were stopped: 0.0003611 seconds, Stopping threads took: 0.0000395 seconds
2015-08-06T23:42:11.685-0200: 52839.942: Total time for which application threads were stopped: 0.0007645 seconds, Stopping threads took: 0.0002890 seconds
2015-08-06T23:42:11.686-0200: 52839.943: Total time for which application threads were stopped: 0.0005005 seconds, Stopping threads took: 0.0000977 seconds
2015-08-06T23:42:11.944-0200: 52840.202: Total time for which application threads were stopped: 0.0006969 seconds, Stopping threads took: 0.0000898 seconds
2015-08-06T23:42:11.965-0200: 52840.222: Total time for which application threads were stopped: 0.0020036 seconds, Stopping threads took: 0.0000307 seconds
2015-08-06T23:42:11.972-0200: 52840.229: Total time for which application threads were stopped: 0.0003801 seconds, Stopping threads took: 0.0000297 seconds
2015-08-06T23:42:12.323-0200: 52840.580: Total time for which application threads were stopped: 0.0005968 seconds, Stopping threads took: 0.0000379 seconds
2015-08-06T23:47:42.182-0200: 53170.448: Total time for which application threads were stopped: 0.0064520 seconds, Stopping threads took: 0.0005309 seconds
2015-08-06T23:55:29.351-0200: 53637.631: Total time for which application threads were stopped: 0.0052375 seconds, Stopping threads took: 0.0003701 seconds
2015-08-06T23:57:59.331-0200: 53781.980: Total time for which application threads were stopped: 0.0015067 seconds, Stopping threads took: 0.0002626 seconds
{Heap before GC invocations=179 (full 2):
 par new generation   total 109248K, used 95614K [0x00000007a0000000, 0x00000007a8000000, 0x00000007a8000000)
  eden space 87424K, 100% used [0x00000007a0000000, 0x00000007a5560000, 0x00000007a5560000)
  from space 21824K,  37% used [0x00000007a6ab0000, 0x00000007a72afb48, 0x00000007a8000000)
  to   space 21824K,   0% used [0x00000007a5560000, 0x00000007a5560000, 0x00000007a6ab0000)
 concurrent mark-sweep generation total 393216K, used 126207K [0x00000007a8000000, 0x00000007c0000000, 0x00000007c0000000)
 Metaspace       used 43864K, capacity 44580K, committed 44792K, reserved 1089536K
  class space    used 4665K, capacity 4846K, committed 4860K, reserved 1048576K
2015-08-07T00:53:38.476-0200: 57121.200: [GC (Allocation Failure) 57121.204: [ParNew
Desired survivor size 20112992 bytes, new threshold 8 (max 8)
- age   1:     720584 bytes,     720584 total
- age   2:     370008 bytes,    1090592 total
- age   3:        112 bytes,    1090704 total
- age   4:      87392 bytes,    1178096 total
- age   5:    1437184 bytes,    2615280 total
- age   6:    3089512 bytes,    5704792 total
- age   7:     141728 bytes,    5846520 total
- age   8:      83888 bytes,    5930408 total
: 95614K->7240K(109248K), 0.1438658 secs] 221822K->133541K(502464K), 0.1477948 secs] [Times: user=0.04 sys=0.14, real=0.15 secs] 
Heap after GC invocations=180 (full 2):
 par new generation   total 109248K, used 7240K [0x00000007a0000000, 0x00000007a8000000, 0x00000007a8000000)
  eden space 87424K,   0% used [0x00000007a0000000, 0x00000007a0000000, 0x00000007a5560000)
  from space 21824K,  33% used [0x00000007a5560000, 0x00000007a5c72050, 0x00000007a6ab0000)
  to   space 21824K,   0% used [0x00000007a6ab0000, 0x00000007a6ab0000, 0x00000007a8000000)
 concurrent mark-sweep generation total 393216K, used 126301K [0x00000007a8000000, 0x00000007c0000000, 0x00000007c0000000)
 Metaspace       used 43864K, capacity 44580K, committed 44792K, reserved 1089536K
  class space    used 4665K, capacity 4846K, committed 4860K, reserved 1048576K
}
2015-08-07T00:53:38.627-0200: 57121.351: Total time for which application threads were stopped: 0.1908164 seconds, Stopping threads took: 0.0006073 seconds
2015-08-07T02:24:43.401-0200: 58386.076: Total time for which application threads were stopped: 0.1988676 seconds, Stopping threads took: 0.1857574 seconds
2015-08-07T02:24:43.482-0200: 58386.157: Total time for which application threads were stopped: 0.0014903 seconds, Stopping threads took: 0.0007592 seconds
2015-08-07T02:24:43.833-0200: 58386.508: Total time for which application threads were stopped: 0.3073789 seconds, Stopping threads took: 0.3067051 seconds
2015-08-07T02:24:43.850-0200: 58386.525: Total time for which application threads were stopped: 0.0162350 seconds, Stopping threads took: 0.0157519 seconds
2015-08-07T02:24:43.857-0200: 58386.533: Total time for which application threads were stopped: 0.0064277 seconds, Stopping threads took: 0.0060968 seconds
2015-08-07T02:24:44.187-0200: 58386.863: Total time for which application threads were stopped: 0.0396618 seconds, Stopping threads took: 0.0000299 seconds
2015-08-07T02:24:44.250-0200: 58386.926: Total time for which application threads were stopped: 0.0031057 seconds, Stopping threads took: 0.0027057 seconds
2015-08-07T02:24:44.251-0200: 58386.926: Total time for which application threads were stopped: 0.0002578 seconds, Stopping threads took: 0.0000868 seconds
2015-08-07T02:24:44.251-0200: 58386.926: Total time for which application threads were stopped: 0.0002374 seconds, Stopping threads took: 0.0000929 seconds
2015-08-07T02:24:44.271-0200: 58386.946: Total time for which application threads were stopped: 0.0181493 seconds, Stopping threads took: 0.0092430 seconds
2015-08-07T02:24:44.272-0200: 58386.947: Total time for which application threads were stopped: 0.0005270 seconds, Stopping threads took: 0.0001072 seconds
2015-08-07T02:24:44.277-0200: 58386.952: Total time for which application threads were stopped: 0.0034048 seconds, Stopping threads took: 0.0031068 seconds
2015-08-07T02:24:44.281-0200: 58386.956: Total time for which application threads were stopped: 0.0036789 seconds, Stopping threads took: 0.0033486 seconds
2015-08-07T02:24:44.309-0200: 58386.984: Total time for which application threads were stopped: 0.0021564 seconds, Stopping threads took: 0.0018638 seconds
2015-08-07T02:24:44.310-0200: 58386.985: Total time for which application threads were stopped: 0.0002498 seconds, Stopping threads took: 0.0000337 seconds
2015-08-07T02:24:44.312-0200: 58386.987: Total time for which application threads were stopped: 0.0003365 seconds, Stopping threads took: 0.0000601 seconds
2015-08-07T02:24:44.350-0200: 58387.025: Total time for which application threads were stopped: 0.0043522 seconds, Stopping threads took: 0.0040793 seconds
2015-08-07T02:24:44.361-0200: 58387.036: Total time for which application threads were stopped: 0.0048025 seconds, Stopping threads took: 0.0020595 seconds
2015-08-07T02:24:44.467-0200: 58387.142: Total time for which application threads were stopped: 0.0077745 seconds, Stopping threads took: 0.0030495 seconds
2015-08-07T02:24:44.476-0200: 58387.151: Total time for which application threads were stopped: 0.0002658 seconds, Stopping threads took: 0.0000231 seconds
2015-08-07T02:24:44.975-0200: 58387.651: Total time for which application threads were stopped: 0.0004898 seconds, Stopping threads took: 0.0000785 seconds
2015-08-07T02:24:44.977-0200: 58387.652: Total time for which application threads were stopped: 0.0008381 seconds, Stopping threads took: 0.0002986 seconds
2015-08-07T02:24:44.989-0200: 58387.665: Total time for which application threads were stopped: 0.0022152 seconds, Stopping threads took: 0.0000272 seconds
2015-08-07T02:24:45.015-0200: 58387.691: Total time for which application threads were stopped: 0.0003134 seconds, Stopping threads took: 0.0000458 seconds
2015-08-07T02:24:45.016-0200: 58387.691: Total time for which application threads were stopped: 0.0001760 seconds, Stopping threads took: 0.0000422 seconds
2015-08-07T02:24:45.017-0200: 58387.692: Total time for which application threads were stopped: 0.0002263 seconds, Stopping threads took: 0.0000305 seconds
2015-08-07T02:24:45.017-0200: 58387.692: Total time for which application threads were stopped: 0.0001640 seconds, Stopping threads took: 0.0000270 seconds
2015-08-07T02:24:45.030-0200: 58387.705: Total time for which application threads were stopped: 0.0003245 seconds, Stopping threads took: 0.0000709 seconds
2015-08-07T02:24:45.030-0200: 58387.705: Total time for which application threads were stopped: 0.0001885 seconds, Stopping threads took: 0.0000543 seconds
2015-08-08T00:02:35.831-0200: 58419.489: Total time for which application threads were stopped: 0.8829965 seconds, Stopping threads took: 0.7181775 seconds
2015-08-08T00:02:36.215-0200: 58419.873: Total time for which application threads were stopped: 0.0921456 seconds, Stopping threads took: 0.0915302 seconds
2015-08-08T00:02:37.630-0200: 58421.288: Total time for which application threads were stopped: 0.1126061 seconds, Stopping threads took: 0.0202250 seconds
2015-08-08T00:02:37.647-0200: 58421.305: Total time for which application threads were stopped: 0.0006312 seconds, Stopping threads took: 0.0000443 seconds
2015-08-08T00:02:37.766-0200: 58421.423: Total time for which application threads were stopped: 0.0006903 seconds, Stopping threads took: 0.0000448 seconds
2015-08-08T00:02:37.881-0200: 58421.539: Total time for which application threads were stopped: 0.0003962 seconds, Stopping threads took: 0.0000498 seconds
2015-08-08T00:02:38.961-0200: 58422.619: Total time for which application threads were stopped: 0.0067061 seconds, Stopping threads took: 0.0000703 seconds
2015-08-08T00:02:39.103-0200: 58422.760: Total time for which application threads were stopped: 0.0003904 seconds, Stopping threads took: 0.0000274 seconds
2015-08-08T00:05:39.305-0200: 58602.968: Total time for which application threads were stopped: 0.0048291 seconds, Stopping threads took: 0.0010478 seconds
2015-08-08T00:05:40.161-0200: 58603.824: Total time for which application threads were stopped: 0.0004561 seconds, Stopping threads took: 0.0000219 seconds
2015-08-08T00:05:40.205-0200: 58603.867: Total time for which application threads were stopped: 0.0003422 seconds, Stopping threads took: 0.0000226 seconds
2015-08-08T00:05:40.403-0200: 58604.066: Total time for which application threads were stopped: 0.0006042 seconds, Stopping threads took: 0.0002198 seconds
2015-08-08T00:05:40.413-0200: 58604.075: Total time for which application threads were stopped: 0.0086953 seconds, Stopping threads took: 0.0025899 seconds
2015-08-08T00:05:47.448-0200: 58611.110: Total time for which application threads were stopped: 0.0004726 seconds, Stopping threads took: 0.0000265 seconds
2015-08-08T00:05:47.464-0200: 58611.127: Total time for which application threads were stopped: 0.0004419 seconds, Stopping threads took: 0.0000290 seconds
2015-08-08T00:05:47.501-0200: 58611.164: Total time for which application threads were stopped: 0.0004085 seconds, Stopping threads took: 0.0000284 seconds
2015-08-08T00:05:48.504-0200: 58612.167: Total time for which application threads were stopped: 0.0005340 seconds, Stopping threads took: 0.0000400 seconds
2015-08-08T01:47:02.769-0200: 60488.118: Total time for which application threads were stopped: 0.0190362 seconds, Stopping threads took: 0.0003619 seconds
2015-08-08T01:47:03.543-0200: 60488.892: Total time for which application threads were stopped: 0.0105649 seconds, Stopping threads took: 0.0000378 seconds
2015-08-08T01:47:03.548-0200: 60488.897: Total time for which application threads were stopped: 0.0007134 seconds, Stopping threads took: 0.0000575 seconds
2015-08-08T01:47:03.748-0200: 60489.098: Total time for which application threads were stopped: 0.0137124 seconds, Stopping threads took: 0.0131746 seconds
2015-08-08T01:47:03.765-0200: 60489.114: Total time for which application threads were stopped: 0.0164095 seconds, Stopping threads took: 0.0160255 seconds
2015-08-08T01:47:03.766-0200: 60489.115: Total time for which application threads were stopped: 0.0003533 seconds, Stopping threads took: 0.0000479 seconds
2015-08-08T01:47:03.766-0200: 60489.116: Total time for which application threads were stopped: 0.0003386 seconds, Stopping threads took: 0.0000706 seconds
2015-08-08T01:47:03.778-0200: 60489.127: Total time for which application threads were stopped: 0.0112253 seconds, Stopping threads took: 0.0108377 seconds
2015-08-08T01:47:03.783-0200: 60489.132: Total time for which application threads were stopped: 0.0014545 seconds, Stopping threads took: 0.0006701 seconds
2015-08-08T01:47:03.784-0200: 60489.133: Total time for which application threads were stopped: 0.0006696 seconds, Stopping threads took: 0.0000744 seconds
2015-08-08T01:47:03.791-0200: 60489.140: Total time for which application threads were stopped: 0.0060580 seconds, Stopping threads took: 0.0056381 seconds
2015-08-08T01:47:03.792-0200: 60489.141: Total time for which application threads were stopped: 0.0002884 seconds, Stopping threads took: 0.0000453 seconds
2015-08-08T01:47:03.797-0200: 60489.146: Total time for which application threads were stopped: 0.0046566 seconds, Stopping threads took: 0.0042832 seconds
2015-08-08T01:47:03.811-0200: 60489.160: Total time for which application threads were stopped: 0.0111802 seconds, Stopping threads took: 0.0108384 seconds
2015-08-08T01:47:03.862-0200: 60489.211: Total time for which application threads were stopped: 0.0004839 seconds, Stopping threads took: 0.0000651 seconds
2015-08-08T01:47:04.063-0200: 60489.412: Total time for which application threads were stopped: 0.0114139 seconds, Stopping threads took: 0.0110325 seconds
2015-08-08T01:47:04.068-0200: 60489.417: Total time for which application threads were stopped: 0.0046183 seconds, Stopping threads took: 0.0000434 seconds
2015-08-08T01:47:04.179-0200: 60489.528: Total time for which application threads were stopped: 0.0094924 seconds, Stopping threads took: 0.0059655 seconds
2015-08-08T01:47:04.228-0200: 60489.577: Total time for which application threads were stopped: 0.0007316 seconds, Stopping threads took: 0.0003327 seconds
2015-08-08T01:47:04.254-0200: 60489.603: Total time for which application threads were stopped: 0.0034884 seconds, Stopping threads took: 0.0000797 seconds
2015-08-08T01:47:05.213-0200: 60490.562: Total time for which application threads were stopped: 0.0015385 seconds, Stopping threads took: 0.0012240 seconds
2015-08-08T01:47:05.214-0200: 60490.563: Total time for which application threads were stopped: 0.0003820 seconds, Stopping threads took: 0.0001648 seconds
2015-08-08T01:47:05.218-0200: 60490.567: Total time for which application threads were stopped: 0.0037557 seconds, Stopping threads took: 0.0015441 seconds
2015-08-08T01:47:05.219-0200: 60490.568: Total time for which application threads were stopped: 0.0002961 seconds, Stopping threads took: 0.0000894 seconds
2015-08-08T01:47:05.219-0200: 60490.568: Total time for which application threads were stopped: 0.0002371 seconds, Stopping threads took: 0.0000485 seconds
2015-08-08T01:47:05.221-0200: 60490.570: Total time for which application threads were stopped: 0.0020725 seconds, Stopping threads took: 0.0000350 seconds
2015-08-08T01:47:05.226-0200: 60490.575: Total time for which application threads were stopped: 0.0022709 seconds, Stopping threads took: 0.0019676 seconds
2015-08-08T01:47:05.228-0200: 60490.577: Total time for which application threads were stopped: 0.0016456 seconds, Stopping threads took: 0.0013606 seconds
2015-08-08T01:47:05.228-0200: 60490.578: Total time for which application threads were stopped: 0.0002094 seconds, Stopping threads took: 0.0000463 seconds
2015-08-13T21:00:45.603-0200: 60515.090: Total time for which application threads were stopped: 0.9475068 seconds, Stopping threads took: 0.0597544 seconds
2015-08-13T21:00:46.458-0200: 60515.945: Total time for which application threads were stopped: 0.1194951 seconds, Stopping threads took: 0.0398668 seconds
2015-08-13T21:00:49.696-0200: 60519.182: Total time for which application threads were stopped: 0.0091571 seconds, Stopping threads took: 0.0009770 seconds
2015-08-13T21:00:49.718-0200: 60519.205: Total time for which application threads were stopped: 0.0115956 seconds, Stopping threads took: 0.0103876 seconds
2015-08-13T21:00:49.747-0200: 60519.234: Total time for which application threads were stopped: 0.0011234 seconds, Stopping threads took: 0.0001609 seconds
2015-08-13T21:00:49.766-0200: 60519.252: Total time for which application threads were stopped: 0.0144447 seconds, Stopping threads took: 0.0133837 seconds
2015-08-13T21:00:49.783-0200: 60519.269: Total time for which application threads were stopped: 0.0143739 seconds, Stopping threads took: 0.0061034 seconds
2015-08-13T21:00:49.793-0200: 60519.279: Total time for which application threads were stopped: 0.0083861 seconds, Stopping threads took: 0.0073422 seconds
2015-08-13T21:00:49.820-0200: 60519.306: Total time for which application threads were stopped: 0.0065146 seconds, Stopping threads took: 0.0053802 seconds
2015-08-13T21:00:49.886-0200: 60519.373: Total time for which application threads were stopped: 0.0615682 seconds, Stopping threads took: 0.0137618 seconds
2015-08-13T21:00:49.927-0200: 60519.413: Total time for which application threads were stopped: 0.0046406 seconds, Stopping threads took: 0.0010515 seconds
2015-08-13T21:00:49.928-0200: 60519.414: Total time for which application threads were stopped: 0.0009426 seconds, Stopping threads took: 0.0001702 seconds
2015-08-13T21:00:49.958-0200: 60519.444: Total time for which application threads were stopped: 0.0055600 seconds, Stopping threads took: 0.0009519 seconds
2015-08-13T21:00:50.062-0200: 60519.549: Total time for which application threads were stopped: 0.0016450 seconds, Stopping threads took: 0.0001899 seconds
2015-08-13T21:00:50.090-0200: 60519.577: Total time for which application threads were stopped: 0.0268519 seconds, Stopping threads took: 0.0260760 seconds
2015-08-13T21:00:52.108-0200: 60521.594: Total time for which application threads were stopped: 0.0008719 seconds, Stopping threads took: 0.0000687 seconds
2015-08-13T21:00:54.969-0200: 60524.455: Total time for which application threads were stopped: 0.0008152 seconds, Stopping threads took: 0.0000630 seconds
2015-08-13T21:00:54.971-0200: 60524.457: Total time for which application threads were stopped: 0.0009895 seconds, Stopping threads took: 0.0002398 seconds
2015-08-13T21:00:59.967-0200: 60529.454: Total time for which application threads were stopped: 0.0086990 seconds, Stopping threads took: 0.0017284 seconds
2015-08-13T21:01:22.049-0200: 60551.539: Total time for which application threads were stopped: 0.0106722 seconds, Stopping threads took: 0.0008458 seconds
2015-08-13T21:04:15.759-0200: 60725.250: Total time for which application threads were stopped: 0.0569148 seconds, Stopping threads took: 0.0008613 seconds
2015-08-13T21:04:39.888-0200: 60749.379: Total time for which application threads were stopped: 0.0094685 seconds, Stopping threads took: 0.0037632 seconds
2015-08-13T21:04:42.894-0200: 60752.385: Total time for which application threads were stopped: 0.0022295 seconds, Stopping threads took: 0.0000449 seconds
2015-08-13T21:05:12.004-0200: 60781.497: Total time for which application threads were stopped: 0.0073522 seconds, Stopping threads took: 0.0062539 seconds
2015-08-13T21:05:12.012-0200: 60781.504: Total time for which application threads were stopped: 0.0043382 seconds, Stopping threads took: 0.0038282 seconds
2015-08-13T21:05:12.046-0200: 60781.538: Total time for which application threads were stopped: 0.0003937 seconds, Stopping threads took: 0.0000270 seconds
2015-08-13T21:05:12.094-0200: 60781.587: Total time for which application threads were stopped: 0.0026268 seconds, Stopping threads took: 0.0021671 seconds
2015-08-13T21:05:12.104-0200: 60781.596: Total time for which application threads were stopped: 0.0023422 seconds, Stopping threads took: 0.0000700 seconds
2015-08-13T21:05:12.184-0200: 60781.676: Total time for which application threads were stopped: 0.0044947 seconds, Stopping threads took: 0.0000966 seconds
2015-08-13T21:05:12.185-0200: 60781.677: Total time for which application threads were stopped: 0.0004142 seconds, Stopping threads took: 0.0000179 seconds
2015-08-13T21:05:12.185-0200: 60781.677: Total time for which application threads were stopped: 0.0003077 seconds, Stopping threads took: 0.0000465 seconds
2015-08-13T21:05:12.191-0200: 60781.683: Total time for which application threads were stopped: 0.0003937 seconds, Stopping threads took: 0.0000532 seconds
2015-08-13T21:05:12.191-0200: 60781.683: Total time for which application threads were stopped: 0.0002643 seconds, Stopping threads took: 0.0000511 seconds
2015-08-13T21:05:12.191-0200: 60781.683: Total time for which application threads were stopped: 0.0001831 seconds, Stopping threads took: 0.0000139 seconds
2015-08-13T21:05:13.194-0200: 60782.686: Total time for which application threads were stopped: 0.0005169 seconds, Stopping threads took: 0.0000750 seconds
2015-08-13T21:05:42.230-0200: 60811.723: Total time for which application threads were stopped: 0.0093694 seconds, Stopping threads took: 0.0005236 seconds
2015-08-13T21:05:42.233-0200: 60811.726: Total time for which application threads were stopped: 0.0019133 seconds, Stopping threads took: 0.0016687 seconds
2015-08-13T21:05:52.254-0200: 60821.747: Total time for which application threads were stopped: 0.0003486 seconds, Stopping threads took: 0.0000649 seconds
2015-08-13T21:05:52.287-0200: 60821.780: Total time for which application threads were stopped: 0.0012006 seconds, Stopping threads took: 0.0001123 seconds
2015-08-13T21:05:52.288-0200: 60821.781: Total time for which application threads were stopped: 0.0005732 seconds, Stopping threads took: 0.0001729 seconds
2015-08-13T21:05:52.289-0200: 60821.782: Total time for which application threads were stopped: 0.0004279 seconds, Stopping threads took: 0.0000560 seconds
2015-08-13T21:05:52.290-0200: 60821.783: Total time for which application threads were stopped: 0.0002842 seconds, Stopping threads took: 0.0000488 seconds
2015-08-13T21:05:52.294-0200: 60821.787: Total time for which application threads were stopped: 0.0041604 seconds, Stopping threads took: 0.0036563 seconds
2015-08-13T21:05:52.295-0200: 60821.788: Total time for which application threads were stopped: 0.0004939 seconds, Stopping threads took: 0.0001168 seconds
2015-08-13T21:06:22.305-0200: 60851.799: Total time for which application threads were stopped: 0.0003615 seconds, Stopping threads took: 0.0000337 seconds
2015-08-13T21:06:22.306-0200: 60851.799: Total time for which application threads were stopped: 0.0002332 seconds, Stopping threads took: 0.0000187 seconds
2015-08-13T21:06:42.332-0200: 60871.826: Total time for which application threads were stopped: 0.0008472 seconds, Stopping threads took: 0.0001080 seconds
2015-08-13T21:06:42.339-0200: 60871.834: Total time for which application threads were stopped: 0.0033926 seconds, Stopping threads took: 0.0002223 seconds
2015-08-13T21:06:42.349-0200: 60871.843: Total time for which application threads were stopped: 0.0081860 seconds, Stopping threads took: 0.0015245 seconds
2015-08-13T21:06:42.350-0200: 60871.844: Total time for which application threads were stopped: 0.0002966 seconds, Stopping threads took: 0.0000412 seconds
2015-08-13T21:06:42.353-0200: 60871.848: Total time for which application threads were stopped: 0.0009346 seconds, Stopping threads took: 0.0005669 seconds
2015-08-13T21:06:42.358-0200: 60871.852: Total time for which application threads were stopped: 0.0022110 seconds, Stopping threads took: 0.0018468 seconds
2015-08-13T21:06:42.359-0200: 60871.853: Total time for which application threads were stopped: 0.0002385 seconds, Stopping threads took: 0.0000392 seconds
2015-08-13T21:06:42.359-0200: 60871.853: Total time for which application threads were stopped: 0.0003583 seconds, Stopping threads took: 0.0000345 seconds
2015-08-13T21:07:12.363-0200: 60901.858: Total time for which application threads were stopped: 0.0004445 seconds, Stopping threads took: 0.0000322 seconds
2015-08-13T21:07:12.364-0200: 60901.859: Total time for which application threads were stopped: 0.0001898 seconds, Stopping threads took: 0.0000192 seconds
2015-08-13T21:07:52.415-0200: 60941.911: Total time for which application threads were stopped: 0.0049126 seconds, Stopping threads took: 0.0004461 seconds
2015-08-13T21:07:52.434-0200: 60941.929: Total time for which application threads were stopped: 0.0003552 seconds, Stopping threads took: 0.0000237 seconds
2015-08-13T21:07:52.434-0200: 60941.930: Total time for which application threads were stopped: 0.0002183 seconds, Stopping threads took: 0.0000131 seconds
2015-08-13T21:07:52.445-0200: 60941.941: Total time for which application threads were stopped: 0.0097996 seconds, Stopping threads took: 0.0016291 seconds
2015-08-13T21:07:52.446-0200: 60941.941: Total time for which application threads were stopped: 0.0003838 seconds, Stopping threads took: 0.0000336 seconds
2015-08-13T21:07:52.473-0200: 60941.968: Total time for which application threads were stopped: 0.0007165 seconds, Stopping threads took: 0.0000590 seconds
2015-08-13T21:08:22.484-0200: 60971.981: Total time for which application threads were stopped: 0.0046466 seconds, Stopping threads took: 0.0003870 seconds
2015-08-13T21:08:22.487-0200: 60971.984: Total time for which application threads were stopped: 0.0020138 seconds, Stopping threads took: 0.0017096 seconds
2015-08-13T21:08:22.488-0200: 60971.984: Total time for which application threads were stopped: 0.0002431 seconds, Stopping threads took: 0.0000817 seconds
2015-08-13T21:09:42.548-0200: 61052.046: Total time for which application threads were stopped: 0.0019914 seconds, Stopping threads took: 0.0014458 seconds
2015-08-13T21:09:42.549-0200: 61052.047: Total time for which application threads were stopped: 0.0003181 seconds, Stopping threads took: 0.0001022 seconds
2015-08-13T21:09:42.559-0200: 61052.057: Total time for which application threads were stopped: 0.0035385 seconds, Stopping threads took: 0.0000229 seconds
2015-08-13T21:09:42.568-0200: 61052.067: Total time for which application threads were stopped: 0.0010348 seconds, Stopping threads took: 0.0006340 seconds
2015-08-13T21:09:42.569-0200: 61052.067: Total time for which application threads were stopped: 0.0003041 seconds, Stopping threads took: 0.0000387 seconds
2015-08-13T21:09:42.572-0200: 61052.070: Total time for which application threads were stopped: 0.0027216 seconds, Stopping threads took: 0.0000705 seconds
2015-08-13T21:09:42.575-0200: 61052.073: Total time for which application threads were stopped: 0.0024671 seconds, Stopping threads took: 0.0000207 seconds
2015-08-13T21:09:42.600-0200: 61052.098: Total time for which application threads were stopped: 0.0027133 seconds, Stopping threads took: 0.0023699 seconds
2015-08-13T21:10:12.585-0200: 61082.083: Total time for which application threads were stopped: 0.0014065 seconds, Stopping threads took: 0.0010931 seconds
2015-08-13T21:10:12.586-0200: 61082.084: Total time for which application threads were stopped: 0.0001997 seconds, Stopping threads took: 0.0000135 seconds
2015-08-13T21:10:12.586-0200: 61082.085: Total time for which application threads were stopped: 0.0001440 seconds, Stopping threads took: 0.0000245 seconds
2015-08-13T21:12:52.698-0200: 61242.201: Total time for which application threads were stopped: 0.0025838 seconds, Stopping threads took: 0.0000867 seconds
2015-08-13T21:12:52.700-0200: 61242.202: Total time for which application threads were stopped: 0.0003362 seconds, Stopping threads took: 0.0000687 seconds
2015-08-13T21:12:52.714-0200: 61242.216: Total time for which application threads were stopped: 0.0030506 seconds, Stopping threads took: 0.0018032 seconds
2015-08-13T21:12:52.719-0200: 61242.221: Total time for which application threads were stopped: 0.0018653 seconds, Stopping threads took: 0.0015753 seconds
2015-08-13T21:12:52.721-0200: 61242.223: Total time for which application threads were stopped: 0.0017732 seconds, Stopping threads took: 0.0015036 seconds
2015-08-13T21:12:52.721-0200: 61242.223: Total time for which application threads were stopped: 0.0003081 seconds, Stopping threads took: 0.0000357 seconds
2015-08-13T21:12:52.722-0200: 61242.224: Total time for which application threads were stopped: 0.0002437 seconds, Stopping threads took: 0.0000419 seconds
2015-08-13T21:12:52.738-0200: 61242.241: Total time for which application threads were stopped: 0.0014623 seconds, Stopping threads took: 0.0012033 seconds
2015-08-13T21:13:22.726-0200: 61272.229: Total time for which application threads were stopped: 0.0004397 seconds, Stopping threads took: 0.0000254 seconds
2015-08-13T21:13:22.727-0200: 61272.230: Total time for which application threads were stopped: 0.0001913 seconds, Stopping threads took: 0.0000163 seconds
2015-08-13T21:18:22.954-0200: 61572.463: Total time for which application threads were stopped: 0.0049822 seconds, Stopping threads took: 0.0006290 seconds
2015-08-13T21:18:22.973-0200: 61572.483: Total time for which application threads were stopped: 0.0005556 seconds, Stopping threads took: 0.0000252 seconds
2015-08-13T21:18:22.974-0200: 61572.484: Total time for which application threads were stopped: 0.0006315 seconds, Stopping threads took: 0.0000714 seconds
2015-08-13T21:18:22.977-0200: 61572.486: Total time for which application threads were stopped: 0.0013185 seconds, Stopping threads took: 0.0008565 seconds
2015-08-13T21:18:22.992-0200: 61572.502: Total time for which application threads were stopped: 0.0014206 seconds, Stopping threads took: 0.0009719 seconds
2015-08-13T21:18:52.992-0200: 61602.502: Total time for which application threads were stopped: 0.0004212 seconds, Stopping threads took: 0.0000239 seconds
2015-08-13T21:18:52.992-0200: 61602.503: Total time for which application threads were stopped: 0.0001798 seconds, Stopping threads took: 0.0000143 seconds
2015-08-13T21:23:32.507-0200: 61902.701: Total time for which application threads were stopped: 0.0114521 seconds, Stopping threads took: 0.0005350 seconds
2015-08-13T21:23:32.534-0200: 61902.728: Total time for which application threads were stopped: 0.0006017 seconds, Stopping threads took: 0.0002334 seconds
2015-08-13T21:23:32.534-0200: 61902.728: Total time for which application threads were stopped: 0.0003082 seconds, Stopping threads took: 0.0001055 seconds
2015-08-13T21:23:32.535-0200: 61902.728: Total time for which application threads were stopped: 0.0002070 seconds, Stopping threads took: 0.0000567 seconds
2015-08-13T21:23:32.536-0200: 61902.730: Total time for which application threads were stopped: 0.0005238 seconds, Stopping threads took: 0.0002165 seconds
2015-08-13T21:23:32.555-0200: 61902.748: Total time for which application threads were stopped: 0.0003863 seconds, Stopping threads took: 0.0000190 seconds
2015-08-13T21:24:02.587-0200: 61932.781: Total time for which application threads were stopped: 0.0402539 seconds, Stopping threads took: 0.0393882 seconds
2015-08-13T21:24:02.588-0200: 61932.782: Total time for which application threads were stopped: 0.0004565 seconds, Stopping threads took: 0.0000490 seconds
2015-08-13T21:24:02.588-0200: 61932.783: Total time for which application threads were stopped: 0.0001762 seconds, Stopping threads took: 0.0000197 seconds
2015-08-13T21:29:02.785-0200: 62232.987: Total time for which application threads were stopped: 0.0084434 seconds, Stopping threads took: 0.0004475 seconds
2015-08-13T21:29:02.790-0200: 62232.991: Total time for which application threads were stopped: 0.0029106 seconds, Stopping threads took: 0.0018734 seconds
2015-08-13T21:29:02.805-0200: 62233.007: Total time for which application threads were stopped: 0.0003811 seconds, Stopping threads took: 0.0000624 seconds
2015-08-13T21:29:02.805-0200: 62233.007: Total time for which application threads were stopped: 0.0003268 seconds, Stopping threads took: 0.0001283 seconds
2015-08-13T21:29:02.806-0200: 62233.008: Total time for which application threads were stopped: 0.0001851 seconds, Stopping threads took: 0.0000146 seconds
2015-08-13T21:29:02.808-0200: 62233.010: Total time for which application threads were stopped: 0.0015189 seconds, Stopping threads took: 0.0000356 seconds
2015-08-13T21:29:02.824-0200: 62233.026: Total time for which application threads were stopped: 0.0008746 seconds, Stopping threads took: 0.0000181 seconds
2015-08-13T21:29:32.820-0200: 62263.023: Total time for which application threads were stopped: 0.0004096 seconds, Stopping threads took: 0.0000256 seconds
2015-08-13T21:29:32.821-0200: 62263.024: Total time for which application threads were stopped: 0.0005930 seconds, Stopping threads took: 0.0000165 seconds
2015-08-13T21:34:33.053-0200: 62563.263: Total time for which application threads were stopped: 0.0053039 seconds, Stopping threads took: 0.0004592 seconds
2015-08-13T21:34:33.070-0200: 62563.279: Total time for which application threads were stopped: 0.0028278 seconds, Stopping threads took: 0.0022629 seconds
2015-08-13T21:34:33.070-0200: 62563.280: Total time for which application threads were stopped: 0.0004085 seconds, Stopping threads took: 0.0000508 seconds
2015-08-13T21:34:33.072-0200: 62563.282: Total time for which application threads were stopped: 0.0004268 seconds, Stopping threads took: 0.0001202 seconds
2015-08-13T21:34:33.072-0200: 62563.282: Total time for which application threads were stopped: 0.0002135 seconds, Stopping threads took: 0.0000852 seconds
2015-08-13T21:34:33.102-0200: 62563.312: Total time for which application threads were stopped: 0.0006115 seconds, Stopping threads took: 0.0000576 seconds
2015-08-13T21:35:03.081-0200: 62593.292: Total time for which application threads were stopped: 0.0022426 seconds, Stopping threads took: 0.0018198 seconds
2015-08-13T21:35:03.083-0200: 62593.294: Total time for which application threads were stopped: 0.0019756 seconds, Stopping threads took: 0.0017357 seconds
2015-08-13T21:35:03.084-0200: 62593.294: Total time for which application threads were stopped: 0.0003042 seconds, Stopping threads took: 0.0000630 seconds
2015-08-13T21:35:03.084-0200: 62593.295: Total time for which application threads were stopped: 0.0002348 seconds, Stopping threads took: 0.0000509 seconds
2015-08-13T21:40:03.348-0200: 62893.566: Total time for which application threads were stopped: 0.0064062 seconds, Stopping threads took: 0.0017785 seconds
2015-08-13T21:40:03.350-0200: 62893.568: Total time for which application threads were stopped: 0.0003758 seconds, Stopping threads took: 0.0000568 seconds
2015-08-13T21:40:03.366-0200: 62893.584: Total time for which application threads were stopped: 0.0003913 seconds, Stopping threads took: 0.0000221 seconds
2015-08-13T21:40:03.367-0200: 62893.585: Total time for which application threads were stopped: 0.0005187 seconds, Stopping threads took: 0.0000137 seconds
2015-08-13T21:40:03.370-0200: 62893.588: Total time for which application threads were stopped: 0.0004175 seconds, Stopping threads took: 0.0000412 seconds
2015-08-13T21:40:03.384-0200: 62893.602: Total time for which application threads were stopped: 0.0029325 seconds, Stopping threads took: 0.0024186 seconds
2015-08-13T21:40:33.379-0200: 62923.598: Total time for which application threads were stopped: 0.0003005 seconds, Stopping threads took: 0.0000205 seconds
2015-08-13T21:40:33.380-0200: 62923.598: Total time for which application threads were stopped: 0.0001363 seconds, Stopping threads took: 0.0000112 seconds
{Heap before GC invocations=180 (full 2):
 par new generation   total 109248K, used 94664K [0x00000007a0000000, 0x00000007a8000000, 0x00000007a8000000)
  eden space 87424K, 100% used [0x00000007a0000000, 0x00000007a5560000, 0x00000007a5560000)
  from space 21824K,  33% used [0x00000007a5560000, 0x00000007a5c72050, 0x00000007a6ab0000)
  to   space 21824K,   0% used [0x00000007a6ab0000, 0x00000007a6ab0000, 0x00000007a8000000)
 concurrent mark-sweep generation total 393216K, used 126301K [0x00000007a8000000, 0x00000007c0000000, 0x00000007c0000000)
 Metaspace       used 43932K, capacity 44644K, committed 44792K, reserved 1089536K
  class space    used 4665K, capacity 4846K, committed 4860K, reserved 1048576K
2015-08-13T21:43:48.611-0200: 63118.834: [GC (Allocation Failure) 63118.840: [ParNew
Desired survivor size 20112992 bytes, new threshold 8 (max 8)
- age   1:    1204992 bytes,    1204992 total
- age   2:      22072 bytes,    1227064 total
- age   3:      16720 bytes,    1243784 total
- age   4:        112 bytes,    1243896 total
- age   5:      29032 bytes,    1272928 total
- age   6:    1202416 bytes,    2475344 total
- age   7:    3023944 bytes,    5499288 total
- age   8:     141728 bytes,    5641016 total
: 94664K->7649K(109248K), 0.2414756 secs] 220965K->134035K(502464K), 0.2479422 secs] [Times: user=0.04 sys=0.15, real=0.24 secs] 
Heap after GC invocations=181 (full 2):
 par new generation   total 109248K, used 7649K [0x00000007a0000000, 0x00000007a8000000, 0x00000007a8000000)
  eden space 87424K,   0% used [0x00000007a0000000, 0x00000007a0000000, 0x00000007a5560000)
  from space 21824K,  35% used [0x00000007a6ab0000, 0x00000007a72287d0, 0x00000007a8000000)
  to   space 21824K,   0% used [0x00000007a5560000, 0x00000007a5560000, 0x00000007a6ab0000)
 concurrent mark-sweep generation total 393216K, used 126385K [0x00000007a8000000, 0x00000007c0000000, 0x00000007c0000000)
 Metaspace       used 43932K, capacity 44644K, committed 44792K, reserved 1089536K
  class space    used 4665K, capacity 4846K, committed 4860K, reserved 1048576K
}
2015-08-13T21:43:48.859-0200: 63119.082: Total time for which application threads were stopped: 0.2719798 seconds, Stopping threads took: 0.0000227 seconds
2015-08-13T21:45:33.636-0200: 63223.862: Total time for which application threads were stopped: 0.0104929 seconds, Stopping threads took: 0.0000508 seconds
2015-08-13T21:45:33.669-0200: 63223.895: Total time for which application threads were stopped: 0.0089482 seconds, Stopping threads took: 0.0018705 seconds
2015-08-13T21:45:33.677-0200: 63223.903: Total time for which application threads were stopped: 0.0013848 seconds, Stopping threads took: 0.0009910 seconds
2015-08-13T21:45:33.682-0200: 63223.908: Total time for which application threads were stopped: 0.0036340 seconds, Stopping threads took: 0.0017912 seconds
2015-08-13T21:45:33.694-0200: 63223.920: Total time for which application threads were stopped: 0.0004256 seconds, Stopping threads took: 0.0000240 seconds
2015-08-13T21:45:33.695-0200: 63223.920: Total time for which application threads were stopped: 0.0002501 seconds, Stopping threads took: 0.0000188 seconds
2015-08-13T21:45:33.695-0200: 63223.921: Total time for which application threads were stopped: 0.0003924 seconds, Stopping threads took: 0.0000227 seconds
2015-08-13T21:45:33.707-0200: 63223.933: Total time for which application threads were stopped: 0.0049473 seconds, Stopping threads took: 0.0000461 seconds
2015-08-13T21:46:03.694-0200: 63253.921: Total time for which application threads were stopped: 0.0003075 seconds, Stopping threads took: 0.0000184 seconds
2015-08-13T21:46:03.695-0200: 63253.921: Total time for which application threads were stopped: 0.0001242 seconds, Stopping threads took: 0.0000161 seconds
2015-08-13T21:46:03.699-0200: 63253.926: Total time for which application threads were stopped: 0.0004336 seconds, Stopping threads took: 0.0000164 seconds
2015-08-13T21:46:03.699-0200: 63253.926: Total time for which application threads were stopped: 0.0001379 seconds, Stopping threads took: 0.0000116 seconds
2015-08-13T21:51:03.953-0200: 63554.186: Total time for which application threads were stopped: 0.0123790 seconds, Stopping threads took: 0.0021553 seconds
2015-08-13T21:51:03.954-0200: 63554.187: Total time for which application threads were stopped: 0.0003247 seconds, Stopping threads took: 0.0000578 seconds
2015-08-13T21:51:03.973-0200: 63554.205: Total time for which application threads were stopped: 0.0005385 seconds, Stopping threads took: 0.0000217 seconds
2015-08-13T21:51:03.974-0200: 63554.206: Total time for which application threads were stopped: 0.0004928 seconds, Stopping threads took: 0.0001708 seconds
2015-08-13T21:51:03.975-0200: 63554.208: Total time for which application threads were stopped: 0.0004450 seconds, Stopping threads took: 0.0001708 seconds
2015-08-13T21:51:03.990-0200: 63554.223: Total time for which application threads were stopped: 0.0022226 seconds, Stopping threads took: 0.0018000 seconds
2015-08-13T21:51:33.997-0200: 63584.230: Total time for which application threads were stopped: 0.0036051 seconds, Stopping threads took: 0.0032055 seconds
2015-08-13T21:51:33.998-0200: 63584.231: Total time for which application threads were stopped: 0.0002627 seconds, Stopping threads took: 0.0000568 seconds
2015-08-13T21:51:33.998-0200: 63584.231: Total time for which application threads were stopped: 0.0002317 seconds, Stopping threads took: 0.0000376 seconds
2015-08-13T21:56:34.261-0200: 63884.500: Total time for which application threads were stopped: 0.0112309 seconds, Stopping threads took: 0.0003552 seconds
2015-08-13T21:56:34.296-0200: 63884.535: Total time for which application threads were stopped: 0.0004877 seconds, Stopping threads took: 0.0000485 seconds
2015-08-13T21:56:34.296-0200: 63884.535: Total time for which application threads were stopped: 0.0004397 seconds, Stopping threads took: 0.0001130 seconds
2015-08-13T21:56:34.297-0200: 63884.536: Total time for which application threads were stopped: 0.0005499 seconds, Stopping threads took: 0.0000527 seconds
2015-08-13T21:56:34.309-0200: 63884.548: Total time for which application threads were stopped: 0.0026006 seconds, Stopping threads took: 0.0000822 seconds
2015-08-13T21:56:34.318-0200: 63884.557: Total time for which application threads were stopped: 0.0024796 seconds, Stopping threads took: 0.0001588 seconds
2015-08-13T21:57:04.326-0200: 63914.566: Total time for which application threads were stopped: 0.0004260 seconds, Stopping threads took: 0.0000358 seconds
2015-08-13T21:57:04.327-0200: 63914.566: Total time for which application threads were stopped: 0.0002257 seconds, Stopping threads took: 0.0000400 seconds
2015-08-13T22:02:04.588-0200: 64214.833: Total time for which application threads were stopped: 0.0065070 seconds, Stopping threads took: 0.0004029 seconds
2015-08-13T22:02:04.645-0200: 64214.890: Total time for which application threads were stopped: 0.0103894 seconds, Stopping threads took: 0.0038007 seconds
2015-08-13T22:02:04.646-0200: 64214.891: Total time for which application threads were stopped: 0.0005296 seconds, Stopping threads took: 0.0001854 seconds
2015-08-13T22:02:04.647-0200: 64214.892: Total time for which application threads were stopped: 0.0013950 seconds, Stopping threads took: 0.0000640 seconds
2015-08-13T22:02:04.648-0200: 64214.893: Total time for which application threads were stopped: 0.0002847 seconds, Stopping threads took: 0.0000512 seconds
2015-08-13T22:02:04.650-0200: 64214.895: Total time for which application threads were stopped: 0.0008888 seconds, Stopping threads took: 0.0000417 seconds
2015-08-13T22:02:34.669-0200: 64244.915: Total time for which application threads were stopped: 0.0005272 seconds, Stopping threads took: 0.0001331 seconds
2015-08-13T22:02:34.674-0200: 64244.920: Total time for which application threads were stopped: 0.0033952 seconds, Stopping threads took: 0.0029432 seconds
2015-08-13T22:02:34.675-0200: 64244.920: Total time for which application threads were stopped: 0.0003022 seconds, Stopping threads took: 0.0000508 seconds
2015-08-13T22:02:34.682-0200: 64244.928: Total time for which application threads were stopped: 0.0074608 seconds, Stopping threads took: 0.0071507 seconds
2015-08-13T22:07:34.942-0200: 64545.194: Total time for which application threads were stopped: 0.0144510 seconds, Stopping threads took: 0.0008544 seconds
2015-08-13T22:07:34.944-0200: 64545.196: Total time for which application threads were stopped: 0.0003902 seconds, Stopping threads took: 0.0000412 seconds
2015-08-13T22:07:34.963-0200: 64545.216: Total time for which application threads were stopped: 0.0072672 seconds, Stopping threads took: 0.0000898 seconds
2015-08-13T22:07:34.964-0200: 64545.217: Total time for which application threads were stopped: 0.0004574 seconds, Stopping threads took: 0.0000349 seconds
2015-08-13T22:07:34.966-0200: 64545.219: Total time for which application threads were stopped: 0.0004427 seconds, Stopping threads took: 0.0000407 seconds
2015-08-13T22:07:34.978-0200: 64545.230: Total time for which application threads were stopped: 0.0003859 seconds, Stopping threads took: 0.0000248 seconds
2015-08-13T22:08:04.981-0200: 64575.234: Total time for which application threads were stopped: 0.0004262 seconds, Stopping threads took: 0.0000240 seconds
2015-08-13T22:08:04.982-0200: 64575.235: Total time for which application threads were stopped: 0.0001787 seconds, Stopping threads took: 0.0000150 seconds
2015-08-13T22:08:05.988-0200: 64576.241: Total time for which application threads were stopped: 0.0003999 seconds, Stopping threads took: 0.0000423 seconds
2015-08-13T22:13:05.179-0200: 64875.439: Total time for which application threads were stopped: 0.0046084 seconds, Stopping threads took: 0.0004051 seconds
2015-08-13T22:13:05.180-0200: 64875.440: Total time for which application threads were stopped: 0.0004514 seconds, Stopping threads took: 0.0001516 seconds
2015-08-13T22:13:05.194-0200: 64875.454: Total time for which application threads were stopped: 0.0015212 seconds, Stopping threads took: 0.0008683 seconds
2015-08-13T22:13:05.200-0200: 64875.460: Total time for which application threads were stopped: 0.0059628 seconds, Stopping threads took: 0.0019417 seconds
2015-08-13T22:13:05.205-0200: 64875.465: Total time for which application threads were stopped: 0.0029077 seconds, Stopping threads took: 0.0025473 seconds
2015-08-13T22:13:05.205-0200: 64875.466: Total time for which application threads were stopped: 0.0002775 seconds, Stopping threads took: 0.0001036 seconds
2015-08-13T22:13:05.254-0200: 64875.514: Total time for which application threads were stopped: 0.0004731 seconds, Stopping threads took: 0.0000251 seconds
2015-08-13T22:13:35.215-0200: 64905.475: Total time for which application threads were stopped: 0.0003364 seconds, Stopping threads took: 0.0000244 seconds
2015-08-13T22:13:35.218-0200: 64905.479: Total time for which application threads were stopped: 0.0031153 seconds, Stopping threads took: 0.0028679 seconds
2015-08-13T22:13:35.218-0200: 64905.479: Total time for which application threads were stopped: 0.0002530 seconds, Stopping threads took: 0.0000616 seconds
2015-08-13T22:18:35.434-0200: 65205.701: Total time for which application threads were stopped: 0.0109586 seconds, Stopping threads took: 0.0008871 seconds
2015-08-13T22:18:35.439-0200: 65205.707: Total time for which application threads were stopped: 0.0049852 seconds, Stopping threads took: 0.0003044 seconds
2015-08-13T22:18:35.460-0200: 65205.728: Total time for which application threads were stopped: 0.0043806 seconds, Stopping threads took: 0.0024933 seconds
2015-08-13T22:18:35.463-0200: 65205.730: Total time for which application threads were stopped: 0.0018421 seconds, Stopping threads took: 0.0014924 seconds
2015-08-13T22:18:35.463-0200: 65205.731: Total time for which application threads were stopped: 0.0002932 seconds, Stopping threads took: 0.0000320 seconds
2015-08-13T22:18:35.468-0200: 65205.735: Total time for which application threads were stopped: 0.0027138 seconds, Stopping threads took: 0.0023940 seconds
2015-08-13T22:18:35.468-0200: 65205.736: Total time for which application threads were stopped: 0.0002418 seconds, Stopping threads took: 0.0001097 seconds
2015-08-13T22:18:35.501-0200: 65205.768: Total time for which application threads were stopped: 0.0004372 seconds, Stopping threads took: 0.0000514 seconds
2015-08-13T22:19:05.479-0200: 65235.747: Total time for which application threads were stopped: 0.0005738 seconds, Stopping threads took: 0.0000292 seconds
2015-08-13T22:19:05.482-0200: 65235.750: Total time for which application threads were stopped: 0.0020768 seconds, Stopping threads took: 0.0018046 seconds
2015-08-13T22:19:05.482-0200: 65235.750: Total time for which application threads were stopped: 0.0002467 seconds, Stopping threads took: 0.0000825 seconds
2015-08-13T22:24:05.676-0200: 65535.952: Total time for which application threads were stopped: 0.0060615 seconds, Stopping threads took: 0.0004564 seconds
2015-08-13T22:24:05.692-0200: 65535.967: Total time for which application threads were stopped: 0.0005239 seconds, Stopping threads took: 0.0000816 seconds
2015-08-13T22:24:05.698-0200: 65535.974: Total time for which application threads were stopped: 0.0059559 seconds, Stopping threads took: 0.0053476 seconds
2015-08-13T22:24:05.704-0200: 65535.979: Total time for which application threads were stopped: 0.0054555 seconds, Stopping threads took: 0.0051554 seconds
2015-08-13T22:24:05.706-0200: 65535.982: Total time for which application threads were stopped: 0.0024191 seconds, Stopping threads took: 0.0010337 seconds
2015-08-13T22:24:05.729-0200: 65536.005: Total time for which application threads were stopped: 0.0004148 seconds, Stopping threads took: 0.0000863 seconds
2015-08-13T22:24:35.724-0200: 65566.000: Total time for which application threads were stopped: 0.0019822 seconds, Stopping threads took: 0.0001009 seconds
2015-08-13T22:24:35.725-0200: 65566.001: Total time for which application threads were stopped: 0.0008145 seconds, Stopping threads took: 0.0000212 seconds
2015-08-13T22:24:35.726-0200: 65566.002: Total time for which application threads were stopped: 0.0004546 seconds, Stopping threads took: 0.0000151 seconds
2015-08-13T22:29:35.911-0200: 65866.194: Total time for which application threads were stopped: 0.0092322 seconds, Stopping threads took: 0.0052342 seconds
2015-08-13T22:29:35.931-0200: 65866.213: Total time for which application threads were stopped: 0.0008366 seconds, Stopping threads took: 0.0003529 seconds
2015-08-13T22:29:35.938-0200: 65866.220: Total time for which application threads were stopped: 0.0034419 seconds, Stopping threads took: 0.0029547 seconds
2015-08-13T22:29:35.939-0200: 65866.222: Total time for which application threads were stopped: 0.0004586 seconds, Stopping threads took: 0.0000253 seconds
2015-08-13T22:29:35.942-0200: 65866.224: Total time for which application threads were stopped: 0.0023860 seconds, Stopping threads took: 0.0018596 seconds
2015-08-13T22:29:35.943-0200: 65866.226: Total time for which application threads were stopped: 0.0004733 seconds, Stopping threads took: 0.0000456 seconds
2015-08-13T22:29:35.944-0200: 65866.227: Total time for which application threads were stopped: 0.0003657 seconds, Stopping threads took: 0.0001016 seconds
2015-08-13T22:29:35.969-0200: 65866.251: Total time for which application threads were stopped: 0.0099815 seconds, Stopping threads took: 0.0096081 seconds
2015-08-13T22:30:05.957-0200: 65896.240: Total time for which application threads were stopped: 0.0004915 seconds, Stopping threads took: 0.0000646 seconds
2015-08-13T22:30:05.958-0200: 65896.241: Total time for which application threads were stopped: 0.0004362 seconds, Stopping threads took: 0.0000995 seconds
2015-08-13T22:30:05.958-0200: 65896.242: Total time for which application threads were stopped: 0.0004316 seconds, Stopping threads took: 0.0001682 seconds
2015-08-13T22:30:05.959-0200: 65896.242: Total time for which application threads were stopped: 0.0002940 seconds, Stopping threads took: 0.0001072 seconds
2015-08-13T22:35:06.189-0200: 66196.479: Total time for which application threads were stopped: 0.0144847 seconds, Stopping threads took: 0.0009120 seconds
2015-08-13T22:35:06.198-0200: 66196.487: Total time for which application threads were stopped: 0.0004168 seconds, Stopping threads took: 0.0000444 seconds
2015-08-13T22:35:06.213-0200: 66196.502: Total time for which application threads were stopped: 0.0057245 seconds, Stopping threads took: 0.0051165 seconds
2015-08-13T22:35:06.217-0200: 66196.507: Total time for which application threads were stopped: 0.0038891 seconds, Stopping threads took: 0.0033170 seconds
2015-08-13T22:35:06.223-0200: 66196.513: Total time for which application threads were stopped: 0.0047984 seconds, Stopping threads took: 0.0041701 seconds
2015-08-13T22:35:06.224-0200: 66196.514: Total time for which application threads were stopped: 0.0006572 seconds, Stopping threads took: 0.0001092 seconds
2015-08-13T22:35:06.304-0200: 66196.593: Total time for which application threads were stopped: 0.0005123 seconds, Stopping threads took: 0.0000370 seconds
2015-08-13T22:35:36.232-0200: 66226.523: Total time for which application threads were stopped: 0.0004148 seconds, Stopping threads took: 0.0000231 seconds
2015-08-13T22:35:36.233-0200: 66226.523: Total time for which application threads were stopped: 0.0002271 seconds, Stopping threads took: 0.0000176 seconds
2015-08-13T22:40:36.418-0200: 66526.716: Total time for which application threads were stopped: 0.0060817 seconds, Stopping threads took: 0.0006212 seconds
2015-08-13T22:40:36.451-0200: 66526.748: Total time for which application threads were stopped: 0.0048278 seconds, Stopping threads took: 0.0038258 seconds
2015-08-13T22:40:36.453-0200: 66526.750: Total time for which application threads were stopped: 0.0008231 seconds, Stopping threads took: 0.0000621 seconds
2015-08-13T22:40:36.455-0200: 66526.753: Total time for which application threads were stopped: 0.0009089 seconds, Stopping threads took: 0.0000819 seconds
2015-08-13T22:40:36.460-0200: 66526.757: Total time for which application threads were stopped: 0.0040548 seconds, Stopping threads took: 0.0016262 seconds
2015-08-13T22:40:36.462-0200: 66526.760: Total time for which application threads were stopped: 0.0020129 seconds, Stopping threads took: 0.0016020 seconds
2015-08-13T22:40:36.490-0200: 66526.788: Total time for which application threads were stopped: 0.0085482 seconds, Stopping threads took: 0.0071012 seconds
2015-08-13T22:41:06.473-0200: 66556.771: Total time for which application threads were stopped: 0.0026380 seconds, Stopping threads took: 0.0019397 seconds
2015-08-13T22:41:06.473-0200: 66556.771: Total time for which application threads were stopped: 0.0002954 seconds, Stopping threads took: 0.0000781 seconds
2015-08-13T22:41:06.474-0200: 66556.772: Total time for which application threads were stopped: 0.0002987 seconds, Stopping threads took: 0.0001209 seconds
2015-08-13T22:41:06.474-0200: 66556.772: Total time for which application threads were stopped: 0.0002357 seconds, Stopping threads took: 0.0000843 seconds
2015-08-13T22:46:06.683-0200: 66856.988: Total time for which application threads were stopped: 0.0087434 seconds, Stopping threads took: 0.0033384 seconds
2015-08-13T22:46:06.689-0200: 66856.993: Total time for which application threads were stopped: 0.0051739 seconds, Stopping threads took: 0.0040826 seconds
2015-08-13T22:46:06.719-0200: 66857.024: Total time for which application threads were stopped: 0.0054304 seconds, Stopping threads took: 0.0009924 seconds
2015-08-13T22:46:06.723-0200: 66857.028: Total time for which application threads were stopped: 0.0037932 seconds, Stopping threads took: 0.0013571 seconds
2015-08-13T22:46:06.727-0200: 66857.032: Total time for which application threads were stopped: 0.0023568 seconds, Stopping threads took: 0.0019357 seconds
2015-08-13T22:46:06.734-0200: 66857.039: Total time for which application threads were stopped: 0.0005332 seconds, Stopping threads took: 0.0000743 seconds
2015-08-13T22:46:06.735-0200: 66857.040: Total time for which application threads were stopped: 0.0004189 seconds, Stopping threads took: 0.0001159 seconds
2015-08-13T22:46:06.736-0200: 66857.040: Total time for which application threads were stopped: 0.0003798 seconds, Stopping threads took: 0.0000409 seconds
2015-08-13T22:46:06.747-0200: 66857.052: Total time for which application threads were stopped: 0.0023633 seconds, Stopping threads took: 0.0003145 seconds
2015-08-13T22:46:07.344-0200: 66857.649: Total time for which application threads were stopped: 0.0003813 seconds, Stopping threads took: 0.0000194 seconds
2015-08-13T22:46:07.344-0200: 66857.649: Total time for which application threads were stopped: 0.0001274 seconds, Stopping threads took: 0.0000104 seconds
2015-08-13T22:46:07.753-0200: 66858.058: Total time for which application threads were stopped: 0.0003213 seconds, Stopping threads took: 0.0000253 seconds
2015-08-13T22:46:07.753-0200: 66858.058: Total time for which application threads were stopped: 0.0001724 seconds, Stopping threads took: 0.0000131 seconds
2015-08-13T22:51:07.538-0200: 67157.850: Total time for which application threads were stopped: 0.0045360 seconds, Stopping threads took: 0.0005361 seconds
2015-08-13T22:51:07.567-0200: 67157.879: Total time for which application threads were stopped: 0.0005518 seconds, Stopping threads took: 0.0000292 seconds
2015-08-13T22:51:07.568-0200: 67157.880: Total time for which application threads were stopped: 0.0005023 seconds, Stopping threads took: 0.0000154 seconds
2015-08-13T22:51:07.571-0200: 67157.883: Total time for which application threads were stopped: 0.0004195 seconds, Stopping threads took: 0.0000375 seconds
2015-08-13T22:51:07.585-0200: 67157.897: Total time for which application threads were stopped: 0.0005783 seconds, Stopping threads took: 0.0001559 seconds
2015-08-13T22:51:07.641-0200: 67157.953: Total time for which application threads were stopped: 0.0003715 seconds, Stopping threads took: 0.0000225 seconds
2015-08-13T22:51:07.643-0200: 67157.955: Total time for which application threads were stopped: 0.0002496 seconds, Stopping threads took: 0.0000251 seconds
2015-08-13T22:51:07.937-0200: 67158.249: Total time for which application threads were stopped: 0.0003525 seconds, Stopping threads took: 0.0000438 seconds
2015-08-13T22:51:07.951-0200: 67158.263: Total time for which application threads were stopped: 0.0121291 seconds, Stopping threads took: 0.0087376 seconds
2015-08-13T22:51:07.952-0200: 67158.264: Total time for which application threads were stopped: 0.0006627 seconds, Stopping threads took: 0.0002528 seconds
2015-08-13T22:51:07.952-0200: 67158.265: Total time for which application threads were stopped: 0.0004073 seconds, Stopping threads took: 0.0001098 seconds
2015-08-13T22:51:07.958-0200: 67158.270: Total time for which application threads were stopped: 0.0002569 seconds, Stopping threads took: 0.0000182 seconds
2015-08-13T22:51:07.958-0200: 67158.271: Total time for which application threads were stopped: 0.0001942 seconds, Stopping threads took: 0.0000162 seconds
2015-08-13T22:56:07.798-0200: 67458.121: Total time for which application threads were stopped: 0.0053321 seconds, Stopping threads took: 0.0005724 seconds
2015-08-13T22:56:07.819-0200: 67458.141: Total time for which application threads were stopped: 0.0044359 seconds, Stopping threads took: 0.0001723 seconds
2015-08-13T22:56:07.823-0200: 67458.145: Total time for which application threads were stopped: 0.0035675 seconds, Stopping threads took: 0.0000334 seconds
2015-08-13T22:56:07.825-0200: 67458.147: Total time for which application threads were stopped: 0.0003929 seconds, Stopping threads took: 0.0000192 seconds
2015-08-13T22:56:07.838-0200: 67458.160: Total time for which application threads were stopped: 0.0007980 seconds, Stopping threads took: 0.0000480 seconds
2015-08-13T22:56:08.124-0200: 67458.446: Total time for which application threads were stopped: 0.0003929 seconds, Stopping threads took: 0.0000260 seconds
2015-08-13T22:56:08.127-0200: 67458.449: Total time for which application threads were stopped: 0.0016464 seconds, Stopping threads took: 0.0011484 seconds
2015-08-13T22:56:08.128-0200: 67458.450: Total time for which application threads were stopped: 0.0003510 seconds, Stopping threads took: 0.0000859 seconds
2015-08-13T22:56:08.128-0200: 67458.450: Total time for which application threads were stopped: 0.0003361 seconds, Stopping threads took: 0.0000331 seconds
2015-08-13T22:56:09.461-0200: 67459.783: Total time for which application threads were stopped: 0.0003857 seconds, Stopping threads took: 0.0000246 seconds
2015-08-13T22:56:09.462-0200: 67459.784: Total time for which application threads were stopped: 0.0001847 seconds, Stopping threads took: 0.0000143 seconds
2015-08-13T22:56:09.861-0200: 67460.183: Total time for which application threads were stopped: 0.0003798 seconds, Stopping threads took: 0.0000746 seconds
2015-08-13T22:56:09.862-0200: 67460.184: Total time for which application threads were stopped: 0.0001897 seconds, Stopping threads took: 0.0000168 seconds
2015-08-13T22:56:09.862-0200: 67460.184: Total time for which application threads were stopped: 0.0001222 seconds, Stopping threads took: 0.0000096 seconds
2015-08-13T23:01:09.749-0200: 67760.081: Total time for which application threads were stopped: 0.0833119 seconds, Stopping threads took: 0.0020049 seconds
2015-08-13T23:01:09.839-0200: 67760.171: Total time for which application threads were stopped: 0.0237172 seconds, Stopping threads took: 0.0222912 seconds
2015-08-13T23:01:09.889-0200: 67760.221: Total time for which application threads were stopped: 0.0011287 seconds, Stopping threads took: 0.0001093 seconds
2015-08-13T23:01:09.891-0200: 67760.223: Total time for which application threads were stopped: 0.0016622 seconds, Stopping threads took: 0.0001085 seconds
2015-08-13T23:01:09.925-0200: 67760.257: Total time for which application threads were stopped: 0.0291545 seconds, Stopping threads took: 0.0000590 seconds
2015-08-13T23:01:10.007-0200: 67760.339: Total time for which application threads were stopped: 0.0011845 seconds, Stopping threads took: 0.0000709 seconds
2015-08-13T23:01:10.028-0200: 67760.360: Total time for which application threads were stopped: 0.0163086 seconds, Stopping threads took: 0.0152767 seconds
2015-08-13T23:01:10.029-0200: 67760.361: Total time for which application threads were stopped: 0.0007728 seconds, Stopping threads took: 0.0001103 seconds
2015-08-13T23:01:10.031-0200: 67760.363: Total time for which application threads were stopped: 0.0008674 seconds, Stopping threads took: 0.0001190 seconds
2015-08-13T23:01:10.539-0200: 67760.871: Total time for which application threads were stopped: 0.0030628 seconds, Stopping threads took: 0.0000629 seconds
2015-08-13T23:01:10.541-0200: 67760.873: Total time for which application threads were stopped: 0.0006492 seconds, Stopping threads took: 0.0000421 seconds
2015-08-13T23:01:10.994-0200: 67761.326: Total time for which application threads were stopped: 0.0007321 seconds, Stopping threads took: 0.0000645 seconds
2015-08-13T23:01:10.995-0200: 67761.327: Total time for which application threads were stopped: 0.0006163 seconds, Stopping threads took: 0.0000433 seconds
2015-08-13T23:06:10.731-0200: 68061.072: Total time for which application threads were stopped: 0.0047956 seconds, Stopping threads took: 0.0004123 seconds
2015-08-13T23:06:10.750-0200: 68061.091: Total time for which application threads were stopped: 0.0007026 seconds, Stopping threads took: 0.0000600 seconds
2015-08-13T23:06:10.751-0200: 68061.092: Total time for which application threads were stopped: 0.0006470 seconds, Stopping threads took: 0.0000451 seconds
2015-08-13T23:06:10.753-0200: 68061.094: Total time for which application threads were stopped: 0.0005676 seconds, Stopping threads took: 0.0000248 seconds
2015-08-13T23:06:10.799-0200: 68061.140: Total time for which application threads were stopped: 0.0006515 seconds, Stopping threads took: 0.0000311 seconds
2015-08-13T23:06:11.147-0200: 68061.488: Total time for which application threads were stopped: 0.0007174 seconds, Stopping threads took: 0.0000578 seconds
2015-08-13T23:06:11.150-0200: 68061.491: Total time for which application threads were stopped: 0.0015620 seconds, Stopping threads took: 0.0010307 seconds
2015-08-13T23:06:11.153-0200: 68061.494: Total time for which application threads were stopped: 0.0033463 seconds, Stopping threads took: 0.0027864 seconds
2015-08-13T23:06:11.154-0200: 68061.495: Total time for which application threads were stopped: 0.0007715 seconds, Stopping threads took: 0.0000844 seconds
2015-08-13T23:06:11.893-0200: 68062.234: Total time for which application threads were stopped: 0.0003987 seconds, Stopping threads took: 0.0000227 seconds
2015-08-13T23:06:11.893-0200: 68062.234: Total time for which application threads were stopped: 0.0002134 seconds, Stopping threads took: 0.0000251 seconds
2015-08-13T23:06:13.107-0200: 68063.448: Total time for which application threads were stopped: 0.0007431 seconds, Stopping threads took: 0.0000399 seconds
2015-08-13T23:06:13.107-0200: 68063.448: Total time for which application threads were stopped: 0.0004663 seconds, Stopping threads took: 0.0000242 seconds
2015-08-13T23:11:12.086-0200: 68362.435: Total time for which application threads were stopped: 0.0045579 seconds, Stopping threads took: 0.0006671 seconds
2015-08-13T23:11:12.104-0200: 68362.453: Total time for which application threads were stopped: 0.0008082 seconds, Stopping threads took: 0.0000544 seconds
2015-08-13T23:11:12.105-0200: 68362.454: Total time for which application threads were stopped: 0.0307806 seconds, Stopping threads took: 0.0000217 seconds
2015-08-13T23:11:12.137-0200: 68362.486: Total time for which application threads were stopped: 0.0004296 seconds, Stopping threads took: 0.0000293 seconds
2015-08-13T23:11:12.164-0200: 68362.514: Total time for which application threads were stopped: 0.0004872 seconds, Stopping threads took: 0.0000289 seconds
2015-08-13T23:11:13.154-0200: 68363.503: Total time for which application threads were stopped: 0.0003529 seconds, Stopping threads took: 0.0000257 seconds
2015-08-13T23:11:13.154-0200: 68363.504: Total time for which application threads were stopped: 0.0001660 seconds, Stopping threads took: 0.0000139 seconds
2015-08-13T23:11:13.276-0200: 68363.625: Total time for which application threads were stopped: 0.0008831 seconds, Stopping threads took: 0.0000253 seconds
2015-08-13T23:11:13.278-0200: 68363.627: Total time for which application threads were stopped: 0.0003381 seconds, Stopping threads took: 0.0000540 seconds
2015-08-13T23:11:13.278-0200: 68363.628: Total time for which application threads were stopped: 0.0005198 seconds, Stopping threads took: 0.0001739 seconds
2015-08-13T23:11:13.279-0200: 68363.628: Total time for which application threads were stopped: 0.0004591 seconds, Stopping threads took: 0.0000534 seconds
2015-08-13T23:11:13.283-0200: 68363.633: Total time for which application threads were stopped: 0.0005898 seconds, Stopping threads took: 0.0000547 seconds
2015-08-13T23:11:13.286-0200: 68363.636: Total time for which application threads were stopped: 0.0003336 seconds, Stopping threads took: 0.0000859 seconds
2015-08-13T23:16:13.352-0200: 68663.710: Total time for which application threads were stopped: 0.0193667 seconds, Stopping threads took: 0.0102478 seconds
2015-08-13T23:16:13.355-0200: 68663.713: Total time for which application threads were stopped: 0.0027586 seconds, Stopping threads took: 0.0003729 seconds
2015-08-13T23:16:13.366-0200: 68663.725: Total time for which application threads were stopped: 0.0006287 seconds, Stopping threads took: 0.0001047 seconds
2015-08-13T23:16:13.403-0200: 68663.762: Total time for which application threads were stopped: 0.0004232 seconds, Stopping threads took: 0.0000262 seconds
2015-08-13T23:16:13.443-0200: 68663.802: Total time for which application threads were stopped: 0.0020404 seconds, Stopping threads took: 0.0015862 seconds
2015-08-13T23:16:13.449-0200: 68663.807: Total time for which application threads were stopped: 0.0003834 seconds, Stopping threads took: 0.0000398 seconds
2015-08-13T23:16:13.449-0200: 68663.807: Total time for which application threads were stopped: 0.0002251 seconds, Stopping threads took: 0.0000322 seconds
2015-08-13T23:16:13.450-0200: 68663.808: Total time for which application threads were stopped: 0.0002142 seconds, Stopping threads took: 0.0000292 seconds
2015-08-13T23:16:43.378-0200: 68693.737: Total time for which application threads were stopped: 0.0004264 seconds, Stopping threads took: 0.0000219 seconds
2015-08-13T23:16:43.380-0200: 68693.739: Total time for which application threads were stopped: 0.0011002 seconds, Stopping threads took: 0.0000554 seconds
2015-08-13T23:16:43.454-0200: 68693.813: Total time for which application threads were stopped: 0.0017398 seconds, Stopping threads took: 0.0000339 seconds
2015-08-13T23:16:43.455-0200: 68693.814: Total time for which application threads were stopped: 0.0006227 seconds, Stopping threads took: 0.0000190 seconds
2015-08-13T23:16:43.455-0200: 68693.815: Total time for which application threads were stopped: 0.0002198 seconds, Stopping threads took: 0.0000159 seconds
2015-08-13T23:21:43.577-0200: 68993.945: Total time for which application threads were stopped: 0.0056855 seconds, Stopping threads took: 0.0005419 seconds
2015-08-13T23:21:43.604-0200: 68993.972: Total time for which application threads were stopped: 0.0007351 seconds, Stopping threads took: 0.0000483 seconds
2015-08-13T23:21:43.605-0200: 68993.973: Total time for which application threads were stopped: 0.0006352 seconds, Stopping threads took: 0.0001407 seconds
2015-08-13T23:21:43.607-0200: 68993.975: Total time for which application threads were stopped: 0.0004379 seconds, Stopping threads took: 0.0000257 seconds
2015-08-13T23:21:43.613-0200: 68993.982: Total time for which application threads were stopped: 0.0003939 seconds, Stopping threads took: 0.0001083 seconds
2015-08-13T23:21:43.617-0200: 68993.985: Total time for which application threads were stopped: 0.0020314 seconds, Stopping threads took: 0.0004216 seconds
2015-08-13T23:21:43.619-0200: 68993.987: Total time for which application threads were stopped: 0.0007537 seconds, Stopping threads took: 0.0000324 seconds
2015-08-13T23:21:43.620-0200: 68993.988: Total time for which application threads were stopped: 0.0008504 seconds, Stopping threads took: 0.0000732 seconds
2015-08-13T23:22:13.616-0200: 69023.985: Total time for which application threads were stopped: 0.0004504 seconds, Stopping threads took: 0.0000362 seconds
2015-08-13T23:22:13.616-0200: 69023.986: Total time for which application threads were stopped: 0.0002942 seconds, Stopping threads took: 0.0000168 seconds
2015-08-13T23:22:13.626-0200: 69023.995: Total time for which application threads were stopped: 0.0003444 seconds, Stopping threads took: 0.0000254 seconds
2015-08-13T23:22:13.626-0200: 69023.995: Total time for which application threads were stopped: 0.0002204 seconds, Stopping threads took: 0.0000154 seconds
2015-08-13T23:27:13.826-0200: 69324.204: Total time for which application threads were stopped: 0.0075585 seconds, Stopping threads took: 0.0006601 seconds
2015-08-13T23:27:13.827-0200: 69324.205: Total time for which application threads were stopped: 0.0003925 seconds, Stopping threads took: 0.0000739 seconds
2015-08-13T23:27:13.853-0200: 69324.231: Total time for which application threads were stopped: 0.0004229 seconds, Stopping threads took: 0.0000641 seconds
2015-08-13T23:27:13.854-0200: 69324.232: Total time for which application threads were stopped: 0.0006634 seconds, Stopping threads took: 0.0001433 seconds
2015-08-13T23:27:13.857-0200: 69324.235: Total time for which application threads were stopped: 0.0006488 seconds, Stopping threads took: 0.0000507 seconds
2015-08-13T23:27:13.864-0200: 69324.241: Total time for which application threads were stopped: 0.0004936 seconds, Stopping threads took: 0.0000409 seconds
2015-08-13T23:27:13.961-0200: 69324.339: Total time for which application threads were stopped: 0.0006067 seconds, Stopping threads took: 0.0000334 seconds
2015-08-13T23:27:13.962-0200: 69324.339: Total time for which application threads were stopped: 0.0003060 seconds, Stopping threads took: 0.0000198 seconds
2015-08-13T23:32:14.161-0200: 69624.548: Total time for which application threads were stopped: 0.0074673 seconds, Stopping threads took: 0.0006937 seconds
2015-08-13T23:32:14.206-0200: 69624.593: Total time for which application threads were stopped: 0.0115410 seconds, Stopping threads took: 0.0106223 seconds
2015-08-13T23:32:14.207-0200: 69624.594: Total time for which application threads were stopped: 0.0006176 seconds, Stopping threads took: 0.0001269 seconds
2015-08-13T23:32:14.209-0200: 69624.596: Total time for which application threads were stopped: 0.0009141 seconds, Stopping threads took: 0.0003730 seconds
2015-08-13T23:32:14.212-0200: 69624.599: Total time for which application threads were stopped: 0.0026571 seconds, Stopping threads took: 0.0019974 seconds
2015-08-13T23:32:14.223-0200: 69624.610: Total time for which application threads were stopped: 0.0006304 seconds, Stopping threads took: 0.0000624 seconds
2015-08-13T23:32:14.247-0200: 69624.634: Total time for which application threads were stopped: 0.0008695 seconds, Stopping threads took: 0.0001833 seconds
2015-08-13T23:32:22.448-0200: 69632.835: Total time for which application threads were stopped: 0.0005912 seconds, Stopping threads took: 0.0000369 seconds
2015-08-13T23:32:22.448-0200: 69632.836: Total time for which application threads were stopped: 0.0003296 seconds, Stopping threads took: 0.0000218 seconds
2015-08-13T23:32:25.755-0200: 69636.142: Total time for which application threads were stopped: 0.0003098 seconds, Stopping threads took: 0.0000248 seconds
2015-08-13T23:32:25.755-0200: 69636.142: Total time for which application threads were stopped: 0.0001782 seconds, Stopping threads took: 0.0000177 seconds
2015-08-13T23:37:22.639-0200: 69933.035: Total time for which application threads were stopped: 0.0108935 seconds, Stopping threads took: 0.0009111 seconds
2015-08-13T23:37:22.665-0200: 69933.060: Total time for which application threads were stopped: 0.0008361 seconds, Stopping threads took: 0.0000640 seconds
2015-08-13T23:37:22.666-0200: 69933.062: Total time for which application threads were stopped: 0.0007455 seconds, Stopping threads took: 0.0001402 seconds
2015-08-13T23:37:22.676-0200: 69933.072: Total time for which application threads were stopped: 0.0011380 seconds, Stopping threads took: 0.0004316 seconds
2015-08-13T23:37:22.715-0200: 69933.111: Total time for which application threads were stopped: 0.0064775 seconds, Stopping threads took: 0.0057169 seconds
2015-08-13T23:37:25.930-0200: 69936.326: Total time for which application threads were stopped: 0.0005363 seconds, Stopping threads took: 0.0000368 seconds
2015-08-13T23:37:25.933-0200: 69936.329: Total time for which application threads were stopped: 0.0008531 seconds, Stopping threads took: 0.0000734 seconds
2015-08-13T23:37:25.934-0200: 69936.330: Total time for which application threads were stopped: 0.0004255 seconds, Stopping threads took: 0.0000268 seconds
2015-08-13T23:37:25.935-0200: 69936.330: Total time for which application threads were stopped: 0.0003742 seconds, Stopping threads took: 0.0000240 seconds
2015-08-13T23:37:27.927-0200: 69938.323: Total time for which application threads were stopped: 0.0012802 seconds, Stopping threads took: 0.0007439 seconds
2015-08-13T23:37:27.928-0200: 69938.324: Total time for which application threads were stopped: 0.0005807 seconds, Stopping threads took: 0.0002187 seconds
2015-08-13T23:37:27.998-0200: 69938.394: Total time for which application threads were stopped: 0.0004194 seconds, Stopping threads took: 0.0000323 seconds
2015-08-13T23:37:27.999-0200: 69938.395: Total time for which application threads were stopped: 0.0002938 seconds, Stopping threads took: 0.0000237 seconds
2015-08-13T23:42:28.136-0200: 70238.540: Total time for which application threads were stopped: 0.0088109 seconds, Stopping threads took: 0.0007866 seconds
2015-08-13T23:42:28.171-0200: 70238.576: Total time for which application threads were stopped: 0.0035984 seconds, Stopping threads took: 0.0013442 seconds
2015-08-13T23:42:28.184-0200: 70238.588: Total time for which application threads were stopped: 0.0055715 seconds, Stopping threads took: 0.0002633 seconds
2015-08-13T23:42:28.200-0200: 70238.604: Total time for which application threads were stopped: 0.0044899 seconds, Stopping threads took: 0.0037636 seconds
2015-08-13T23:42:28.205-0200: 70238.610: Total time for which application threads were stopped: 0.0009906 seconds, Stopping threads took: 0.0003011 seconds
2015-08-13T23:42:28.209-0200: 70238.614: Total time for which application threads were stopped: 0.0005938 seconds, Stopping threads took: 0.0000377 seconds
2015-08-13T23:42:28.210-0200: 70238.615: Total time for which application threads were stopped: 0.0004856 seconds, Stopping threads took: 0.0000618 seconds
2015-08-13T23:42:28.259-0200: 70238.664: Total time for which application threads were stopped: 0.0006029 seconds, Stopping threads took: 0.0000662 seconds
2015-08-13T23:42:58.227-0200: 70268.632: Total time for which application threads were stopped: 0.0023424 seconds, Stopping threads took: 0.0017824 seconds
2015-08-13T23:42:58.228-0200: 70268.633: Total time for which application threads were stopped: 0.0003064 seconds, Stopping threads took: 0.0000199 seconds
2015-08-13T23:42:58.229-0200: 70268.634: Total time for which application threads were stopped: 0.0006178 seconds, Stopping threads took: 0.0000695 seconds
2015-08-13T23:47:58.459-0200: 70568.874: Total time for which application threads were stopped: 0.0087438 seconds, Stopping threads took: 0.0005498 seconds
2015-08-13T23:47:58.460-0200: 70568.874: Total time for which application threads were stopped: 0.0003306 seconds, Stopping threads took: 0.0000584 seconds
2015-08-13T23:47:58.490-0200: 70568.905: Total time for which application threads were stopped: 0.0049685 seconds, Stopping threads took: 0.0016712 seconds
2015-08-13T23:47:58.506-0200: 70568.921: Total time for which application threads were stopped: 0.0146870 seconds, Stopping threads took: 0.0127020 seconds
2015-08-13T23:47:58.527-0200: 70568.942: Total time for which application threads were stopped: 0.0178353 seconds, Stopping threads took: 0.0128175 seconds
2015-08-13T23:47:58.534-0200: 70568.949: Total time for which application threads were stopped: 0.0065965 seconds, Stopping threads took: 0.0000327 seconds
2015-08-13T23:47:58.537-0200: 70568.952: Total time for which application threads were stopped: 0.0006839 seconds, Stopping threads took: 0.0001488 seconds
2015-08-13T23:47:58.562-0200: 70568.977: Total time for which application threads were stopped: 0.0007415 seconds, Stopping threads took: 0.0001220 seconds
2015-08-13T23:47:58.640-0200: 70569.055: Total time for which application threads were stopped: 0.0005904 seconds, Stopping threads took: 0.0000620 seconds
2015-08-13T23:47:58.650-0200: 70569.065: Total time for which application threads were stopped: 0.0084669 seconds, Stopping threads took: 0.0046971 seconds
2015-08-13T23:47:58.652-0200: 70569.067: Total time for which application threads were stopped: 0.0012665 seconds, Stopping threads took: 0.0005499 seconds
2015-08-13T23:47:58.654-0200: 70569.068: Total time for which application threads were stopped: 0.0014911 seconds, Stopping threads took: 0.0003724 seconds
2015-08-13T23:52:58.859-0200: 70869.283: Total time for which application threads were stopped: 0.0138868 seconds, Stopping threads took: 0.0006593 seconds
2015-08-13T23:52:58.897-0200: 70869.321: Total time for which application threads were stopped: 0.0145343 seconds, Stopping threads took: 0.0011479 seconds
2015-08-13T23:52:58.898-0200: 70869.322: Total time for which application threads were stopped: 0.0007392 seconds, Stopping threads took: 0.0000603 seconds
2015-08-13T23:52:58.901-0200: 70869.325: Total time for which application threads were stopped: 0.0012592 seconds, Stopping threads took: 0.0000510 seconds
2015-08-13T23:52:58.927-0200: 70869.351: Total time for which application threads were stopped: 0.0071770 seconds, Stopping threads took: 0.0026844 seconds
2015-08-13T23:53:00.931-0200: 70871.355: Total time for which application threads were stopped: 0.0004001 seconds, Stopping threads took: 0.0000224 seconds
2015-08-13T23:53:00.932-0200: 70871.356: Total time for which application threads were stopped: 0.0002136 seconds, Stopping threads took: 0.0000132 seconds
2015-08-13T23:53:00.964-0200: 70871.388: Total time for which application threads were stopped: 0.0003202 seconds, Stopping threads took: 0.0000253 seconds
2015-08-13T23:53:00.964-0200: 70871.389: Total time for which application threads were stopped: 0.0004572 seconds, Stopping threads took: 0.0002956 seconds
2015-08-13T23:58:01.129-0200: 71171.563: Total time for which application threads were stopped: 0.0075568 seconds, Stopping threads took: 0.0004155 seconds
2015-08-13T23:58:01.153-0200: 71171.586: Total time for which application threads were stopped: 0.0023864 seconds, Stopping threads took: 0.0020890 seconds
2015-08-13T23:58:01.163-0200: 71171.596: Total time for which application threads were stopped: 0.0042731 seconds, Stopping threads took: 0.0036353 seconds
2015-08-13T23:58:01.166-0200: 71171.599: Total time for which application threads were stopped: 0.0019942 seconds, Stopping threads took: 0.0016020 seconds
2015-08-13T23:58:01.171-0200: 71171.604: Total time for which application threads were stopped: 0.0006016 seconds, Stopping threads took: 0.0000500 seconds
2015-08-13T23:58:01.180-0200: 71171.614: Total time for which application threads were stopped: 0.0052487 seconds, Stopping threads took: 0.0035836 seconds
2015-08-13T23:58:01.184-0200: 71171.617: Total time for which application threads were stopped: 0.0005207 seconds, Stopping threads took: 0.0000619 seconds
2015-08-13T23:58:01.198-0200: 71171.631: Total time for which application threads were stopped: 0.0005411 seconds, Stopping threads took: 0.0001093 seconds
2015-08-13T23:58:03.322-0200: 71173.755: Total time for which application threads were stopped: 0.0005874 seconds, Stopping threads took: 0.0000364 seconds
2015-08-13T23:58:03.323-0200: 71173.756: Total time for which application threads were stopped: 0.0003697 seconds, Stopping threads took: 0.0000240 seconds
2015-08-13T23:58:49.442-0200: 71219.877: Total time for which application threads were stopped: 0.0053055 seconds, Stopping threads took: 0.0006386 seconds
2015-08-13T23:58:57.467-0200: 71227.902: Total time for which application threads were stopped: 0.0005625 seconds, Stopping threads took: 0.0000636 seconds
2015-08-14T00:03:03.514-0200: 71473.957: Total time for which application threads were stopped: 0.0084602 seconds, Stopping threads took: 0.0027707 seconds
2015-08-14T00:03:03.515-0200: 71473.958: Total time for which application threads were stopped: 0.0005227 seconds, Stopping threads took: 0.0001385 seconds
2015-08-14T00:03:03.527-0200: 71473.969: Total time for which application threads were stopped: 0.0005123 seconds, Stopping threads took: 0.0000609 seconds
2015-08-14T00:03:03.530-0200: 71473.973: Total time for which application threads were stopped: 0.0027253 seconds, Stopping threads took: 0.0020715 seconds
2015-08-14T00:03:03.533-0200: 71473.975: Total time for which application threads were stopped: 0.0013080 seconds, Stopping threads took: 0.0008360 seconds
2015-08-14T00:03:03.546-0200: 71473.988: Total time for which application threads were stopped: 0.0004410 seconds, Stopping threads took: 0.0000257 seconds
2015-08-14T00:03:04.622-0200: 71475.064: Total time for which application threads were stopped: 0.0004503 seconds, Stopping threads took: 0.0000245 seconds
2015-08-14T00:03:04.623-0200: 71475.065: Total time for which application threads were stopped: 0.0003185 seconds, Stopping threads took: 0.0000226 seconds
2015-08-14T00:03:05.642-0200: 71476.084: Total time for which application threads were stopped: 0.0004303 seconds, Stopping threads took: 0.0000300 seconds
2015-08-14T00:03:05.642-0200: 71476.085: Total time for which application threads were stopped: 0.0002164 seconds, Stopping threads took: 0.0000211 seconds
2015-08-14T00:08:04.820-0200: 71775.272: Total time for which application threads were stopped: 0.0067848 seconds, Stopping threads took: 0.0004762 seconds
2015-08-14T00:08:04.835-0200: 71775.286: Total time for which application threads were stopped: 0.0005264 seconds, Stopping threads took: 0.0000284 seconds
2015-08-14T00:08:04.835-0200: 71775.287: Total time for which application threads were stopped: 0.0003980 seconds, Stopping threads took: 0.0000170 seconds
2015-08-14T00:08:04.837-0200: 71775.289: Total time for which application threads were stopped: 0.0004494 seconds, Stopping threads took: 0.0000230 seconds
2015-08-14T00:08:04.924-0200: 71775.375: Total time for which application threads were stopped: 0.0062986 seconds, Stopping threads took: 0.0057474 seconds
2015-08-14T00:08:04.925-0200: 71775.376: Total time for which application threads were stopped: 0.0004316 seconds, Stopping threads took: 0.0000665 seconds
2015-08-14T00:08:04.969-0200: 71775.421: Total time for which application threads were stopped: 0.0242623 seconds, Stopping threads took: 0.0230121 seconds
2015-08-14T00:08:05.778-0200: 71776.230: Total time for which application threads were stopped: 0.0004324 seconds, Stopping threads took: 0.0000256 seconds
2015-08-14T00:08:05.779-0200: 71776.230: Total time for which application threads were stopped: 0.0001788 seconds, Stopping threads took: 0.0000132 seconds
2015-08-14T00:08:05.779-0200: 71776.230: Total time for which application threads were stopped: 0.0001381 seconds, Stopping threads took: 0.0000108 seconds
2015-08-14T00:08:05.805-0200: 71776.256: Total time for which application threads were stopped: 0.0005986 seconds, Stopping threads took: 0.0000289 seconds
2015-08-14T00:08:05.809-0200: 71776.261: Total time for which application threads were stopped: 0.0040202 seconds, Stopping threads took: 0.0035362 seconds
2015-08-14T00:08:05.812-0200: 71776.263: Total time for which application threads were stopped: 0.0024392 seconds, Stopping threads took: 0.0018860 seconds
2015-08-14T00:13:05.109-0200: 72075.571: Total time for which application threads were stopped: 0.0118094 seconds, Stopping threads took: 0.0006055 seconds
2015-08-14T00:13:05.153-0200: 72075.613: Total time for which application threads were stopped: 0.0050926 seconds, Stopping threads took: 0.0016505 seconds
2015-08-14T00:13:05.154-0200: 72075.614: Total time for which application threads were stopped: 0.0005125 seconds, Stopping threads took: 0.0000245 seconds
2015-08-14T00:13:05.157-0200: 72075.617: Total time for which application threads were stopped: 0.0006651 seconds, Stopping threads took: 0.0000314 seconds
2015-08-14T00:13:05.188-0200: 72075.648: Total time for which application threads were stopped: 0.0004664 seconds, Stopping threads took: 0.0000219 seconds
2015-08-14T00:13:05.287-0200: 72075.748: Total time for which application threads were stopped: 0.0006839 seconds, Stopping threads took: 0.0000263 seconds
2015-08-14T00:13:05.290-0200: 72075.750: Total time for which application threads were stopped: 0.0020995 seconds, Stopping threads took: 0.0018188 seconds
2015-08-14T00:13:05.993-0200: 72076.453: Total time for which application threads were stopped: 0.0004225 seconds, Stopping threads took: 0.0000277 seconds
2015-08-14T00:13:05.997-0200: 72076.457: Total time for which application threads were stopped: 0.0008647 seconds, Stopping threads took: 0.0001971 seconds
2015-08-14T00:13:05.998-0200: 72076.458: Total time for which application threads were stopped: 0.0003797 seconds, Stopping threads took: 0.0000395 seconds
2015-08-14T00:13:05.998-0200: 72076.458: Total time for which application threads were stopped: 0.0002417 seconds, Stopping threads took: 0.0000157 seconds
2015-08-14T00:13:06.709-0200: 72077.170: Total time for which application threads were stopped: 0.0002710 seconds, Stopping threads took: 0.0000243 seconds
2015-08-14T00:13:06.710-0200: 72077.170: Total time for which application threads were stopped: 0.0001722 seconds, Stopping threads took: 0.0000156 seconds
2015-08-14T00:18:05.474-0200: 72375.943: Total time for which application threads were stopped: 0.0068086 seconds, Stopping threads took: 0.0007170 seconds
2015-08-14T00:18:05.502-0200: 72375.971: Total time for which application threads were stopped: 0.0022425 seconds, Stopping threads took: 0.0016107 seconds
2015-08-14T00:18:05.510-0200: 72375.979: Total time for which application threads were stopped: 0.0074810 seconds, Stopping threads took: 0.0003389 seconds
2015-08-14T00:18:05.515-0200: 72375.983: Total time for which application threads were stopped: 0.0004402 seconds, Stopping threads took: 0.0000258 seconds
2015-08-14T00:18:05.529-0200: 72375.997: Total time for which application threads were stopped: 0.0003046 seconds, Stopping threads took: 0.0000199 seconds
2015-08-14T00:18:05.534-0200: 72376.002: Total time for which application threads were stopped: 0.0004241 seconds, Stopping threads took: 0.0000388 seconds
2015-08-14T00:18:05.566-0200: 72376.034: Total time for which application threads were stopped: 0.0004358 seconds, Stopping threads took: 0.0000248 seconds
2015-08-14T00:18:06.866-0200: 72377.334: Total time for which application threads were stopped: 0.0004985 seconds, Stopping threads took: 0.0000348 seconds
2015-08-14T00:18:06.868-0200: 72377.337: Total time for which application threads were stopped: 0.0007186 seconds, Stopping threads took: 0.0001644 seconds
2015-08-14T00:18:06.876-0200: 72377.344: Total time for which application threads were stopped: 0.0071854 seconds, Stopping threads took: 0.0047797 seconds
2015-08-14T00:18:06.883-0200: 72377.352: Total time for which application threads were stopped: 0.0065173 seconds, Stopping threads took: 0.0061898 seconds
2015-08-14T00:18:06.890-0200: 72377.358: Total time for which application threads were stopped: 0.0009054 seconds, Stopping threads took: 0.0006341 seconds
2015-08-14T00:18:06.890-0200: 72377.359: Total time for which application threads were stopped: 0.0001978 seconds, Stopping threads took: 0.0000551 seconds
2015-08-14T00:23:05.703-0200: 72676.181: Total time for which application threads were stopped: 0.0047553 seconds, Stopping threads took: 0.0004126 seconds
2015-08-14T00:23:05.728-0200: 72676.206: Total time for which application threads were stopped: 0.0009098 seconds, Stopping threads took: 0.0000366 seconds
2015-08-14T00:23:05.729-0200: 72676.206: Total time for which application threads were stopped: 0.0005625 seconds, Stopping threads took: 0.0000205 seconds
2015-08-14T00:23:05.732-0200: 72676.209: Total time for which application threads were stopped: 0.0008481 seconds, Stopping threads took: 0.0000468 seconds
2015-08-14T00:23:05.761-0200: 72676.238: Total time for which application threads were stopped: 0.0038385 seconds, Stopping threads took: 0.0000523 seconds
2015-08-14T00:23:05.796-0200: 72676.274: Total time for which application threads were stopped: 0.0080477 seconds, Stopping threads took: 0.0076701 seconds
2015-08-14T00:23:05.805-0200: 72676.283: Total time for which application threads were stopped: 0.0055715 seconds, Stopping threads took: 0.0053367 seconds
2015-08-14T00:23:07.082-0200: 72677.559: Total time for which application threads were stopped: 0.0002667 seconds, Stopping threads took: 0.0000321 seconds
2015-08-14T00:23:07.093-0200: 72677.571: Total time for which application threads were stopped: 0.0003984 seconds, Stopping threads took: 0.0000334 seconds
2015-08-14T00:23:07.094-0200: 72677.571: Total time for which application threads were stopped: 0.0003671 seconds, Stopping threads took: 0.0000193 seconds
2015-08-14T00:23:07.106-0200: 72677.584: Total time for which application threads were stopped: 0.0003918 seconds, Stopping threads took: 0.0000647 seconds
2015-08-14T00:23:07.318-0200: 72677.795: Total time for which application threads were stopped: 0.0002890 seconds, Stopping threads took: 0.0000363 seconds
2015-08-14T00:23:07.320-0200: 72677.797: Total time for which application threads were stopped: 0.0003208 seconds, Stopping threads took: 0.0000245 seconds
2015-08-14T00:28:06.028-0200: 72976.514: Total time for which application threads were stopped: 0.0151248 seconds, Stopping threads took: 0.0005976 seconds
2015-08-14T00:28:06.072-0200: 72976.558: Total time for which application threads were stopped: 0.0006421 seconds, Stopping threads took: 0.0000292 seconds
2015-08-14T00:28:06.073-0200: 72976.559: Total time for which application threads were stopped: 0.0003815 seconds, Stopping threads took: 0.0000218 seconds
2015-08-14T00:28:06.078-0200: 72976.564: Total time for which application threads were stopped: 0.0006422 seconds, Stopping threads took: 0.0000395 seconds
2015-08-14T00:28:06.125-0200: 72976.611: Total time for which application threads were stopped: 0.0049168 seconds, Stopping threads took: 0.0041724 seconds
2015-08-14T00:28:06.896-0200: 72977.382: Total time for which application threads were stopped: 0.0004485 seconds, Stopping threads took: 0.0000253 seconds
2015-08-14T00:28:06.897-0200: 72977.383: Total time for which application threads were stopped: 0.0003237 seconds, Stopping threads took: 0.0000224 seconds
2015-08-14T00:28:07.498-0200: 72977.984: Total time for which application threads were stopped: 0.0047028 seconds, Stopping threads took: 0.0041949 seconds
2015-08-14T00:28:07.525-0200: 72978.011: Total time for which application threads were stopped: 0.0153735 seconds, Stopping threads took: 0.0093520 seconds
2015-08-14T00:28:07.534-0200: 72978.020: Total time for which application threads were stopped: 0.0089449 seconds, Stopping threads took: 0.0083173 seconds
2015-08-14T00:28:07.540-0200: 72978.028: Total time for which application threads were stopped: 0.0027797 seconds, Stopping threads took: 0.0000703 seconds
2015-08-14T00:28:07.874-0200: 72978.361: Total time for which application threads were stopped: 0.0005026 seconds, Stopping threads took: 0.0000391 seconds
2015-08-14T00:28:07.882-0200: 72978.368: Total time for which application threads were stopped: 0.0004829 seconds, Stopping threads took: 0.0000312 seconds
2015-08-14T00:33:07.154-0200: 73277.650: Total time for which application threads were stopped: 0.0207134 seconds, Stopping threads took: 0.0005062 seconds
2015-08-14T00:33:07.184-0200: 73277.680: Total time for which application threads were stopped: 0.0006247 seconds, Stopping threads took: 0.0000256 seconds
2015-08-14T00:33:07.185-0200: 73277.680: Total time for which application threads were stopped: 0.0003280 seconds, Stopping threads took: 0.0000245 seconds
2015-08-14T00:33:07.188-0200: 73277.683: Total time for which application threads were stopped: 0.0006674 seconds, Stopping threads took: 0.0000293 seconds
2015-08-14T00:33:07.241-0200: 73277.736: Total time for which application threads were stopped: 0.0139569 seconds, Stopping threads took: 0.0000602 seconds
2015-08-14T00:33:07.907-0200: 73278.402: Total time for which application threads were stopped: 0.0003571 seconds, Stopping threads took: 0.0000238 seconds
2015-08-14T00:33:07.909-0200: 73278.404: Total time for which application threads were stopped: 0.0002530 seconds, Stopping threads took: 0.0000198 seconds
2015-08-14T00:33:08.069-0200: 73278.564: Total time for which application threads were stopped: 0.0002885 seconds, Stopping threads took: 0.0000258 seconds
2015-08-14T00:33:08.100-0200: 73278.595: Total time for which application threads were stopped: 0.0025730 seconds, Stopping threads took: 0.0018497 seconds
2015-08-14T00:33:08.102-0200: 73278.597: Total time for which application threads were stopped: 0.0023802 seconds, Stopping threads took: 0.0018075 seconds
2015-08-14T00:33:08.103-0200: 73278.598: Total time for which application threads were stopped: 0.0003303 seconds, Stopping threads took: 0.0000172 seconds
2015-08-14T00:33:08.110-0200: 73278.605: Total time for which application threads were stopped: 0.0013411 seconds, Stopping threads took: 0.0009570 seconds
2015-08-14T00:33:08.110-0200: 73278.606: Total time for which application threads were stopped: 0.0002627 seconds, Stopping threads took: 0.0000160 seconds
2015-08-14T00:33:09.112-0200: 73279.607: Total time for which application threads were stopped: 0.0003428 seconds, Stopping threads took: 0.0000290 seconds
2015-08-14T01:45:09.698-0200: 73399.583: Total time for which application threads were stopped: 0.1117998 seconds, Stopping threads took: 0.0325526 seconds
2015-08-14T01:45:09.978-0200: 73399.862: Total time for which application threads were stopped: 0.0271207 seconds, Stopping threads took: 0.0251120 seconds
2015-08-14T01:45:10.001-0200: 73399.885: Total time for which application threads were stopped: 0.0185248 seconds, Stopping threads took: 0.0122059 seconds
2015-08-14T01:45:10.501-0200: 73400.386: Total time for which application threads were stopped: 0.0106699 seconds, Stopping threads took: 0.0033784 seconds
2015-08-14T01:45:10.514-0200: 73400.398: Total time for which application threads were stopped: 0.0005298 seconds, Stopping threads took: 0.0000499 seconds
2015-08-14T01:45:10.518-0200: 73400.402: Total time for which application threads were stopped: 0.0004457 seconds, Stopping threads took: 0.0001240 seconds
2015-08-14T01:45:10.566-0200: 73400.450: Total time for which application threads were stopped: 0.0050442 seconds, Stopping threads took: 0.0047558 seconds
2015-08-14T01:45:10.583-0200: 73400.467: Total time for which application threads were stopped: 0.0022642 seconds, Stopping threads took: 0.0000602 seconds
2015-08-14T01:45:13.631-0200: 73403.515: Total time for which application threads were stopped: 0.0004012 seconds, Stopping threads took: 0.0000357 seconds
2015-08-14T01:45:13.631-0200: 73403.515: Total time for which application threads were stopped: 0.0002334 seconds, Stopping threads took: 0.0000181 seconds
2015-08-18T12:53:33.353-0200: 73456.078: Total time for which application threads were stopped: 0.1027052 seconds, Stopping threads took: 0.0609726 seconds
2015-08-18T12:53:33.500-0200: 73456.225: Total time for which application threads were stopped: 0.0171979 seconds, Stopping threads took: 0.0035186 seconds
2015-08-18T12:53:34.007-0200: 73456.732: Total time for which application threads were stopped: 0.0004225 seconds, Stopping threads took: 0.0000284 seconds
2015-08-18T12:53:35.511-0200: 73458.236: Total time for which application threads were stopped: 0.0156924 seconds, Stopping threads took: 0.0055977 seconds
2015-08-18T12:53:35.522-0200: 73458.247: Total time for which application threads were stopped: 0.0110664 seconds, Stopping threads took: 0.0053684 seconds
2015-08-18T12:53:36.015-0200: 73458.741: Total time for which application threads were stopped: 0.0059050 seconds, Stopping threads took: 0.0000552 seconds
2015-08-18T12:53:36.062-0200: 73458.787: Total time for which application threads were stopped: 0.0004336 seconds, Stopping threads took: 0.0000402 seconds
2015-08-18T12:53:37.359-0200: 73460.084: Total time for which application threads were stopped: 0.0119526 seconds, Stopping threads took: 0.0000420 seconds
2015-08-18T12:53:37.766-0200: 73460.491: Total time for which application threads were stopped: 0.0052504 seconds, Stopping threads took: 0.0048522 seconds
2015-08-18T12:53:37.767-0200: 73460.492: Total time for which application threads were stopped: 0.0004005 seconds, Stopping threads took: 0.0000275 seconds
2015-08-18T12:53:37.773-0200: 73460.499: Total time for which application threads were stopped: 0.0004897 seconds, Stopping threads took: 0.0000266 seconds
2015-08-18T12:53:37.786-0200: 73460.511: Total time for which application threads were stopped: 0.0072319 seconds, Stopping threads took: 0.0068697 seconds
2015-08-18T12:53:37.793-0200: 73460.518: Total time for which application threads were stopped: 0.0060253 seconds, Stopping threads took: 0.0057471 seconds
2015-08-18T12:53:38.561-0200: 73461.287: Total time for which application threads were stopped: 0.0014848 seconds, Stopping threads took: 0.0000210 seconds
2015-08-18T12:53:38.578-0200: 73461.303: Total time for which application threads were stopped: 0.0063427 seconds, Stopping threads took: 0.0059584 seconds
2015-08-18T12:53:38.584-0200: 73461.309: Total time for which application threads were stopped: 0.0060686 seconds, Stopping threads took: 0.0049777 seconds
2015-08-18T12:53:38.591-0200: 73461.317: Total time for which application threads were stopped: 0.0071594 seconds, Stopping threads took: 0.0067870 seconds
2015-08-18T12:53:38.593-0200: 73461.318: Total time for which application threads were stopped: 0.0003352 seconds, Stopping threads took: 0.0000210 seconds
2015-08-18T12:53:38.604-0200: 73461.329: Total time for which application threads were stopped: 0.0010853 seconds, Stopping threads took: 0.0007531 seconds
2015-08-18T12:53:38.604-0200: 73461.330: Total time for which application threads were stopped: 0.0002591 seconds, Stopping threads took: 0.0000186 seconds
2015-08-18T12:53:47.822-0200: 73470.548: Total time for which application threads were stopped: 0.0006461 seconds, Stopping threads took: 0.0001301 seconds
2015-08-18T12:53:47.824-0200: 73470.550: Total time for which application threads were stopped: 0.0006185 seconds, Stopping threads took: 0.0000529 seconds
2015-08-18T12:53:47.825-0200: 73470.550: Total time for which application threads were stopped: 0.0004362 seconds, Stopping threads took: 0.0001266 seconds
2015-08-18T12:53:47.825-0200: 73470.551: Total time for which application threads were stopped: 0.0002445 seconds, Stopping threads took: 0.0000145 seconds
2015-08-18T12:53:47.829-0200: 73470.555: Total time for which application threads were stopped: 0.0027106 seconds, Stopping threads took: 0.0024328 seconds
2015-08-18T12:53:47.832-0200: 73470.558: Total time for which application threads were stopped: 0.0030234 seconds, Stopping threads took: 0.0027574 seconds
2015-08-18T12:53:48.699-0200: 73471.424: Total time for which application threads were stopped: 0.0005204 seconds, Stopping threads took: 0.0000389 seconds
2015-08-18T12:53:48.701-0200: 73471.427: Total time for which application threads were stopped: 0.0003455 seconds, Stopping threads took: 0.0000251 seconds
2015-08-18T12:53:48.702-0200: 73471.427: Total time for which application threads were stopped: 0.0002667 seconds, Stopping threads took: 0.0000159 seconds
2015-08-18T12:53:48.723-0200: 73471.448: Total time for which application threads were stopped: 0.0209013 seconds, Stopping threads took: 0.0000352 seconds
2015-08-18T12:53:48.738-0200: 73471.464: Total time for which application threads were stopped: 0.0020425 seconds, Stopping threads took: 0.0000266 seconds
2015-08-18T12:53:48.739-0200: 73471.464: Total time for which application threads were stopped: 0.0003206 seconds, Stopping threads took: 0.0000162 seconds
2015-08-18T12:53:55.756-0200: 73478.482: Total time for which application threads were stopped: 0.0003485 seconds, Stopping threads took: 0.0000293 seconds
2015-08-18T12:54:07.886-0200: 73490.613: Total time for which application threads were stopped: 0.0166761 seconds, Stopping threads took: 0.0005814 seconds
2015-08-18T12:54:07.932-0200: 73490.659: Total time for which application threads were stopped: 0.0117633 seconds, Stopping threads took: 0.0111197 seconds
2015-08-18T12:54:07.933-0200: 73490.660: Total time for which application threads were stopped: 0.0008542 seconds, Stopping threads took: 0.0001408 seconds
2015-08-18T12:54:07.949-0200: 73490.676: Total time for which application threads were stopped: 0.0120978 seconds, Stopping threads took: 0.0115810 seconds
2015-08-18T12:54:07.957-0200: 73490.684: Total time for which application threads were stopped: 0.0004377 seconds, Stopping threads took: 0.0000552 seconds
2015-08-18T12:54:07.958-0200: 73490.684: Total time for which application threads were stopped: 0.0002604 seconds, Stopping threads took: 0.0000162 seconds
2015-08-18T12:54:08.766-0200: 73491.492: Total time for which application threads were stopped: 0.0005037 seconds, Stopping threads took: 0.0000370 seconds
2015-08-18T12:54:08.768-0200: 73491.495: Total time for which application threads were stopped: 0.0007503 seconds, Stopping threads took: 0.0000627 seconds
2015-08-18T12:54:08.769-0200: 73491.496: Total time for which application threads were stopped: 0.0007936 seconds, Stopping threads took: 0.0000459 seconds
2015-08-18T12:54:08.770-0200: 73491.496: Total time for which application threads were stopped: 0.0004372 seconds, Stopping threads took: 0.0000185 seconds
2015-08-18T12:54:08.771-0200: 73491.498: Total time for which application threads were stopped: 0.0004543 seconds, Stopping threads took: 0.0000339 seconds
2015-08-18T12:54:08.772-0200: 73491.499: Total time for which application threads were stopped: 0.0006255 seconds, Stopping threads took: 0.0002830 seconds
2015-08-18T12:54:27.820-0200: 73510.547: Total time for which application threads were stopped: 0.0067102 seconds, Stopping threads took: 0.0011448 seconds
2015-08-18T12:54:27.821-0200: 73510.548: Total time for which application threads were stopped: 0.0004100 seconds, Stopping threads took: 0.0001072 seconds
2015-08-18T12:54:27.823-0200: 73510.550: Total time for which application threads were stopped: 0.0017775 seconds, Stopping threads took: 0.0014739 seconds
2015-08-18T12:54:27.829-0200: 73510.556: Total time for which application threads were stopped: 0.0004398 seconds, Stopping threads took: 0.0000889 seconds
2015-08-18T12:54:27.846-0200: 73510.572: Total time for which application threads were stopped: 0.0005213 seconds, Stopping threads took: 0.0000548 seconds
2015-08-18T12:54:27.866-0200: 73510.593: Total time for which application threads were stopped: 0.0005519 seconds, Stopping threads took: 0.0000445 seconds
2015-08-18T12:54:27.868-0200: 73510.594: Total time for which application threads were stopped: 0.0005977 seconds, Stopping threads took: 0.0002212 seconds
2015-08-18T12:54:27.873-0200: 73510.600: Total time for which application threads were stopped: 0.0003516 seconds, Stopping threads took: 0.0000826 seconds
2015-08-18T12:54:28.015-0200: 73510.742: Total time for which application threads were stopped: 0.0003721 seconds, Stopping threads took: 0.0000850 seconds
2015-08-18T12:54:28.016-0200: 73510.743: Total time for which application threads were stopped: 0.0003226 seconds, Stopping threads took: 0.0000570 seconds
2015-08-18T12:54:28.017-0200: 73510.744: Total time for which application threads were stopped: 0.0003335 seconds, Stopping threads took: 0.0000555 seconds
2015-08-18T12:54:28.020-0200: 73510.747: Total time for which application threads were stopped: 0.0010261 seconds, Stopping threads took: 0.0007113 seconds
2015-08-18T12:54:28.020-0200: 73510.747: Total time for which application threads were stopped: 0.0002627 seconds, Stopping threads took: 0.0000154 seconds
{Heap before GC invocations=181 (full 2):
 par new generation   total 109248K, used 95073K [0x00000007a0000000, 0x00000007a8000000, 0x00000007a8000000)
  eden space 87424K, 100% used [0x00000007a0000000, 0x00000007a5560000, 0x00000007a5560000)
  from space 21824K,  35% used [0x00000007a6ab0000, 0x00000007a72287d0, 0x00000007a8000000)
  to   space 21824K,   0% used [0x00000007a5560000, 0x00000007a5560000, 0x00000007a6ab0000)
 concurrent mark-sweep generation total 393216K, used 126385K [0x00000007a8000000, 0x00000007c0000000, 0x00000007c0000000)
 Metaspace       used 43977K, capacity 44644K, committed 44792K, reserved 1089536K
  class space    used 4666K, capacity 4846K, committed 4860K, reserved 1048576K
2015-08-18T12:54:28.791-0200: 73511.518: [GC (Allocation Failure) 73511.519: [ParNew
Desired survivor size 20112992 bytes, new threshold 8 (max 8)
- age   1:    1440800 bytes,    1440800 total
- age   2:      40984 bytes,    1481784 total
- age   3:      16624 bytes,    1498408 total
- age   4:      16720 bytes,    1515128 total
- age   5:        112 bytes,    1515240 total
- age   6:      29032 bytes,    1544272 total
- age   7:    1201600 bytes,    2745872 total
- age   8:    3122296 bytes,    5868168 total
: 95073K->7516K(109248K), 0.1084894 secs] 221459K->134043K(502464K), 0.1095404 secs] [Times: user=0.05 sys=0.13, real=0.11 secs] 
Heap after GC invocations=182 (full 2):
 par new generation   total 109248K, used 7516K [0x00000007a0000000, 0x00000007a8000000, 0x00000007a8000000)
  eden space 87424K,   0% used [0x00000007a0000000, 0x00000007a0000000, 0x00000007a5560000)
  from space 21824K,  34% used [0x00000007a5560000, 0x00000007a5cb71e8, 0x00000007a6ab0000)
  to   space 21824K,   0% used [0x00000007a6ab0000, 0x00000007a6ab0000, 0x00000007a8000000)
 concurrent mark-sweep generation total 393216K, used 126527K [0x00000007a8000000, 0x00000007c0000000, 0x00000007c0000000)
 Metaspace       used 43977K, capacity 44644K, committed 44792K, reserved 1089536K
  class space    used 4666K, capacity 4846K, committed 4860K, reserved 1048576K
}
2015-08-18T12:54:28.901-0200: 73511.628: Total time for which application threads were stopped: 0.1142666 seconds, Stopping threads took: 0.0000345 seconds
2015-08-18T12:54:28.934-0200: 73511.661: Total time for which application threads were stopped: 0.0025820 seconds, Stopping threads took: 0.0022414 seconds
2015-08-18T12:54:28.934-0200: 73511.661: Total time for which application threads were stopped: 0.0003777 seconds, Stopping threads took: 0.0001041 seconds
2015-08-18T12:54:28.935-0200: 73511.662: Total time for which application threads were stopped: 0.0003734 seconds, Stopping threads took: 0.0000653 seconds
2015-08-18T12:54:28.942-0200: 73511.669: Total time for which application threads were stopped: 0.0060675 seconds, Stopping threads took: 0.0058115 seconds
2015-08-18T12:54:28.945-0200: 73511.672: Total time for which application threads were stopped: 0.0033214 seconds, Stopping threads took: 0.0029466 seconds
2015-08-18T12:54:29.949-0200: 73512.676: Total time for which application threads were stopped: 0.0003016 seconds, Stopping threads took: 0.0000367 seconds
2015-08-18T12:54:38.033-0200: 73520.761: Total time for which application threads were stopped: 0.0018734 seconds, Stopping threads took: 0.0015560 seconds
2015-08-18T12:54:38.038-0200: 73520.765: Total time for which application threads were stopped: 0.0008356 seconds, Stopping threads took: 0.0000841 seconds
2015-08-18T12:54:38.039-0200: 73520.766: Total time for which application threads were stopped: 0.0005527 seconds, Stopping threads took: 0.0002892 seconds
2015-08-18T12:54:38.039-0200: 73520.766: Total time for which application threads were stopped: 0.0002821 seconds, Stopping threads took: 0.0000401 seconds
2015-08-18T12:54:38.041-0200: 73520.768: Total time for which application threads were stopped: 0.0004674 seconds, Stopping threads took: 0.0001396 seconds
2015-08-18T12:54:38.041-0200: 73520.768: Total time for which application threads were stopped: 0.0002280 seconds, Stopping threads took: 0.0000411 seconds
2015-08-18T12:54:38.959-0200: 73521.686: Total time for which application threads were stopped: 0.0007978 seconds, Stopping threads took: 0.0000523 seconds
2015-08-18T12:54:38.960-0200: 73521.688: Total time for which application threads were stopped: 0.0002999 seconds, Stopping threads took: 0.0000480 seconds
2015-08-18T12:54:38.961-0200: 73521.688: Total time for which application threads were stopped: 0.0002628 seconds, Stopping threads took: 0.0000312 seconds
2015-08-18T12:54:38.961-0200: 73521.688: Total time for which application threads were stopped: 0.0002021 seconds, Stopping threads took: 0.0000393 seconds
2015-08-18T12:54:38.963-0200: 73521.690: Total time for which application threads were stopped: 0.0009613 seconds, Stopping threads took: 0.0000165 seconds
2015-08-18T12:54:38.963-0200: 73521.691: Total time for which application threads were stopped: 0.0004654 seconds, Stopping threads took: 0.0002013 seconds
2015-08-18T12:54:38.966-0200: 73521.693: Total time for which application threads were stopped: 0.0021792 seconds, Stopping threads took: 0.0000738 seconds
2015-08-18T12:54:58.055-0200: 73540.783: Total time for which application threads were stopped: 0.0005771 seconds, Stopping threads took: 0.0001725 seconds
2015-08-18T12:54:58.056-0200: 73540.784: Total time for which application threads were stopped: 0.0002739 seconds, Stopping threads took: 0.0000201 seconds
2015-08-18T12:54:58.057-0200: 73540.785: Total time for which application threads were stopped: 0.0003397 seconds, Stopping threads took: 0.0000856 seconds
2015-08-18T12:54:58.058-0200: 73540.786: Total time for which application threads were stopped: 0.0002462 seconds, Stopping threads took: 0.0000168 seconds
2015-08-18T12:54:58.059-0200: 73540.787: Total time for which application threads were stopped: 0.0002455 seconds, Stopping threads took: 0.0000660 seconds
2015-08-18T12:54:58.980-0200: 73541.708: Total time for which application threads were stopped: 0.0004781 seconds, Stopping threads took: 0.0000424 seconds
2015-08-18T12:54:58.982-0200: 73541.710: Total time for which application threads were stopped: 0.0003728 seconds, Stopping threads took: 0.0001155 seconds
2015-08-18T12:54:58.982-0200: 73541.710: Total time for which application threads were stopped: 0.0002401 seconds, Stopping threads took: 0.0000437 seconds
2015-08-18T12:54:58.983-0200: 73541.711: Total time for which application threads were stopped: 0.0002622 seconds, Stopping threads took: 0.0000413 seconds
2015-08-18T12:54:58.984-0200: 73541.712: Total time for which application threads were stopped: 0.0003050 seconds, Stopping threads took: 0.0000664 seconds
2015-08-18T12:54:58.984-0200: 73541.712: Total time for which application threads were stopped: 0.0001836 seconds, Stopping threads took: 0.0000355 seconds
2015-08-18T12:55:38.111-0200: 73580.840: Total time for which application threads were stopped: 0.0006316 seconds, Stopping threads took: 0.0000517 seconds
2015-08-18T12:55:38.120-0200: 73580.849: Total time for which application threads were stopped: 0.0004586 seconds, Stopping threads took: 0.0000509 seconds
2015-08-18T12:55:38.121-0200: 73580.850: Total time for which application threads were stopped: 0.0004596 seconds, Stopping threads took: 0.0000965 seconds
2015-08-18T12:55:38.122-0200: 73580.851: Total time for which application threads were stopped: 0.0002510 seconds, Stopping threads took: 0.0000112 seconds
2015-08-18T12:55:38.127-0200: 73580.856: Total time for which application threads were stopped: 0.0002956 seconds, Stopping threads took: 0.0000192 seconds
2015-08-18T12:55:38.127-0200: 73580.856: Total time for which application threads were stopped: 0.0001721 seconds, Stopping threads took: 0.0000120 seconds
2015-08-18T12:55:39.001-0200: 73581.730: Total time for which application threads were stopped: 0.0003021 seconds, Stopping threads took: 0.0000247 seconds
2015-08-18T12:55:39.002-0200: 73581.731: Total time for which application threads were stopped: 0.0003278 seconds, Stopping threads took: 0.0000212 seconds
2015-08-18T12:55:39.003-0200: 73581.732: Total time for which application threads were stopped: 0.0002992 seconds, Stopping threads took: 0.0000535 seconds
2015-08-18T12:55:39.003-0200: 73581.732: Total time for which application threads were stopped: 0.0003390 seconds, Stopping threads took: 0.0001058 seconds
2015-08-18T12:55:39.004-0200: 73581.733: Total time for which application threads were stopped: 0.0002687 seconds, Stopping threads took: 0.0000151 seconds
2015-08-18T12:55:39.004-0200: 73581.734: Total time for which application threads were stopped: 0.0001874 seconds, Stopping threads took: 0.0000123 seconds
2015-08-18T12:56:58.187-0200: 73660.918: Total time for which application threads were stopped: 0.0048343 seconds, Stopping threads took: 0.0006289 seconds
2015-08-18T12:56:58.203-0200: 73660.934: Total time for which application threads were stopped: 0.0009955 seconds, Stopping threads took: 0.0000447 seconds
2015-08-18T12:56:58.204-0200: 73660.935: Total time for which application threads were stopped: 0.0005695 seconds, Stopping threads took: 0.0000407 seconds
2015-08-18T12:56:58.206-0200: 73660.937: Total time for which application threads were stopped: 0.0004812 seconds, Stopping threads took: 0.0000353 seconds
2015-08-18T12:56:58.214-0200: 73660.946: Total time for which application threads were stopped: 0.0006047 seconds, Stopping threads took: 0.0000971 seconds
2015-08-18T12:56:58.228-0200: 73660.959: Total time for which application threads were stopped: 0.0004578 seconds, Stopping threads took: 0.0001382 seconds
2015-08-18T12:56:58.229-0200: 73660.960: Total time for which application threads were stopped: 0.0002999 seconds, Stopping threads took: 0.0000649 seconds
2015-08-18T12:56:58.231-0200: 73660.962: Total time for which application threads were stopped: 0.0016991 seconds, Stopping threads took: 0.0001503 seconds
2015-08-18T12:56:59.057-0200: 73661.788: Total time for which application threads were stopped: 0.0003121 seconds, Stopping threads took: 0.0000247 seconds
2015-08-18T12:56:59.059-0200: 73661.790: Total time for which application threads were stopped: 0.0004019 seconds, Stopping threads took: 0.0000604 seconds
2015-08-18T12:56:59.059-0200: 73661.791: Total time for which application threads were stopped: 0.0002316 seconds, Stopping threads took: 0.0000216 seconds
2015-08-18T12:56:59.060-0200: 73661.791: Total time for which application threads were stopped: 0.0001504 seconds, Stopping threads took: 0.0000108 seconds
2015-08-18T12:56:59.061-0200: 73661.792: Total time for which application threads were stopped: 0.0001736 seconds, Stopping threads took: 0.0000106 seconds
2015-08-18T12:56:59.061-0200: 73661.792: Total time for which application threads were stopped: 0.0001261 seconds, Stopping threads took: 0.0000097 seconds
2015-08-18T12:59:38.330-0200: 73821.065: Total time for which application threads were stopped: 0.0005210 seconds, Stopping threads took: 0.0000465 seconds
2015-08-18T12:59:38.333-0200: 73821.069: Total time for which application threads were stopped: 0.0003183 seconds, Stopping threads took: 0.0000654 seconds
2015-08-18T12:59:38.333-0200: 73821.069: Total time for which application threads were stopped: 0.0001938 seconds, Stopping threads took: 0.0000645 seconds
2015-08-18T12:59:38.334-0200: 73821.070: Total time for which application threads were stopped: 0.0001871 seconds, Stopping threads took: 0.0000526 seconds
2015-08-18T12:59:38.336-0200: 73821.072: Total time for which application threads were stopped: 0.0004323 seconds, Stopping threads took: 0.0001139 seconds
2015-08-18T12:59:38.336-0200: 73821.072: Total time for which application threads were stopped: 0.0002683 seconds, Stopping threads took: 0.0000873 seconds
2015-08-18T12:59:38.346-0200: 73821.082: Total time for which application threads were stopped: 0.0003849 seconds, Stopping threads took: 0.0000291 seconds
2015-08-18T12:59:38.346-0200: 73821.082: Total time for which application threads were stopped: 0.0003997 seconds, Stopping threads took: 0.0001273 seconds
2015-08-18T12:59:39.142-0200: 73821.878: Total time for which application threads were stopped: 0.0004848 seconds, Stopping threads took: 0.0000382 seconds
2015-08-18T12:59:39.144-0200: 73821.880: Total time for which application threads were stopped: 0.0007229 seconds, Stopping threads took: 0.0002119 seconds
2015-08-18T12:59:39.145-0200: 73821.881: Total time for which application threads were stopped: 0.0006196 seconds, Stopping threads took: 0.0000579 seconds
2015-08-18T12:59:39.145-0200: 73821.881: Total time for which application threads were stopped: 0.0003385 seconds, Stopping threads took: 0.0000203 seconds
2015-08-18T12:59:39.147-0200: 73821.883: Total time for which application threads were stopped: 0.0004575 seconds, Stopping threads took: 0.0001256 seconds
2015-08-18T12:59:39.147-0200: 73821.883: Total time for which application threads were stopped: 0.0002197 seconds, Stopping threads took: 0.0000153 seconds
2015-08-18T13:02:11.174-0200: 73871.396: Total time for which application threads were stopped: 0.0025553 seconds, Stopping threads took: 0.0002312 seconds
2015-08-18T13:02:11.816-0200: 73872.037: Total time for which application threads were stopped: 0.0003634 seconds, Stopping threads took: 0.0000287 seconds
2015-08-18T13:02:11.817-0200: 73872.038: Total time for which application threads were stopped: 0.0003772 seconds, Stopping threads took: 0.0000486 seconds
2015-08-18T13:02:12.527-0200: 73872.748: Total time for which application threads were stopped: 0.7617779 seconds, Stopping threads took: 0.0000307 seconds
2015-08-18T13:02:13.290-0200: 73873.511: Total time for which application threads were stopped: 0.0004226 seconds, Stopping threads took: 0.0000689 seconds
2015-08-18T13:02:13.290-0200: 73873.512: Total time for which application threads were stopped: 0.0002941 seconds, Stopping threads took: 0.0000572 seconds
2015-08-18T13:02:13.360-0200: 73873.582: Total time for which application threads were stopped: 0.0690630 seconds, Stopping threads took: 0.0678487 seconds
2015-08-18T13:02:13.368-0200: 73873.589: Total time for which application threads were stopped: 0.0007259 seconds, Stopping threads took: 0.0000275 seconds
2015-08-18T13:02:13.372-0200: 73873.593: Total time for which application threads were stopped: 0.0004061 seconds, Stopping threads took: 0.0000321 seconds
2015-08-18T13:02:13.426-0200: 73873.647: Total time for which application threads were stopped: 0.0003995 seconds, Stopping threads took: 0.0000271 seconds
2015-08-18T13:02:13.434-0200: 73873.655: Total time for which application threads were stopped: 0.0006162 seconds, Stopping threads took: 0.0002338 seconds
2015-08-18T13:02:13.440-0200: 73873.661: Total time for which application threads were stopped: 0.0045378 seconds, Stopping threads took: 0.0000252 seconds
2015-08-18T13:02:13.494-0200: 73873.715: Total time for which application threads were stopped: 0.0004294 seconds, Stopping threads took: 0.0000285 seconds
2015-08-18T13:02:13.495-0200: 73873.717: Total time for which application threads were stopped: 0.0004805 seconds, Stopping threads took: 0.0000229 seconds
2015-08-18T13:02:16.698-0200: 73876.920: Total time for which application threads were stopped: 0.0004754 seconds, Stopping threads took: 0.0000355 seconds
2015-08-18T13:02:16.699-0200: 73876.920: Total time for which application threads were stopped: 0.0003210 seconds, Stopping threads took: 0.0000229 seconds
2015-08-18T13:02:20.901-0200: 73881.123: Total time for which application threads were stopped: 0.0005909 seconds, Stopping threads took: 0.0000373 seconds
2015-08-18T13:03:23.177-0200: 73943.401: Total time for which application threads were stopped: 0.0131318 seconds, Stopping threads took: 0.0006233 seconds
2015-08-18T13:05:47.816-0200: 74088.044: Total time for which application threads were stopped: 0.0046102 seconds, Stopping threads took: 0.0005250 seconds
2015-08-18T13:06:20.843-0200: 74121.071: Total time for which application threads were stopped: 0.0011681 seconds, Stopping threads took: 0.0000236 seconds
2015-08-18T13:07:16.888-0200: 74177.117: Total time for which application threads were stopped: 0.0009441 seconds, Stopping threads took: 0.0000249 seconds
2015-08-18T13:08:48.998-0200: 74269.231: Total time for which application threads were stopped: 0.0134073 seconds, Stopping threads took: 0.0003783 seconds
2015-08-18T13:08:49.000-0200: 74269.233: Total time for which application threads were stopped: 0.0007135 seconds, Stopping threads took: 0.0000462 seconds
2015-08-18T13:08:49.030-0200: 74269.262: Total time for which application threads were stopped: 0.0005464 seconds, Stopping threads took: 0.0000533 seconds
2015-08-18T13:08:49.061-0200: 74269.293: Total time for which application threads were stopped: 0.0052192 seconds, Stopping threads took: 0.0046880 seconds
2015-08-18T13:08:49.064-0200: 74269.296: Total time for which application threads were stopped: 0.0015654 seconds, Stopping threads took: 0.0012715 seconds
2015-08-18T13:08:49.064-0200: 74269.296: Total time for which application threads were stopped: 0.0001827 seconds, Stopping threads took: 0.0000201 seconds
2015-08-18T13:08:49.072-0200: 74269.304: Total time for which application threads were stopped: 0.0034233 seconds, Stopping threads took: 0.0031495 seconds
2015-08-18T13:08:49.090-0200: 74269.322: Total time for which application threads were stopped: 0.0004833 seconds, Stopping threads took: 0.0000266 seconds
2015-08-18T13:08:49.090-0200: 74269.323: Total time for which application threads were stopped: 0.0004739 seconds, Stopping threads took: 0.0000173 seconds
2015-08-18T13:08:49.091-0200: 74269.324: Total time for which application threads were stopped: 0.0003699 seconds, Stopping threads took: 0.0000371 seconds
2015-08-18T13:08:49.121-0200: 74269.354: Total time for which application threads were stopped: 0.0037049 seconds, Stopping threads took: 0.0033516 seconds
2015-08-18T13:08:49.122-0200: 74269.354: Total time for which application threads were stopped: 0.0001934 seconds, Stopping threads took: 0.0000159 seconds
2015-08-18T13:08:49.122-0200: 74269.355: Total time for which application threads were stopped: 0.0002946 seconds, Stopping threads took: 0.0000154 seconds
2015-08-18T13:09:19.107-0200: 74299.340: Total time for which application threads were stopped: 0.0009146 seconds, Stopping threads took: 0.0000675 seconds
2015-08-18T13:09:19.121-0200: 74299.354: Total time for which application threads were stopped: 0.0013881 seconds, Stopping threads took: 0.0010809 seconds
2015-08-18T13:09:19.126-0200: 74299.359: Total time for which application threads were stopped: 0.0003872 seconds, Stopping threads took: 0.0000504 seconds
2015-08-18T13:09:19.127-0200: 74299.360: Total time for which application threads were stopped: 0.0002572 seconds, Stopping threads took: 0.0000386 seconds
2015-08-18T13:09:29.134-0200: 74309.367: Total time for which application threads were stopped: 0.0006330 seconds, Stopping threads took: 0.0000415 seconds
2015-08-18T13:09:29.137-0200: 74309.370: Total time for which application threads were stopped: 0.0006212 seconds, Stopping threads took: 0.0000665 seconds
2015-08-18T13:09:29.146-0200: 74309.380: Total time for which application threads were stopped: 0.0019244 seconds, Stopping threads took: 0.0015991 seconds
2015-08-18T13:09:29.147-0200: 74309.380: Total time for which application threads were stopped: 0.0002296 seconds, Stopping threads took: 0.0000464 seconds
2015-08-18T13:09:29.147-0200: 74309.381: Total time for which application threads were stopped: 0.0003676 seconds, Stopping threads took: 0.0000440 seconds
2015-08-18T13:09:29.149-0200: 74309.383: Total time for which application threads were stopped: 0.0005504 seconds, Stopping threads took: 0.0000765 seconds
2015-08-18T13:09:59.161-0200: 74339.395: Total time for which application threads were stopped: 0.0006263 seconds, Stopping threads took: 0.0000312 seconds
2015-08-18T13:09:59.162-0200: 74339.396: Total time for which application threads were stopped: 0.0001903 seconds, Stopping threads took: 0.0000130 seconds
2015-08-18T13:10:19.194-0200: 74359.428: Total time for which application threads were stopped: 0.0003471 seconds, Stopping threads took: 0.0000306 seconds
2015-08-18T13:10:19.198-0200: 74359.433: Total time for which application threads were stopped: 0.0026765 seconds, Stopping threads took: 0.0023223 seconds
2015-08-18T13:10:19.199-0200: 74359.434: Total time for which application threads were stopped: 0.0004922 seconds, Stopping threads took: 0.0001509 seconds
2015-08-18T13:10:19.200-0200: 74359.434: Total time for which application threads were stopped: 0.0003825 seconds, Stopping threads took: 0.0001256 seconds
2015-08-18T13:10:19.201-0200: 74359.435: Total time for which application threads were stopped: 0.0007198 seconds, Stopping threads took: 0.0000606 seconds
2015-08-18T13:10:19.203-0200: 74359.437: Total time for which application threads were stopped: 0.0020844 seconds, Stopping threads took: 0.0018273 seconds
2015-08-18T13:10:49.208-0200: 74389.443: Total time for which application threads were stopped: 0.0014492 seconds, Stopping threads took: 0.0011196 seconds
2015-08-18T13:10:49.208-0200: 74389.443: Total time for which application threads were stopped: 0.0001358 seconds, Stopping threads took: 0.0000125 seconds
2015-08-18T13:10:49.210-0200: 74389.445: Total time for which application threads were stopped: 0.0020281 seconds, Stopping threads took: 0.0018083 seconds
2015-08-18T13:10:49.210-0200: 74389.446: Total time for which application threads were stopped: 0.0001468 seconds, Stopping threads took: 0.0000344 seconds
2015-08-18T13:11:29.256-0200: 74429.492: Total time for which application threads were stopped: 0.0004826 seconds, Stopping threads took: 0.0001391 seconds
2015-08-18T13:11:29.264-0200: 74429.500: Total time for which application threads were stopped: 0.0072826 seconds, Stopping threads took: 0.0052300 seconds
2015-08-18T13:11:29.267-0200: 74429.504: Total time for which application threads were stopped: 0.0026124 seconds, Stopping threads took: 0.0020661 seconds
2015-08-18T13:11:29.271-0200: 74429.507: Total time for which application threads were stopped: 0.0029806 seconds, Stopping threads took: 0.0026835 seconds
2015-08-18T13:11:29.277-0200: 74429.513: Total time for which application threads were stopped: 0.0056712 seconds, Stopping threads took: 0.0015638 seconds
2015-08-18T13:11:29.297-0200: 74429.533: Total time for which application threads were stopped: 0.0009153 seconds, Stopping threads took: 0.0003902 seconds
2015-08-18T13:11:29.303-0200: 74429.540: Total time for which application threads were stopped: 0.0051407 seconds, Stopping threads took: 0.0045200 seconds
2015-08-18T13:11:29.310-0200: 74429.546: Total time for which application threads were stopped: 0.0054301 seconds, Stopping threads took: 0.0027260 seconds
2015-08-18T13:11:29.320-0200: 74429.556: Total time for which application threads were stopped: 0.0010934 seconds, Stopping threads took: 0.0000648 seconds
2015-08-18T13:11:59.282-0200: 74459.519: Total time for which application threads were stopped: 0.0003465 seconds, Stopping threads took: 0.0000206 seconds
2015-08-18T13:11:59.282-0200: 74459.519: Total time for which application threads were stopped: 0.0001602 seconds, Stopping threads took: 0.0000141 seconds
2015-08-18T13:11:59.314-0200: 74459.551: Total time for which application threads were stopped: 0.0003262 seconds, Stopping threads took: 0.0000219 seconds
2015-08-18T13:11:59.314-0200: 74459.552: Total time for which application threads were stopped: 0.0001772 seconds, Stopping threads took: 0.0000156 seconds
2015-08-18T13:13:19.372-0200: 74539.611: Total time for which application threads were stopped: 0.0173613 seconds, Stopping threads took: 0.0041114 seconds
2015-08-18T13:13:19.390-0200: 74539.629: Total time for which application threads were stopped: 0.0003809 seconds, Stopping threads took: 0.0000558 seconds
2015-08-18T13:13:19.393-0200: 74539.632: Total time for which application threads were stopped: 0.0005472 seconds, Stopping threads took: 0.0001159 seconds
2015-08-18T13:13:19.395-0200: 74539.634: Total time for which application threads were stopped: 0.0020498 seconds, Stopping threads took: 0.0015534 seconds
2015-08-18T13:13:19.405-0200: 74539.644: Total time for which application threads were stopped: 0.0033426 seconds, Stopping threads took: 0.0030110 seconds
2015-08-18T13:13:19.414-0200: 74539.653: Total time for which application threads were stopped: 0.0011144 seconds, Stopping threads took: 0.0003039 seconds
2015-08-18T13:13:19.416-0200: 74539.655: Total time for which application threads were stopped: 0.0020693 seconds, Stopping threads took: 0.0016862 seconds
2015-08-18T13:13:19.418-0200: 74539.657: Total time for which application threads were stopped: 0.0021133 seconds, Stopping threads took: 0.0016872 seconds
2015-08-18T13:13:19.454-0200: 74539.693: Total time for which application threads were stopped: 0.0028123 seconds, Stopping threads took: 0.0021068 seconds
2015-08-18T13:13:49.416-0200: 74569.656: Total time for which application threads were stopped: 0.0003638 seconds, Stopping threads took: 0.0000241 seconds
2015-08-18T13:13:49.416-0200: 74569.656: Total time for which application threads were stopped: 0.0001355 seconds, Stopping threads took: 0.0000106 seconds
2015-08-18T13:13:49.425-0200: 74569.665: Total time for which application threads were stopped: 0.0003364 seconds, Stopping threads took: 0.0000232 seconds
2015-08-18T13:13:49.425-0200: 74569.665: Total time for which application threads were stopped: 0.0003559 seconds, Stopping threads took: 0.0000177 seconds
2015-08-18T13:16:29.563-0200: 74729.807: Total time for which application threads were stopped: 0.0121718 seconds, Stopping threads took: 0.0003813 seconds
2015-08-18T13:16:29.573-0200: 74729.817: Total time for which application threads were stopped: 0.0053752 seconds, Stopping threads took: 0.0008428 seconds
2015-08-18T13:16:29.617-0200: 74729.860: Total time for which application threads were stopped: 0.0015557 seconds, Stopping threads took: 0.0009748 seconds
2015-08-18T13:16:29.621-0200: 74729.865: Total time for which application threads were stopped: 0.0040076 seconds, Stopping threads took: 0.0018643 seconds
2015-08-18T13:16:29.630-0200: 74729.874: Total time for which application threads were stopped: 0.0006037 seconds, Stopping threads took: 0.0000974 seconds
2015-08-18T13:16:29.640-0200: 74729.884: Total time for which application threads were stopped: 0.0007523 seconds, Stopping threads took: 0.0000650 seconds
2015-08-18T13:16:29.641-0200: 74729.885: Total time for which application threads were stopped: 0.0006663 seconds, Stopping threads took: 0.0001669 seconds
2015-08-18T13:16:29.642-0200: 74729.886: Total time for which application threads were stopped: 0.0005220 seconds, Stopping threads took: 0.0000213 seconds
2015-08-18T13:16:29.650-0200: 74729.894: Total time for which application threads were stopped: 0.0004172 seconds, Stopping threads took: 0.0000487 seconds
2015-08-18T13:16:59.654-0200: 74759.898: Total time for which application threads were stopped: 0.0021903 seconds, Stopping threads took: 0.0016289 seconds
2015-08-18T13:16:59.655-0200: 74759.899: Total time for which application threads were stopped: 0.0004064 seconds, Stopping threads took: 0.0000628 seconds
2015-08-18T13:16:59.655-0200: 74759.900: Total time for which application threads were stopped: 0.0004389 seconds, Stopping threads took: 0.0000649 seconds
2015-08-18T13:21:43.150-0200: 75060.170: Total time for which application threads were stopped: 0.0132757 seconds, Stopping threads took: 0.0003535 seconds
2015-08-18T13:21:43.198-0200: 75060.218: Total time for which application threads were stopped: 0.0005948 seconds, Stopping threads took: 0.0000461 seconds
2015-08-18T13:21:43.199-0200: 75060.219: Total time for which application threads were stopped: 0.0004480 seconds, Stopping threads took: 0.0000635 seconds
2015-08-18T13:21:43.199-0200: 75060.219: Total time for which application threads were stopped: 0.0003272 seconds, Stopping threads took: 0.0000375 seconds
2015-08-18T13:21:43.200-0200: 75060.220: Total time for which application threads were stopped: 0.0004827 seconds, Stopping threads took: 0.0001243 seconds
2015-08-18T13:21:43.204-0200: 75060.224: Total time for which application threads were stopped: 0.0028470 seconds, Stopping threads took: 0.0024859 seconds
2015-08-18T13:21:43.204-0200: 75060.224: Total time for which application threads were stopped: 0.0002139 seconds, Stopping threads took: 0.0000476 seconds
2015-08-18T13:21:43.216-0200: 75060.236: Total time for which application threads were stopped: 0.0005294 seconds, Stopping threads took: 0.0000311 seconds
2015-08-18T13:22:13.222-0200: 75090.243: Total time for which application threads were stopped: 0.0017280 seconds, Stopping threads took: 0.0000286 seconds
2015-08-18T13:22:13.225-0200: 75090.246: Total time for which application threads were stopped: 0.0030362 seconds, Stopping threads took: 0.0027448 seconds
2015-08-18T13:22:13.226-0200: 75090.246: Total time for which application threads were stopped: 0.0002248 seconds, Stopping threads took: 0.0000569 seconds
2015-08-18T14:36:22.285-0200: 75339.374: Total time for which application threads were stopped: 0.3350645 seconds, Stopping threads took: 0.2829597 seconds
2015-08-18T14:36:22.400-0200: 75339.489: Total time for which application threads were stopped: 0.0151919 seconds, Stopping threads took: 0.0147304 seconds
2015-08-18T14:36:22.549-0200: 75339.638: Total time for which application threads were stopped: 0.0124750 seconds, Stopping threads took: 0.0058187 seconds
2015-08-18T14:36:22.563-0200: 75339.652: Total time for which application threads were stopped: 0.0171541 seconds, Stopping threads took: 0.0083676 seconds
2015-08-18T14:36:22.573-0200: 75339.662: Total time for which application threads were stopped: 0.0010296 seconds, Stopping threads took: 0.0000962 seconds
2015-08-18T14:36:23.285-0200: 75340.374: Total time for which application threads were stopped: 0.0046111 seconds, Stopping threads took: 0.0042114 seconds
2015-08-18T14:36:23.298-0200: 75340.387: Total time for which application threads were stopped: 0.0008510 seconds, Stopping threads took: 0.0005149 seconds
2015-08-18T14:36:23.299-0200: 75340.388: Total time for which application threads were stopped: 0.0003171 seconds, Stopping threads took: 0.0000638 seconds
2015-08-18T14:36:23.303-0200: 75340.392: Total time for which application threads were stopped: 0.0004308 seconds, Stopping threads took: 0.0001129 seconds
2015-08-18T14:36:23.309-0200: 75340.398: Total time for which application threads were stopped: 0.0003468 seconds, Stopping threads took: 0.0000598 seconds
2015-08-18T14:36:23.372-0200: 75340.461: Total time for which application threads were stopped: 0.0003893 seconds, Stopping threads took: 0.0000294 seconds
2015-08-18T14:36:23.372-0200: 75340.461: Total time for which application threads were stopped: 0.0004406 seconds, Stopping threads took: 0.0000215 seconds
2015-08-18T14:36:23.389-0200: 75340.478: Total time for which application threads were stopped: 0.0008453 seconds, Stopping threads took: 0.0000270 seconds
2015-08-18T14:36:23.399-0200: 75340.488: Total time for which application threads were stopped: 0.0004100 seconds, Stopping threads took: 0.0000279 seconds
2015-08-18T14:56:18.854-0200: 75369.328: Total time for which application threads were stopped: 0.6190646 seconds, Stopping threads took: 0.2670919 seconds
2015-08-18T14:56:20.632-0200: 75371.106: Total time for which application threads were stopped: 0.0413001 seconds, Stopping threads took: 0.0407430 seconds
2015-08-18T14:56:21.188-0200: 75371.662: Total time for which application threads were stopped: 0.0225802 seconds, Stopping threads took: 0.0221672 seconds
2015-08-18T14:56:23.152-0200: 75373.626: Total time for which application threads were stopped: 0.0122388 seconds, Stopping threads took: 0.0044038 seconds
2015-08-18T14:56:23.158-0200: 75373.632: Total time for which application threads were stopped: 0.0058602 seconds, Stopping threads took: 0.0053845 seconds
2015-08-18T14:56:23.161-0200: 75373.635: Total time for which application threads were stopped: 0.0005428 seconds, Stopping threads took: 0.0000519 seconds
2015-08-18T14:56:23.161-0200: 75373.635: Total time for which application threads were stopped: 0.0002527 seconds, Stopping threads took: 0.0000223 seconds
2015-08-18T14:56:23.161-0200: 75373.636: Total time for which application threads were stopped: 0.0002273 seconds, Stopping threads took: 0.0000326 seconds
2015-08-18T14:56:23.528-0200: 75374.002: Total time for which application threads were stopped: 0.0002892 seconds, Stopping threads took: 0.0000456 seconds
2015-08-18T14:56:23.540-0200: 75374.015: Total time for which application threads were stopped: 0.0123080 seconds, Stopping threads took: 0.0065635 seconds
2015-08-18T14:56:23.567-0200: 75374.041: Total time for which application threads were stopped: 0.0055715 seconds, Stopping threads took: 0.0051442 seconds
2015-08-18T14:56:23.574-0200: 75374.048: Total time for which application threads were stopped: 0.0061493 seconds, Stopping threads took: 0.0058587 seconds
2015-08-18T14:56:23.596-0200: 75374.070: Total time for which application threads were stopped: 0.0012415 seconds, Stopping threads took: 0.0008278 seconds
2015-08-18T14:56:23.599-0200: 75374.073: Total time for which application threads were stopped: 0.0023251 seconds, Stopping threads took: 0.0019260 seconds
2015-08-18T14:56:23.639-0200: 75374.113: Total time for which application threads were stopped: 0.0096825 seconds, Stopping threads took: 0.0037502 seconds
2015-08-18T14:56:23.648-0200: 75374.123: Total time for which application threads were stopped: 0.0091450 seconds, Stopping threads took: 0.0000492 seconds
2015-08-18T14:56:23.664-0200: 75374.138: Total time for which application threads were stopped: 0.0040355 seconds, Stopping threads took: 0.0037017 seconds
2015-08-18T14:56:23.698-0200: 75374.172: Total time for which application threads were stopped: 0.0004442 seconds, Stopping threads took: 0.0001413 seconds
2015-08-18T14:56:23.708-0200: 75374.183: Total time for which application threads were stopped: 0.0003739 seconds, Stopping threads took: 0.0000268 seconds
2015-08-18T14:56:23.771-0200: 75374.245: Total time for which application threads were stopped: 0.0006191 seconds, Stopping threads took: 0.0002776 seconds
2015-08-18T14:56:23.771-0200: 75374.246: Total time for which application threads were stopped: 0.0004184 seconds, Stopping threads took: 0.0000605 seconds
2015-08-18T14:56:23.829-0200: 75374.303: Total time for which application threads were stopped: 0.0003646 seconds, Stopping threads took: 0.0000309 seconds
2015-08-18T14:56:23.926-0200: 75374.400: Total time for which application threads were stopped: 0.0038651 seconds, Stopping threads took: 0.0035733 seconds
2015-08-18T14:56:25.834-0200: 75376.308: Total time for which application threads were stopped: 0.0003485 seconds, Stopping threads took: 0.0000360 seconds
2015-08-18T14:56:25.834-0200: 75376.308: Total time for which application threads were stopped: 0.0001560 seconds, Stopping threads took: 0.0000132 seconds
2015-08-18T14:56:35.761-0200: 75386.236: Total time for which application threads were stopped: 0.0028365 seconds, Stopping threads took: 0.0019537 seconds
2015-08-18T14:56:35.762-0200: 75386.236: Total time for which application threads were stopped: 0.0004505 seconds, Stopping threads took: 0.0001254 seconds
2015-08-18T14:56:35.763-0200: 75386.238: Total time for which application threads were stopped: 0.0011126 seconds, Stopping threads took: 0.0006375 seconds
2015-08-18T14:56:35.764-0200: 75386.239: Total time for which application threads were stopped: 0.0003294 seconds, Stopping threads took: 0.0000456 seconds
2015-08-18T14:56:35.777-0200: 75386.251: Total time for which application threads were stopped: 0.0038788 seconds, Stopping threads took: 0.0035201 seconds
2015-08-18T14:56:35.777-0200: 75386.252: Total time for which application threads were stopped: 0.0003095 seconds, Stopping threads took: 0.0000493 seconds
2015-08-18T14:56:35.780-0200: 75386.255: Total time for which application threads were stopped: 0.0020500 seconds, Stopping threads took: 0.0017962 seconds
2015-08-18T14:56:45.803-0200: 75396.278: Total time for which application threads were stopped: 0.0004078 seconds, Stopping threads took: 0.0000411 seconds
2015-08-18T14:56:45.808-0200: 75396.283: Total time for which application threads were stopped: 0.0022124 seconds, Stopping threads took: 0.0018263 seconds
2015-08-18T14:56:45.814-0200: 75396.289: Total time for which application threads were stopped: 0.0003934 seconds, Stopping threads took: 0.0000884 seconds
2015-08-18T14:56:45.814-0200: 75396.289: Total time for which application threads were stopped: 0.0002634 seconds, Stopping threads took: 0.0000504 seconds
2015-08-18T14:56:45.815-0200: 75396.290: Total time for which application threads were stopped: 0.0004651 seconds, Stopping threads took: 0.0001134 seconds
2015-08-18T14:56:45.816-0200: 75396.291: Total time for which application threads were stopped: 0.0003869 seconds, Stopping threads took: 0.0000717 seconds
2015-08-18T14:56:45.817-0200: 75396.292: Total time for which application threads were stopped: 0.0003231 seconds, Stopping threads took: 0.0000533 seconds
2015-08-18T14:56:45.820-0200: 75396.295: Total time for which application threads were stopped: 0.0027177 seconds, Stopping threads took: 0.0000151 seconds
2015-08-18T14:57:05.836-0200: 75416.312: Total time for which application threads were stopped: 0.0004128 seconds, Stopping threads took: 0.0000369 seconds
2015-08-18T14:57:05.837-0200: 75416.312: Total time for which application threads were stopped: 0.0003241 seconds, Stopping threads took: 0.0000188 seconds
2015-08-18T14:57:05.838-0200: 75416.314: Total time for which application threads were stopped: 0.0004823 seconds, Stopping threads took: 0.0000629 seconds
2015-08-18T14:57:05.839-0200: 75416.315: Total time for which application threads were stopped: 0.0004188 seconds, Stopping threads took: 0.0001079 seconds
2015-08-18T14:57:05.839-0200: 75416.315: Total time for which application threads were stopped: 0.0003513 seconds, Stopping threads took: 0.0001073 seconds
2015-08-18T14:57:05.840-0200: 75416.315: Total time for which application threads were stopped: 0.0002607 seconds, Stopping threads took: 0.0000658 seconds
2015-08-18T14:57:05.840-0200: 75416.316: Total time for which application threads were stopped: 0.0003625 seconds, Stopping threads took: 0.0000499 seconds
2015-08-18T14:57:05.841-0200: 75416.317: Total time for which application threads were stopped: 0.0002456 seconds, Stopping threads took: 0.0000163 seconds
2015-08-18T14:57:05.842-0200: 75416.318: Total time for which application threads were stopped: 0.0003034 seconds, Stopping threads took: 0.0000856 seconds
2015-08-18T14:57:45.872-0200: 75456.349: Total time for which application threads were stopped: 0.0005890 seconds, Stopping threads took: 0.0000512 seconds
2015-08-18T14:57:45.872-0200: 75456.349: Total time for which application threads were stopped: 0.0002874 seconds, Stopping threads took: 0.0000625 seconds
2015-08-18T14:57:45.876-0200: 75456.354: Total time for which application threads were stopped: 0.0024827 seconds, Stopping threads took: 0.0021615 seconds
2015-08-18T14:57:45.877-0200: 75456.354: Total time for which application threads were stopped: 0.0002988 seconds, Stopping threads took: 0.0000892 seconds
2015-08-18T14:57:45.877-0200: 75456.355: Total time for which application threads were stopped: 0.0003033 seconds, Stopping threads took: 0.0000935 seconds
2015-08-18T14:57:45.878-0200: 75456.355: Total time for which application threads were stopped: 0.0003378 seconds, Stopping threads took: 0.0001218 seconds
2015-08-18T14:57:45.878-0200: 75456.356: Total time for which application threads were stopped: 0.0003030 seconds, Stopping threads took: 0.0000699 seconds
2015-08-18T14:57:45.879-0200: 75456.356: Total time for which application threads were stopped: 0.0003531 seconds, Stopping threads took: 0.0000966 seconds
2015-08-18T14:57:45.880-0200: 75456.357: Total time for which application threads were stopped: 0.0003425 seconds, Stopping threads took: 0.0000461 seconds
2015-08-18T14:57:45.881-0200: 75456.358: Total time for which application threads were stopped: 0.0002729 seconds, Stopping threads took: 0.0000467 seconds
2015-08-18T14:57:45.883-0200: 75456.360: Total time for which application threads were stopped: 0.0019301 seconds, Stopping threads took: 0.0017005 seconds
2015-08-18T14:57:45.887-0200: 75456.364: Total time for which application threads were stopped: 0.0035987 seconds, Stopping threads took: 0.0033451 seconds
2015-08-18T14:59:05.951-0200: 75536.431: Total time for which application threads were stopped: 0.0005338 seconds, Stopping threads took: 0.0002121 seconds
2015-08-18T14:59:05.951-0200: 75536.431: Total time for which application threads were stopped: 0.0002583 seconds, Stopping threads took: 0.0000199 seconds
2015-08-18T14:59:05.954-0200: 75536.434: Total time for which application threads were stopped: 0.0004908 seconds, Stopping threads took: 0.0000611 seconds
2015-08-18T14:59:05.955-0200: 75536.435: Total time for which application threads were stopped: 0.0004841 seconds, Stopping threads took: 0.0001799 seconds
2015-08-18T14:59:05.956-0200: 75536.436: Total time for which application threads were stopped: 0.0003393 seconds, Stopping threads took: 0.0000912 seconds
2015-08-18T14:59:05.957-0200: 75536.437: Total time for which application threads were stopped: 0.0003754 seconds, Stopping threads took: 0.0000852 seconds
2015-08-18T14:59:05.958-0200: 75536.438: Total time for which application threads were stopped: 0.0003706 seconds, Stopping threads took: 0.0000863 seconds
2015-08-18T14:59:05.959-0200: 75536.439: Total time for which application threads were stopped: 0.0002806 seconds, Stopping threads took: 0.0000689 seconds
2015-08-18T14:59:05.960-0200: 75536.440: Total time for which application threads were stopped: 0.0003693 seconds, Stopping threads took: 0.0001181 seconds
2015-08-18T14:59:05.960-0200: 75536.440: Total time for which application threads were stopped: 0.0001604 seconds, Stopping threads took: 0.0000340 seconds
2015-08-18T14:59:05.960-0200: 75536.441: Total time for which application threads were stopped: 0.0002699 seconds, Stopping threads took: 0.0001163 seconds
2015-08-18T14:59:05.961-0200: 75536.441: Total time for which application threads were stopped: 0.0001812 seconds, Stopping threads took: 0.0000482 seconds
2015-08-18T14:59:05.973-0200: 75536.453: Total time for which application threads were stopped: 0.0027523 seconds, Stopping threads took: 0.0025031 seconds
2015-08-18T14:59:05.974-0200: 75536.454: Total time for which application threads were stopped: 0.0001799 seconds, Stopping threads took: 0.0000395 seconds
2015-08-18T15:01:46.081-0200: 75696.567: Total time for which application threads were stopped: 0.0043607 seconds, Stopping threads took: 0.0003612 seconds
2015-08-18T15:01:46.091-0200: 75696.577: Total time for which application threads were stopped: 0.0004604 seconds, Stopping threads took: 0.0000717 seconds
2015-08-18T15:01:46.092-0200: 75696.578: Total time for which application threads were stopped: 0.0004183 seconds, Stopping threads took: 0.0001642 seconds
2015-08-18T15:01:46.094-0200: 75696.580: Total time for which application threads were stopped: 0.0020288 seconds, Stopping threads took: 0.0000740 seconds
2015-08-18T15:01:46.104-0200: 75696.590: Total time for which application threads were stopped: 0.0085154 seconds, Stopping threads took: 0.0077837 seconds
2015-08-18T15:01:46.115-0200: 75696.601: Total time for which application threads were stopped: 0.0008504 seconds, Stopping threads took: 0.0005089 seconds
2015-08-18T15:01:46.116-0200: 75696.602: Total time for which application threads were stopped: 0.0002222 seconds, Stopping threads took: 0.0000158 seconds
2015-08-18T15:01:46.124-0200: 75696.610: Total time for which application threads were stopped: 0.0075704 seconds, Stopping threads took: 0.0071297 seconds
2015-08-18T15:01:46.125-0200: 75696.610: Total time for which application threads were stopped: 0.0002380 seconds, Stopping threads took: 0.0000625 seconds
2015-08-18T15:01:46.146-0200: 75696.632: Total time for which application threads were stopped: 0.0003622 seconds, Stopping threads took: 0.0000602 seconds
2015-08-18T15:01:46.147-0200: 75696.633: Total time for which application threads were stopped: 0.0005251 seconds, Stopping threads took: 0.0001662 seconds
2015-08-18T15:06:46.305-0200: 75996.801: Total time for which application threads were stopped: 0.0061369 seconds, Stopping threads took: 0.0003794 seconds
2015-08-18T15:06:46.323-0200: 75996.819: Total time for which application threads were stopped: 0.0004548 seconds, Stopping threads took: 0.0000501 seconds
2015-08-18T15:06:46.324-0200: 75996.820: Total time for which application threads were stopped: 0.0002885 seconds, Stopping threads took: 0.0000123 seconds
2015-08-18T15:06:46.328-0200: 75996.824: Total time for which application threads were stopped: 0.0005081 seconds, Stopping threads took: 0.0001981 seconds
2015-08-18T15:06:46.328-0200: 75996.824: Total time for which application threads were stopped: 0.0002299 seconds, Stopping threads took: 0.0000762 seconds
2015-08-18T15:06:46.334-0200: 75996.830: Total time for which application threads were stopped: 0.0019255 seconds, Stopping threads took: 0.0015340 seconds
2015-08-18T15:06:46.338-0200: 75996.834: Total time for which application threads were stopped: 0.0038533 seconds, Stopping threads took: 0.0000899 seconds
2015-08-18T15:06:46.353-0200: 75996.849: Total time for which application threads were stopped: 0.0043301 seconds, Stopping threads took: 0.0039489 seconds
2015-08-18T15:06:46.356-0200: 75996.852: Total time for which application threads were stopped: 0.0205471 seconds, Stopping threads took: 0.0000753 seconds
2015-08-18T15:06:46.391-0200: 75996.887: Total time for which application threads were stopped: 0.0006237 seconds, Stopping threads took: 0.0002767 seconds
2015-08-18T15:06:46.392-0200: 75996.888: Total time for which application threads were stopped: 0.0003701 seconds, Stopping threads took: 0.0001243 seconds
2015-08-18T15:11:46.554-0200: 76297.059: Total time for which application threads were stopped: 0.0064056 seconds, Stopping threads took: 0.0005380 seconds
2015-08-18T15:11:46.579-0200: 76297.084: Total time for which application threads were stopped: 0.0032667 seconds, Stopping threads took: 0.0010608 seconds
2015-08-18T15:11:46.582-0200: 76297.087: Total time for which application threads were stopped: 0.0024590 seconds, Stopping threads took: 0.0018071 seconds
2015-08-18T15:11:46.583-0200: 76297.088: Total time for which application threads were stopped: 0.0007890 seconds, Stopping threads took: 0.0002992 seconds
2015-08-18T15:11:46.585-0200: 76297.090: Total time for which application threads were stopped: 0.0019098 seconds, Stopping threads took: 0.0004147 seconds
2015-08-18T15:11:46.590-0200: 76297.095: Total time for which application threads were stopped: 0.0006504 seconds, Stopping threads took: 0.0002667 seconds
2015-08-18T15:11:46.590-0200: 76297.095: Total time for which application threads were stopped: 0.0002586 seconds, Stopping threads took: 0.0000781 seconds
2015-08-18T15:11:46.605-0200: 76297.111: Total time for which application threads were stopped: 0.0009344 seconds, Stopping threads took: 0.0003890 seconds
2015-08-18T15:11:46.612-0200: 76297.117: Total time for which application threads were stopped: 0.0061132 seconds, Stopping threads took: 0.0001466 seconds
2015-08-18T15:11:46.617-0200: 76297.123: Total time for which application threads were stopped: 0.0050971 seconds, Stopping threads took: 0.0046099 seconds
2015-08-18T15:16:46.795-0200: 76597.308: Total time for which application threads were stopped: 0.0109921 seconds, Stopping threads took: 0.0038096 seconds
2015-08-18T15:16:46.828-0200: 76597.340: Total time for which application threads were stopped: 0.0023164 seconds, Stopping threads took: 0.0017341 seconds
2015-08-18T15:16:46.828-0200: 76597.341: Total time for which application threads were stopped: 0.0004036 seconds, Stopping threads took: 0.0000755 seconds
2015-08-18T15:16:46.829-0200: 76597.341: Total time for which application threads were stopped: 0.0002984 seconds, Stopping threads took: 0.0000471 seconds
2015-08-18T15:16:46.836-0200: 76597.348: Total time for which application threads were stopped: 0.0053353 seconds, Stopping threads took: 0.0035874 seconds
2015-08-18T15:16:46.850-0200: 76597.363: Total time for which application threads were stopped: 0.0004323 seconds, Stopping threads took: 0.0000560 seconds
2015-08-18T15:16:46.851-0200: 76597.364: Total time for which application threads were stopped: 0.0004005 seconds, Stopping threads took: 0.0000696 seconds
2015-08-18T15:16:46.852-0200: 76597.364: Total time for which application threads were stopped: 0.0003177 seconds, Stopping threads took: 0.0000411 seconds
2015-08-18T15:21:47.034-0200: 76897.555: Total time for which application threads were stopped: 0.0162433 seconds, Stopping threads took: 0.0004842 seconds
2015-08-18T15:21:47.050-0200: 76897.571: Total time for which application threads were stopped: 0.0006692 seconds, Stopping threads took: 0.0002604 seconds
2015-08-18T15:21:47.056-0200: 76897.577: Total time for which application threads were stopped: 0.0048013 seconds, Stopping threads took: 0.0041351 seconds
2015-08-18T15:21:47.057-0200: 76897.578: Total time for which application threads were stopped: 0.0005523 seconds, Stopping threads took: 0.0000344 seconds
2015-08-18T15:21:47.062-0200: 76897.583: Total time for which application threads were stopped: 0.0007820 seconds, Stopping threads took: 0.0001236 seconds
2015-08-18T15:21:47.064-0200: 76897.585: Total time for which application threads were stopped: 0.0008052 seconds, Stopping threads took: 0.0001261 seconds
2015-08-18T15:21:47.074-0200: 76897.595: Total time for which application threads were stopped: 0.0031089 seconds, Stopping threads took: 0.0025181 seconds
2015-08-18T15:21:47.075-0200: 76897.596: Total time for which application threads were stopped: 0.0006821 seconds, Stopping threads took: 0.0000889 seconds
2015-08-18T15:21:47.076-0200: 76897.596: Total time for which application threads were stopped: 0.0005571 seconds, Stopping threads took: 0.0000539 seconds
2015-08-18T15:26:47.251-0200: 77197.778: Total time for which application threads were stopped: 0.0004412 seconds, Stopping threads took: 0.0000229 seconds
2015-08-18T15:26:47.252-0200: 77197.779: Total time for which application threads were stopped: 0.0004700 seconds, Stopping threads took: 0.0000355 seconds
2015-08-18T15:26:47.253-0200: 77197.780: Total time for which application threads were stopped: 0.0003534 seconds, Stopping threads took: 0.0000574 seconds
2015-08-18T15:26:47.254-0200: 77197.781: Total time for which application threads were stopped: 0.0005655 seconds, Stopping threads took: 0.0001445 seconds
2015-08-18T15:26:47.254-0200: 77197.781: Total time for which application threads were stopped: 0.0002320 seconds, Stopping threads took: 0.0000578 seconds
2015-08-18T15:26:47.255-0200: 77197.782: Total time for which application threads were stopped: 0.0001779 seconds, Stopping threads took: 0.0000450 seconds
2015-08-18T15:26:47.255-0200: 77197.782: Total time for which application threads were stopped: 0.0002382 seconds, Stopping threads took: 0.0000201 seconds
2015-08-18T15:26:47.260-0200: 77197.787: Total time for which application threads were stopped: 0.0009003 seconds, Stopping threads took: 0.0000214 seconds
2015-08-18T15:26:47.260-0200: 77197.787: Total time for which application threads were stopped: 0.0002024 seconds, Stopping threads took: 0.0000307 seconds
2015-08-18T15:26:47.260-0200: 77197.788: Total time for which application threads were stopped: 0.0002009 seconds, Stopping threads took: 0.0000366 seconds
2015-08-18T15:26:47.261-0200: 77197.788: Total time for which application threads were stopped: 0.0002157 seconds, Stopping threads took: 0.0000931 seconds
2015-08-18T15:26:47.261-0200: 77197.788: Total time for which application threads were stopped: 0.0002703 seconds, Stopping threads took: 0.0001101 seconds
2015-08-18T15:26:47.299-0200: 77197.826: Total time for which application threads were stopped: 0.0003807 seconds, Stopping threads took: 0.0000243 seconds
2015-08-18T15:26:47.299-0200: 77197.827: Total time for which application threads were stopped: 0.0003212 seconds, Stopping threads took: 0.0001213 seconds
2015-08-18T15:31:47.419-0200: 77497.952: Total time for which application threads were stopped: 0.0079097 seconds, Stopping threads took: 0.0004042 seconds
2015-08-18T15:31:47.450-0200: 77497.983: Total time for which application threads were stopped: 0.0020021 seconds, Stopping threads took: 0.0016294 seconds
2015-08-18T15:31:47.451-0200: 77497.984: Total time for which application threads were stopped: 0.0004573 seconds, Stopping threads took: 0.0001846 seconds
2015-08-18T15:31:47.451-0200: 77497.984: Total time for which application threads were stopped: 0.0002516 seconds, Stopping threads took: 0.0000456 seconds
2015-08-18T15:31:47.453-0200: 77497.986: Total time for which application threads were stopped: 0.0004053 seconds, Stopping threads took: 0.0000472 seconds
2015-08-18T15:31:47.465-0200: 77497.998: Total time for which application threads were stopped: 0.0004556 seconds, Stopping threads took: 0.0001072 seconds
2015-08-18T15:31:47.466-0200: 77497.999: Total time for which application threads were stopped: 0.0004959 seconds, Stopping threads took: 0.0001694 seconds
2015-08-18T15:31:47.470-0200: 77498.003: Total time for which application threads were stopped: 0.0033995 seconds, Stopping threads took: 0.0016084 seconds
2015-08-18T15:36:47.625-0200: 77798.163: Total time for which application threads were stopped: 0.0099555 seconds, Stopping threads took: 0.0004402 seconds
2015-08-18T15:36:47.638-0200: 77798.176: Total time for which application threads were stopped: 0.0006691 seconds, Stopping threads took: 0.0002757 seconds
2015-08-18T15:36:47.640-0200: 77798.177: Total time for which application threads were stopped: 0.0004168 seconds, Stopping threads took: 0.0000775 seconds
2015-08-18T15:36:47.655-0200: 77798.192: Total time for which application threads were stopped: 0.0004611 seconds, Stopping threads took: 0.0000960 seconds
2015-08-18T15:36:47.662-0200: 77798.199: Total time for which application threads were stopped: 0.0007407 seconds, Stopping threads took: 0.0000513 seconds
2015-08-18T15:36:47.669-0200: 77798.206: Total time for which application threads were stopped: 0.0018230 seconds, Stopping threads took: 0.0000690 seconds
2015-08-18T15:36:47.677-0200: 77798.215: Total time for which application threads were stopped: 0.0006667 seconds, Stopping threads took: 0.0001077 seconds
2015-08-18T15:36:47.679-0200: 77798.217: Total time for which application threads were stopped: 0.0004529 seconds, Stopping threads took: 0.0001423 seconds
2015-08-18T15:36:47.680-0200: 77798.217: Total time for which application threads were stopped: 0.0002956 seconds, Stopping threads took: 0.0000438 seconds
2015-08-18T15:41:47.895-0200: 78098.433: Total time for which application threads were stopped: 0.0111411 seconds, Stopping threads took: 0.0012691 seconds
2015-08-18T15:41:47.925-0200: 78098.463: Total time for which application threads were stopped: 0.0042261 seconds, Stopping threads took: 0.0027970 seconds
2015-08-18T15:41:47.926-0200: 78098.464: Total time for which application threads were stopped: 0.0004916 seconds, Stopping threads took: 0.0000534 seconds
2015-08-18T15:41:47.929-0200: 78098.467: Total time for which application threads were stopped: 0.0019402 seconds, Stopping threads took: 0.0015604 seconds
2015-08-18T15:41:47.930-0200: 78098.468: Total time for which application threads were stopped: 0.0006600 seconds, Stopping threads took: 0.0001475 seconds
2015-08-18T15:41:47.934-0200: 78098.472: Total time for which application threads were stopped: 0.0004890 seconds, Stopping threads took: 0.0001037 seconds
2015-08-18T15:41:47.939-0200: 78098.477: Total time for which application threads were stopped: 0.0037890 seconds, Stopping threads took: 0.0005333 seconds
2015-08-18T15:41:47.948-0200: 78098.486: Total time for which application threads were stopped: 0.0031504 seconds, Stopping threads took: 0.0017490 seconds
2015-08-18T15:41:47.948-0200: 78098.486: Total time for which application threads were stopped: 0.0004706 seconds, Stopping threads took: 0.0001083 seconds
2015-08-18T15:41:47.951-0200: 78098.489: Total time for which application threads were stopped: 0.0029524 seconds, Stopping threads took: 0.0026776 seconds
2015-08-18T15:41:47.952-0200: 78098.490: Total time for which application threads were stopped: 0.0005395 seconds, Stopping threads took: 0.0002814 seconds
2015-08-18T15:46:48.137-0200: 78398.676: Total time for which application threads were stopped: 0.0123274 seconds, Stopping threads took: 0.0031804 seconds
2015-08-18T15:46:48.153-0200: 78398.692: Total time for which application threads were stopped: 0.0006219 seconds, Stopping threads took: 0.0002015 seconds
2015-08-18T15:46:48.154-0200: 78398.693: Total time for which application threads were stopped: 0.0003016 seconds, Stopping threads took: 0.0001478 seconds
2015-08-18T15:46:48.154-0200: 78398.693: Total time for which application threads were stopped: 0.0004784 seconds, Stopping threads took: 0.0001087 seconds
2015-08-18T15:46:48.156-0200: 78398.695: Total time for which application threads were stopped: 0.0003496 seconds, Stopping threads took: 0.0000167 seconds
2015-08-18T15:46:48.170-0200: 78398.709: Total time for which application threads were stopped: 0.0004556 seconds, Stopping threads took: 0.0001232 seconds
2015-08-18T15:46:48.171-0200: 78398.710: Total time for which application threads were stopped: 0.0004995 seconds, Stopping threads took: 0.0000487 seconds
2015-08-18T15:46:48.175-0200: 78398.714: Total time for which application threads were stopped: 0.0008567 seconds, Stopping threads took: 0.0000235 seconds
2015-08-18T15:51:48.381-0200: 78698.926: Total time for which application threads were stopped: 0.0105325 seconds, Stopping threads took: 0.0003699 seconds
2015-08-18T15:51:48.403-0200: 78698.948: Total time for which application threads were stopped: 0.0008175 seconds, Stopping threads took: 0.0002249 seconds
2015-08-18T15:51:48.407-0200: 78698.952: Total time for which application threads were stopped: 0.0035794 seconds, Stopping threads took: 0.0001357 seconds
2015-08-18T15:51:48.411-0200: 78698.956: Total time for which application threads were stopped: 0.0029221 seconds, Stopping threads took: 0.0002089 seconds
2015-08-18T15:51:48.413-0200: 78698.958: Total time for which application threads were stopped: 0.0004340 seconds, Stopping threads took: 0.0000430 seconds
2015-08-18T15:51:48.426-0200: 78698.971: Total time for which application threads were stopped: 0.0005251 seconds, Stopping threads took: 0.0001951 seconds
2015-08-18T15:51:48.428-0200: 78698.973: Total time for which application threads were stopped: 0.0003814 seconds, Stopping threads took: 0.0000605 seconds
2015-08-18T15:51:48.428-0200: 78698.973: Total time for which application threads were stopped: 0.0004137 seconds, Stopping threads took: 0.0001581 seconds
2015-08-18T15:51:48.429-0200: 78698.974: Total time for which application threads were stopped: 0.0003624 seconds, Stopping threads took: 0.0000356 seconds
2015-08-18T15:56:48.616-0200: 78999.169: Total time for which application threads were stopped: 0.0046678 seconds, Stopping threads took: 0.0003783 seconds
2015-08-18T15:56:48.626-0200: 78999.179: Total time for which application threads were stopped: 0.0006939 seconds, Stopping threads took: 0.0002453 seconds
2015-08-18T15:56:48.627-0200: 78999.180: Total time for which application threads were stopped: 0.0007411 seconds, Stopping threads took: 0.0000348 seconds
2015-08-18T15:56:48.631-0200: 78999.183: Total time for which application threads were stopped: 0.0022453 seconds, Stopping threads took: 0.0000173 seconds
2015-08-18T15:56:48.649-0200: 78999.202: Total time for which application threads were stopped: 0.0043719 seconds, Stopping threads took: 0.0038314 seconds
2015-08-18T15:56:48.652-0200: 78999.205: Total time for which application threads were stopped: 0.0020828 seconds, Stopping threads took: 0.0016692 seconds
2015-08-18T15:56:48.663-0200: 78999.216: Total time for which application threads were stopped: 0.0013863 seconds, Stopping threads took: 0.0009358 seconds
2015-08-18T15:56:48.665-0200: 78999.218: Total time for which application threads were stopped: 0.0016969 seconds, Stopping threads took: 0.0013657 seconds
2015-08-18T16:01:48.880-0200: 79299.440: Total time for which application threads were stopped: 0.0086548 seconds, Stopping threads took: 0.0005911 seconds
2015-08-18T16:01:48.895-0200: 79299.456: Total time for which application threads were stopped: 0.0004326 seconds, Stopping threads took: 0.0000237 seconds
2015-08-18T16:01:48.901-0200: 79299.462: Total time for which application threads were stopped: 0.0056914 seconds, Stopping threads took: 0.0022355 seconds
2015-08-18T16:01:48.902-0200: 79299.462: Total time for which application threads were stopped: 0.0003962 seconds, Stopping threads took: 0.0000156 seconds
2015-08-18T16:01:48.904-0200: 79299.464: Total time for which application threads were stopped: 0.0004344 seconds, Stopping threads took: 0.0000180 seconds
2015-08-18T16:01:48.912-0200: 79299.472: Total time for which application threads were stopped: 0.0004272 seconds, Stopping threads took: 0.0001051 seconds
2015-08-18T16:01:48.912-0200: 79299.473: Total time for which application threads were stopped: 0.0002088 seconds, Stopping threads took: 0.0000572 seconds
2015-08-18T16:01:48.913-0200: 79299.473: Total time for which application threads were stopped: 0.0001226 seconds, Stopping threads took: 0.0000109 seconds
2015-08-18T16:01:48.942-0200: 79299.502: Total time for which application threads were stopped: 0.0003869 seconds, Stopping threads took: 0.0001297 seconds
2015-08-18T16:01:48.958-0200: 79299.518: Total time for which application threads were stopped: 0.0005079 seconds, Stopping threads took: 0.0001755 seconds
2015-08-18T16:06:49.106-0200: 79599.674: Total time for which application threads were stopped: 0.0043550 seconds, Stopping threads took: 0.0003706 seconds
2015-08-18T16:06:49.116-0200: 79599.685: Total time for which application threads were stopped: 0.0005586 seconds, Stopping threads took: 0.0001359 seconds
2015-08-18T16:06:49.119-0200: 79599.688: Total time for which application threads were stopped: 0.0003696 seconds, Stopping threads took: 0.0000420 seconds
2015-08-18T16:06:49.122-0200: 79599.691: Total time for which application threads were stopped: 0.0024762 seconds, Stopping threads took: 0.0021744 seconds
2015-08-18T16:06:49.123-0200: 79599.691: Total time for which application threads were stopped: 0.0001693 seconds, Stopping threads took: 0.0000484 seconds
2015-08-18T16:06:49.125-0200: 79599.693: Total time for which application threads were stopped: 0.0019472 seconds, Stopping threads took: 0.0017645 seconds
2015-08-18T16:06:49.125-0200: 79599.694: Total time for which application threads were stopped: 0.0002746 seconds, Stopping threads took: 0.0000498 seconds
2015-08-18T16:06:49.133-0200: 79599.702: Total time for which application threads were stopped: 0.0012465 seconds, Stopping threads took: 0.0009098 seconds
2015-08-18T16:06:49.134-0200: 79599.703: Total time for which application threads were stopped: 0.0001764 seconds, Stopping threads took: 0.0000125 seconds
2015-08-18T16:06:49.141-0200: 79599.710: Total time for which application threads were stopped: 0.0004230 seconds, Stopping threads took: 0.0000653 seconds
2015-08-18T16:06:49.142-0200: 79599.710: Total time for which application threads were stopped: 0.0005233 seconds, Stopping threads took: 0.0001632 seconds
2015-08-18T16:11:49.289-0200: 79899.867: Total time for which application threads were stopped: 0.0006486 seconds, Stopping threads took: 0.0000339 seconds
2015-08-18T16:11:49.296-0200: 79899.873: Total time for which application threads were stopped: 0.0061898 seconds, Stopping threads took: 0.0000240 seconds
2015-08-18T16:11:49.298-0200: 79899.875: Total time for which application threads were stopped: 0.0005465 seconds, Stopping threads took: 0.0000672 seconds
2015-08-18T16:11:49.298-0200: 79899.876: Total time for which application threads were stopped: 0.0003448 seconds, Stopping threads took: 0.0000551 seconds
2015-08-18T16:11:49.301-0200: 79899.878: Total time for which application threads were stopped: 0.0022489 seconds, Stopping threads took: 0.0019919 seconds
2015-08-18T16:11:49.301-0200: 79899.879: Total time for which application threads were stopped: 0.0002612 seconds, Stopping threads took: 0.0001062 seconds
2015-08-18T16:11:49.302-0200: 79899.879: Total time for which application threads were stopped: 0.0003692 seconds, Stopping threads took: 0.0001219 seconds
2015-08-18T16:11:49.305-0200: 79899.882: Total time for which application threads were stopped: 0.0006568 seconds, Stopping threads took: 0.0002440 seconds
2015-08-18T16:11:49.305-0200: 79899.883: Total time for which application threads were stopped: 0.0002879 seconds, Stopping threads took: 0.0000641 seconds
2015-08-18T16:11:49.308-0200: 79899.886: Total time for which application threads were stopped: 0.0026376 seconds, Stopping threads took: 0.0018955 seconds
2015-08-18T16:11:49.309-0200: 79899.887: Total time for which application threads were stopped: 0.0003512 seconds, Stopping threads took: 0.0000892 seconds
2015-08-18T16:11:49.310-0200: 79899.888: Total time for which application threads were stopped: 0.0004260 seconds, Stopping threads took: 0.0000653 seconds
2015-08-18T16:11:49.314-0200: 79899.892: Total time for which application threads were stopped: 0.0036758 seconds, Stopping threads took: 0.0033915 seconds
2015-08-18T16:16:49.476-0200: 80200.062: Total time for which application threads were stopped: 0.0007118 seconds, Stopping threads took: 0.0001375 seconds
2015-08-18T16:16:49.477-0200: 80200.063: Total time for which application threads were stopped: 0.0004030 seconds, Stopping threads took: 0.0000500 seconds
2015-08-18T16:16:49.492-0200: 80200.078: Total time for which application threads were stopped: 0.0082157 seconds, Stopping threads took: 0.0077982 seconds
2015-08-18T16:16:49.492-0200: 80200.079: Total time for which application threads were stopped: 0.0003349 seconds, Stopping threads took: 0.0001247 seconds
2015-08-18T16:16:49.501-0200: 80200.087: Total time for which application threads were stopped: 0.0064217 seconds, Stopping threads took: 0.0037762 seconds
2015-08-18T16:16:49.503-0200: 80200.090: Total time for which application threads were stopped: 0.0023215 seconds, Stopping threads took: 0.0017871 seconds
2015-08-18T16:16:49.507-0200: 80200.093: Total time for which application threads were stopped: 0.0023117 seconds, Stopping threads took: 0.0019249 seconds
2015-08-18T16:16:49.509-0200: 80200.095: Total time for which application threads were stopped: 0.0004376 seconds, Stopping threads took: 0.0000620 seconds
2015-08-18T16:16:49.519-0200: 80200.105: Total time for which application threads were stopped: 0.0006096 seconds, Stopping threads took: 0.0000553 seconds
2015-08-18T16:16:49.520-0200: 80200.106: Total time for which application threads were stopped: 0.0003227 seconds, Stopping threads took: 0.0000859 seconds
2015-08-18T16:16:49.520-0200: 80200.106: Total time for which application threads were stopped: 0.0001725 seconds, Stopping threads took: 0.0000429 seconds
2015-08-18T16:21:49.711-0200: 80500.306: Total time for which application threads were stopped: 0.0084149 seconds, Stopping threads took: 0.0007087 seconds
2015-08-18T16:21:49.727-0200: 80500.321: Total time for which application threads were stopped: 0.0006165 seconds, Stopping threads took: 0.0001365 seconds
2015-08-18T16:21:49.728-0200: 80500.323: Total time for which application threads were stopped: 0.0005579 seconds, Stopping threads took: 0.0001758 seconds
2015-08-18T16:21:49.737-0200: 80500.332: Total time for which application threads were stopped: 0.0024782 seconds, Stopping threads took: 0.0001402 seconds
2015-08-18T16:21:49.742-0200: 80500.336: Total time for which application threads were stopped: 0.0013228 seconds, Stopping threads took: 0.0009591 seconds
2015-08-18T16:21:49.742-0200: 80500.337: Total time for which application threads were stopped: 0.0003817 seconds, Stopping threads took: 0.0001866 seconds
2015-08-18T16:21:49.752-0200: 80500.347: Total time for which application threads were stopped: 0.0015305 seconds, Stopping threads took: 0.0011197 seconds
2015-08-18T16:21:49.753-0200: 80500.347: Total time for which application threads were stopped: 0.0002669 seconds, Stopping threads took: 0.0000151 seconds
2015-08-18T16:21:49.759-0200: 80500.354: Total time for which application threads were stopped: 0.0035643 seconds, Stopping threads took: 0.0025440 seconds
2015-08-18T16:26:49.925-0200: 80800.528: Total time for which application threads were stopped: 0.0006362 seconds, Stopping threads took: 0.0000831 seconds
2015-08-18T16:26:49.925-0200: 80800.528: Total time for which application threads were stopped: 0.0004163 seconds, Stopping threads took: 0.0000259 seconds
2015-08-18T16:26:49.929-0200: 80800.532: Total time for which application threads were stopped: 0.0004971 seconds, Stopping threads took: 0.0000555 seconds
2015-08-18T16:26:49.930-0200: 80800.532: Total time for which application threads were stopped: 0.0005460 seconds, Stopping threads took: 0.0000524 seconds
2015-08-18T16:26:49.930-0200: 80800.533: Total time for which application threads were stopped: 0.0004290 seconds, Stopping threads took: 0.0000200 seconds
2015-08-18T16:26:49.932-0200: 80800.535: Total time for which application threads were stopped: 0.0006193 seconds, Stopping threads took: 0.0002710 seconds
2015-08-18T16:26:49.936-0200: 80800.539: Total time for which application threads were stopped: 0.0009604 seconds, Stopping threads took: 0.0005873 seconds
2015-08-18T16:26:49.937-0200: 80800.539: Total time for which application threads were stopped: 0.0002290 seconds, Stopping threads took: 0.0000315 seconds
2015-08-18T16:26:49.937-0200: 80800.540: Total time for which application threads were stopped: 0.0002515 seconds, Stopping threads took: 0.0000276 seconds
2015-08-18T16:26:49.940-0200: 80800.543: Total time for which application threads were stopped: 0.0023244 seconds, Stopping threads took: 0.0017833 seconds
2015-08-18T16:26:49.959-0200: 80800.561: Total time for which application threads were stopped: 0.0003744 seconds, Stopping threads took: 0.0000255 seconds
2015-08-18T16:26:49.959-0200: 80800.562: Total time for which application threads were stopped: 0.0005165 seconds, Stopping threads took: 0.0001228 seconds
2015-08-18T16:31:50.107-0200: 81100.718: Total time for which application threads were stopped: 0.0051671 seconds, Stopping threads took: 0.0004076 seconds
2015-08-18T16:31:50.121-0200: 81100.732: Total time for which application threads were stopped: 0.0005923 seconds, Stopping threads took: 0.0001781 seconds
2015-08-18T16:31:50.126-0200: 81100.737: Total time for which application threads were stopped: 0.0055079 seconds, Stopping threads took: 0.0050703 seconds
2015-08-18T16:31:50.127-0200: 81100.738: Total time for which application threads were stopped: 0.0005225 seconds, Stopping threads took: 0.0002498 seconds
2015-08-18T16:31:50.129-0200: 81100.740: Total time for which application threads were stopped: 0.0011842 seconds, Stopping threads took: 0.0000713 seconds
2015-08-18T16:31:50.130-0200: 81100.741: Total time for which application threads were stopped: 0.0002460 seconds, Stopping threads took: 0.0000584 seconds
2015-08-18T16:31:50.136-0200: 81100.747: Total time for which application threads were stopped: 0.0004497 seconds, Stopping threads took: 0.0000950 seconds
2015-08-18T16:31:50.136-0200: 81100.747: Total time for which application threads were stopped: 0.0004190 seconds, Stopping threads took: 0.0001440 seconds
2015-08-18T16:31:50.144-0200: 81100.755: Total time for which application threads were stopped: 0.0004661 seconds, Stopping threads took: 0.0000517 seconds
2015-08-18T16:31:50.145-0200: 81100.756: Total time for which application threads were stopped: 0.0003063 seconds, Stopping threads took: 0.0000818 seconds
2015-08-18T16:31:51.147-0200: 81101.758: Total time for which application threads were stopped: 0.0002965 seconds, Stopping threads took: 0.0000482 seconds
2015-08-18T17:43:43.231-0200: 81213.210: Total time for which application threads were stopped: 0.0125902 seconds, Stopping threads took: 0.0005911 seconds
2015-08-18T17:43:43.232-0200: 81213.211: Total time for which application threads were stopped: 0.0005766 seconds, Stopping threads took: 0.0002182 seconds
2015-08-18T17:43:43.666-0200: 81213.645: Total time for which application threads were stopped: 0.0021036 seconds, Stopping threads took: 0.0015124 seconds
2015-08-18T17:43:43.689-0200: 81213.668: Total time for which application threads were stopped: 0.0223963 seconds, Stopping threads took: 0.0216487 seconds
{Heap before GC invocations=182 (full 2):
 par new generation   total 109248K, used 94940K [0x00000007a0000000, 0x00000007a8000000, 0x00000007a8000000)
  eden space 87424K, 100% used [0x00000007a0000000, 0x00000007a5560000, 0x00000007a5560000)
  from space 21824K,  34% used [0x00000007a5560000, 0x00000007a5cb71e8, 0x00000007a6ab0000)
  to   space 21824K,   0% used [0x00000007a6ab0000, 0x00000007a6ab0000, 0x00000007a8000000)
 concurrent mark-sweep generation total 393216K, used 126527K [0x00000007a8000000, 0x00000007c0000000, 0x00000007c0000000)
 Metaspace       used 44033K, capacity 44772K, committed 45048K, reserved 1089536K
  class space    used 4666K, capacity 4846K, committed 4860K, reserved 1048576K
2015-08-18T17:43:43.744-0200: 81213.722: [GC (Allocation Failure) 81213.731: [ParNew
Desired survivor size 20112992 bytes, new threshold 8 (max 8)
- age   1:    1407576 bytes,    1407576 total
- age   2:       8168 bytes,    1415744 total
- age   3:      35048 bytes,    1450792 total
- age   4:      16480 bytes,    1467272 total
- age   5:      16720 bytes,    1483992 total
- age   6:        112 bytes,    1484104 total
- age   7:      29032 bytes,    1513136 total
- age   8:    1201600 bytes,    2714736 total
: 94940K->4422K(109248K), 0.4230855 secs] 221467K->133909K(502464K), 0.4313010 secs] [Times: user=0.06 sys=0.13, real=0.43 secs] 
Heap after GC invocations=183 (full 2):
 par new generation   total 109248K, used 4422K [0x00000007a0000000, 0x00000007a8000000, 0x00000007a8000000)
  eden space 87424K,   0% used [0x00000007a0000000, 0x00000007a0000000, 0x00000007a5560000)
  from space 21824K,  20% used [0x00000007a6ab0000, 0x00000007a6f018c0, 0x00000007a8000000)
  to   space 21824K,   0% used [0x00000007a5560000, 0x00000007a5560000, 0x00000007a6ab0000)
 concurrent mark-sweep generation total 393216K, used 129486K [0x00000007a8000000, 0x00000007c0000000, 0x00000007c0000000)
 Metaspace       used 44033K, capacity 44772K, committed 45048K, reserved 1089536K
  class space    used 4666K, capacity 4846K, committed 4860K, reserved 1048576K
}
2015-08-18T17:43:44.175-0200: 81214.154: Total time for which application threads were stopped: 0.4362562 seconds, Stopping threads took: 0.0013651 seconds
2015-08-18T17:43:44.197-0200: 81214.176: Total time for which application threads were stopped: 0.0085131 seconds, Stopping threads took: 0.0001808 seconds
2015-08-18T17:43:44.251-0200: 81214.230: Total time for which application threads were stopped: 0.0138533 seconds, Stopping threads took: 0.0129513 seconds
2015-08-18T17:43:44.368-0200: 81214.347: Total time for which application threads were stopped: 0.0006681 seconds, Stopping threads took: 0.0001491 seconds
2015-08-18T17:43:44.486-0200: 81214.465: Total time for which application threads were stopped: 0.0860526 seconds, Stopping threads took: 0.0854639 seconds
2015-08-18T17:43:44.517-0200: 81214.495: Total time for which application threads were stopped: 0.0004469 seconds, Stopping threads took: 0.0000581 seconds
2015-08-18T17:43:44.521-0200: 81214.500: Total time for which application threads were stopped: 0.0004473 seconds, Stopping threads took: 0.0000534 seconds
2015-08-18T17:43:44.529-0200: 81214.507: Total time for which application threads were stopped: 0.0066062 seconds, Stopping threads took: 0.0062402 seconds
2015-08-18T17:43:45.852-0200: 81215.831: Total time for which application threads were stopped: 0.0006683 seconds, Stopping threads took: 0.0000367 seconds
2015-08-18T17:43:45.853-0200: 81215.831: Total time for which application threads were stopped: 0.0004296 seconds, Stopping threads took: 0.0000275 seconds
2015-08-18T17:43:50.862-0200: 81220.841: Total time for which application threads were stopped: 0.0009376 seconds, Stopping threads took: 0.0000592 seconds
2015-08-19T21:42:29.635-0200: 81268.325: Total time for which application threads were stopped: 0.1747170 seconds, Stopping threads took: 0.0844602 seconds
2015-08-19T21:42:30.141-0200: 81268.832: Total time for which application threads were stopped: 0.0165940 seconds, Stopping threads took: 0.0158549 seconds
2015-08-19T21:42:30.246-0200: 81268.937: Total time for which application threads were stopped: 0.0019217 seconds, Stopping threads took: 0.0012884 seconds
2015-08-19T21:42:33.295-0200: 81271.986: Total time for which application threads were stopped: 0.0047853 seconds, Stopping threads took: 0.0000482 seconds
2015-08-19T21:42:33.309-0200: 81272.000: Total time for which application threads were stopped: 0.0052525 seconds, Stopping threads took: 0.0047409 seconds
2015-08-19T21:42:33.501-0200: 81272.192: Total time for which application threads were stopped: 0.0056692 seconds, Stopping threads took: 0.0047244 seconds
2015-08-19T21:42:33.703-0200: 81272.393: Total time for which application threads were stopped: 0.0005288 seconds, Stopping threads took: 0.0000531 seconds
2015-08-19T21:42:35.784-0200: 81274.475: Total time for which application threads were stopped: 0.0118388 seconds, Stopping threads took: 0.0113342 seconds
2015-08-19T21:42:35.793-0200: 81274.484: Total time for which application threads were stopped: 0.0088003 seconds, Stopping threads took: 0.0084099 seconds
2015-08-19T21:42:35.794-0200: 81274.485: Total time for which application threads were stopped: 0.0002733 seconds, Stopping threads took: 0.0000396 seconds
2015-08-19T21:42:35.810-0200: 81274.501: Total time for which application threads were stopped: 0.0047233 seconds, Stopping threads took: 0.0000286 seconds
2015-08-19T21:42:35.815-0200: 81274.506: Total time for which application threads were stopped: 0.0004767 seconds, Stopping threads took: 0.0000216 seconds
2015-08-19T21:42:35.839-0200: 81274.530: Total time for which application threads were stopped: 0.0229210 seconds, Stopping threads took: 0.0225788 seconds
2015-08-19T21:42:35.844-0200: 81274.535: Total time for which application threads were stopped: 0.0049502 seconds, Stopping threads took: 0.0046092 seconds
2015-08-19T21:42:35.845-0200: 81274.536: Total time for which application threads were stopped: 0.0002702 seconds, Stopping threads took: 0.0000638 seconds
2015-08-19T21:42:35.851-0200: 81274.542: Total time for which application threads were stopped: 0.0048392 seconds, Stopping threads took: 0.0045531 seconds
2015-08-19T21:42:35.862-0200: 81274.553: Total time for which application threads were stopped: 0.0106841 seconds, Stopping threads took: 0.0103525 seconds
2015-08-19T21:42:45.915-0200: 81284.606: Total time for which application threads were stopped: 0.0254634 seconds, Stopping threads took: 0.0004708 seconds
2015-08-19T21:42:45.945-0200: 81284.637: Total time for which application threads were stopped: 0.0018854 seconds, Stopping threads took: 0.0010227 seconds
2015-08-19T21:42:45.952-0200: 81284.643: Total time for which application threads were stopped: 0.0013414 seconds, Stopping threads took: 0.0000305 seconds
2015-08-19T21:42:45.954-0200: 81284.646: Total time for which application threads were stopped: 0.0014141 seconds, Stopping threads took: 0.0000246 seconds
2015-08-19T21:42:46.010-0200: 81284.701: Total time for which application threads were stopped: 0.0013098 seconds, Stopping threads took: 0.0007190 seconds
2015-08-19T21:42:46.048-0200: 81284.740: Total time for which application threads were stopped: 0.0377987 seconds, Stopping threads took: 0.0121146 seconds
2015-08-19T21:42:46.092-0200: 81284.783: Total time for which application threads were stopped: 0.0409967 seconds, Stopping threads took: 0.0404837 seconds
2015-08-19T21:42:46.354-0200: 81285.045: Total time for which application threads were stopped: 0.0576646 seconds, Stopping threads took: 0.0572735 seconds
2015-08-19T21:42:46.355-0200: 81285.046: Total time for which application threads were stopped: 0.0004069 seconds, Stopping threads took: 0.0000204 seconds
2015-08-19T21:42:53.380-0200: 81292.071: Total time for which application threads were stopped: 0.0107218 seconds, Stopping threads took: 0.0005076 seconds
2015-08-19T21:42:53.527-0200: 81292.218: Total time for which application threads were stopped: 0.0005943 seconds, Stopping threads took: 0.0000943 seconds
2015-08-19T21:44:41.824-0200: 81400.519: Total time for which application threads were stopped: 0.0133723 seconds, Stopping threads took: 0.0007716 seconds
2015-08-19T21:56:58.975-0200: 82137.690: Total time for which application threads were stopped: 0.0095021 seconds, Stopping threads took: 0.0004000 seconds
2015-08-19T22:01:05.669-0200: 82384.391: Total time for which application threads were stopped: 0.0061715 seconds, Stopping threads took: 0.0005656 seconds
2015-08-19T22:01:10.114-0200: 82388.836: Total time for which application threads were stopped: 0.0044525 seconds, Stopping threads took: 0.0009889 seconds
2015-08-19T22:01:10.119-0200: 82388.841: Total time for which application threads were stopped: 0.0015840 seconds, Stopping threads took: 0.0011429 seconds
2015-08-19T22:01:10.121-0200: 82388.842: Total time for which application threads were stopped: 0.0005832 seconds, Stopping threads took: 0.0002336 seconds
2015-08-19T22:01:10.122-0200: 82388.844: Total time for which application threads were stopped: 0.0004328 seconds, Stopping threads took: 0.0000893 seconds
2015-08-19T22:01:10.139-0200: 82388.860: Total time for which application threads were stopped: 0.0005212 seconds, Stopping threads took: 0.0000368 seconds
2015-08-19T22:01:10.158-0200: 82388.880: Total time for which application threads were stopped: 0.0004110 seconds, Stopping threads took: 0.0000356 seconds
2015-08-19T22:01:10.160-0200: 82388.882: Total time for which application threads were stopped: 0.0005181 seconds, Stopping threads took: 0.0000477 seconds
2015-08-19T22:01:10.163-0200: 82388.885: Total time for which application threads were stopped: 0.0003158 seconds, Stopping threads took: 0.0000352 seconds
2015-08-19T22:01:10.171-0200: 82388.893: Total time for which application threads were stopped: 0.0021139 seconds, Stopping threads took: 0.0000372 seconds
2015-08-19T22:01:10.267-0200: 82388.988: Total time for which application threads were stopped: 0.0038432 seconds, Stopping threads took: 0.0012265 seconds
2015-08-19T22:01:10.282-0200: 82389.003: Total time for which application threads were stopped: 0.0021179 seconds, Stopping threads took: 0.0016955 seconds
2015-08-19T22:01:10.309-0200: 82389.031: Total time for which application threads were stopped: 0.0005468 seconds, Stopping threads took: 0.0000507 seconds
2015-08-19T22:01:10.311-0200: 82389.033: Total time for which application threads were stopped: 0.0005105 seconds, Stopping threads took: 0.0000450 seconds
2015-08-19T22:01:10.323-0200: 82389.045: Total time for which application threads were stopped: 0.0015945 seconds, Stopping threads took: 0.0001067 seconds
2015-08-19T22:01:10.355-0200: 82389.077: Total time for which application threads were stopped: 0.0005196 seconds, Stopping threads took: 0.0001224 seconds
2015-08-19T22:01:10.356-0200: 82389.078: Total time for which application threads were stopped: 0.0003702 seconds, Stopping threads took: 0.0000418 seconds
2015-08-19T22:01:10.370-0200: 82389.092: Total time for which application threads were stopped: 0.0005038 seconds, Stopping threads took: 0.0000521 seconds
2015-08-19T22:01:10.421-0200: 82389.142: Total time for which application threads were stopped: 0.0005333 seconds, Stopping threads took: 0.0000252 seconds
2015-08-19T22:01:10.421-0200: 82389.143: Total time for which application threads were stopped: 0.0002889 seconds, Stopping threads took: 0.0000167 seconds
2015-08-19T22:01:10.432-0200: 82389.154: Total time for which application threads were stopped: 0.0111721 seconds, Stopping threads took: 0.0000145 seconds
2015-08-19T22:01:10.494-0200: 82389.215: Total time for which application threads were stopped: 0.0051750 seconds, Stopping threads took: 0.0002258 seconds
2015-08-19T22:01:10.507-0200: 82389.229: Total time for which application threads were stopped: 0.0003816 seconds, Stopping threads took: 0.0000292 seconds
2015-08-19T22:01:17.504-0200: 82396.226: Total time for which application threads were stopped: 0.0003584 seconds, Stopping threads took: 0.0000559 seconds
2015-08-19T22:01:17.512-0200: 82396.234: Total time for which application threads were stopped: 0.0013005 seconds, Stopping threads took: 0.0009088 seconds
2015-08-19T22:01:17.516-0200: 82396.238: Total time for which application threads were stopped: 0.0034572 seconds, Stopping threads took: 0.0031240 seconds
2015-08-19T22:01:17.519-0200: 82396.241: Total time for which application threads were stopped: 0.0018122 seconds, Stopping threads took: 0.0014947 seconds
2015-08-19T22:01:17.632-0200: 82396.354: Total time for which application threads were stopped: 0.0025432 seconds, Stopping threads took: 0.0000285 seconds
2015-08-20T00:50:39.326-0200: 88971.024: Total time for which application threads were stopped: 0.2453924 seconds, Stopping threads took: 0.0844152 seconds
2015-08-20T00:50:39.451-0200: 88971.149: Total time for which application threads were stopped: 0.0300532 seconds, Stopping threads took: 0.0191084 seconds
2015-08-20T00:50:39.809-0200: 88971.507: Total time for which application threads were stopped: 0.0368033 seconds, Stopping threads took: 0.0085421 seconds
2015-08-20T00:50:39.850-0200: 88971.547: Total time for which application threads were stopped: 0.0132356 seconds, Stopping threads took: 0.0126442 seconds
2015-08-20T00:50:39.868-0200: 88971.566: Total time for which application threads were stopped: 0.0141895 seconds, Stopping threads took: 0.0046720 seconds
2015-08-20T00:50:39.945-0200: 88971.643: Total time for which application threads were stopped: 0.0366264 seconds, Stopping threads took: 0.0007949 seconds
2015-08-20T00:50:40.222-0200: 88971.920: Total time for which application threads were stopped: 0.0054932 seconds, Stopping threads took: 0.0045930 seconds
2015-08-20T00:50:40.275-0200: 88971.973: Total time for which application threads were stopped: 0.0004290 seconds, Stopping threads took: 0.0000620 seconds
2015-08-20T00:50:40.306-0200: 88972.004: Total time for which application threads were stopped: 0.0048250 seconds, Stopping threads took: 0.0041621 seconds
2015-08-20T00:50:40.332-0200: 88972.030: Total time for which application threads were stopped: 0.0014033 seconds, Stopping threads took: 0.0000271 seconds
2015-08-20T00:50:40.357-0200: 88972.055: Total time for which application threads were stopped: 0.0114813 seconds, Stopping threads took: 0.0109744 seconds
2015-08-20T00:50:40.361-0200: 88972.059: Total time for which application threads were stopped: 0.0006990 seconds, Stopping threads took: 0.0001683 seconds
2015-08-20T00:50:40.389-0200: 88972.086: Total time for which application threads were stopped: 0.0093401 seconds, Stopping threads took: 0.0000502 seconds
2015-08-20T00:50:40.402-0200: 88972.100: Total time for which application threads were stopped: 0.0003514 seconds, Stopping threads took: 0.0000280 seconds
2015-08-20T00:50:40.406-0200: 88972.104: Total time for which application threads were stopped: 0.0004812 seconds, Stopping threads took: 0.0000309 seconds
2015-08-20T00:50:40.525-0200: 88972.222: Total time for which application threads were stopped: 0.0094522 seconds, Stopping threads took: 0.0060732 seconds
2015-08-20T00:50:40.528-0200: 88972.226: Total time for which application threads were stopped: 0.0027615 seconds, Stopping threads took: 0.0023699 seconds
2015-08-20T00:50:40.590-0200: 88972.288: Total time for which application threads were stopped: 0.0087469 seconds, Stopping threads took: 0.0025963 seconds
2015-08-20T00:50:40.646-0200: 88972.344: Total time for which application threads were stopped: 0.0029974 seconds, Stopping threads took: 0.0026023 seconds
2015-08-20T00:50:40.673-0200: 88972.371: Total time for which application threads were stopped: 0.0045028 seconds, Stopping threads took: 0.0017112 seconds
2015-08-20T01:51:25.483-0200: 89025.181: Total time for which application threads were stopped: 0.0966871 seconds, Stopping threads took: 0.0460351 seconds
2015-08-20T01:51:25.575-0200: 89025.273: Total time for which application threads were stopped: 0.0831471 seconds, Stopping threads took: 0.0688478 seconds
2015-08-20T01:51:25.892-0200: 89025.590: Total time for which application threads were stopped: 0.0007393 seconds, Stopping threads took: 0.0000600 seconds
2015-08-20T01:51:25.913-0200: 89025.611: Total time for which application threads were stopped: 0.0131539 seconds, Stopping threads took: 0.0110355 seconds
2015-08-20T01:51:25.939-0200: 89025.637: Total time for which application threads were stopped: 0.0226242 seconds, Stopping threads took: 0.0127928 seconds
2015-08-20T01:51:25.939-0200: 89025.637: Total time for which application threads were stopped: 0.0003474 seconds, Stopping threads took: 0.0000306 seconds
2015-08-20T01:51:26.043-0200: 89025.741: Total time for which application threads were stopped: 0.0114093 seconds, Stopping threads took: 0.0110041 seconds
2015-08-20T01:51:26.098-0200: 89025.796: Total time for which application threads were stopped: 0.0428162 seconds, Stopping threads took: 0.0412542 seconds
2015-08-20T01:51:26.119-0200: 89025.818: Total time for which application threads were stopped: 0.0005441 seconds, Stopping threads took: 0.0000338 seconds
2015-08-20T01:51:26.197-0200: 89025.895: Total time for which application threads were stopped: 0.0055330 seconds, Stopping threads took: 0.0026792 seconds
2015-08-20T01:51:26.367-0200: 89026.065: Total time for which application threads were stopped: 0.0073118 seconds, Stopping threads took: 0.0068086 seconds
2015-08-20T01:51:26.370-0200: 89026.068: Total time for which application threads were stopped: 0.0019518 seconds, Stopping threads took: 0.0015278 seconds
2015-08-20T01:51:26.506-0200: 89026.204: Total time for which application threads were stopped: 0.0103939 seconds, Stopping threads took: 0.0098096 seconds
2015-08-20T01:51:26.565-0200: 89026.263: Total time for which application threads were stopped: 0.0054228 seconds, Stopping threads took: 0.0049627 seconds
2015-08-20T01:51:27.014-0200: 89026.712: Total time for which application threads were stopped: 0.0018473 seconds, Stopping threads took: 0.0015177 seconds
2015-08-20T01:51:27.014-0200: 89026.712: Total time for which application threads were stopped: 0.0002776 seconds, Stopping threads took: 0.0000816 seconds
2015-08-20T01:51:27.023-0200: 89026.721: Total time for which application threads were stopped: 0.0063216 seconds, Stopping threads took: 0.0026817 seconds
2015-08-20T01:51:27.025-0200: 89026.723: Total time for which application threads were stopped: 0.0019847 seconds, Stopping threads took: 0.0016315 seconds
2015-08-20T01:51:27.107-0200: 89026.805: Total time for which application threads were stopped: 0.0030532 seconds, Stopping threads took: 0.0026273 seconds
2015-08-20T01:51:27.109-0200: 89026.807: Total time for which application threads were stopped: 0.0019899 seconds, Stopping threads took: 0.0016302 seconds
2015-08-20T01:51:27.113-0200: 89026.811: Total time for which application threads were stopped: 0.0025331 seconds, Stopping threads took: 0.0020612 seconds
2015-08-20T01:51:27.114-0200: 89026.812: Total time for which application threads were stopped: 0.0003484 seconds, Stopping threads took: 0.0000750 seconds
2015-08-20T01:51:27.121-0200: 89026.819: Total time for which application threads were stopped: 0.0013074 seconds, Stopping threads took: 0.0009078 seconds
2015-08-20T01:51:27.123-0200: 89026.822: Total time for which application threads were stopped: 0.0028349 seconds, Stopping threads took: 0.0024958 seconds
2015-08-20T01:51:27.169-0200: 89026.867: Total time for which application threads were stopped: 0.0006381 seconds, Stopping threads took: 0.0000566 seconds
2015-08-20T01:51:27.175-0200: 89026.873: Total time for which application threads were stopped: 0.0030501 seconds, Stopping threads took: 0.0021715 seconds
2015-08-20T01:51:35.868-0200: 89035.566: Total time for which application threads were stopped: 0.0101236 seconds, Stopping threads took: 0.0003504 seconds
2015-08-20T01:51:37.828-0200: 89037.527: Total time for which application threads were stopped: 0.0061510 seconds, Stopping threads took: 0.0009987 seconds
2015-08-20T01:51:37.836-0200: 89037.534: Total time for which application threads were stopped: 0.0069483 seconds, Stopping threads took: 0.0017699 seconds
2015-08-20T01:51:42.872-0200: 89042.571: Total time for which application threads were stopped: 0.0005644 seconds, Stopping threads took: 0.0000678 seconds
2015-08-20T01:51:44.984-0200: 89044.683: Total time for which application threads were stopped: 0.0275686 seconds, Stopping threads took: 0.0045549 seconds
2015-08-20T01:51:45.048-0200: 89044.746: Total time for which application threads were stopped: 0.0003534 seconds, Stopping threads took: 0.0000272 seconds
2015-08-20T01:51:45.061-0200: 89044.760: Total time for which application threads were stopped: 0.0003997 seconds, Stopping threads took: 0.0000275 seconds
2015-08-20T02:52:22.394-0200: 89090.103: Total time for which application threads were stopped: 0.4011313 seconds, Stopping threads took: 0.4005178 seconds
2015-08-20T02:52:22.447-0200: 89090.157: Total time for which application threads were stopped: 0.0046113 seconds, Stopping threads took: 0.0012562 seconds
2015-08-20T02:52:22.602-0200: 89090.311: Total time for which application threads were stopped: 0.0136582 seconds, Stopping threads took: 0.0129932 seconds
2015-08-20T02:52:22.608-0200: 89090.317: Total time for which application threads were stopped: 0.0058024 seconds, Stopping threads took: 0.0054737 seconds
2015-08-20T02:52:22.614-0200: 89090.323: Total time for which application threads were stopped: 0.0004961 seconds, Stopping threads took: 0.0000496 seconds
2015-08-20T02:52:23.469-0200: 89091.178: Total time for which application threads were stopped: 0.0050728 seconds, Stopping threads took: 0.0046077 seconds
2015-08-20T02:52:23.475-0200: 89091.185: Total time for which application threads were stopped: 0.0042980 seconds, Stopping threads took: 0.0031223 seconds
2015-08-20T02:52:23.477-0200: 89091.187: Total time for which application threads were stopped: 0.0004537 seconds, Stopping threads took: 0.0001126 seconds
2015-08-20T02:52:23.480-0200: 89091.189: Total time for which application threads were stopped: 0.0002901 seconds, Stopping threads took: 0.0000217 seconds
2015-08-20T02:52:23.571-0200: 89091.281: Total time for which application threads were stopped: 0.0004352 seconds, Stopping threads took: 0.0000326 seconds
2015-08-20T02:52:23.576-0200: 89091.285: Total time for which application threads were stopped: 0.0003658 seconds, Stopping threads took: 0.0000240 seconds
2015-08-20T02:52:24.490-0200: 89092.199: Total time for which application threads were stopped: 0.0004285 seconds, Stopping threads took: 0.0000270 seconds
2015-08-20T02:52:27.511-0200: 89095.221: Total time for which application threads were stopped: 0.0005200 seconds, Stopping threads took: 0.0000637 seconds
2015-08-20T03:53:09.061-0200: 89144.391: Total time for which application threads were stopped: 0.6739723 seconds, Stopping threads took: 0.6734743 seconds
2015-08-20T03:53:09.325-0200: 89144.656: Total time for which application threads were stopped: 0.0042137 seconds, Stopping threads took: 0.0000272 seconds
2015-08-20T03:53:09.670-0200: 89145.001: Total time for which application threads were stopped: 0.0033399 seconds, Stopping threads took: 0.0025345 seconds
2015-08-20T03:53:09.671-0200: 89145.001: Total time for which application threads were stopped: 0.0003749 seconds, Stopping threads took: 0.0000823 seconds
2015-08-20T03:53:10.083-0200: 89145.414: Total time for which application threads were stopped: 0.0004966 seconds, Stopping threads took: 0.0000645 seconds
2015-08-20T03:53:10.083-0200: 89145.414: Total time for which application threads were stopped: 0.0003663 seconds, Stopping threads took: 0.0000378 seconds
2015-08-20T03:53:10.185-0200: 89145.516: Total time for which application threads were stopped: 0.0006469 seconds, Stopping threads took: 0.0001789 seconds
2015-08-20T03:53:10.212-0200: 89145.543: Total time for which application threads were stopped: 0.0030373 seconds, Stopping threads took: 0.0026700 seconds
2015-08-20T03:53:18.178-0200: 89153.509: Total time for which application threads were stopped: 0.0132297 seconds, Stopping threads took: 0.0094213 seconds
2015-08-20T03:53:18.191-0200: 89153.522: Total time for which application threads were stopped: 0.0056258 seconds, Stopping threads took: 0.0051480 seconds
2015-08-20T03:53:18.199-0200: 89153.530: Total time for which application threads were stopped: 0.0004898 seconds, Stopping threads took: 0.0000600 seconds
2015-08-20T03:53:18.200-0200: 89153.531: Total time for which application threads were stopped: 0.0004334 seconds, Stopping threads took: 0.0001185 seconds
2015-08-20T03:53:18.443-0200: 89153.774: Total time for which application threads were stopped: 0.0006917 seconds, Stopping threads took: 0.0000406 seconds
2015-08-20T03:53:18.479-0200: 89153.810: Total time for which application threads were stopped: 0.0021669 seconds, Stopping threads took: 0.0018732 seconds
{Heap before GC invocations=183 (full 2):
 par new generation   total 109248K, used 91846K [0x00000007a0000000, 0x00000007a8000000, 0x00000007a8000000)
  eden space 87424K,  99% used [0x00000007a0000000, 0x00000007a555fff0, 0x00000007a5560000)
  from space 21824K,  20% used [0x00000007a6ab0000, 0x00000007a6f018c0, 0x00000007a8000000)
  to   space 21824K,   0% used [0x00000007a5560000, 0x00000007a5560000, 0x00000007a6ab0000)
 concurrent mark-sweep generation total 393216K, used 129486K [0x00000007a8000000, 0x00000007c0000000, 0x00000007c0000000)
 Metaspace       used 44102K, capacity 44778K, committed 45048K, reserved 1089536K
  class space    used 4667K, capacity 4847K, committed 4860K, reserved 1048576K
2015-08-20T03:53:21.016-0200: 89156.347: [GC (Allocation Failure) 89156.349: [ParNew
Desired survivor size 20112992 bytes, new threshold 8 (max 8)
- age   1:    1167000 bytes,    1167000 total
- age   2:       8920 bytes,    1175920 total
- age   3:       6152 bytes,    1182072 total
- age   4:       8616 bytes,    1190688 total
- age   5:      15696 bytes,    1206384 total
- age   6:      16720 bytes,    1223104 total
- age   7:        112 bytes,    1223216 total
- age   8:      29032 bytes,    1252248 total
: 91846K->1749K(109248K), 0.1769782 secs] 221333K->132416K(502464K), 0.1789830 secs] [Times: user=0.04 sys=0.11, real=0.18 secs] 
Heap after GC invocations=184 (full 2):
 par new generation   total 109248K, used 1749K [0x00000007a0000000, 0x00000007a8000000, 0x00000007a8000000)
  eden space 87424K,   0% used [0x00000007a0000000, 0x00000007a0000000, 0x00000007a5560000)
  from space 21824K,   8% used [0x00000007a5560000, 0x00000007a5715710, 0x00000007a6ab0000)
  to   space 21824K,   0% used [0x00000007a6ab0000, 0x00000007a6ab0000, 0x00000007a8000000)
 concurrent mark-sweep generation total 393216K, used 130666K [0x00000007a8000000, 0x00000007c0000000, 0x00000007c0000000)
 Metaspace       used 44102K, capacity 44778K, committed 45048K, reserved 1089536K
  class space    used 4667K, capacity 4847K, committed 4860K, reserved 1048576K
}
2015-08-20T03:53:21.195-0200: 89156.527: Total time for which application threads were stopped: 0.2026558 seconds, Stopping threads took: 0.0019265 seconds
2015-08-20T03:53:21.256-0200: 89156.587: Total time for which application threads were stopped: 0.0030349 seconds, Stopping threads took: 0.0024575 seconds
2015-08-20T03:53:21.283-0200: 89156.614: Total time for which application threads were stopped: 0.0004837 seconds, Stopping threads took: 0.0000280 seconds
2015-08-20T03:53:21.490-0200: 89156.821: Total time for which application threads were stopped: 0.0004369 seconds, Stopping threads took: 0.0000549 seconds
2015-08-20T03:53:21.490-0200: 89156.821: Total time for which application threads were stopped: 0.0004351 seconds, Stopping threads took: 0.0000158 seconds
2015-08-20T03:53:21.491-0200: 89156.822: Total time for which application threads were stopped: 0.0007552 seconds, Stopping threads took: 0.0001277 seconds
2015-08-20T03:53:21.500-0200: 89156.831: Total time for which application threads were stopped: 0.0003208 seconds, Stopping threads took: 0.0000289 seconds
2015-08-20T03:53:21.500-0200: 89156.831: Total time for which application threads were stopped: 0.0002412 seconds, Stopping threads took: 0.0000723 seconds
2015-08-20T03:53:21.517-0200: 89156.848: Total time for which application threads were stopped: 0.0003752 seconds, Stopping threads took: 0.0000524 seconds
2015-08-20T03:53:21.520-0200: 89156.851: Total time for which application threads were stopped: 0.0025058 seconds, Stopping threads took: 0.0021936 seconds
2015-08-20T03:53:21.553-0200: 89156.884: Total time for which application threads were stopped: 0.0003848 seconds, Stopping threads took: 0.0000465 seconds
2015-08-20T03:53:21.563-0200: 89156.894: Total time for which application threads were stopped: 0.0002604 seconds, Stopping threads took: 0.0000214 seconds
2015-08-20T03:53:24.086-0200: 89159.418: Total time for which application threads were stopped: 0.0003059 seconds, Stopping threads took: 0.0000220 seconds
2015-08-20T03:53:24.096-0200: 89159.427: Total time for which application threads were stopped: 0.0002698 seconds, Stopping threads took: 0.0000229 seconds
2015-08-20T03:53:24.103-0200: 89159.434: Total time for which application threads were stopped: 0.0056162 seconds, Stopping threads took: 0.0052580 seconds
2015-08-20T03:53:24.328-0200: 89159.659: Total time for which application threads were stopped: 0.0032117 seconds, Stopping threads took: 0.0000305 seconds
2015-08-20T03:53:24.586-0200: 89159.917: Total time for which application threads were stopped: 0.0003465 seconds, Stopping threads took: 0.0000270 seconds
2015-08-20T03:53:34.311-0200: 89169.642: Total time for which application threads were stopped: 0.0003315 seconds, Stopping threads took: 0.0000252 seconds
2015-08-20T03:53:34.589-0200: 89169.921: Total time for which application threads were stopped: 0.0004179 seconds, Stopping threads took: 0.0000344 seconds
2015-08-20T04:53:54.500-0200: 89197.339: Total time for which application threads were stopped: 0.0004547 seconds, Stopping threads took: 0.0001311 seconds
2015-08-20T04:53:54.501-0200: 89197.339: Total time for which application threads were stopped: 0.0002150 seconds, Stopping threads took: 0.0000260 seconds
2015-08-20T04:53:56.622-0200: 89199.461: Total time for which application threads were stopped: 0.0123263 seconds, Stopping threads took: 0.0119052 seconds
2015-08-20T04:53:56.691-0200: 89199.530: Total time for which application threads were stopped: 0.0004757 seconds, Stopping threads took: 0.0000441 seconds
2015-08-20T04:53:56.692-0200: 89199.531: Total time for which application threads were stopped: 0.0003337 seconds, Stopping threads took: 0.0000227 seconds
2015-08-20T04:53:56.936-0200: 89199.775: Total time for which application threads were stopped: 0.0004253 seconds, Stopping threads took: 0.0000334 seconds
2015-08-20T04:53:56.938-0200: 89199.777: Total time for which application threads were stopped: 0.0003200 seconds, Stopping threads took: 0.0000221 seconds
2015-08-20T04:53:56.946-0200: 89199.785: Total time for which application threads were stopped: 0.0023319 seconds, Stopping threads took: 0.0020547 seconds
2015-08-20T04:53:57.019-0200: 89199.857: Total time for which application threads were stopped: 0.0033378 seconds, Stopping threads took: 0.0000816 seconds
2015-08-20T04:53:57.127-0200: 89199.965: Total time for which application threads were stopped: 0.0044276 seconds, Stopping threads took: 0.0000273 seconds
2015-08-20T04:53:57.133-0200: 89199.972: Total time for which application threads were stopped: 0.0020019 seconds, Stopping threads took: 0.0016587 seconds
2015-08-20T04:53:57.134-0200: 89199.973: Total time for which application threads were stopped: 0.0004245 seconds, Stopping threads took: 0.0000386 seconds
2015-08-20T04:53:57.160-0200: 89199.999: Total time for which application threads were stopped: 0.0005359 seconds, Stopping threads took: 0.0000284 seconds
2015-08-20T04:54:04.200-0200: 89207.039: Total time for which application threads were stopped: 0.0005530 seconds, Stopping threads took: 0.0000750 seconds
2015-08-20T05:54:42.850-0200: 89253.483: Total time for which application threads were stopped: 0.6335962 seconds, Stopping threads took: 0.6307800 seconds
2015-08-20T05:54:43.907-0200: 89254.541: Total time for which application threads were stopped: 0.0006840 seconds, Stopping threads took: 0.0000548 seconds
2015-08-20T05:54:43.913-0200: 89254.546: Total time for which application threads were stopped: 0.0050970 seconds, Stopping threads took: 0.0046982 seconds
2015-08-20T05:54:43.915-0200: 89254.549: Total time for which application threads were stopped: 0.0012768 seconds, Stopping threads took: 0.0006243 seconds
2015-08-20T05:54:43.919-0200: 89254.553: Total time for which application threads were stopped: 0.0004309 seconds, Stopping threads took: 0.0000386 seconds
2015-08-20T05:54:43.920-0200: 89254.554: Total time for which application threads were stopped: 0.0005536 seconds, Stopping threads took: 0.0000504 seconds
2015-08-20T05:54:43.961-0200: 89254.594: Total time for which application threads were stopped: 0.0052883 seconds, Stopping threads took: 0.0048862 seconds
2015-08-20T05:54:44.020-0200: 89254.653: Total time for which application threads were stopped: 0.0003712 seconds, Stopping threads took: 0.0000292 seconds
2015-08-20T05:54:44.103-0200: 89254.736: Total time for which application threads were stopped: 0.0169062 seconds, Stopping threads took: 0.0110660 seconds
2015-08-20T05:54:44.111-0200: 89254.744: Total time for which application threads were stopped: 0.0008764 seconds, Stopping threads took: 0.0004811 seconds
2015-08-20T05:54:44.240-0200: 89254.874: Total time for which application threads were stopped: 0.0005484 seconds, Stopping threads took: 0.0000278 seconds
2015-08-20T05:54:44.304-0200: 89254.937: Total time for which application threads were stopped: 0.0047507 seconds, Stopping threads took: 0.0000318 seconds
2015-08-20T05:54:44.350-0200: 89254.983: Total time for which application threads were stopped: 0.0004664 seconds, Stopping threads took: 0.0000279 seconds
2015-08-20T05:54:44.855-0200: 89255.488: Total time for which application threads were stopped: 0.0039692 seconds, Stopping threads took: 0.0036292 seconds
2015-08-20T05:54:44.861-0200: 89255.494: Total time for which application threads were stopped: 0.0049208 seconds, Stopping threads took: 0.0037481 seconds
2015-08-20T05:54:44.895-0200: 89255.528: Total time for which application threads were stopped: 0.0166805 seconds, Stopping threads took: 0.0064200 seconds
2015-08-20T05:54:44.902-0200: 89255.535: Total time for which application threads were stopped: 0.0074271 seconds, Stopping threads took: 0.0000493 seconds
2015-08-20T05:54:52.471-0200: 89263.104: Total time for which application threads were stopped: 0.0003362 seconds, Stopping threads took: 0.0000279 seconds
2015-08-20T05:54:52.471-0200: 89263.104: Total time for which application threads were stopped: 0.0002107 seconds, Stopping threads took: 0.0000180 seconds
2015-08-20T05:54:52.481-0200: 89263.114: Total time for which application threads were stopped: 0.0003906 seconds, Stopping threads took: 0.0000603 seconds
2015-08-20T05:54:52.485-0200: 89263.118: Total time for which application threads were stopped: 0.0012366 seconds, Stopping threads took: 0.0008693 seconds
2015-08-20T05:54:52.610-0200: 89263.243: Total time for which application threads were stopped: 0.0042465 seconds, Stopping threads took: 0.0038588 seconds
2015-08-20T05:54:52.636-0200: 89263.269: Total time for which application threads were stopped: 0.0020365 seconds, Stopping threads took: 0.0011085 seconds
2015-08-20T05:54:52.917-0200: 89263.551: Total time for which application threads were stopped: 0.0006412 seconds, Stopping threads took: 0.0000301 seconds
2015-08-20T05:54:58.660-0200: 89269.294: Total time for which application threads were stopped: 0.0004579 seconds, Stopping threads took: 0.0000339 seconds
2015-08-20T05:54:58.661-0200: 89269.294: Total time for which application threads were stopped: 0.0003460 seconds, Stopping threads took: 0.0000272 seconds
2015-08-20T05:54:58.676-0200: 89269.310: Total time for which application threads were stopped: 0.0004692 seconds, Stopping threads took: 0.0000745 seconds
2015-08-20T05:54:58.696-0200: 89269.330: Total time for which application threads were stopped: 0.0009612 seconds, Stopping threads took: 0.0003038 seconds
2015-08-20T05:55:01.712-0200: 89272.346: Total time for which application threads were stopped: 0.0005780 seconds, Stopping threads took: 0.0000738 seconds
2015-08-20T05:55:02.561-0200: 89273.195: Total time for which application threads were stopped: 0.0003394 seconds, Stopping threads took: 0.0000347 seconds
2015-08-20T05:55:13.841-0200: 89284.475: Total time for which application threads were stopped: 0.0050931 seconds, Stopping threads took: 0.0045397 seconds
2015-08-20T05:55:16.330-0200: 89286.964: Total time for which application threads were stopped: 0.0004734 seconds, Stopping threads took: 0.0000401 seconds
2015-08-20T05:55:16.331-0200: 89286.965: Total time for which application threads were stopped: 0.0004194 seconds, Stopping threads took: 0.0000218 seconds
2015-08-20T05:55:16.354-0200: 89286.988: Total time for which application threads were stopped: 0.0048194 seconds, Stopping threads took: 0.0045484 seconds
2015-08-20T05:55:16.489-0200: 89287.123: Total time for which application threads were stopped: 0.0017874 seconds, Stopping threads took: 0.0013924 seconds
2015-08-20T05:55:23.837-0200: 89294.472: Total time for which application threads were stopped: 0.0003985 seconds, Stopping threads took: 0.0000581 seconds
2015-08-20T05:55:23.900-0200: 89294.534: Total time for which application threads were stopped: 0.0005243 seconds, Stopping threads took: 0.0001075 seconds
2015-08-20T05:55:23.901-0200: 89294.535: Total time for which application threads were stopped: 0.0003360 seconds, Stopping threads took: 0.0000452 seconds
2015-08-20T05:55:33.931-0200: 89304.565: Total time for which application threads were stopped: 0.0005508 seconds, Stopping threads took: 0.0001249 seconds
2015-08-20T05:55:33.933-0200: 89304.568: Total time for which application threads were stopped: 0.0022673 seconds, Stopping threads took: 0.0000967 seconds
2015-08-20T05:55:33.935-0200: 89304.570: Total time for which application threads were stopped: 0.0018899 seconds, Stopping threads took: 0.0015781 seconds
2015-08-20T05:55:33.960-0200: 89304.594: Total time for which application threads were stopped: 0.0112759 seconds, Stopping threads took: 0.0000417 seconds
2015-08-20T06:55:30.270-0200: 89308.937: Total time for which application threads were stopped: 0.2994572 seconds, Stopping threads took: 0.2985170 seconds
2015-08-20T06:55:30.370-0200: 89309.037: Total time for which application threads were stopped: 0.0982770 seconds, Stopping threads took: 0.0000287 seconds
2015-08-20T06:55:30.533-0200: 89309.200: Total time for which application threads were stopped: 0.0564183 seconds, Stopping threads took: 0.0118229 seconds
2015-08-20T06:55:30.544-0200: 89309.210: Total time for which application threads were stopped: 0.0094056 seconds, Stopping threads took: 0.0083134 seconds
2015-08-20T06:55:30.546-0200: 89309.212: Total time for which application threads were stopped: 0.0005231 seconds, Stopping threads took: 0.0001418 seconds
2015-08-20T06:55:30.546-0200: 89309.213: Total time for which application threads were stopped: 0.0003037 seconds, Stopping threads took: 0.0000356 seconds
2015-08-20T06:55:30.589-0200: 89309.255: Total time for which application threads were stopped: 0.0114568 seconds, Stopping threads took: 0.0110630 seconds
2015-08-20T06:55:30.589-0200: 89309.256: Total time for which application threads were stopped: 0.0003381 seconds, Stopping threads took: 0.0000525 seconds
2015-08-20T06:55:30.597-0200: 89309.264: Total time for which application threads were stopped: 0.0067071 seconds, Stopping threads took: 0.0063466 seconds
2015-08-20T06:55:30.598-0200: 89309.264: Total time for which application threads were stopped: 0.0004325 seconds, Stopping threads took: 0.0000347 seconds
2015-08-20T06:55:30.610-0200: 89309.276: Total time for which application threads were stopped: 0.0114311 seconds, Stopping threads took: 0.0110818 seconds
2015-08-20T06:55:30.624-0200: 89309.290: Total time for which application threads were stopped: 0.0004010 seconds, Stopping threads took: 0.0000311 seconds
2015-08-20T06:55:30.624-0200: 89309.291: Total time for which application threads were stopped: 0.0003320 seconds, Stopping threads took: 0.0000169 seconds
2015-08-20T06:55:32.946-0200: 89311.612: Total time for which application threads were stopped: 0.0006625 seconds, Stopping threads took: 0.0000690 seconds
2015-08-20T06:55:33.402-0200: 89312.069: Total time for which application threads were stopped: 0.0005095 seconds, Stopping threads took: 0.0000435 seconds
2015-08-20T06:55:40.521-0200: 89319.188: Total time for which application threads were stopped: 0.0003317 seconds, Stopping threads took: 0.0000250 seconds
2015-08-20T06:55:40.526-0200: 89319.193: Total time for which application threads were stopped: 0.0002792 seconds, Stopping threads took: 0.0000264 seconds
2015-08-20T06:56:03.678-0200: 89342.345: Total time for which application threads were stopped: 0.0012345 seconds, Stopping threads took: 0.0001247 seconds
2015-08-20T07:09:25.154-0200: 89378.696: Total time for which application threads were stopped: 2.0254826 seconds, Stopping threads took: 1.3380335 seconds
2015-08-20T07:09:26.222-0200: 89379.764: Total time for which application threads were stopped: 0.0037798 seconds, Stopping threads took: 0.0034474 seconds
2015-08-20T07:09:26.232-0200: 89379.775: Total time for which application threads were stopped: 0.0005051 seconds, Stopping threads took: 0.0000757 seconds
2015-08-20T08:19:37.200-0200: 89390.285: Total time for which application threads were stopped: 0.0027698 seconds, Stopping threads took: 0.0022723 seconds
2015-08-20T08:19:47.542-0200: 89400.628: Total time for which application threads were stopped: 0.0007318 seconds, Stopping threads took: 0.0000247 seconds
2015-08-20T08:19:48.548-0200: 89401.633: Total time for which application threads were stopped: 0.0003214 seconds, Stopping threads took: 0.0000278 seconds
2015-08-20T08:19:48.821-0200: 89401.907: Total time for which application threads were stopped: 0.0003754 seconds, Stopping threads took: 0.0000372 seconds
2015-08-20T08:19:48.833-0200: 89401.918: Total time for which application threads were stopped: 0.0015544 seconds, Stopping threads took: 0.0000586 seconds
2015-08-20T20:59:59.727-0200: 89447.920: Total time for which application threads were stopped: 0.1988451 seconds, Stopping threads took: 0.1023012 seconds
2015-08-20T20:59:59.943-0200: 89448.136: Total time for which application threads were stopped: 0.0004212 seconds, Stopping threads took: 0.0000550 seconds
2015-08-20T21:00:00.781-0200: 89448.974: Total time for which application threads were stopped: 0.0207268 seconds, Stopping threads took: 0.0000274 seconds
2015-08-20T21:00:03.516-0200: 89451.709: Total time for which application threads were stopped: 0.0060868 seconds, Stopping threads took: 0.0055733 seconds
2015-08-20T21:00:03.517-0200: 89451.710: Total time for which application threads were stopped: 0.0004668 seconds, Stopping threads took: 0.0000179 seconds
2015-08-20T21:00:03.517-0200: 89451.710: Total time for which application threads were stopped: 0.0004626 seconds, Stopping threads took: 0.0000755 seconds
2015-08-20T21:00:03.870-0200: 89452.063: Total time for which application threads were stopped: 0.0003657 seconds, Stopping threads took: 0.0000463 seconds
2015-08-20T21:00:03.947-0200: 89452.140: Total time for which application threads were stopped: 0.0003675 seconds, Stopping threads took: 0.0000258 seconds
2015-08-20T21:00:04.422-0200: 89452.615: Total time for which application threads were stopped: 0.0005691 seconds, Stopping threads took: 0.0000538 seconds
2015-08-20T21:00:04.436-0200: 89452.629: Total time for which application threads were stopped: 0.0106952 seconds, Stopping threads took: 0.0000291 seconds
2015-08-20T21:00:04.475-0200: 89452.668: Total time for which application threads were stopped: 0.0005477 seconds, Stopping threads took: 0.0000543 seconds
2015-08-20T21:00:04.633-0200: 89452.826: Total time for which application threads were stopped: 0.0003881 seconds, Stopping threads took: 0.0000270 seconds
2015-08-20T21:00:04.633-0200: 89452.826: Total time for which application threads were stopped: 0.0002361 seconds, Stopping threads took: 0.0000138 seconds
2015-08-20T21:00:04.757-0200: 89452.951: Total time for which application threads were stopped: 0.0006929 seconds, Stopping threads took: 0.0000473 seconds
2015-08-20T21:00:04.760-0200: 89452.953: Total time for which application threads were stopped: 0.0014239 seconds, Stopping threads took: 0.0000213 seconds
2015-08-20T21:00:05.914-0200: 89454.107: Total time for which application threads were stopped: 0.0119489 seconds, Stopping threads took: 0.0000315 seconds
2015-08-20T21:00:15.421-0200: 89463.614: Total time for which application threads were stopped: 0.0007808 seconds, Stopping threads took: 0.0000333 seconds
2015-08-20T21:00:18.946-0200: 89467.139: Total time for which application threads were stopped: 0.0005611 seconds, Stopping threads took: 0.0000810 seconds
2015-08-20T21:00:18.946-0200: 89467.140: Total time for which application threads were stopped: 0.0002682 seconds, Stopping threads took: 0.0000601 seconds
2015-08-20T21:00:19.011-0200: 89467.205: Total time for which application threads were stopped: 0.0008490 seconds, Stopping threads took: 0.0000309 seconds
2015-08-20T21:00:19.139-0200: 89467.333: Total time for which application threads were stopped: 0.0003997 seconds, Stopping threads took: 0.0000283 seconds
2015-08-20T21:00:19.206-0200: 89467.399: Total time for which application threads were stopped: 0.0015078 seconds, Stopping threads took: 0.0000238 seconds
2015-08-20T21:00:19.227-0200: 89467.420: Total time for which application threads were stopped: 0.0004770 seconds, Stopping threads took: 0.0000306 seconds
2015-08-20T21:00:19.266-0200: 89467.459: Total time for which application threads were stopped: 0.0173466 seconds, Stopping threads took: 0.0121488 seconds
2015-08-20T21:00:19.388-0200: 89467.581: Total time for which application threads were stopped: 0.0004716 seconds, Stopping threads took: 0.0000297 seconds
2015-08-20T21:00:19.416-0200: 89467.609: Total time for which application threads were stopped: 0.0006311 seconds, Stopping threads took: 0.0001456 seconds
2015-08-20T21:00:19.442-0200: 89467.636: Total time for which application threads were stopped: 0.0003740 seconds, Stopping threads took: 0.0000288 seconds
2015-08-20T21:00:19.458-0200: 89467.651: Total time for which application threads were stopped: 0.0004526 seconds, Stopping threads took: 0.0000283 seconds
2015-08-20T21:00:19.459-0200: 89467.652: Total time for which application threads were stopped: 0.0004709 seconds, Stopping threads took: 0.0001619 seconds
2015-08-20T21:00:19.469-0200: 89467.662: Total time for which application threads were stopped: 0.0031570 seconds, Stopping threads took: 0.0027126 seconds
2015-08-20T21:00:19.471-0200: 89467.665: Total time for which application threads were stopped: 0.0004302 seconds, Stopping threads took: 0.0000271 seconds
2015-08-20T21:00:19.475-0200: 89467.668: Total time for which application threads were stopped: 0.0026541 seconds, Stopping threads took: 0.0000735 seconds
2015-08-20T21:00:19.477-0200: 89467.671: Total time for which application threads were stopped: 0.0003905 seconds, Stopping threads took: 0.0000956 seconds
2015-08-20T21:00:19.513-0200: 89467.707: Total time for which application threads were stopped: 0.0004453 seconds, Stopping threads took: 0.0000398 seconds
2015-08-20T21:00:19.517-0200: 89467.711: Total time for which application threads were stopped: 0.0008330 seconds, Stopping threads took: 0.0003499 seconds
2015-08-20T21:00:19.519-0200: 89467.712: Total time for which application threads were stopped: 0.0005113 seconds, Stopping threads took: 0.0001090 seconds
2015-08-20T21:00:19.520-0200: 89467.713: Total time for which application threads were stopped: 0.0006438 seconds, Stopping threads took: 0.0001306 seconds
2015-08-20T21:00:19.526-0200: 89467.719: Total time for which application threads were stopped: 0.0004117 seconds, Stopping threads took: 0.0000300 seconds
2015-08-20T21:00:19.565-0200: 89467.759: Total time for which application threads were stopped: 0.0004822 seconds, Stopping threads took: 0.0000550 seconds
2015-08-20T21:00:19.581-0200: 89467.774: Total time for which application threads were stopped: 0.0003856 seconds, Stopping threads took: 0.0000272 seconds
2015-08-20T21:00:19.588-0200: 89467.781: Total time for which application threads were stopped: 0.0004719 seconds, Stopping threads took: 0.0000469 seconds
2015-08-20T21:00:21.949-0200: 89470.142: Total time for which application threads were stopped: 0.0004962 seconds, Stopping threads took: 0.0000633 seconds
2015-08-20T21:00:22.517-0200: 89470.711: Total time for which application threads were stopped: 0.0009348 seconds, Stopping threads took: 0.0006178 seconds
2015-08-20T21:00:22.603-0200: 89470.796: Total time for which application threads were stopped: 0.0004341 seconds, Stopping threads took: 0.0000317 seconds
2015-08-20T21:00:24.402-0200: 89472.596: Total time for which application threads were stopped: 0.0021965 seconds, Stopping threads took: 0.0017607 seconds
2015-08-20T21:00:24.453-0200: 89472.647: Total time for which application threads were stopped: 0.0006932 seconds, Stopping threads took: 0.0000701 seconds
2015-08-20T21:00:25.457-0200: 89473.651: Total time for which application threads were stopped: 0.0004289 seconds, Stopping threads took: 0.0000378 seconds
2015-08-20T21:00:29.487-0200: 89477.680: Total time for which application threads were stopped: 0.0007447 seconds, Stopping threads took: 0.0000961 seconds
2015-08-20T21:00:29.488-0200: 89477.681: Total time for which application threads were stopped: 0.0005806 seconds, Stopping threads took: 0.0001342 seconds
2015-08-20T21:00:29.488-0200: 89477.682: Total time for which application threads were stopped: 0.0003323 seconds, Stopping threads took: 0.0000411 seconds
2015-08-20T21:00:29.524-0200: 89477.717: Total time for which application threads were stopped: 0.0063538 seconds, Stopping threads took: 0.0057225 seconds
2015-08-20T21:00:39.675-0200: 89487.869: Total time for which application threads were stopped: 0.0871533 seconds, Stopping threads took: 0.0867641 seconds
2015-08-20T21:00:42.228-0200: 89490.422: Total time for which application threads were stopped: 0.0089584 seconds, Stopping threads took: 0.0085640 seconds
2015-08-20T21:00:42.233-0200: 89490.427: Total time for which application threads were stopped: 0.0023854 seconds, Stopping threads took: 0.0018999 seconds
2015-08-20T21:00:44.730-0200: 89492.924: Total time for which application threads were stopped: 0.0035926 seconds, Stopping threads took: 0.0030808 seconds
2015-08-20T21:00:49.581-0200: 89497.775: Total time for which application threads were stopped: 0.0006925 seconds, Stopping threads took: 0.0000372 seconds
2015-08-20T21:00:54.731-0200: 89502.925: Total time for which application threads were stopped: 0.0007267 seconds, Stopping threads took: 0.0001211 seconds
2015-08-20T21:00:57.239-0200: 89505.433: Total time for which application threads were stopped: 0.0004585 seconds, Stopping threads took: 0.0000548 seconds
2015-08-20T21:00:59.577-0200: 89507.771: Total time for which application threads were stopped: 0.0005910 seconds, Stopping threads took: 0.0001458 seconds
2015-08-20T21:01:01.334-0200: 89509.529: Total time for which application threads were stopped: 0.0004983 seconds, Stopping threads took: 0.0000292 seconds
2015-08-20T21:01:09.363-0200: 89517.558: Total time for which application threads were stopped: 0.0005808 seconds, Stopping threads took: 0.0000539 seconds
2015-08-20T21:01:09.589-0200: 89517.784: Total time for which application threads were stopped: 0.0004318 seconds, Stopping threads took: 0.0000652 seconds
2015-08-20T21:01:09.590-0200: 89517.785: Total time for which application threads were stopped: 0.0006352 seconds, Stopping threads took: 0.0000333 seconds
2015-08-20T21:01:09.591-0200: 89517.786: Total time for which application threads were stopped: 0.0004439 seconds, Stopping threads took: 0.0000219 seconds
2015-08-20T21:01:09.611-0200: 89517.806: Total time for which application threads were stopped: 0.0003611 seconds, Stopping threads took: 0.0000385 seconds
2015-08-20T21:01:16.629-0200: 89524.824: Total time for which application threads were stopped: 0.0005110 seconds, Stopping threads took: 0.0000307 seconds
2015-08-20T21:01:16.658-0200: 89524.853: Total time for which application threads were stopped: 0.0004869 seconds, Stopping threads took: 0.0000314 seconds
2015-08-20T21:01:19.669-0200: 89527.865: Total time for which application threads were stopped: 0.0006347 seconds, Stopping threads took: 0.0000581 seconds
2015-08-20T21:02:22.839-0200: 89591.036: Total time for which application threads were stopped: 0.0040146 seconds, Stopping threads took: 0.0003622 seconds
2015-08-20T21:02:24.647-0200: 89592.844: Total time for which application threads were stopped: 0.0055326 seconds, Stopping threads took: 0.0000359 seconds
2015-08-20T21:04:26.664-0200: 89714.865: Total time for which application threads were stopped: 0.0039424 seconds, Stopping threads took: 0.0003092 seconds
{Heap before GC invocations=184 (full 2):
 par new generation   total 109248K, used 89173K [0x00000007a0000000, 0x00000007a8000000, 0x00000007a8000000)
  eden space 87424K, 100% used [0x00000007a0000000, 0x00000007a5560000, 0x00000007a5560000)
  from space 21824K,   8% used [0x00000007a5560000, 0x00000007a5715710, 0x00000007a6ab0000)
  to   space 21824K,   0% used [0x00000007a6ab0000, 0x00000007a6ab0000, 0x00000007a8000000)
 concurrent mark-sweep generation total 393216K, used 130666K [0x00000007a8000000, 0x00000007c0000000, 0x00000007c0000000)
 Metaspace       used 44155K, capacity 44842K, committed 45048K, reserved 1089536K
  class space    used 4668K, capacity 4847K, committed 4860K, reserved 1048576K
2015-08-20T21:04:56.246-0200: 89744.447: [GC (Allocation Failure) 89744.461: [ParNew
Desired survivor size 20112992 bytes, new threshold 8 (max 8)
- age   1:    1188176 bytes,    1188176 total
- age   2:      18880 bytes,    1207056 total
- age   3:       5872 bytes,    1212928 total
- age   4:       6152 bytes,    1219080 total
- age   5:       8616 bytes,    1227696 total
- age   6:      15696 bytes,    1243392 total
- age   7:      16688 bytes,    1260080 total
- age   8:        112 bytes,    1260192 total
: 89173K->1616K(109248K), 0.1041865 secs] 219840K->132312K(502464K), 0.1180910 secs] [Times: user=0.03 sys=0.09, real=0.12 secs] 
Heap after GC invocations=185 (full 2):
 par new generation   total 109248K, used 1616K [0x00000007a0000000, 0x00000007a8000000, 0x00000007a8000000)
  eden space 87424K,   0% used [0x00000007a0000000, 0x00000007a0000000, 0x00000007a5560000)
  from space 21824K,   7% used [0x00000007a6ab0000, 0x00000007a6c443c0, 0x00000007a8000000)
  to   space 21824K,   0% used [0x00000007a5560000, 0x00000007a5560000, 0x00000007a6ab0000)
 concurrent mark-sweep generation total 393216K, used 130695K [0x00000007a8000000, 0x00000007c0000000, 0x00000007c0000000)
 Metaspace       used 44155K, capacity 44842K, committed 45048K, reserved 1089536K
  class space    used 4668K, capacity 4847K, committed 4860K, reserved 1048576K
}
2015-08-20T21:04:56.364-0200: 89744.566: Total time for which application threads were stopped: 0.1232913 seconds, Stopping threads took: 0.0000722 seconds
2015-08-20T21:04:57.369-0200: 89745.570: Total time for which application threads were stopped: 0.0005735 seconds, Stopping threads took: 0.0001651 seconds
2015-08-20T21:06:28.714-0200: 89836.918: Total time for which application threads were stopped: 0.0052935 seconds, Stopping threads took: 0.0003240 seconds
2015-08-20T21:08:30.748-0200: 89958.956: Total time for which application threads were stopped: 0.0091721 seconds, Stopping threads took: 0.0005403 seconds
2015-08-20T21:10:32.770-0200: 90080.981: Total time for which application threads were stopped: 0.0035375 seconds, Stopping threads took: 0.0004489 seconds
2015-08-20T21:12:13.160-0200: 90183.313: Total time for which application threads were stopped: 0.0058477 seconds, Stopping threads took: 0.0008326 seconds
2015-08-20T21:12:37.879-0200: 90208.032: Total time for which application threads were stopped: 0.0007920 seconds, Stopping threads took: 0.0000831 seconds
2015-08-20T21:12:37.879-0200: 90208.032: Total time for which application threads were stopped: 0.0003180 seconds, Stopping threads took: 0.0000158 seconds
2015-08-20T21:12:37.882-0200: 90208.035: Total time for which application threads were stopped: 0.0005471 seconds, Stopping threads took: 0.0000270 seconds
2015-08-20T21:12:38.043-0200: 90208.196: Total time for which application threads were stopped: 0.0006637 seconds, Stopping threads took: 0.0000295 seconds
2015-08-20T21:12:39.046-0200: 90209.200: Total time for which application threads were stopped: 0.0005433 seconds, Stopping threads took: 0.0000685 seconds
2015-08-20T21:12:45.067-0200: 90215.221: Total time for which application threads were stopped: 0.0004935 seconds, Stopping threads took: 0.0000232 seconds
2015-08-20T21:12:45.104-0200: 90215.258: Total time for which application threads were stopped: 0.0003273 seconds, Stopping threads took: 0.0000235 seconds
{Heap before GC invocations=185 (full 2):
 par new generation   total 109248K, used 89040K [0x00000007a0000000, 0x00000007a8000000, 0x00000007a8000000)
  eden space 87424K, 100% used [0x00000007a0000000, 0x00000007a5560000, 0x00000007a5560000)
  from space 21824K,   7% used [0x00000007a6ab0000, 0x00000007a6c443c0, 0x00000007a8000000)
  to   space 21824K,   0% used [0x00000007a5560000, 0x00000007a5560000, 0x00000007a6ab0000)
 concurrent mark-sweep generation total 393216K, used 130695K [0x00000007a8000000, 0x00000007c0000000, 0x00000007c0000000)
 Metaspace       used 44167K, capacity 44842K, committed 45048K, reserved 1089536K
  class space    used 4668K, capacity 4847K, committed 4860K, reserved 1048576K
2015-08-21T00:15:00.710-0200: 101151.145: [GC (Allocation Failure) 101151.151: [ParNew
Desired survivor size 20112992 bytes, new threshold 8 (max 8)
- age   1:     348944 bytes,     348944 total
- age   2:     964544 bytes,    1313488 total
- age   3:      16792 bytes,    1330280 total
- age   4:       5872 bytes,    1336152 total
- age   5:       6152 bytes,    1342304 total
- age   6:       8616 bytes,    1350920 total
- age   7:      15696 bytes,    1366616 total
- age   8:      16688 bytes,    1383304 total
: 89040K->1824K(109248K), 0.1488040 secs] 219736K->132519K(502464K), 0.1552561 secs] [Times: user=0.11 sys=0.10, real=0.15 secs] 
Heap after GC invocations=186 (full 2):
 par new generation   total 109248K, used 1824K [0x00000007a0000000, 0x00000007a8000000, 0x00000007a8000000)
  eden space 87424K,   0% used [0x00000007a0000000, 0x00000007a0000000, 0x00000007a5560000)
  from space 21824K,   8% used [0x00000007a5560000, 0x00000007a57280c8, 0x00000007a6ab0000)
  to   space 21824K,   0% used [0x00000007a6ab0000, 0x00000007a6ab0000, 0x00000007a8000000)
 concurrent mark-sweep generation total 393216K, used 130695K [0x00000007a8000000, 0x00000007c0000000, 0x00000007c0000000)
 Metaspace       used 44167K, capacity 44842K, committed 45048K, reserved 1089536K
  class space    used 4668K, capacity 4847K, committed 4860K, reserved 1048576K
}
2015-08-21T00:15:00.867-0200: 101151.302: Total time for which application threads were stopped: 0.2288395 seconds, Stopping threads took: 0.0007011 seconds
2015-08-21T01:50:49.337-0200: 102700.119: Total time for which application threads were stopped: 0.1125516 seconds, Stopping threads took: 0.0695848 seconds
2015-08-21T01:50:49.377-0200: 102700.159: Total time for which application threads were stopped: 0.0006716 seconds, Stopping threads took: 0.0000477 seconds
2015-08-21T01:50:49.469-0200: 102700.252: Total time for which application threads were stopped: 0.0005092 seconds, Stopping threads took: 0.0001086 seconds
2015-08-21T01:50:49.511-0200: 102700.293: Total time for which application threads were stopped: 0.0416962 seconds, Stopping threads took: 0.0001730 seconds
2015-08-21T01:50:49.531-0200: 102700.313: Total time for which application threads were stopped: 0.0055874 seconds, Stopping threads took: 0.0050234 seconds
2015-08-21T01:50:49.532-0200: 102700.314: Total time for which application threads were stopped: 0.0006198 seconds, Stopping threads took: 0.0002086 seconds
2015-08-21T01:50:49.620-0200: 102700.402: Total time for which application threads were stopped: 0.0005263 seconds, Stopping threads took: 0.0000933 seconds
2015-08-21T01:50:49.621-0200: 102700.403: Total time for which application threads were stopped: 0.0002916 seconds, Stopping threads took: 0.0000443 seconds
2015-08-21T01:50:49.953-0200: 102700.735: Total time for which application threads were stopped: 0.0118584 seconds, Stopping threads took: 0.0110864 seconds
2015-08-21T01:50:49.954-0200: 102700.736: Total time for which application threads were stopped: 0.0007516 seconds, Stopping threads took: 0.0001084 seconds
2015-08-21T01:50:50.007-0200: 102700.789: Total time for which application threads were stopped: 0.0064654 seconds, Stopping threads took: 0.0048647 seconds
2015-08-21T01:50:50.028-0200: 102700.810: Total time for which application threads were stopped: 0.0005581 seconds, Stopping threads took: 0.0000353 seconds
2015-08-21T01:50:50.031-0200: 102700.813: Total time for which application threads were stopped: 0.0007339 seconds, Stopping threads took: 0.0000339 seconds
2015-08-21T01:50:50.063-0200: 102700.845: Total time for which application threads were stopped: 0.0141741 seconds, Stopping threads took: 0.0136611 seconds
2015-08-21T01:50:50.070-0200: 102700.852: Total time for which application threads were stopped: 0.0043013 seconds, Stopping threads took: 0.0022154 seconds
2015-08-21T01:50:50.114-0200: 102700.897: Total time for which application threads were stopped: 0.0370611 seconds, Stopping threads took: 0.0366814 seconds
2015-08-21T01:50:50.130-0200: 102700.912: Total time for which application threads were stopped: 0.0117075 seconds, Stopping threads took: 0.0113478 seconds
2015-08-21T01:50:50.131-0200: 102700.913: Total time for which application threads were stopped: 0.0003928 seconds, Stopping threads took: 0.0000398 seconds
2015-08-21T01:50:50.142-0200: 102700.924: Total time for which application threads were stopped: 0.0005430 seconds, Stopping threads took: 0.0000589 seconds
2015-08-21T01:50:50.142-0200: 102700.924: Total time for which application threads were stopped: 0.0003868 seconds, Stopping threads took: 0.0000378 seconds
2015-08-21T01:50:50.159-0200: 102700.941: Total time for which application threads were stopped: 0.0004309 seconds, Stopping threads took: 0.0000268 seconds
2015-08-21T01:50:50.161-0200: 102700.943: Total time for which application threads were stopped: 0.0014646 seconds, Stopping threads took: 0.0000427 seconds
2015-08-21T01:50:50.171-0200: 102700.953: Total time for which application threads were stopped: 0.0006027 seconds, Stopping threads took: 0.0001670 seconds
2015-08-21T01:50:50.176-0200: 102700.959: Total time for which application threads were stopped: 0.0004852 seconds, Stopping threads took: 0.0000526 seconds
2015-08-21T01:50:50.178-0200: 102700.960: Total time for which application threads were stopped: 0.0003984 seconds, Stopping threads took: 0.0000502 seconds
2015-08-21T01:50:50.181-0200: 102700.963: Total time for which application threads were stopped: 0.0004371 seconds, Stopping threads took: 0.0000415 seconds
2015-08-21T01:50:50.181-0200: 102700.964: Total time for which application threads were stopped: 0.0003560 seconds, Stopping threads took: 0.0000507 seconds
2015-08-21T01:50:50.689-0200: 102701.471: Total time for which application threads were stopped: 0.0005484 seconds, Stopping threads took: 0.0000738 seconds
2015-08-21T01:50:50.690-0200: 102701.472: Total time for which application threads were stopped: 0.0007057 seconds, Stopping threads took: 0.0003459 seconds
2015-08-21T01:50:50.730-0200: 102701.512: Total time for which application threads were stopped: 0.0004068 seconds, Stopping threads took: 0.0000225 seconds
2015-08-21T01:50:50.730-0200: 102701.513: Total time for which application threads were stopped: 0.0001741 seconds, Stopping threads took: 0.0000128 seconds
2015-08-21T01:50:50.734-0200: 102701.516: Total time for which application threads were stopped: 0.0003042 seconds, Stopping threads took: 0.0000441 seconds
2015-08-21T01:50:50.734-0200: 102701.516: Total time for which application threads were stopped: 0.0001795 seconds, Stopping threads took: 0.0000354 seconds
2015-08-21T01:50:50.737-0200: 102701.519: Total time for which application threads were stopped: 0.0003633 seconds, Stopping threads took: 0.0000664 seconds
2015-08-21T01:50:50.737-0200: 102701.520: Total time for which application threads were stopped: 0.0002438 seconds, Stopping threads took: 0.0000521 seconds
2015-08-21T01:50:50.741-0200: 102701.524: Total time for which application threads were stopped: 0.0025573 seconds, Stopping threads took: 0.0000563 seconds
2015-08-22T22:10:25.437-0200: 102723.699: Total time for which application threads were stopped: 0.6954317 seconds, Stopping threads took: 0.3489912 seconds
2015-08-22T22:10:26.335-0200: 102724.597: Total time for which application threads were stopped: 0.1331479 seconds, Stopping threads took: 0.0974850 seconds
2015-08-22T22:10:26.532-0200: 102724.793: Total time for which application threads were stopped: 0.0824334 seconds, Stopping threads took: 0.0001865 seconds
2015-08-22T22:10:26.667-0200: 102724.929: Total time for which application threads were stopped: 0.0413791 seconds, Stopping threads took: 0.0409249 seconds
2015-08-22T22:10:27.193-0200: 102725.454: Total time for which application threads were stopped: 0.1029255 seconds, Stopping threads took: 0.0007733 seconds
2015-08-22T22:10:27.245-0200: 102725.507: Total time for which application threads were stopped: 0.0511676 seconds, Stopping threads took: 0.0144652 seconds
2015-08-22T22:10:27.400-0200: 102725.661: Total time for which application threads were stopped: 0.0322881 seconds, Stopping threads took: 0.0000313 seconds
2015-08-22T22:10:28.433-0200: 102726.695: Total time for which application threads were stopped: 0.0007402 seconds, Stopping threads took: 0.0001694 seconds
2015-08-22T22:10:28.540-0200: 102726.802: Total time for which application threads were stopped: 0.0094103 seconds, Stopping threads took: 0.0000230 seconds
2015-08-22T22:15:38.367-0200: 102796.690: Total time for which application threads were stopped: 1.8563677 seconds, Stopping threads took: 1.8545682 seconds
2015-08-22T22:15:38.455-0200: 102796.778: Total time for which application threads were stopped: 0.0864489 seconds, Stopping threads took: 0.0001002 seconds
2015-08-22T22:15:38.511-0200: 102796.834: Total time for which application threads were stopped: 0.0062743 seconds, Stopping threads took: 0.0000269 seconds
2015-08-22T22:15:38.534-0200: 102796.857: Total time for which application threads were stopped: 0.0050561 seconds, Stopping threads took: 0.0045523 seconds
2015-08-22T22:15:38.583-0200: 102796.906: Total time for which application threads were stopped: 0.0445906 seconds, Stopping threads took: 0.0440546 seconds
2015-08-22T22:15:38.642-0200: 102796.965: Total time for which application threads were stopped: 0.0157996 seconds, Stopping threads took: 0.0117551 seconds
2015-08-22T22:15:38.688-0200: 102797.011: Total time for which application threads were stopped: 0.0031757 seconds, Stopping threads took: 0.0024826 seconds
2015-08-22T22:15:38.704-0200: 102797.027: Total time for which application threads were stopped: 0.0046782 seconds, Stopping threads took: 0.0038539 seconds
2015-08-22T22:15:38.724-0200: 102797.047: Total time for which application threads were stopped: 0.0005868 seconds, Stopping threads took: 0.0001149 seconds
2015-08-22T22:15:38.897-0200: 102797.220: Total time for which application threads were stopped: 0.0043446 seconds, Stopping threads took: 0.0001130 seconds
2015-08-22T22:15:38.921-0200: 102797.244: Total time for which application threads were stopped: 0.0004450 seconds, Stopping threads took: 0.0000288 seconds
2015-08-22T22:18:32.870-0200: 102977.425: Total time for which application threads were stopped: 0.0087846 seconds, Stopping threads took: 0.0031152 seconds
2015-08-22T22:18:33.117-0200: 102977.672: Total time for which application threads were stopped: 0.0004942 seconds, Stopping threads took: 0.0000231 seconds
2015-08-22T22:18:33.262-0200: 102977.817: Total time for which application threads were stopped: 0.0051536 seconds, Stopping threads took: 0.0000526 seconds
2015-08-22T22:18:33.284-0200: 102977.839: Total time for which application threads were stopped: 0.0003246 seconds, Stopping threads took: 0.0000223 seconds
2015-08-22T22:18:33.685-0200: 102978.241: Total time for which application threads were stopped: 0.0004773 seconds, Stopping threads took: 0.0000347 seconds
2015-08-22T22:18:40.302-0200: 102984.857: Total time for which application threads were stopped: 0.0010562 seconds, Stopping threads took: 0.0001358 seconds
2015-08-22T22:18:40.308-0200: 102984.863: Total time for which application threads were stopped: 0.0054530 seconds, Stopping threads took: 0.0042330 seconds
2015-08-22T22:18:40.369-0200: 102984.924: Total time for which application threads were stopped: 0.0004724 seconds, Stopping threads took: 0.0000275 seconds
2015-08-22T22:20:35.698-0200: 103100.257: Total time for which application threads were stopped: 0.0005814 seconds, Stopping threads took: 0.0000243 seconds
2015-08-22T22:22:37.739-0200: 103222.301: Total time for which application threads were stopped: 0.0046746 seconds, Stopping threads took: 0.0003166 seconds
2015-08-22T22:23:01.855-0200: 103246.418: Total time for which application threads were stopped: 0.0003964 seconds, Stopping threads took: 0.0000336 seconds
2015-08-22T22:23:02.862-0200: 103247.424: Total time for which application threads were stopped: 0.0025630 seconds, Stopping threads took: 0.0000325 seconds
2015-08-22T22:24:39.774-0200: 103344.340: Total time for which application threads were stopped: 0.0065849 seconds, Stopping threads took: 0.0003367 seconds
2015-08-22T22:26:41.772-0200: 103466.341: Total time for which application threads were stopped: 0.0003417 seconds, Stopping threads took: 0.0000211 seconds
2015-08-22T22:28:43.782-0200: 103588.354: Total time for which application threads were stopped: 0.0005466 seconds, Stopping threads took: 0.0000382 seconds
2015-08-22T22:30:50.819-0200: 103715.395: Total time for which application threads were stopped: 0.0004398 seconds, Stopping threads took: 0.0000280 seconds
2015-08-22T22:32:52.864-0200: 103837.443: Total time for which application threads were stopped: 0.0090839 seconds, Stopping threads took: 0.0057693 seconds
2015-08-22T22:34:54.889-0200: 103959.471: Total time for which application threads were stopped: 0.0118684 seconds, Stopping threads took: 0.0003218 seconds
{Heap before GC invocations=186 (full 2):
 par new generation   total 109248K, used 89248K [0x00000007a0000000, 0x00000007a8000000, 0x00000007a8000000)
  eden space 87424K, 100% used [0x00000007a0000000, 0x00000007a5560000, 0x00000007a5560000)
  from space 21824K,   8% used [0x00000007a5560000, 0x00000007a57280c8, 0x00000007a6ab0000)
  to   space 21824K,   0% used [0x00000007a6ab0000, 0x00000007a6ab0000, 0x00000007a8000000)
 concurrent mark-sweep generation total 393216K, used 130695K [0x00000007a8000000, 0x00000007c0000000, 0x00000007c0000000)
 Metaspace       used 44199K, capacity 44906K, committed 45048K, reserved 1089536K
  class space    used 4668K, capacity 4847K, committed 4860K, reserved 1048576K
2015-08-22T22:36:10.179-0200: 104034.762: [GC (Allocation Failure) 104034.764: [ParNew
Desired survivor size 20112992 bytes, new threshold 8 (max 8)
- age   1:     844296 bytes,     844296 total
- age   2:      67472 bytes,     911768 total
- age   3:     302880 bytes,    1214648 total
- age   4:      13248 bytes,    1227896 total
- age   5:       5872 bytes,    1233768 total
- age   6:       6152 bytes,    1239920 total
- age   7:       8512 bytes,    1248432 total
- age   8:      15696 bytes,    1264128 total
: 89248K->1512K(109248K), 0.0730737 secs] 219943K->132224K(502464K), 0.0748351 secs] [Times: user=0.03 sys=0.09, real=0.08 secs] 
Heap after GC invocations=187 (full 2):
 par new generation   total 109248K, used 1512K [0x00000007a0000000, 0x00000007a8000000, 0x00000007a8000000)
  eden space 87424K,   0% used [0x00000007a0000000, 0x00000007a0000000, 0x00000007a5560000)
  from space 21824K,   6% used [0x00000007a6ab0000, 0x00000007a6c2a3f0, 0x00000007a8000000)
  to   space 21824K,   0% used [0x00000007a5560000, 0x00000007a5560000, 0x00000007a6ab0000)
 concurrent mark-sweep generation total 393216K, used 130711K [0x00000007a8000000, 0x00000007c0000000, 0x00000007c0000000)
 Metaspace       used 44199K, capacity 44906K, committed 45048K, reserved 1089536K
  class space    used 4668K, capacity 4847K, committed 4860K, reserved 1048576K
}
2015-08-22T22:36:10.254-0200: 104034.838: Total time for which application threads were stopped: 0.0801825 seconds, Stopping threads took: 0.0000279 seconds
2015-08-22T22:36:56.917-0200: 104081.501: Total time for which application threads were stopped: 0.0043821 seconds, Stopping threads took: 0.0000548 seconds
2015-08-22T22:38:58.954-0200: 104203.542: Total time for which application threads were stopped: 0.0051079 seconds, Stopping threads took: 0.0002943 seconds
2015-08-22T22:41:00.988-0200: 104325.578: Total time for which application threads were stopped: 0.0107697 seconds, Stopping threads took: 0.0003075 seconds
2015-08-22T22:43:08.020-0200: 104452.612: Total time for which application threads were stopped: 0.0066788 seconds, Stopping threads took: 0.0005861 seconds
2015-08-22T22:43:08.122-0200: 104452.714: Total time for which application threads were stopped: 0.0008400 seconds, Stopping threads took: 0.0000466 seconds
2015-08-22T22:43:15.161-0200: 104459.753: Total time for which application threads were stopped: 0.0006391 seconds, Stopping threads took: 0.0000502 seconds
2015-08-22T22:43:15.200-0200: 104459.792: Total time for which application threads were stopped: 0.0005831 seconds, Stopping threads took: 0.0000315 seconds
2015-08-22T23:05:42.886-0200: 105807.500: Total time for which application threads were stopped: 0.0129762 seconds, Stopping threads took: 0.0006734 seconds
2015-08-23T01:26:03.725-0200: 110028.187: Total time for which application threads were stopped: 0.1757326 seconds, Stopping threads took: 0.0111652 seconds
2015-08-23T01:26:03.964-0200: 110028.426: Total time for which application threads were stopped: 0.0481055 seconds, Stopping threads took: 0.0212400 seconds
2015-08-23T01:26:04.018-0200: 110028.480: Total time for which application threads were stopped: 0.0109440 seconds, Stopping threads took: 0.0103414 seconds
2015-08-23T01:26:04.025-0200: 110028.487: Total time for which application threads were stopped: 0.0044106 seconds, Stopping threads took: 0.0039825 seconds
2015-08-23T01:26:04.035-0200: 110028.497: Total time for which application threads were stopped: 0.0101327 seconds, Stopping threads took: 0.0097765 seconds
2015-08-23T01:26:04.045-0200: 110028.507: Total time for which application threads were stopped: 0.0093790 seconds, Stopping threads took: 0.0035879 seconds
2015-08-23T01:26:05.011-0200: 110029.473: Total time for which application threads were stopped: 0.0021366 seconds, Stopping threads took: 0.0001037 seconds
2015-08-23T01:26:05.011-0200: 110029.473: Total time for which application threads were stopped: 0.0004098 seconds, Stopping threads took: 0.0000708 seconds
2015-08-23T01:26:05.027-0200: 110029.489: Total time for which application threads were stopped: 0.0020661 seconds, Stopping threads took: 0.0016965 seconds
2015-08-23T01:26:05.028-0200: 110029.490: Total time for which application threads were stopped: 0.0002958 seconds, Stopping threads took: 0.0000992 seconds
2015-08-23T01:26:05.034-0200: 110029.496: Total time for which application threads were stopped: 0.0025894 seconds, Stopping threads took: 0.0021244 seconds
2015-08-23T01:26:05.037-0200: 110029.499: Total time for which application threads were stopped: 0.0022135 seconds, Stopping threads took: 0.0018429 seconds
2015-08-23T01:26:05.038-0200: 110029.500: Total time for which application threads were stopped: 0.0005203 seconds, Stopping threads took: 0.0001222 seconds
2015-08-23T01:26:05.041-0200: 110029.503: Total time for which application threads were stopped: 0.0019016 seconds, Stopping threads took: 0.0015751 seconds
2015-08-23T01:26:05.046-0200: 110029.508: Total time for which application threads were stopped: 0.0029816 seconds, Stopping threads took: 0.0025581 seconds
2015-08-23T01:26:05.058-0200: 110029.521: Total time for which application threads were stopped: 0.0007923 seconds, Stopping threads took: 0.0002588 seconds
2015-08-23T01:26:05.119-0200: 110029.581: Total time for which application threads were stopped: 0.0005449 seconds, Stopping threads took: 0.0000633 seconds
2015-08-23T16:28:40.882-0200: 110082.493: Total time for which application threads were stopped: 0.4790518 seconds, Stopping threads took: 0.1009901 seconds
2015-08-23T16:28:42.823-0200: 110084.433: Total time for which application threads were stopped: 0.0006039 seconds, Stopping threads took: 0.0002027 seconds
2015-08-23T16:28:43.034-0200: 110084.644: Total time for which application threads were stopped: 0.0048045 seconds, Stopping threads took: 0.0042610 seconds
2015-08-23T16:28:44.463-0200: 110086.073: Total time for which application threads were stopped: 0.0510050 seconds, Stopping threads took: 0.0101184 seconds
2015-08-23T16:28:44.524-0200: 110086.135: Total time for which application threads were stopped: 0.0038960 seconds, Stopping threads took: 0.0013455 seconds
2015-08-23T16:28:44.559-0200: 110086.169: Total time for which application threads were stopped: 0.0292379 seconds, Stopping threads took: 0.0170221 seconds
2015-08-23T16:28:44.726-0200: 110086.337: Total time for which application threads were stopped: 0.0070424 seconds, Stopping threads took: 0.0066348 seconds
2015-08-23T16:28:45.160-0200: 110086.771: Total time for which application threads were stopped: 0.0003960 seconds, Stopping threads took: 0.0000262 seconds
2015-08-23T16:28:45.249-0200: 110086.860: Total time for which application threads were stopped: 0.0046053 seconds, Stopping threads took: 0.0042622 seconds
2015-08-23T16:28:45.265-0200: 110086.876: Total time for which application threads were stopped: 0.0102476 seconds, Stopping threads took: 0.0046601 seconds
2015-08-23T16:28:45.408-0200: 110087.019: Total time for which application threads were stopped: 0.0004353 seconds, Stopping threads took: 0.0000288 seconds
2015-08-23T16:28:45.409-0200: 110087.019: Total time for which application threads were stopped: 0.0002205 seconds, Stopping threads took: 0.0000130 seconds
2015-08-23T16:28:45.422-0200: 110087.033: Total time for which application threads were stopped: 0.0076513 seconds, Stopping threads took: 0.0038165 seconds
2015-08-23T16:28:45.423-0200: 110087.034: Total time for which application threads were stopped: 0.0005997 seconds, Stopping threads took: 0.0001855 seconds
2015-08-23T16:28:45.424-0200: 110087.035: Total time for which application threads were stopped: 0.0008026 seconds, Stopping threads took: 0.0000397 seconds
2015-08-23T16:28:46.427-0200: 110088.038: Total time for which application threads were stopped: 0.0004229 seconds, Stopping threads took: 0.0000721 seconds
2015-08-23T16:28:46.772-0200: 110088.383: Total time for which application threads were stopped: 0.0052839 seconds, Stopping threads took: 0.0046373 seconds
2015-08-23T16:28:46.796-0200: 110088.407: Total time for which application threads were stopped: 0.0003952 seconds, Stopping threads took: 0.0000271 seconds
2015-08-23T16:28:50.812-0200: 110092.423: Total time for which application threads were stopped: 0.0004064 seconds, Stopping threads took: 0.0000321 seconds
2015-08-23T16:28:52.675-0200: 110094.286: Total time for which application threads were stopped: 0.0004501 seconds, Stopping threads took: 0.0000314 seconds
2015-08-23T16:28:52.697-0200: 110094.308: Total time for which application threads were stopped: 0.0204414 seconds, Stopping threads took: 0.0000274 seconds
2015-08-23T16:28:59.710-0200: 110101.321: Total time for which application threads were stopped: 0.0009668 seconds, Stopping threads took: 0.0000758 seconds
2015-08-23T16:29:17.274-0200: 110118.886: Total time for which application threads were stopped: 0.0054178 seconds, Stopping threads took: 0.0003661 seconds
2015-08-23T16:29:17.276-0200: 110118.888: Total time for which application threads were stopped: 0.0016879 seconds, Stopping threads took: 0.0012298 seconds
2015-08-23T16:29:17.279-0200: 110118.891: Total time for which application threads were stopped: 0.0004298 seconds, Stopping threads took: 0.0000529 seconds
2015-08-23T16:29:17.280-0200: 110118.891: Total time for which application threads were stopped: 0.0003956 seconds, Stopping threads took: 0.0001343 seconds
2015-08-23T16:29:23.426-0200: 110125.038: Total time for which application threads were stopped: 0.0107550 seconds, Stopping threads took: 0.0047653 seconds
2015-08-23T16:30:43.274-0200: 110204.888: Total time for which application threads were stopped: 0.0073903 seconds, Stopping threads took: 0.0006414 seconds
2015-08-23T16:30:43.286-0200: 110204.900: Total time for which application threads were stopped: 0.0060119 seconds, Stopping threads took: 0.0000650 seconds
2015-08-23T16:32:27.840-0200: 110309.456: Total time for which application threads were stopped: 0.0050003 seconds, Stopping threads took: 0.0005203 seconds
2015-08-23T16:32:27.844-0200: 110309.460: Total time for which application threads were stopped: 0.0004314 seconds, Stopping threads took: 0.0000329 seconds
2015-08-23T16:35:33.406-0200: 110495.027: Total time for which application threads were stopped: 0.0003484 seconds, Stopping threads took: 0.0000261 seconds
2015-08-23T16:35:33.408-0200: 110495.029: Total time for which application threads were stopped: 0.0022167 seconds, Stopping threads took: 0.0000151 seconds
2015-08-23T16:40:57.832-0200: 110819.461: Total time for which application threads were stopped: 0.0051332 seconds, Stopping threads took: 0.0003864 seconds
2015-08-23T16:46:22.525-0200: 111144.161: Total time for which application threads were stopped: 0.0056826 seconds, Stopping threads took: 0.0003335 seconds
2015-08-23T16:51:47.067-0200: 111468.710: Total time for which application threads were stopped: 0.0045208 seconds, Stopping threads took: 0.0003493 seconds
2015-08-23T16:51:47.068-0200: 111468.711: Total time for which application threads were stopped: 0.0007890 seconds, Stopping threads took: 0.0003636 seconds
2015-08-23T16:57:11.372-0200: 111793.023: Total time for which application threads were stopped: 0.0043695 seconds, Stopping threads took: 0.0003770 seconds
2015-08-23T16:57:11.374-0200: 111793.025: Total time for which application threads were stopped: 0.0005236 seconds, Stopping threads took: 0.0001960 seconds
2015-08-23T17:02:35.780-0200: 112117.438: Total time for which application threads were stopped: 0.0004714 seconds, Stopping threads took: 0.0001545 seconds
2015-08-23T17:02:35.782-0200: 112117.441: Total time for which application threads were stopped: 0.0020960 seconds, Stopping threads took: 0.0000470 seconds
2015-08-23T17:08:01.244-0200: 112442.910: Total time for which application threads were stopped: 0.0341753 seconds, Stopping threads took: 0.0040062 seconds
2015-08-23T17:13:24.097-0200: 112767.668: Total time for which application threads were stopped: 0.0268495 seconds, Stopping threads took: 0.0005408 seconds
2015-08-23T17:18:48.577-0200: 113092.157: Total time for which application threads were stopped: 0.0144638 seconds, Stopping threads took: 0.0004840 seconds
2015-08-23T17:24:12.966-0200: 113416.552: Total time for which application threads were stopped: 0.0097259 seconds, Stopping threads took: 0.0004005 seconds
2015-08-23T17:24:12.968-0200: 113416.554: Total time for which application threads were stopped: 0.0005312 seconds, Stopping threads took: 0.0000471 seconds
2015-08-23T17:24:13.972-0200: 113417.559: Total time for which application threads were stopped: 0.0006467 seconds, Stopping threads took: 0.0001802 seconds
{Heap before GC invocations=187 (full 2):
 par new generation   total 109248K, used 88936K [0x00000007a0000000, 0x00000007a8000000, 0x00000007a8000000)
  eden space 87424K, 100% used [0x00000007a0000000, 0x00000007a5560000, 0x00000007a5560000)
  from space 21824K,   6% used [0x00000007a6ab0000, 0x00000007a6c2a3f0, 0x00000007a8000000)
  to   space 21824K,   0% used [0x00000007a5560000, 0x00000007a5560000, 0x00000007a6ab0000)
 concurrent mark-sweep generation total 393216K, used 130711K [0x00000007a8000000, 0x00000007c0000000, 0x00000007c0000000)
 Metaspace       used 44203K, capacity 44906K, committed 45048K, reserved 1089536K
  class space    used 4668K, capacity 4847K, committed 4860K, reserved 1048576K
2015-08-23T17:25:04.015-0200: 113467.604: [GC (Allocation Failure) 113467.610: [ParNew
Desired survivor size 20112992 bytes, new threshold 8 (max 8)
- age   1:    1003120 bytes,    1003120 total
- age   2:     322848 bytes,    1325968 total
- age   3:        688 bytes,    1326656 total
- age   4:      10448 bytes,    1337104 total
- age   5:      13248 bytes,    1350352 total
- age   6:       5872 bytes,    1356224 total
- age   7:       6152 bytes,    1362376 total
- age   8:       8512 bytes,    1370888 total
: 88936K->1914K(109248K), 0.2169238 secs] 219648K->132642K(502464K), 0.2235864 secs] [Times: user=0.03 sys=0.15, real=0.22 secs] 
Heap after GC invocations=188 (full 2):
 par new generation   total 109248K, used 1914K [0x00000007a0000000, 0x00000007a8000000, 0x00000007a8000000)
  eden space 87424K,   0% used [0x00000007a0000000, 0x00000007a0000000, 0x00000007a5560000)
  from space 21824K,   8% used [0x00000007a5560000, 0x00000007a573ea38, 0x00000007a6ab0000)
  to   space 21824K,   0% used [0x00000007a6ab0000, 0x00000007a6ab0000, 0x00000007a8000000)
 concurrent mark-sweep generation total 393216K, used 130727K [0x00000007a8000000, 0x00000007c0000000, 0x00000007c0000000)
 Metaspace       used 44203K, capacity 44906K, committed 45048K, reserved 1089536K
  class space    used 4668K, capacity 4847K, committed 4860K, reserved 1048576K
}
2015-08-23T17:25:04.239-0200: 113467.827: Total time for which application threads were stopped: 0.2358937 seconds, Stopping threads took: 0.0004353 seconds
2015-08-23T17:29:38.102-0200: 113741.696: Total time for which application threads were stopped: 0.0148969 seconds, Stopping threads took: 0.0013987 seconds
2015-08-23T17:29:38.112-0200: 113741.707: Total time for which application threads were stopped: 0.0007051 seconds, Stopping threads took: 0.0001955 seconds
2015-08-23T17:35:02.707-0200: 114066.310: Total time for which application threads were stopped: 0.0171202 seconds, Stopping threads took: 0.0046105 seconds
2015-08-23T17:35:02.741-0200: 114066.343: Total time for which application threads were stopped: 0.0247788 seconds, Stopping threads took: 0.0000503 seconds
2015-08-23T17:40:27.478-0200: 114391.087: Total time for which application threads were stopped: 0.0230391 seconds, Stopping threads took: 0.0021614 seconds
2015-08-23T17:40:27.489-0200: 114391.099: Total time for which application threads were stopped: 0.0026706 seconds, Stopping threads took: 0.0019417 seconds
2015-08-23T17:45:52.101-0200: 114715.718: Total time for which application threads were stopped: 0.0185304 seconds, Stopping threads took: 0.0056105 seconds
2015-08-23T17:45:52.109-0200: 114715.727: Total time for which application threads were stopped: 0.0046592 seconds, Stopping threads took: 0.0042422 seconds
2015-08-23T17:51:16.694-0200: 115040.319: Total time for which application threads were stopped: 0.0127945 seconds, Stopping threads took: 0.0007056 seconds
2015-08-23T17:51:16.695-0200: 115040.320: Total time for which application threads were stopped: 0.0007177 seconds, Stopping threads took: 0.0003172 seconds
2015-08-23T17:56:41.687-0200: 115365.319: Total time for which application threads were stopped: 0.0077253 seconds, Stopping threads took: 0.0022425 seconds
2015-08-23T17:56:41.694-0200: 115365.326: Total time for which application threads were stopped: 0.0057129 seconds, Stopping threads took: 0.0052219 seconds
2015-08-23T18:02:06.086-0200: 115689.726: Total time for which application threads were stopped: 0.0378387 seconds, Stopping threads took: 0.0003536 seconds
2015-08-23T18:07:34.392-0200: 116018.040: Total time for which application threads were stopped: 0.0143557 seconds, Stopping threads took: 0.0056534 seconds
2015-08-23T18:07:34.393-0200: 116018.041: Total time for which application threads were stopped: 0.0003390 seconds, Stopping threads took: 0.0000217 seconds
2015-08-23T18:12:58.877-0200: 116342.533: Total time for which application threads were stopped: 0.0048064 seconds, Stopping threads took: 0.0003483 seconds
2015-08-23T18:18:23.493-0200: 116667.156: Total time for which application threads were stopped: 0.0128852 seconds, Stopping threads took: 0.0067612 seconds
2015-08-23T18:18:23.493-0200: 116667.157: Total time for which application threads were stopped: 0.0003947 seconds, Stopping threads took: 0.0000317 seconds
2015-08-23T18:23:48.074-0200: 116991.746: Total time for which application threads were stopped: 0.0053420 seconds, Stopping threads took: 0.0003736 seconds
2015-08-23T18:29:12.604-0200: 117316.285: Total time for which application threads were stopped: 0.0118351 seconds, Stopping threads took: 0.0027491 seconds
2015-08-23T18:29:12.606-0200: 117316.287: Total time for which application threads were stopped: 0.0015146 seconds, Stopping threads took: 0.0010278 seconds
2015-08-23T18:34:37.323-0200: 117641.012: Total time for which application threads were stopped: 0.0142202 seconds, Stopping threads took: 0.0004350 seconds
2015-08-23T18:34:37.334-0200: 117641.023: Total time for which application threads were stopped: 0.0067737 seconds, Stopping threads took: 0.0017796 seconds
2015-08-23T18:40:01.842-0200: 117965.540: Total time for which application threads were stopped: 0.0109059 seconds, Stopping threads took: 0.0020017 seconds
2015-08-23T18:40:01.869-0200: 117965.567: Total time for which application threads were stopped: 0.0150421 seconds, Stopping threads took: 0.0000686 seconds
2015-08-23T18:45:26.489-0200: 118290.196: Total time for which application threads were stopped: 0.0044036 seconds, Stopping threads took: 0.0003739 seconds
2015-08-23T18:45:26.500-0200: 118290.208: Total time for which application threads were stopped: 0.0080008 seconds, Stopping threads took: 0.0004413 seconds
2015-08-23T18:45:26.524-0200: 118290.231: Total time for which application threads were stopped: 0.0037913 seconds, Stopping threads took: 0.0016434 seconds
2015-08-23T18:50:51.164-0200: 118614.881: Total time for which application threads were stopped: 0.0326516 seconds, Stopping threads took: 0.0036047 seconds
2015-08-23T18:56:15.742-0200: 118939.471: Total time for which application threads were stopped: 0.0122067 seconds, Stopping threads took: 0.0004851 seconds
2015-08-23T18:56:15.745-0200: 118939.473: Total time for which application threads were stopped: 0.0021639 seconds, Stopping threads took: 0.0016201 seconds
2015-08-23T19:01:40.176-0200: 119263.915: Total time for which application threads were stopped: 0.0096133 seconds, Stopping threads took: 0.0018839 seconds
2015-08-23T19:01:40.177-0200: 119263.916: Total time for which application threads were stopped: 0.0005690 seconds, Stopping threads took: 0.0000195 seconds
2015-08-23T19:07:04.949-0200: 119588.697: Total time for which application threads were stopped: 0.0122834 seconds, Stopping threads took: 0.0003564 seconds
2015-08-23T19:07:04.951-0200: 119588.699: Total time for which application threads were stopped: 0.0011220 seconds, Stopping threads took: 0.0005680 seconds
2015-08-23T19:12:29.621-0200: 119913.379: Total time for which application threads were stopped: 0.0102259 seconds, Stopping threads took: 0.0031537 seconds
2015-08-23T19:12:29.622-0200: 119913.380: Total time for which application threads were stopped: 0.0007131 seconds, Stopping threads took: 0.0003275 seconds
2015-08-23T19:17:54.023-0200: 120237.791: Total time for which application threads were stopped: 0.0071319 seconds, Stopping threads took: 0.0018971 seconds
2015-08-23T19:17:54.027-0200: 120237.795: Total time for which application threads were stopped: 0.0008407 seconds, Stopping threads took: 0.0000610 seconds
2015-08-23T19:23:18.809-0200: 120562.587: Total time for which application threads were stopped: 0.0095588 seconds, Stopping threads took: 0.0006234 seconds
2015-08-23T19:23:18.811-0200: 120562.589: Total time for which application threads were stopped: 0.0007582 seconds, Stopping threads took: 0.0002980 seconds
2015-08-23T19:28:43.276-0200: 120887.063: Total time for which application threads were stopped: 0.0078718 seconds, Stopping threads took: 0.0034642 seconds
2015-08-23T19:28:43.288-0200: 120887.075: Total time for which application threads were stopped: 0.0110789 seconds, Stopping threads took: 0.0106654 seconds
2015-08-23T19:34:07.995-0200: 121211.791: Total time for which application threads were stopped: 0.0382601 seconds, Stopping threads took: 0.0003984 seconds
2015-08-23T19:34:08.000-0200: 121211.796: Total time for which application threads were stopped: 0.0042108 seconds, Stopping threads took: 0.0038224 seconds
2015-08-23T19:39:32.600-0200: 121536.406: Total time for which application threads were stopped: 0.0087480 seconds, Stopping threads took: 0.0037833 seconds
2015-08-23T19:39:32.601-0200: 121536.407: Total time for which application threads were stopped: 0.0004330 seconds, Stopping threads took: 0.0000604 seconds
2015-08-23T19:44:57.434-0200: 121861.250: Total time for which application threads were stopped: 0.0208409 seconds, Stopping threads took: 0.0003487 seconds
2015-08-23T19:44:57.458-0200: 121861.273: Total time for which application threads were stopped: 0.0005644 seconds, Stopping threads took: 0.0000311 seconds
2015-08-23T19:50:22.030-0200: 122185.855: Total time for which application threads were stopped: 0.0108148 seconds, Stopping threads took: 0.0011678 seconds
2015-08-23T19:50:22.031-0200: 122185.855: Total time for which application threads were stopped: 0.0005181 seconds, Stopping threads took: 0.0000348 seconds
2015-08-23T19:55:46.765-0200: 122510.599: Total time for which application threads were stopped: 0.0056342 seconds, Stopping threads took: 0.0007948 seconds
2015-08-23T19:55:46.797-0200: 122510.631: Total time for which application threads were stopped: 0.0283640 seconds, Stopping threads took: 0.0150206 seconds
2015-08-23T20:01:11.461-0200: 122835.304: Total time for which application threads were stopped: 0.0044025 seconds, Stopping threads took: 0.0003233 seconds
2015-08-23T20:06:37.078-0200: 123160.931: Total time for which application threads were stopped: 0.0105925 seconds, Stopping threads took: 0.0003229 seconds
2015-08-23T20:12:01.732-0200: 123485.594: Total time for which application threads were stopped: 0.0254410 seconds, Stopping threads took: 0.0061666 seconds
2015-08-23T20:17:27.204-0200: 123811.075: Total time for which application threads were stopped: 0.0161041 seconds, Stopping threads took: 0.0005306 seconds
2015-08-23T20:17:27.209-0200: 123811.080: Total time for which application threads were stopped: 0.0040761 seconds, Stopping threads took: 0.0018467 seconds
2015-08-23T20:22:52.857-0200: 124136.737: Total time for which application threads were stopped: 0.0101950 seconds, Stopping threads took: 0.0005151 seconds
2015-08-23T20:22:52.884-0200: 124136.764: Total time for which application threads were stopped: 0.0210358 seconds, Stopping threads took: 0.0084213 seconds
2015-08-23T20:28:17.596-0200: 124461.485: Total time for which application threads were stopped: 0.0411649 seconds, Stopping threads took: 0.0116714 seconds
2015-08-23T20:28:17.603-0200: 124461.492: Total time for which application threads were stopped: 0.0016889 seconds, Stopping threads took: 0.0012634 seconds
2015-08-23T20:33:43.126-0200: 124787.024: Total time for which application threads were stopped: 0.0229142 seconds, Stopping threads took: 0.0048700 seconds
2015-08-23T20:33:43.139-0200: 124787.038: Total time for which application threads were stopped: 0.0095046 seconds, Stopping threads took: 0.0038216 seconds
2015-08-23T20:39:07.853-0200: 125111.762: Total time for which application threads were stopped: 0.0325475 seconds, Stopping threads took: 0.0047353 seconds
2015-08-23T20:44:32.876-0200: 125436.793: Total time for which application threads were stopped: 0.0334457 seconds, Stopping threads took: 0.0086566 seconds
2015-08-23T20:44:32.880-0200: 125436.797: Total time for which application threads were stopped: 0.0032702 seconds, Stopping threads took: 0.0027206 seconds
2015-08-23T20:49:58.699-0200: 125762.625: Total time for which application threads were stopped: 0.0136817 seconds, Stopping threads took: 0.0007437 seconds
2015-08-23T20:49:58.700-0200: 125762.626: Total time for which application threads were stopped: 0.0003051 seconds, Stopping threads took: 0.0000206 seconds
2015-08-23T20:55:24.292-0200: 126088.227: Total time for which application threads were stopped: 0.0081291 seconds, Stopping threads took: 0.0033987 seconds
2015-08-23T20:55:24.292-0200: 126088.228: Total time for which application threads were stopped: 0.0005498 seconds, Stopping threads took: 0.0002239 seconds
2015-08-23T21:00:48.691-0200: 126412.636: Total time for which application threads were stopped: 0.0131372 seconds, Stopping threads took: 0.0043557 seconds
2015-08-23T21:00:48.696-0200: 126412.641: Total time for which application threads were stopped: 0.0005593 seconds, Stopping threads took: 0.0000986 seconds
2015-08-23T21:06:13.028-0200: 126736.982: Total time for which application threads were stopped: 0.0120476 seconds, Stopping threads took: 0.0022192 seconds
2015-08-23T21:06:13.029-0200: 126736.983: Total time for which application threads were stopped: 0.0007870 seconds, Stopping threads took: 0.0003158 seconds
2015-08-23T21:11:37.327-0200: 127061.290: Total time for which application threads were stopped: 0.0082105 seconds, Stopping threads took: 0.0003688 seconds
2015-08-23T21:17:01.686-0200: 127385.658: Total time for which application threads were stopped: 0.0092262 seconds, Stopping threads took: 0.0004162 seconds
2015-08-23T21:22:26.127-0200: 127710.108: Total time for which application threads were stopped: 0.0147947 seconds, Stopping threads took: 0.0042800 seconds
2015-08-23T21:22:26.131-0200: 127710.112: Total time for which application threads were stopped: 0.0014731 seconds, Stopping threads took: 0.0009835 seconds
2015-08-23T21:27:50.485-0200: 128034.475: Total time for which application threads were stopped: 0.0146277 seconds, Stopping threads took: 0.0039696 seconds
2015-08-23T21:27:50.544-0200: 128034.534: Total time for which application threads were stopped: 0.0474781 seconds, Stopping threads took: 0.0018875 seconds
2015-08-23T21:33:14.878-0200: 128358.878: Total time for which application threads were stopped: 0.0151697 seconds, Stopping threads took: 0.0054726 seconds
2015-08-23T21:33:14.882-0200: 128358.881: Total time for which application threads were stopped: 0.0007924 seconds, Stopping threads took: 0.0000974 seconds
2015-08-23T22:44:41.813-0200: 128446.205: Total time for which application threads were stopped: 0.0853507 seconds, Stopping threads took: 0.0408155 seconds
2015-08-23T22:44:41.866-0200: 128446.258: Total time for which application threads were stopped: 0.0255451 seconds, Stopping threads took: 0.0200523 seconds
2015-08-23T22:44:42.452-0200: 128446.844: Total time for which application threads were stopped: 0.0364502 seconds, Stopping threads took: 0.0207963 seconds
2015-08-23T22:44:42.471-0200: 128446.862: Total time for which application threads were stopped: 0.0115924 seconds, Stopping threads took: 0.0108571 seconds
2015-08-23T22:44:42.506-0200: 128446.898: Total time for which application threads were stopped: 0.0213871 seconds, Stopping threads took: 0.0208539 seconds
2015-08-23T22:44:42.587-0200: 128446.978: Total time for which application threads were stopped: 0.0471901 seconds, Stopping threads took: 0.0109712 seconds
2015-08-23T22:44:43.248-0200: 128447.639: Total time for which application threads were stopped: 0.0201802 seconds, Stopping threads took: 0.0050616 seconds
2015-08-23T22:44:43.275-0200: 128447.666: Total time for which application threads were stopped: 0.0246096 seconds, Stopping threads took: 0.0240272 seconds
2015-08-23T22:44:43.294-0200: 128447.685: Total time for which application threads were stopped: 0.0036072 seconds, Stopping threads took: 0.0029975 seconds
2015-08-23T22:44:43.348-0200: 128447.739: Total time for which application threads were stopped: 0.0004741 seconds, Stopping threads took: 0.0000592 seconds
2015-08-23T22:44:43.365-0200: 128447.757: Total time for which application threads were stopped: 0.0087431 seconds, Stopping threads took: 0.0031406 seconds
2015-08-23T22:44:43.394-0200: 128447.785: Total time for which application threads were stopped: 0.0005739 seconds, Stopping threads took: 0.0000687 seconds
2015-08-23T22:44:43.399-0200: 128447.791: Total time for which application threads were stopped: 0.0028413 seconds, Stopping threads took: 0.0020282 seconds
2015-08-23T22:44:43.553-0200: 128447.945: Total time for which application threads were stopped: 0.0056844 seconds, Stopping threads took: 0.0017559 seconds
2015-08-23T22:44:43.561-0200: 128447.952: Total time for which application threads were stopped: 0.0070761 seconds, Stopping threads took: 0.0022527 seconds
2015-08-23T22:44:43.618-0200: 128448.010: Total time for which application threads were stopped: 0.0046057 seconds, Stopping threads took: 0.0019635 seconds
2015-08-23T22:44:43.649-0200: 128448.040: Total time for which application threads were stopped: 0.0006099 seconds, Stopping threads took: 0.0001424 seconds
2015-08-23T22:44:43.661-0200: 128448.053: Total time for which application threads were stopped: 0.0027280 seconds, Stopping threads took: 0.0000274 seconds
2015-08-24T04:51:54.048-0200: 128481.170: Total time for which application threads were stopped: 2.3924978 seconds, Stopping threads took: 0.8330026 seconds
2015-08-24T04:51:56.232-0200: 128483.354: Total time for which application threads were stopped: 0.0846598 seconds, Stopping threads took: 0.0599210 seconds
2015-08-24T04:51:56.475-0200: 128483.597: Total time for which application threads were stopped: 0.0054902 seconds, Stopping threads took: 0.0049441 seconds
2015-08-24T04:51:56.535-0200: 128483.657: Total time for which application threads were stopped: 0.0587686 seconds, Stopping threads took: 0.0364848 seconds
2015-08-24T04:51:56.592-0200: 128483.714: Total time for which application threads were stopped: 0.0574418 seconds, Stopping threads took: 0.0290757 seconds
2015-08-24T04:51:56.661-0200: 128483.783: Total time for which application threads were stopped: 0.0682778 seconds, Stopping threads took: 0.0679471 seconds
2015-08-24T04:51:56.661-0200: 128483.783: Total time for which application threads were stopped: 0.0002911 seconds, Stopping threads took: 0.0000550 seconds
2015-08-24T04:51:56.779-0200: 128483.901: Total time for which application threads were stopped: 0.0661918 seconds, Stopping threads took: 0.0007932 seconds
2015-08-24T04:51:56.806-0200: 128483.928: Total time for which application threads were stopped: 0.0004641 seconds, Stopping threads took: 0.0000782 seconds
2015-08-24T04:51:57.138-0200: 128484.260: Total time for which application threads were stopped: 0.0167194 seconds, Stopping threads took: 0.0163084 seconds
2015-08-24T04:52:00.804-0200: 128487.926: Total time for which application threads were stopped: 0.0008934 seconds, Stopping threads took: 0.0000589 seconds
2015-08-24T04:52:01.068-0200: 128488.190: Total time for which application threads were stopped: 0.0004259 seconds, Stopping threads took: 0.0000279 seconds
2015-08-24T04:52:01.430-0200: 128488.552: Total time for which application threads were stopped: 0.0123395 seconds, Stopping threads took: 0.0049607 seconds
2015-08-24T04:52:01.444-0200: 128488.566: Total time for which application threads were stopped: 0.0116948 seconds, Stopping threads took: 0.0112054 seconds
2015-08-24T04:52:01.725-0200: 128488.848: Total time for which application threads were stopped: 0.0005693 seconds, Stopping threads took: 0.0000767 seconds
2015-08-24T04:52:01.726-0200: 128488.848: Total time for which application threads were stopped: 0.0003413 seconds, Stopping threads took: 0.0000264 seconds
2015-08-24T04:52:01.742-0200: 128488.864: Total time for which application threads were stopped: 0.0065922 seconds, Stopping threads took: 0.0061563 seconds
2015-08-24T04:52:01.743-0200: 128488.865: Total time for which application threads were stopped: 0.0004605 seconds, Stopping threads took: 0.0001577 seconds
2015-08-24T04:52:01.767-0200: 128488.889: Total time for which application threads were stopped: 0.0158825 seconds, Stopping threads took: 0.0001532 seconds
2015-08-24T04:52:01.785-0200: 128488.907: Total time for which application threads were stopped: 0.0109798 seconds, Stopping threads took: 0.0000771 seconds
2015-08-24T04:52:09.011-0200: 128496.134: Total time for which application threads were stopped: 0.0281175 seconds, Stopping threads took: 0.0187898 seconds
2015-08-24T04:52:13.196-0200: 128500.318: Total time for which application threads were stopped: 0.0195726 seconds, Stopping threads took: 0.0116588 seconds
2015-08-24T04:52:13.217-0200: 128500.340: Total time for which application threads were stopped: 0.0116071 seconds, Stopping threads took: 0.0109990 seconds
2015-08-24T04:52:20.599-0200: 128507.722: Total time for which application threads were stopped: 0.0204911 seconds, Stopping threads took: 0.0009537 seconds
2015-08-24T04:52:20.627-0200: 128507.750: Total time for which application threads were stopped: 0.0228426 seconds, Stopping threads took: 0.0110223 seconds
2015-08-24T04:52:21.632-0200: 128508.755: Total time for which application threads were stopped: 0.0004036 seconds, Stopping threads took: 0.0000297 seconds
{Heap before GC invocations=188 (full 2):
 par new generation   total 109248K, used 89337K [0x00000007a0000000, 0x00000007a8000000, 0x00000007a8000000)
  eden space 87424K,  99% used [0x00000007a0000000, 0x00000007a555fba8, 0x00000007a5560000)
  from space 21824K,   8% used [0x00000007a5560000, 0x00000007a573ea38, 0x00000007a6ab0000)
  to   space 21824K,   0% used [0x00000007a6ab0000, 0x00000007a6ab0000, 0x00000007a8000000)
 concurrent mark-sweep generation total 393216K, used 130727K [0x00000007a8000000, 0x00000007c0000000, 0x00000007c0000000)
 Metaspace       used 44207K, capacity 44906K, committed 45048K, reserved 1089536K
  class space    used 4668K, capacity 4847K, committed 4860K, reserved 1048576K
2015-08-24T04:53:49.261-0200: 128596.386: [GC (Allocation Failure) 128596.388: [ParNew
Desired survivor size 20112992 bytes, new threshold 8 (max 8)
- age   1:    1107672 bytes,    1107672 total
- age   2:      93800 bytes,    1201472 total
- age   3:      11368 bytes,    1212840 total
- age   4:        688 bytes,    1213528 total
- age   5:      10376 bytes,    1223904 total
- age   6:      13248 bytes,    1237152 total
- age   7:       5872 bytes,    1243024 total
- age   8:       6152 bytes,    1249176 total
: 89337K->1745K(109248K), 0.4005918 secs] 220065K->132481K(502464K), 0.4024736 secs] [Times: user=0.03 sys=0.18, real=0.40 secs] 
Heap after GC invocations=189 (full 2):
 par new generation   total 109248K, used 1745K [0x00000007a0000000, 0x00000007a8000000, 0x00000007a8000000)
  eden space 87424K,   0% used [0x00000007a0000000, 0x00000007a0000000, 0x00000007a5560000)
  from space 21824K,   7% used [0x00000007a6ab0000, 0x00000007a6c64410, 0x00000007a8000000)
  to   space 21824K,   0% used [0x00000007a5560000, 0x00000007a5560000, 0x00000007a6ab0000)
 concurrent mark-sweep generation total 393216K, used 130736K [0x00000007a8000000, 0x00000007c0000000, 0x00000007c0000000)
 Metaspace       used 44207K, capacity 44906K, committed 45048K, reserved 1089536K
  class space    used 4668K, capacity 4847K, committed 4860K, reserved 1048576K
}
2015-08-24T04:53:49.664-0200: 128596.789: Total time for which application threads were stopped: 0.4228197 seconds, Stopping threads took: 0.0006322 seconds
2015-08-24T04:54:11.014-0200: 128618.140: Total time for which application threads were stopped: 0.0007202 seconds, Stopping threads took: 0.0000392 seconds
2015-08-24T04:56:13.074-0200: 128740.203: Total time for which application threads were stopped: 0.0049002 seconds, Stopping threads took: 0.0003360 seconds
2015-08-24T04:57:03.191-0200: 128790.322: Total time for which application threads were stopped: 0.0070921 seconds, Stopping threads took: 0.0006177 seconds
2015-08-24T04:58:20.154-0200: 128867.286: Total time for which application threads were stopped: 0.0044186 seconds, Stopping threads took: 0.0003260 seconds
2015-08-24T05:00:22.235-0200: 128989.371: Total time for which application threads were stopped: 0.0053789 seconds, Stopping threads took: 0.0003566 seconds
2015-08-24T05:02:24.321-0200: 129111.460: Total time for which application threads were stopped: 0.0066088 seconds, Stopping threads took: 0.0004616 seconds
2015-08-24T05:04:26.357-0200: 129233.500: Total time for which application threads were stopped: 0.0042774 seconds, Stopping threads took: 0.0003048 seconds
2015-08-24T05:06:28.427-0200: 129355.573: Total time for which application threads were stopped: 0.0098375 seconds, Stopping threads took: 0.0003345 seconds
2015-08-24T05:06:56.506-0200: 129383.652: Total time for which application threads were stopped: 0.0012261 seconds, Stopping threads took: 0.0001127 seconds
2015-08-24T05:08:30.490-0200: 129477.639: Total time for which application threads were stopped: 0.0171200 seconds, Stopping threads took: 0.0024765 seconds
2015-08-24T05:10:37.535-0200: 129604.687: Total time for which application threads were stopped: 0.0120403 seconds, Stopping threads took: 0.0026252 seconds
2015-08-24T05:10:37.571-0200: 129604.724: Total time for which application threads were stopped: 0.0005427 seconds, Stopping threads took: 0.0000229 seconds
2015-08-24T05:10:37.793-0200: 129604.945: Total time for which application threads were stopped: 0.0095406 seconds, Stopping threads took: 0.0056905 seconds
2015-08-24T05:10:37.824-0200: 129604.976: Total time for which application threads were stopped: 0.0105699 seconds, Stopping threads took: 0.0077464 seconds
2015-08-24T05:10:44.889-0200: 129612.041: Total time for which application threads were stopped: 0.0052502 seconds, Stopping threads took: 0.0008569 seconds
2015-08-24T05:10:44.903-0200: 129612.056: Total time for which application threads were stopped: 0.0054509 seconds, Stopping threads took: 0.0033415 seconds
2015-08-24T05:10:44.942-0200: 129612.094: Total time for which application threads were stopped: 0.0010773 seconds, Stopping threads took: 0.0007230 seconds
2015-08-24T05:11:01.985-0200: 129629.138: Total time for which application threads were stopped: 0.0003979 seconds, Stopping threads took: 0.0000318 seconds
2015-08-24T05:11:17.016-0200: 129644.170: Total time for which application threads were stopped: 0.0008894 seconds, Stopping threads took: 0.0000629 seconds
2015-08-24T05:11:34.296-0200: 129661.450: Total time for which application threads were stopped: 0.0042872 seconds, Stopping threads took: 0.0000443 seconds
2015-08-24T06:55:16.982-0200: 135870.249: Total time for which application threads were stopped: 0.1284717 seconds, Stopping threads took: 0.0054643 seconds
2015-08-24T06:55:17.074-0200: 135870.340: Total time for which application threads were stopped: 0.0236834 seconds, Stopping threads took: 0.0021815 seconds
2015-08-24T06:55:17.334-0200: 135870.601: Total time for which application threads were stopped: 0.1972451 seconds, Stopping threads took: 0.0131733 seconds
2015-08-24T06:55:17.366-0200: 135870.632: Total time for which application threads were stopped: 0.0209238 seconds, Stopping threads took: 0.0202724 seconds
2015-08-24T06:55:18.047-0200: 135871.313: Total time for which application threads were stopped: 0.0142673 seconds, Stopping threads took: 0.0105421 seconds
2015-08-24T06:55:18.052-0200: 135871.318: Total time for which application threads were stopped: 0.0022752 seconds, Stopping threads took: 0.0017113 seconds
2015-08-24T06:55:18.064-0200: 135871.331: Total time for which application threads were stopped: 0.0051526 seconds, Stopping threads took: 0.0047699 seconds
2015-08-24T06:55:18.087-0200: 135871.353: Total time for which application threads were stopped: 0.0194934 seconds, Stopping threads took: 0.0119082 seconds
2015-08-24T06:55:18.094-0200: 135871.360: Total time for which application threads were stopped: 0.0048503 seconds, Stopping threads took: 0.0041773 seconds
2015-08-24T06:55:18.105-0200: 135871.372: Total time for which application threads were stopped: 0.0037919 seconds, Stopping threads took: 0.0034580 seconds
2015-08-24T06:55:18.129-0200: 135871.395: Total time for which application threads were stopped: 0.0116106 seconds, Stopping threads took: 0.0061920 seconds
2015-08-24T06:55:18.159-0200: 135871.426: Total time for which application threads were stopped: 0.0135216 seconds, Stopping threads took: 0.0127085 seconds
2015-08-24T06:55:18.179-0200: 135871.445: Total time for which application threads were stopped: 0.0155506 seconds, Stopping threads took: 0.0051995 seconds
2015-08-24T06:55:18.200-0200: 135871.467: Total time for which application threads were stopped: 0.0005606 seconds, Stopping threads took: 0.0000799 seconds
2015-08-24T06:55:18.406-0200: 135871.672: Total time for which application threads were stopped: 0.0014347 seconds, Stopping threads took: 0.0007177 seconds
2015-08-24T06:55:18.412-0200: 135871.679: Total time for which application threads were stopped: 0.0039348 seconds, Stopping threads took: 0.0035042 seconds
2015-08-24T06:55:18.467-0200: 135871.733: Total time for which application threads were stopped: 0.0037328 seconds, Stopping threads took: 0.0016132 seconds
2015-08-24T06:55:18.514-0200: 135871.781: Total time for which application threads were stopped: 0.0085247 seconds, Stopping threads took: 0.0041093 seconds
2015-08-24T06:55:18.554-0200: 135871.821: Total time for which application threads were stopped: 0.0004129 seconds, Stopping threads took: 0.0000278 seconds
{Heap before GC invocations=189 (full 2):
 par new generation   total 109248K, used 89169K [0x00000007a0000000, 0x00000007a8000000, 0x00000007a8000000)
  eden space 87424K, 100% used [0x00000007a0000000, 0x00000007a5560000, 0x00000007a5560000)
  from space 21824K,   7% used [0x00000007a6ab0000, 0x00000007a6c64410, 0x00000007a8000000)
  to   space 21824K,   0% used [0x00000007a5560000, 0x00000007a5560000, 0x00000007a6ab0000)
 concurrent mark-sweep generation total 393216K, used 130736K [0x00000007a8000000, 0x00000007c0000000, 0x00000007c0000000)
 Metaspace       used 44216K, capacity 44970K, committed 45048K, reserved 1089536K
  class space    used 4668K, capacity 4847K, committed 4860K, reserved 1048576K
2015-08-24T06:55:18.631-0200: 135871.897: [GC (Allocation Failure) 135871.903: [ParNew
Desired survivor size 20112992 bytes, new threshold 8 (max 8)
- age   1:     343232 bytes,     343232 total
- age   2:     820320 bytes,    1163552 total
- age   3:      27568 bytes,    1191120 total
- age   4:      10912 bytes,    1202032 total
- age   5:        688 bytes,    1202720 total
- age   6:      10376 bytes,    1213096 total
- age   7:      13248 bytes,    1226344 total
- age   8:       5600 bytes,    1231944 total
: 89169K->1465K(109248K), 0.2007751 secs] 219905K->132207K(502464K), 0.2071155 secs] [Times: user=0.05 sys=0.09, real=0.20 secs] 
Heap after GC invocations=190 (full 2):
 par new generation   total 109248K, used 1465K [0x00000007a0000000, 0x00000007a8000000, 0x00000007a8000000)
  eden space 87424K,   0% used [0x00000007a0000000, 0x00000007a0000000, 0x00000007a5560000)
  from space 21824K,   6% used [0x00000007a5560000, 0x00000007a56ce618, 0x00000007a6ab0000)
  to   space 21824K,   0% used [0x00000007a6ab0000, 0x00000007a6ab0000, 0x00000007a8000000)
 concurrent mark-sweep generation total 393216K, used 130742K [0x00000007a8000000, 0x00000007c0000000, 0x00000007c0000000)
 Metaspace       used 44216K, capacity 44970K, committed 45048K, reserved 1089536K
  class space    used 4668K, capacity 4847K, committed 4860K, reserved 1048576K
}
2015-08-24T06:55:18.838-0200: 135872.105: Total time for which application threads were stopped: 0.2149821 seconds, Stopping threads took: 0.0000297 seconds
2015-08-24T06:55:18.966-0200: 135872.232: Total time for which application threads were stopped: 0.0005365 seconds, Stopping threads took: 0.0000727 seconds
2015-08-24T06:55:18.966-0200: 135872.233: Total time for which application threads were stopped: 0.0002864 seconds, Stopping threads took: 0.0001064 seconds
2015-08-24T06:55:19.022-0200: 135872.289: Total time for which application threads were stopped: 0.0007187 seconds, Stopping threads took: 0.0000344 seconds
2015-08-24T06:55:19.023-0200: 135872.290: Total time for which application threads were stopped: 0.0004719 seconds, Stopping threads took: 0.0000330 seconds
2015-08-24T06:55:19.028-0200: 135872.295: Total time for which application threads were stopped: 0.0020143 seconds, Stopping threads took: 0.0016159 seconds
2015-08-24T06:55:19.041-0200: 135872.308: Total time for which application threads were stopped: 0.0117726 seconds, Stopping threads took: 0.0037777 seconds
2015-08-24T06:55:19.813-0200: 135873.079: Total time for which application threads were stopped: 0.0005683 seconds, Stopping threads took: 0.0000305 seconds
2015-08-24T06:55:19.877-0200: 135873.144: Total time for which application threads were stopped: 0.0004173 seconds, Stopping threads took: 0.0000303 seconds
2015-08-24T06:55:20.879-0200: 135874.146: Total time for which application threads were stopped: 0.0004562 seconds, Stopping threads took: 0.0000390 seconds
2015-08-24T06:55:27.058-0200: 135880.327: Total time for which application threads were stopped: 0.0184237 seconds, Stopping threads took: 0.0009094 seconds
2015-08-24T06:55:27.091-0200: 135880.358: Total time for which application threads were stopped: 0.0210179 seconds, Stopping threads took: 0.0192732 seconds
2015-08-24T06:55:27.187-0200: 135880.454: Total time for which application threads were stopped: 0.0006005 seconds, Stopping threads took: 0.0000399 seconds
2015-08-24T08:11:15.584-0200: 136228.652: Total time for which application threads were stopped: 1.3728450 seconds, Stopping threads took: 1.2736334 seconds
2015-08-24T08:11:15.629-0200: 136228.697: Total time for which application threads were stopped: 0.0411036 seconds, Stopping threads took: 0.0065261 seconds
2015-08-24T08:11:15.642-0200: 136228.710: Total time for which application threads were stopped: 0.0114553 seconds, Stopping threads took: 0.0003937 seconds
2015-08-24T08:11:15.684-0200: 136228.752: Total time for which application threads were stopped: 0.0179896 seconds, Stopping threads took: 0.0064246 seconds
2015-08-24T08:11:15.690-0200: 136228.759: Total time for which application threads were stopped: 0.0043210 seconds, Stopping threads took: 0.0037586 seconds
2015-08-25T22:14:33.435-0200: 136258.919: Total time for which application threads were stopped: 0.7603001 seconds, Stopping threads took: 0.1366318 seconds
2015-08-25T22:14:38.459-0200: 136263.942: Total time for which application threads were stopped: 0.0272283 seconds, Stopping threads took: 0.0256707 seconds
2015-08-25T22:14:38.487-0200: 136263.970: Total time for which application threads were stopped: 0.0264047 seconds, Stopping threads took: 0.0254172 seconds
2015-08-25T22:14:38.502-0200: 136263.986: Total time for which application threads were stopped: 0.0142804 seconds, Stopping threads took: 0.0133633 seconds
2015-08-25T22:14:38.518-0200: 136264.002: Total time for which application threads were stopped: 0.0089914 seconds, Stopping threads took: 0.0004242 seconds
2015-08-25T22:14:38.536-0200: 136264.019: Total time for which application threads were stopped: 0.0127392 seconds, Stopping threads took: 0.0002837 seconds
2015-08-25T22:14:38.545-0200: 136264.028: Total time for which application threads were stopped: 0.0084073 seconds, Stopping threads took: 0.0000995 seconds
2015-08-25T22:14:38.585-0200: 136264.069: Total time for which application threads were stopped: 0.0205202 seconds, Stopping threads took: 0.0006179 seconds
2015-08-25T22:14:38.601-0200: 136264.084: Total time for which application threads were stopped: 0.0060037 seconds, Stopping threads took: 0.0043604 seconds
2015-08-25T22:14:38.609-0200: 136264.093: Total time for which application threads were stopped: 0.0073944 seconds, Stopping threads took: 0.0001105 seconds
2015-08-25T22:14:38.693-0200: 136264.176: Total time for which application threads were stopped: 0.0673881 seconds, Stopping threads took: 0.0002214 seconds
2015-08-25T22:14:38.782-0200: 136264.265: Total time for which application threads were stopped: 0.0037150 seconds, Stopping threads took: 0.0000616 seconds
2015-08-25T22:15:09.996-0200: 136295.481: Total time for which application threads were stopped: 0.0523877 seconds, Stopping threads took: 0.0018717 seconds
2015-08-25T22:17:59.345-0200: 136464.834: Total time for which application threads were stopped: 0.0157624 seconds, Stopping threads took: 0.0005116 seconds
2015-08-25T22:18:03.394-0200: 136468.883: Total time for which application threads were stopped: 0.0007379 seconds, Stopping threads took: 0.0000209 seconds
2015-08-25T22:18:20.407-0200: 136485.897: Total time for which application threads were stopped: 0.0015180 seconds, Stopping threads took: 0.0001182 seconds
2015-08-25T22:18:23.412-0200: 136488.901: Total time for which application threads were stopped: 0.0022633 seconds, Stopping threads took: 0.0000306 seconds
2015-08-25T22:18:59.866-0200: 136525.356: Total time for which application threads were stopped: 0.0087806 seconds, Stopping threads took: 0.0003750 seconds
2015-08-25T22:18:59.872-0200: 136525.363: Total time for which application threads were stopped: 0.0059781 seconds, Stopping threads took: 0.0000616 seconds
2015-08-25T22:18:59.881-0200: 136525.372: Total time for which application threads were stopped: 0.0027146 seconds, Stopping threads took: 0.0023967 seconds
2015-08-25T22:18:59.936-0200: 136525.426: Total time for which application threads were stopped: 0.0026005 seconds, Stopping threads took: 0.0020814 seconds
2015-08-25T22:18:59.963-0200: 136525.454: Total time for which application threads were stopped: 0.0036887 seconds, Stopping threads took: 0.0032327 seconds
2015-08-25T22:19:00.116-0200: 136525.607: Total time for which application threads were stopped: 0.0075546 seconds, Stopping threads took: 0.0025231 seconds
2015-08-25T22:19:00.123-0200: 136525.613: Total time for which application threads were stopped: 0.0063226 seconds, Stopping threads took: 0.0001163 seconds
2015-08-25T22:19:00.130-0200: 136525.620: Total time for which application threads were stopped: 0.0066873 seconds, Stopping threads took: 0.0001024 seconds
2015-08-25T22:19:00.131-0200: 136525.621: Total time for which application threads were stopped: 0.0006996 seconds, Stopping threads took: 0.0000430 seconds
2015-08-25T22:19:00.135-0200: 136525.626: Total time for which application threads were stopped: 0.0033510 seconds, Stopping threads took: 0.0028358 seconds
2015-08-25T22:19:30.142-0200: 136555.633: Total time for which application threads were stopped: 0.0002922 seconds, Stopping threads took: 0.0000224 seconds
2015-08-25T22:19:30.142-0200: 136555.634: Total time for which application threads were stopped: 0.0001817 seconds, Stopping threads took: 0.0000370 seconds
2015-08-25T22:19:40.163-0200: 136565.654: Total time for which application threads were stopped: 0.0023972 seconds, Stopping threads took: 0.0019327 seconds
2015-08-25T22:19:40.172-0200: 136565.664: Total time for which application threads were stopped: 0.0084916 seconds, Stopping threads took: 0.0019526 seconds
2015-08-25T22:19:40.178-0200: 136565.669: Total time for which application threads were stopped: 0.0043454 seconds, Stopping threads took: 0.0020049 seconds
2015-08-25T22:19:40.178-0200: 136565.670: Total time for which application threads were stopped: 0.0003252 seconds, Stopping threads took: 0.0000549 seconds
2015-08-25T22:19:40.179-0200: 136565.670: Total time for which application threads were stopped: 0.0003993 seconds, Stopping threads took: 0.0001031 seconds
2015-08-25T22:19:40.179-0200: 136565.671: Total time for which application threads were stopped: 0.0004991 seconds, Stopping threads took: 0.0001129 seconds
2015-08-25T22:19:40.182-0200: 136565.674: Total time for which application threads were stopped: 0.0023701 seconds, Stopping threads took: 0.0001152 seconds
2015-08-25T22:20:10.186-0200: 136595.678: Total time for which application threads were stopped: 0.0003140 seconds, Stopping threads took: 0.0000487 seconds
2015-08-25T22:20:10.186-0200: 136595.678: Total time for which application threads were stopped: 0.0001772 seconds, Stopping threads took: 0.0000133 seconds
2015-08-25T22:20:10.190-0200: 136595.682: Total time for which application threads were stopped: 0.0037381 seconds, Stopping threads took: 0.0017453 seconds
2015-08-25T22:20:30.201-0200: 136615.694: Total time for which application threads were stopped: 0.0013356 seconds, Stopping threads took: 0.0000421 seconds
2015-08-25T22:20:30.203-0200: 136615.696: Total time for which application threads were stopped: 0.0007223 seconds, Stopping threads took: 0.0001185 seconds
2015-08-25T22:20:30.205-0200: 136615.698: Total time for which application threads were stopped: 0.0023380 seconds, Stopping threads took: 0.0017158 seconds
2015-08-25T22:20:30.206-0200: 136615.699: Total time for which application threads were stopped: 0.0003422 seconds, Stopping threads took: 0.0000493 seconds
2015-08-25T22:20:30.212-0200: 136615.705: Total time for which application threads were stopped: 0.0004094 seconds, Stopping threads took: 0.0000205 seconds
2015-08-25T22:20:30.213-0200: 136615.706: Total time for which application threads were stopped: 0.0005452 seconds, Stopping threads took: 0.0001046 seconds
2015-08-25T22:20:30.214-0200: 136615.707: Total time for which application threads were stopped: 0.0005162 seconds, Stopping threads took: 0.0000175 seconds
2015-08-25T22:21:00.211-0200: 136645.705: Total time for which application threads were stopped: 0.0004118 seconds, Stopping threads took: 0.0000308 seconds
2015-08-25T22:21:00.212-0200: 136645.706: Total time for which application threads were stopped: 0.0002695 seconds, Stopping threads took: 0.0000172 seconds
2015-08-25T22:21:00.217-0200: 136645.711: Total time for which application threads were stopped: 0.0019019 seconds, Stopping threads took: 0.0015481 seconds
2015-08-25T22:21:00.219-0200: 136645.713: Total time for which application threads were stopped: 0.0023475 seconds, Stopping threads took: 0.0019865 seconds
2015-08-25T22:21:40.253-0200: 136685.747: Total time for which application threads were stopped: 0.0009752 seconds, Stopping threads took: 0.0000638 seconds
2015-08-25T22:21:40.254-0200: 136685.749: Total time for which application threads were stopped: 0.0005080 seconds, Stopping threads took: 0.0001612 seconds
2015-08-25T22:21:40.285-0200: 136685.780: Total time for which application threads were stopped: 0.0037172 seconds, Stopping threads took: 0.0014685 seconds
2015-08-25T22:21:40.290-0200: 136685.785: Total time for which application threads were stopped: 0.0042136 seconds, Stopping threads took: 0.0030055 seconds
2015-08-25T22:21:40.293-0200: 136685.788: Total time for which application threads were stopped: 0.0020506 seconds, Stopping threads took: 0.0015916 seconds
2015-08-25T22:21:40.297-0200: 136685.792: Total time for which application threads were stopped: 0.0037686 seconds, Stopping threads took: 0.0016775 seconds
2015-08-25T22:21:40.299-0200: 136685.794: Total time for which application threads were stopped: 0.0004463 seconds, Stopping threads took: 0.0000604 seconds
2015-08-25T22:21:40.300-0200: 136685.794: Total time for which application threads were stopped: 0.0006111 seconds, Stopping threads took: 0.0002080 seconds
2015-08-25T22:22:10.309-0200: 136715.805: Total time for which application threads were stopped: 0.0023634 seconds, Stopping threads took: 0.0018313 seconds
2015-08-25T22:22:10.312-0200: 136715.807: Total time for which application threads were stopped: 0.0020341 seconds, Stopping threads took: 0.0016688 seconds
2015-08-25T22:22:10.312-0200: 136715.808: Total time for which application threads were stopped: 0.0004353 seconds, Stopping threads took: 0.0001440 seconds
2015-08-25T22:22:10.313-0200: 136715.808: Total time for which application threads were stopped: 0.0002674 seconds, Stopping threads took: 0.0000359 seconds
2015-08-25T22:23:30.396-0200: 136795.894: Total time for which application threads were stopped: 0.0124412 seconds, Stopping threads took: 0.0004930 seconds
2015-08-25T22:23:30.424-0200: 136795.922: Total time for which application threads were stopped: 0.0011352 seconds, Stopping threads took: 0.0000626 seconds
2015-08-25T22:23:30.426-0200: 136795.924: Total time for which application threads were stopped: 0.0006951 seconds, Stopping threads took: 0.0000579 seconds
2015-08-25T22:23:30.429-0200: 136795.927: Total time for which application threads were stopped: 0.0031237 seconds, Stopping threads took: 0.0024439 seconds
2015-08-25T22:23:30.431-0200: 136795.929: Total time for which application threads were stopped: 0.0005726 seconds, Stopping threads took: 0.0000301 seconds
2015-08-25T22:23:30.452-0200: 136795.949: Total time for which application threads were stopped: 0.0007991 seconds, Stopping threads took: 0.0000779 seconds
2015-08-25T22:24:00.444-0200: 136825.943: Total time for which application threads were stopped: 0.0004653 seconds, Stopping threads took: 0.0000245 seconds
2015-08-25T22:24:00.445-0200: 136825.943: Total time for which application threads were stopped: 0.0002837 seconds, Stopping threads took: 0.0000204 seconds
2015-08-25T22:26:40.602-0200: 136986.105: Total time for which application threads were stopped: 0.0165942 seconds, Stopping threads took: 0.0004902 seconds
2015-08-25T22:26:40.631-0200: 136986.134: Total time for which application threads were stopped: 0.0030328 seconds, Stopping threads took: 0.0025664 seconds
2015-08-25T22:26:40.633-0200: 136986.136: Total time for which application threads were stopped: 0.0021101 seconds, Stopping threads took: 0.0001193 seconds
2015-08-25T22:26:40.636-0200: 136986.139: Total time for which application threads were stopped: 0.0022592 seconds, Stopping threads took: 0.0001352 seconds
2015-08-25T22:26:40.638-0200: 136986.141: Total time for which application threads were stopped: 0.0005783 seconds, Stopping threads took: 0.0000326 seconds
2015-08-25T22:26:40.667-0200: 136986.170: Total time for which application threads were stopped: 0.0004756 seconds, Stopping threads took: 0.0000181 seconds
2015-08-25T22:27:10.651-0200: 137016.155: Total time for which application threads were stopped: 0.0013536 seconds, Stopping threads took: 0.0000648 seconds
2015-08-25T22:27:10.651-0200: 137016.155: Total time for which application threads were stopped: 0.0002666 seconds, Stopping threads took: 0.0000132 seconds
2015-08-25T22:27:10.652-0200: 137016.156: Total time for which application threads were stopped: 0.0001669 seconds, Stopping threads took: 0.0000124 seconds
2015-08-25T22:32:10.890-0200: 137316.403: Total time for which application threads were stopped: 0.0094978 seconds, Stopping threads took: 0.0015371 seconds
2015-08-25T22:32:10.909-0200: 137316.421: Total time for which application threads were stopped: 0.0005551 seconds, Stopping threads took: 0.0000724 seconds
2015-08-25T22:32:10.914-0200: 137316.426: Total time for which application threads were stopped: 0.0046082 seconds, Stopping threads took: 0.0041529 seconds
2015-08-25T22:32:10.915-0200: 137316.428: Total time for which application threads were stopped: 0.0003892 seconds, Stopping threads took: 0.0000374 seconds
2015-08-25T22:32:10.920-0200: 137316.433: Total time for which application threads were stopped: 0.0037566 seconds, Stopping threads took: 0.0014898 seconds
2015-08-25T22:32:10.921-0200: 137316.433: Total time for which application threads were stopped: 0.0004407 seconds, Stopping threads took: 0.0001644 seconds
2015-08-25T22:32:10.946-0200: 137316.458: Total time for which application threads were stopped: 0.0005437 seconds, Stopping threads took: 0.0000196 seconds
2015-08-25T22:32:40.945-0200: 137346.458: Total time for which application threads were stopped: 0.0054033 seconds, Stopping threads took: 0.0007469 seconds
2015-08-25T22:32:40.947-0200: 137346.460: Total time for which application threads were stopped: 0.0015149 seconds, Stopping threads took: 0.0000851 seconds
2015-08-25T22:32:40.948-0200: 137346.461: Total time for which application threads were stopped: 0.0002199 seconds, Stopping threads took: 0.0000132 seconds
2015-08-25T22:37:41.184-0200: 137646.705: Total time for which application threads were stopped: 0.0058953 seconds, Stopping threads took: 0.0012030 seconds
2015-08-25T22:37:41.185-0200: 137646.706: Total time for which application threads were stopped: 0.0005520 seconds, Stopping threads took: 0.0001683 seconds
2015-08-25T22:37:41.214-0200: 137646.735: Total time for which application threads were stopped: 0.0005903 seconds, Stopping threads took: 0.0001501 seconds
2015-08-25T22:37:41.223-0200: 137646.744: Total time for which application threads were stopped: 0.0082948 seconds, Stopping threads took: 0.0024161 seconds
2015-08-25T22:37:41.226-0200: 137646.747: Total time for which application threads were stopped: 0.0016351 seconds, Stopping threads took: 0.0000932 seconds
2015-08-25T22:37:41.253-0200: 137646.774: Total time for which application threads were stopped: 0.0006676 seconds, Stopping threads took: 0.0001598 seconds
2015-08-25T22:38:11.248-0200: 137676.770: Total time for which application threads were stopped: 0.0052587 seconds, Stopping threads took: 0.0011378 seconds
2015-08-25T22:38:11.250-0200: 137676.772: Total time for which application threads were stopped: 0.0003339 seconds, Stopping threads took: 0.0000151 seconds
2015-08-25T22:38:11.250-0200: 137676.772: Total time for which application threads were stopped: 0.0001449 seconds, Stopping threads took: 0.0000114 seconds
2015-08-25T22:43:11.495-0200: 137977.025: Total time for which application threads were stopped: 0.0093246 seconds, Stopping threads took: 0.0051399 seconds
2015-08-25T22:43:11.501-0200: 137977.031: Total time for which application threads were stopped: 0.0010525 seconds, Stopping threads took: 0.0007625 seconds
2015-08-25T22:43:11.538-0200: 137977.068: Total time for which application threads were stopped: 0.0077440 seconds, Stopping threads took: 0.0073107 seconds
2015-08-25T22:43:11.541-0200: 137977.071: Total time for which application threads were stopped: 0.0027497 seconds, Stopping threads took: 0.0023023 seconds
2015-08-25T22:43:11.560-0200: 137977.090: Total time for which application threads were stopped: 0.0113084 seconds, Stopping threads took: 0.0042142 seconds
2015-08-25T22:43:11.565-0200: 137977.095: Total time for which application threads were stopped: 0.0004881 seconds, Stopping threads took: 0.0000380 seconds
2015-08-25T22:43:11.565-0200: 137977.096: Total time for which application threads were stopped: 0.0001703 seconds, Stopping threads took: 0.0000124 seconds
2015-08-25T22:43:11.575-0200: 137977.106: Total time for which application threads were stopped: 0.0096964 seconds, Stopping threads took: 0.0000164 seconds
2015-08-25T22:43:11.607-0200: 137977.137: Total time for which application threads were stopped: 0.0003346 seconds, Stopping threads took: 0.0000266 seconds
2015-08-25T22:43:36.191-0200: 138007.105: Total time for which application threads were stopped: 0.0006485 seconds, Stopping threads took: 0.0000835 seconds
2015-08-25T22:43:36.192-0200: 138007.107: Total time for which application threads were stopped: 0.0004245 seconds, Stopping threads took: 0.0000278 seconds
2015-08-25T22:43:36.200-0200: 138007.115: Total time for which application threads were stopped: 0.0019114 seconds, Stopping threads took: 0.0000526 seconds
2015-08-25T22:43:36.201-0200: 138007.116: Total time for which application threads were stopped: 0.0004409 seconds, Stopping threads took: 0.0001316 seconds
2015-08-25T22:48:36.417-0200: 138307.340: Total time for which application threads were stopped: 0.0065817 seconds, Stopping threads took: 0.0004138 seconds
2015-08-25T22:48:36.425-0200: 138307.349: Total time for which application threads were stopped: 0.0019693 seconds, Stopping threads took: 0.0012175 seconds
2015-08-25T22:48:36.478-0200: 138307.401: Total time for which application threads were stopped: 0.0185993 seconds, Stopping threads took: 0.0181426 seconds
2015-08-25T22:48:36.500-0200: 138307.424: Total time for which application threads were stopped: 0.0223379 seconds, Stopping threads took: 0.0097248 seconds
2015-08-25T22:48:36.501-0200: 138307.425: Total time for which application threads were stopped: 0.0005681 seconds, Stopping threads took: 0.0000387 seconds
2015-08-25T22:48:36.525-0200: 138307.448: Total time for which application threads were stopped: 0.0218705 seconds, Stopping threads took: 0.0214752 seconds
2015-08-25T22:48:36.586-0200: 138307.509: Total time for which application threads were stopped: 0.0013614 seconds, Stopping threads took: 0.0003060 seconds
2015-08-25T22:49:06.534-0200: 138337.459: Total time for which application threads were stopped: 0.0005085 seconds, Stopping threads took: 0.0000571 seconds
2015-08-25T22:49:06.538-0200: 138337.462: Total time for which application threads were stopped: 0.0029771 seconds, Stopping threads took: 0.0000176 seconds
2015-08-25T22:54:06.786-0200: 138637.720: Total time for which application threads were stopped: 0.0134454 seconds, Stopping threads took: 0.0003895 seconds
2015-08-25T22:54:06.810-0200: 138637.744: Total time for which application threads were stopped: 0.0029054 seconds, Stopping threads took: 0.0009297 seconds
2015-08-25T22:54:06.819-0200: 138637.752: Total time for which application threads were stopped: 0.0086558 seconds, Stopping threads took: 0.0026653 seconds
2015-08-25T22:54:06.824-0200: 138637.757: Total time for which application threads were stopped: 0.0015213 seconds, Stopping threads took: 0.0011218 seconds
2015-08-25T22:54:06.825-0200: 138637.759: Total time for which application threads were stopped: 0.0013938 seconds, Stopping threads took: 0.0002462 seconds
2015-08-25T22:54:06.826-0200: 138637.759: Total time for which application threads were stopped: 0.0002976 seconds, Stopping threads took: 0.0000372 seconds
2015-08-25T22:54:06.826-0200: 138637.760: Total time for which application threads were stopped: 0.0002929 seconds, Stopping threads took: 0.0000410 seconds
2015-08-25T22:54:06.849-0200: 138637.783: Total time for which application threads were stopped: 0.0005948 seconds, Stopping threads took: 0.0000259 seconds
2015-08-25T22:54:36.835-0200: 138667.769: Total time for which application threads were stopped: 0.0005390 seconds, Stopping threads took: 0.0000348 seconds
2015-08-25T22:54:36.835-0200: 138667.770: Total time for which application threads were stopped: 0.0001434 seconds, Stopping threads took: 0.0000108 seconds
2015-08-25T22:59:37.074-0200: 138968.021: Total time for which application threads were stopped: 0.0166493 seconds, Stopping threads took: 0.0072459 seconds
2015-08-25T22:59:37.082-0200: 138968.026: Total time for which application threads were stopped: 0.0035858 seconds, Stopping threads took: 0.0013446 seconds
2015-08-25T22:59:37.118-0200: 138968.062: Total time for which application threads were stopped: 0.0051680 seconds, Stopping threads took: 0.0026454 seconds
2015-08-25T22:59:37.123-0200: 138968.066: Total time for which application threads were stopped: 0.0041290 seconds, Stopping threads took: 0.0035366 seconds
2015-08-25T22:59:37.126-0200: 138968.069: Total time for which application threads were stopped: 0.0019134 seconds, Stopping threads took: 0.0016507 seconds
2015-08-25T22:59:37.137-0200: 138968.081: Total time for which application threads were stopped: 0.0098464 seconds, Stopping threads took: 0.0039621 seconds
2015-08-25T22:59:37.139-0200: 138968.082: Total time for which application threads were stopped: 0.0005097 seconds, Stopping threads took: 0.0001383 seconds
2015-08-25T23:00:07.147-0200: 138998.092: Total time for which application threads were stopped: 0.0007544 seconds, Stopping threads took: 0.0000606 seconds
2015-08-25T23:00:07.155-0200: 138998.099: Total time for which application threads were stopped: 0.0003210 seconds, Stopping threads took: 0.0000303 seconds
2015-08-25T23:00:07.158-0200: 138998.102: Total time for which application threads were stopped: 0.0011022 seconds, Stopping threads took: 0.0008286 seconds
2015-08-25T23:05:07.385-0200: 139298.338: Total time for which application threads were stopped: 0.0075477 seconds, Stopping threads took: 0.0025108 seconds
2015-08-25T23:05:07.387-0200: 139298.340: Total time for which application threads were stopped: 0.0018570 seconds, Stopping threads took: 0.0000682 seconds
2015-08-25T23:05:07.400-0200: 139298.353: Total time for which application threads were stopped: 0.0017513 seconds, Stopping threads took: 0.0013469 seconds
2015-08-25T23:05:07.403-0200: 139298.356: Total time for which application threads were stopped: 0.0021018 seconds, Stopping threads took: 0.0016018 seconds
2015-08-25T23:05:07.404-0200: 139298.357: Total time for which application threads were stopped: 0.0004742 seconds, Stopping threads took: 0.0001094 seconds
2015-08-25T23:05:07.404-0200: 139298.357: Total time for which application threads were stopped: 0.0002634 seconds, Stopping threads took: 0.0000893 seconds
2015-08-25T23:05:07.405-0200: 139298.358: Total time for which application threads were stopped: 0.0003018 seconds, Stopping threads took: 0.0000157 seconds
2015-08-25T23:05:07.455-0200: 139298.408: Total time for which application threads were stopped: 0.0049675 seconds, Stopping threads took: 0.0007976 seconds
2015-08-25T23:05:37.415-0200: 139328.369: Total time for which application threads were stopped: 0.0025818 seconds, Stopping threads took: 0.0001690 seconds
2015-08-25T23:05:37.417-0200: 139328.371: Total time for which application threads were stopped: 0.0018735 seconds, Stopping threads took: 0.0015007 seconds
2015-08-25T23:05:37.422-0200: 139328.376: Total time for which application threads were stopped: 0.0008537 seconds, Stopping threads took: 0.0002146 seconds
2015-08-25T23:05:37.426-0200: 139328.380: Total time for which application threads were stopped: 0.0005305 seconds, Stopping threads took: 0.0000348 seconds
2015-08-25T23:10:37.706-0200: 139628.669: Total time for which application threads were stopped: 0.0153703 seconds, Stopping threads took: 0.0017419 seconds
2015-08-25T23:10:37.737-0200: 139628.700: Total time for which application threads were stopped: 0.0045299 seconds, Stopping threads took: 0.0023020 seconds
2015-08-25T23:10:37.741-0200: 139628.704: Total time for which application threads were stopped: 0.0039703 seconds, Stopping threads took: 0.0028226 seconds
2015-08-25T23:10:37.744-0200: 139628.707: Total time for which application threads were stopped: 0.0006644 seconds, Stopping threads took: 0.0000462 seconds
2015-08-25T23:10:37.745-0200: 139628.708: Total time for which application threads were stopped: 0.0004693 seconds, Stopping threads took: 0.0000348 seconds
2015-08-25T23:10:37.747-0200: 139628.710: Total time for which application threads were stopped: 0.0008763 seconds, Stopping threads took: 0.0002706 seconds
2015-08-25T23:10:37.749-0200: 139628.712: Total time for which application threads were stopped: 0.0022210 seconds, Stopping threads took: 0.0001728 seconds
2015-08-25T23:10:37.757-0200: 139628.720: Total time for which application threads were stopped: 0.0074125 seconds, Stopping threads took: 0.0033598 seconds
2015-08-25T23:10:37.779-0200: 139628.743: Total time for which application threads were stopped: 0.0161777 seconds, Stopping threads took: 0.0110974 seconds
2015-08-25T23:11:07.788-0200: 139658.752: Total time for which application threads were stopped: 0.0004070 seconds, Stopping threads took: 0.0000216 seconds
2015-08-25T23:11:07.788-0200: 139658.752: Total time for which application threads were stopped: 0.0002584 seconds, Stopping threads took: 0.0000367 seconds
2015-08-25T23:11:07.789-0200: 139658.753: Total time for which application threads were stopped: 0.0002074 seconds, Stopping threads took: 0.0000582 seconds
2015-08-25T23:16:08.043-0200: 139959.016: Total time for which application threads were stopped: 0.0092935 seconds, Stopping threads took: 0.0003559 seconds
2015-08-25T23:16:08.070-0200: 139959.042: Total time for which application threads were stopped: 0.0075961 seconds, Stopping threads took: 0.0072176 seconds
2015-08-25T23:16:08.070-0200: 139959.043: Total time for which application threads were stopped: 0.0003179 seconds, Stopping threads took: 0.0001348 seconds
2015-08-25T23:16:08.084-0200: 139959.056: Total time for which application threads were stopped: 0.0133581 seconds, Stopping threads took: 0.0126399 seconds
2015-08-25T23:16:08.094-0200: 139959.067: Total time for which application threads were stopped: 0.0037665 seconds, Stopping threads took: 0.0032934 seconds
2015-08-25T23:16:08.094-0200: 139959.067: Total time for which application threads were stopped: 0.0002092 seconds, Stopping threads took: 0.0000424 seconds
2015-08-25T23:16:08.151-0200: 139959.124: Total time for which application threads were stopped: 0.0037574 seconds, Stopping threads took: 0.0032001 seconds
2015-08-25T23:16:38.113-0200: 139989.087: Total time for which application threads were stopped: 0.0033803 seconds, Stopping threads took: 0.0030300 seconds
2015-08-25T23:16:38.114-0200: 139989.087: Total time for which application threads were stopped: 0.0001682 seconds, Stopping threads took: 0.0000137 seconds
2015-08-25T23:16:38.114-0200: 139989.087: Total time for which application threads were stopped: 0.0001409 seconds, Stopping threads took: 0.0000098 seconds
2015-08-25T23:21:38.354-0200: 140289.336: Total time for which application threads were stopped: 0.0060917 seconds, Stopping threads took: 0.0012339 seconds
2015-08-25T23:21:38.355-0200: 140289.337: Total time for which application threads were stopped: 0.0003778 seconds, Stopping threads took: 0.0000542 seconds
2015-08-25T23:21:38.380-0200: 140289.362: Total time for which application threads were stopped: 0.0051755 seconds, Stopping threads took: 0.0046295 seconds
2015-08-25T23:21:38.381-0200: 140289.363: Total time for which application threads were stopped: 0.0005466 seconds, Stopping threads took: 0.0000741 seconds
2015-08-25T23:21:38.385-0200: 140289.367: Total time for which application threads were stopped: 0.0023840 seconds, Stopping threads took: 0.0018391 seconds
2015-08-25T23:21:38.385-0200: 140289.368: Total time for which application threads were stopped: 0.0004462 seconds, Stopping threads took: 0.0001342 seconds
2015-08-25T23:21:38.386-0200: 140289.368: Total time for which application threads were stopped: 0.0003599 seconds, Stopping threads took: 0.0000696 seconds
2015-08-25T23:21:38.386-0200: 140289.369: Total time for which application threads were stopped: 0.0002767 seconds, Stopping threads took: 0.0000411 seconds
2015-08-25T23:21:38.404-0200: 140289.386: Total time for which application threads were stopped: 0.0004496 seconds, Stopping threads took: 0.0000269 seconds
2015-08-25T23:22:08.395-0200: 140319.378: Total time for which application threads were stopped: 0.0003521 seconds, Stopping threads took: 0.0000171 seconds
2015-08-25T23:22:08.396-0200: 140319.379: Total time for which application threads were stopped: 0.0001585 seconds, Stopping threads took: 0.0000172 seconds
2015-08-25T23:22:08.401-0200: 140319.385: Total time for which application threads were stopped: 0.0054586 seconds, Stopping threads took: 0.0000395 seconds
2015-08-25T23:22:08.402-0200: 140319.386: Total time for which application threads were stopped: 0.0016346 seconds, Stopping threads took: 0.0001116 seconds
2015-08-25T23:22:08.404-0200: 140319.387: Total time for which application threads were stopped: 0.0003501 seconds, Stopping threads took: 0.0001177 seconds
2015-08-25T23:27:08.681-0200: 140619.673: Total time for which application threads were stopped: 0.0046406 seconds, Stopping threads took: 0.0003781 seconds
2015-08-25T23:27:08.700-0200: 140619.692: Total time for which application threads were stopped: 0.0030813 seconds, Stopping threads took: 0.0026477 seconds
2015-08-25T23:27:08.708-0200: 140619.700: Total time for which application threads were stopped: 0.0080737 seconds, Stopping threads took: 0.0026339 seconds
2015-08-25T23:27:08.719-0200: 140619.710: Total time for which application threads were stopped: 0.0033148 seconds, Stopping threads took: 0.0029262 seconds
2015-08-25T23:27:08.719-0200: 140619.711: Total time for which application threads were stopped: 0.0002201 seconds, Stopping threads took: 0.0000726 seconds
2015-08-25T23:27:08.719-0200: 140619.711: Total time for which application threads were stopped: 0.0002491 seconds, Stopping threads took: 0.0000452 seconds
2015-08-25T23:27:08.752-0200: 140619.744: Total time for which application threads were stopped: 0.0288269 seconds, Stopping threads took: 0.0049504 seconds
2015-08-25T23:27:08.785-0200: 140619.777: Total time for which application threads were stopped: 0.0044720 seconds, Stopping threads took: 0.0040265 seconds
2015-08-25T23:27:38.760-0200: 140649.753: Total time for which application threads were stopped: 0.0004766 seconds, Stopping threads took: 0.0000254 seconds
2015-08-25T23:27:38.760-0200: 140649.753: Total time for which application threads were stopped: 0.0002125 seconds, Stopping threads took: 0.0000235 seconds
2015-08-25T23:32:38.976-0200: 140949.977: Total time for which application threads were stopped: 0.0112109 seconds, Stopping threads took: 0.0033401 seconds
2015-08-25T23:32:38.976-0200: 140949.978: Total time for which application threads were stopped: 0.0003620 seconds, Stopping threads took: 0.0000731 seconds
2015-08-25T23:32:39.005-0200: 140950.006: Total time for which application threads were stopped: 0.0064425 seconds, Stopping threads took: 0.0023985 seconds
2015-08-25T23:32:39.008-0200: 140950.009: Total time for which application threads were stopped: 0.0011659 seconds, Stopping threads took: 0.0003019 seconds
2015-08-25T23:32:39.010-0200: 140950.012: Total time for which application threads were stopped: 0.0014388 seconds, Stopping threads took: 0.0010546 seconds
2015-08-25T23:32:39.013-0200: 140950.015: Total time for which application threads were stopped: 0.0022098 seconds, Stopping threads took: 0.0000152 seconds
2015-08-25T23:32:39.038-0200: 140950.039: Total time for which application threads were stopped: 0.0150468 seconds, Stopping threads took: 0.0143134 seconds
2015-08-25T23:33:09.022-0200: 140980.024: Total time for which application threads were stopped: 0.0005220 seconds, Stopping threads took: 0.0000449 seconds
2015-08-25T23:33:09.024-0200: 140980.026: Total time for which application threads were stopped: 0.0004815 seconds, Stopping threads took: 0.0000470 seconds
2015-08-25T23:33:09.027-0200: 140980.029: Total time for which application threads were stopped: 0.0031805 seconds, Stopping threads took: 0.0000584 seconds
2015-08-25T23:33:09.028-0200: 140980.030: Total time for which application threads were stopped: 0.0002958 seconds, Stopping threads took: 0.0000207 seconds
2015-08-25T23:38:09.466-0200: 141280.477: Total time for which application threads were stopped: 0.0084255 seconds, Stopping threads took: 0.0028775 seconds
2015-08-25T23:38:09.479-0200: 141280.490: Total time for which application threads were stopped: 0.0042016 seconds, Stopping threads took: 0.0000287 seconds
2015-08-25T23:38:09.501-0200: 141280.512: Total time for which application threads were stopped: 0.0063670 seconds, Stopping threads took: 0.0057927 seconds
2015-08-25T23:38:09.506-0200: 141280.517: Total time for which application threads were stopped: 0.0051470 seconds, Stopping threads took: 0.0001320 seconds
2015-08-25T23:38:09.507-0200: 141280.518: Total time for which application threads were stopped: 0.0003665 seconds, Stopping threads took: 0.0000681 seconds
2015-08-25T23:38:09.514-0200: 141280.525: Total time for which application threads were stopped: 0.0021771 seconds, Stopping threads took: 0.0017374 seconds
2015-08-25T23:38:09.524-0200: 141280.535: Total time for which application threads were stopped: 0.0038356 seconds, Stopping threads took: 0.0033773 seconds
2015-08-25T23:38:10.527-0200: 141281.538: Total time for which application threads were stopped: 0.0006773 seconds, Stopping threads took: 0.0000739 seconds
2015-08-25T23:38:39.542-0200: 141310.554: Total time for which application threads were stopped: 0.0006800 seconds, Stopping threads took: 0.0000356 seconds
2015-08-25T23:38:39.546-0200: 141310.558: Total time for which application threads were stopped: 0.0032768 seconds, Stopping threads took: 0.0029567 seconds
2015-08-25T23:38:39.546-0200: 141310.558: Total time for which application threads were stopped: 0.0002509 seconds, Stopping threads took: 0.0000845 seconds
2015-08-25T23:43:40.000-0200: 141611.020: Total time for which application threads were stopped: 0.0100996 seconds, Stopping threads took: 0.0010913 seconds
2015-08-25T23:43:40.004-0200: 141611.024: Total time for which application threads were stopped: 0.0004437 seconds, Stopping threads took: 0.0000208 seconds
2015-08-25T23:43:40.017-0200: 141611.038: Total time for which application threads were stopped: 0.0004365 seconds, Stopping threads took: 0.0000607 seconds
2015-08-25T23:43:40.020-0200: 141611.040: Total time for which application threads were stopped: 0.0022238 seconds, Stopping threads took: 0.0016915 seconds
2015-08-25T23:43:40.027-0200: 141611.047: Total time for which application threads were stopped: 0.0057835 seconds, Stopping threads took: 0.0014538 seconds
2015-08-25T23:43:40.042-0200: 141611.062: Total time for which application threads were stopped: 0.0022829 seconds, Stopping threads took: 0.0017132 seconds
2015-08-25T23:44:10.042-0200: 141641.063: Total time for which application threads were stopped: 0.0005239 seconds, Stopping threads took: 0.0001168 seconds
2015-08-25T23:44:10.050-0200: 141641.071: Total time for which application threads were stopped: 0.0068687 seconds, Stopping threads took: 0.0029585 seconds
2015-08-25T23:44:10.050-0200: 141641.071: Total time for which application threads were stopped: 0.0003832 seconds, Stopping threads took: 0.0001197 seconds
2015-08-25T23:44:10.050-0200: 141641.071: Total time for which application threads were stopped: 0.0002363 seconds, Stopping threads took: 0.0000746 seconds
2015-08-25T23:49:10.517-0200: 141941.547: Total time for which application threads were stopped: 0.0109119 seconds, Stopping threads took: 0.0012320 seconds
2015-08-25T23:49:10.518-0200: 141941.548: Total time for which application threads were stopped: 0.0005238 seconds, Stopping threads took: 0.0002062 seconds
2015-08-25T23:49:10.536-0200: 141941.566: Total time for which application threads were stopped: 0.0033306 seconds, Stopping threads took: 0.0028118 seconds
2015-08-25T23:49:10.545-0200: 141941.575: Total time for which application threads were stopped: 0.0085244 seconds, Stopping threads took: 0.0080686 seconds
2015-08-25T23:49:10.550-0200: 141941.579: Total time for which application threads were stopped: 0.0042250 seconds, Stopping threads took: 0.0001188 seconds
2015-08-25T23:49:10.555-0200: 141941.584: Total time for which application threads were stopped: 0.0050418 seconds, Stopping threads took: 0.0046748 seconds
2015-08-25T23:49:10.571-0200: 141941.600: Total time for which application threads were stopped: 0.0119394 seconds, Stopping threads took: 0.0076472 seconds
2015-08-25T23:49:10.571-0200: 141941.601: Total time for which application threads were stopped: 0.0004424 seconds, Stopping threads took: 0.0001520 seconds
2015-08-25T23:49:10.588-0200: 141941.618: Total time for which application threads were stopped: 0.0056131 seconds, Stopping threads took: 0.0002426 seconds
2015-08-25T23:49:40.588-0200: 141971.618: Total time for which application threads were stopped: 0.0007196 seconds, Stopping threads took: 0.0000488 seconds
2015-08-25T23:49:40.599-0200: 141971.629: Total time for which application threads were stopped: 0.0050607 seconds, Stopping threads took: 0.0017704 seconds
2015-08-25T23:54:41.058-0200: 142272.096: Total time for which application threads were stopped: 0.0005081 seconds, Stopping threads took: 0.0000361 seconds
2015-08-25T23:54:41.070-0200: 142272.108: Total time for which application threads were stopped: 0.0005234 seconds, Stopping threads took: 0.0001203 seconds
2015-08-25T23:54:41.071-0200: 142272.109: Total time for which application threads were stopped: 0.0004657 seconds, Stopping threads took: 0.0000359 seconds
2015-08-25T23:54:41.072-0200: 142272.111: Total time for which application threads were stopped: 0.0003460 seconds, Stopping threads took: 0.0000134 seconds
2015-08-25T23:54:41.100-0200: 142272.139: Total time for which application threads were stopped: 0.0004278 seconds, Stopping threads took: 0.0000231 seconds
2015-08-25T23:54:41.115-0200: 142272.153: Total time for which application threads were stopped: 0.0024766 seconds, Stopping threads took: 0.0021695 seconds
2015-08-25T23:54:41.115-0200: 142272.154: Total time for which application threads were stopped: 0.0003109 seconds, Stopping threads took: 0.0000393 seconds
2015-08-25T23:54:41.115-0200: 142272.154: Total time for which application threads were stopped: 0.0002101 seconds, Stopping threads took: 0.0000101 seconds
2015-08-25T23:54:41.130-0200: 142272.169: Total time for which application threads were stopped: 0.0005773 seconds, Stopping threads took: 0.0000842 seconds
2015-08-25T23:55:11.088-0200: 142302.128: Total time for which application threads were stopped: 0.0005196 seconds, Stopping threads took: 0.0000336 seconds
2015-08-25T23:55:11.089-0200: 142302.128: Total time for which application threads were stopped: 0.0003416 seconds, Stopping threads took: 0.0000321 seconds
2015-08-25T23:55:11.122-0200: 142302.161: Total time for which application threads were stopped: 0.0003864 seconds, Stopping threads took: 0.0000295 seconds
2015-08-25T23:55:11.122-0200: 142302.162: Total time for which application threads were stopped: 0.0002447 seconds, Stopping threads took: 0.0000173 seconds
2015-08-26T00:00:11.548-0200: 142602.595: Total time for which application threads were stopped: 0.0053267 seconds, Stopping threads took: 0.0008291 seconds
2015-08-26T00:00:11.582-0200: 142602.630: Total time for which application threads were stopped: 0.0241725 seconds, Stopping threads took: 0.0142290 seconds
2015-08-26T00:00:11.652-0200: 142602.700: Total time for which application threads were stopped: 0.0098692 seconds, Stopping threads took: 0.0094134 seconds
2015-08-26T00:00:11.662-0200: 142602.709: Total time for which application threads were stopped: 0.0088843 seconds, Stopping threads took: 0.0055870 seconds
2015-08-26T00:00:11.668-0200: 142602.716: Total time for which application threads were stopped: 0.0039766 seconds, Stopping threads took: 0.0034542 seconds
2015-08-26T00:00:11.672-0200: 142602.719: Total time for which application threads were stopped: 0.0029724 seconds, Stopping threads took: 0.0026501 seconds
2015-08-26T00:00:11.673-0200: 142602.721: Total time for which application threads were stopped: 0.0004842 seconds, Stopping threads took: 0.0001104 seconds
2015-08-26T00:00:11.678-0200: 142602.726: Total time for which application threads were stopped: 0.0015380 seconds, Stopping threads took: 0.0010220 seconds
2015-08-26T00:00:11.690-0200: 142602.738: Total time for which application threads were stopped: 0.0004207 seconds, Stopping threads took: 0.0000875 seconds
2015-08-26T00:00:41.683-0200: 142632.732: Total time for which application threads were stopped: 0.0006302 seconds, Stopping threads took: 0.0002306 seconds
2015-08-26T00:00:41.684-0200: 142632.733: Total time for which application threads were stopped: 0.0004114 seconds, Stopping threads took: 0.0001681 seconds
2015-08-26T00:00:41.689-0200: 142632.738: Total time for which application threads were stopped: 0.0043491 seconds, Stopping threads took: 0.0040203 seconds
2015-08-26T00:00:41.691-0200: 142632.739: Total time for which application threads were stopped: 0.0015284 seconds, Stopping threads took: 0.0006883 seconds
2015-08-26T00:05:42.113-0200: 142933.170: Total time for which application threads were stopped: 0.0050414 seconds, Stopping threads took: 0.0003873 seconds
2015-08-26T00:05:42.126-0200: 142933.183: Total time for which application threads were stopped: 0.0008863 seconds, Stopping threads took: 0.0000729 seconds
2015-08-26T00:05:42.129-0200: 142933.186: Total time for which application threads were stopped: 0.0024512 seconds, Stopping threads took: 0.0018934 seconds
2015-08-26T00:05:42.131-0200: 142933.189: Total time for which application threads were stopped: 0.0006936 seconds, Stopping threads took: 0.0000339 seconds
2015-08-26T00:05:42.148-0200: 142933.205: Total time for which application threads were stopped: 0.0028634 seconds, Stopping threads took: 0.0002691 seconds
2015-08-26T00:05:42.151-0200: 142933.208: Total time for which application threads were stopped: 0.0024783 seconds, Stopping threads took: 0.0001211 seconds
2015-08-26T00:05:42.172-0200: 142933.229: Total time for which application threads were stopped: 0.0173536 seconds, Stopping threads took: 0.0007866 seconds
2015-08-26T00:05:42.177-0200: 142933.234: Total time for which application threads were stopped: 0.0049658 seconds, Stopping threads took: 0.0002239 seconds
2015-08-26T00:05:42.180-0200: 142933.237: Total time for which application threads were stopped: 0.0023991 seconds, Stopping threads took: 0.0020323 seconds
2015-08-26T00:06:12.145-0200: 142963.203: Total time for which application threads were stopped: 0.0005450 seconds, Stopping threads took: 0.0000299 seconds
2015-08-26T00:06:12.146-0200: 142963.204: Total time for which application threads were stopped: 0.0002622 seconds, Stopping threads took: 0.0000182 seconds
2015-08-26T00:06:12.187-0200: 142963.245: Total time for which application threads were stopped: 0.0005706 seconds, Stopping threads took: 0.0001115 seconds
2015-08-26T00:06:12.195-0200: 142963.253: Total time for which application threads were stopped: 0.0070043 seconds, Stopping threads took: 0.0066803 seconds
2015-08-26T00:11:12.485-0200: 143263.552: Total time for which application threads were stopped: 0.0140136 seconds, Stopping threads took: 0.0041945 seconds
2015-08-26T00:11:12.488-0200: 143263.555: Total time for which application threads were stopped: 0.0003988 seconds, Stopping threads took: 0.0000487 seconds
2015-08-26T00:11:12.513-0200: 143263.580: Total time for which application threads were stopped: 0.0045339 seconds, Stopping threads took: 0.0016455 seconds
2015-08-26T00:11:12.514-0200: 143263.581: Total time for which application threads were stopped: 0.0005161 seconds, Stopping threads took: 0.0000399 seconds
2015-08-26T00:11:12.516-0200: 143263.583: Total time for which application threads were stopped: 0.0019782 seconds, Stopping threads took: 0.0015950 seconds
2015-08-26T00:11:12.520-0200: 143263.587: Total time for which application threads were stopped: 0.0028637 seconds, Stopping threads took: 0.0001729 seconds
2015-08-26T00:11:12.522-0200: 143263.589: Total time for which application threads were stopped: 0.0023494 seconds, Stopping threads took: 0.0000725 seconds
2015-08-26T00:11:12.530-0200: 143263.597: Total time for which application threads were stopped: 0.0006937 seconds, Stopping threads took: 0.0000526 seconds
2015-08-26T00:11:42.547-0200: 143293.615: Total time for which application threads were stopped: 0.0006948 seconds, Stopping threads took: 0.0000602 seconds
2015-08-26T00:11:42.548-0200: 143293.616: Total time for which application threads were stopped: 0.0004627 seconds, Stopping threads took: 0.0001045 seconds
2015-08-26T00:11:42.548-0200: 143293.616: Total time for which application threads were stopped: 0.0002909 seconds, Stopping threads took: 0.0000134 seconds
2015-08-26T00:16:42.801-0200: 143593.877: Total time for which application threads were stopped: 0.0106715 seconds, Stopping threads took: 0.0012360 seconds
2015-08-26T00:16:42.802-0200: 143593.878: Total time for which application threads were stopped: 0.0006031 seconds, Stopping threads took: 0.0001816 seconds
2015-08-26T00:16:42.849-0200: 143593.926: Total time for which application threads were stopped: 0.0036020 seconds, Stopping threads took: 0.0029623 seconds
2015-08-26T00:16:42.854-0200: 143593.931: Total time for which application threads were stopped: 0.0008973 seconds, Stopping threads took: 0.0001219 seconds
2015-08-26T00:16:42.855-0200: 143593.931: Total time for which application threads were stopped: 0.0003353 seconds, Stopping threads took: 0.0000418 seconds
2015-08-26T00:16:42.857-0200: 143593.934: Total time for which application threads were stopped: 0.0004992 seconds, Stopping threads took: 0.0000288 seconds
2015-08-26T00:16:42.916-0200: 143593.993: Total time for which application threads were stopped: 0.0008625 seconds, Stopping threads took: 0.0001055 seconds
2015-08-26T00:17:12.896-0200: 143623.973: Total time for which application threads were stopped: 0.0081722 seconds, Stopping threads took: 0.0003377 seconds
2015-08-26T00:17:12.897-0200: 143623.975: Total time for which application threads were stopped: 0.0002775 seconds, Stopping threads took: 0.0000203 seconds
2015-08-26T00:22:13.137-0200: 143924.224: Total time for which application threads were stopped: 0.0055144 seconds, Stopping threads took: 0.0012409 seconds
2015-08-26T00:22:13.138-0200: 143924.225: Total time for which application threads were stopped: 0.0004724 seconds, Stopping threads took: 0.0001858 seconds
2015-08-26T00:22:13.176-0200: 143924.262: Total time for which application threads were stopped: 0.0026784 seconds, Stopping threads took: 0.0020853 seconds
2015-08-26T00:22:13.179-0200: 143924.266: Total time for which application threads were stopped: 0.0028879 seconds, Stopping threads took: 0.0012263 seconds
2015-08-26T00:22:13.197-0200: 143924.283: Total time for which application threads were stopped: 0.0159063 seconds, Stopping threads took: 0.0154512 seconds
2015-08-26T00:22:13.232-0200: 143924.319: Total time for which application threads were stopped: 0.0006150 seconds, Stopping threads took: 0.0000500 seconds
2015-08-26T00:22:43.211-0200: 143954.298: Total time for which application threads were stopped: 0.0049530 seconds, Stopping threads took: 0.0022363 seconds
2015-08-26T00:22:43.211-0200: 143954.299: Total time for which application threads were stopped: 0.0003296 seconds, Stopping threads took: 0.0000185 seconds
2015-08-26T00:22:43.214-0200: 143954.301: Total time for which application threads were stopped: 0.0020904 seconds, Stopping threads took: 0.0017947 seconds
2015-08-26T00:22:43.214-0200: 143954.301: Total time for which application threads were stopped: 0.0003317 seconds, Stopping threads took: 0.0001243 seconds
2015-08-26T00:22:43.215-0200: 143954.302: Total time for which application threads were stopped: 0.0001786 seconds, Stopping threads took: 0.0000137 seconds
2015-08-26T00:27:43.469-0200: 144254.565: Total time for which application threads were stopped: 0.0095587 seconds, Stopping threads took: 0.0018745 seconds
2015-08-26T00:27:43.470-0200: 144254.566: Total time for which application threads were stopped: 0.0004849 seconds, Stopping threads took: 0.0001297 seconds
2015-08-26T00:27:43.505-0200: 144254.602: Total time for which application threads were stopped: 0.0004849 seconds, Stopping threads took: 0.0000500 seconds
2015-08-26T00:27:43.515-0200: 144254.611: Total time for which application threads were stopped: 0.0094856 seconds, Stopping threads took: 0.0033878 seconds
2015-08-26T00:27:43.516-0200: 144254.612: Total time for which application threads were stopped: 0.0004524 seconds, Stopping threads took: 0.0000709 seconds
2015-08-26T00:27:43.524-0200: 144254.620: Total time for which application threads were stopped: 0.0012837 seconds, Stopping threads took: 0.0008294 seconds
2015-08-26T00:27:43.547-0200: 144254.643: Total time for which application threads were stopped: 0.0035118 seconds, Stopping threads took: 0.0029637 seconds
2015-08-26T00:28:13.536-0200: 144284.633: Total time for which application threads were stopped: 0.0006553 seconds, Stopping threads took: 0.0001446 seconds
2015-08-26T00:28:13.539-0200: 144284.636: Total time for which application threads were stopped: 0.0018695 seconds, Stopping threads took: 0.0015787 seconds
2015-08-26T00:28:13.544-0200: 144284.641: Total time for which application threads were stopped: 0.0014610 seconds, Stopping threads took: 0.0001281 seconds
2015-08-26T00:28:13.551-0200: 144284.649: Total time for which application threads were stopped: 0.0010353 seconds, Stopping threads took: 0.0007713 seconds
2015-08-26T00:33:13.796-0200: 144584.903: Total time for which application threads were stopped: 0.0108221 seconds, Stopping threads took: 0.0020921 seconds
2015-08-26T00:33:13.798-0200: 144584.904: Total time for which application threads were stopped: 0.0005852 seconds, Stopping threads took: 0.0002024 seconds
2015-08-26T00:33:13.843-0200: 144584.949: Total time for which application threads were stopped: 0.0137649 seconds, Stopping threads took: 0.0133201 seconds
2015-08-26T00:33:13.857-0200: 144584.963: Total time for which application threads were stopped: 0.0135815 seconds, Stopping threads took: 0.0131813 seconds
2015-08-26T00:33:13.858-0200: 144584.964: Total time for which application threads were stopped: 0.0005892 seconds, Stopping threads took: 0.0000440 seconds
2015-08-26T00:33:13.899-0200: 144585.005: Total time for which application threads were stopped: 0.0330635 seconds, Stopping threads took: 0.0326007 seconds
2015-08-26T00:33:13.962-0200: 144585.068: Total time for which application threads were stopped: 0.0005015 seconds, Stopping threads took: 0.0000453 seconds
2015-08-26T00:33:43.914-0200: 144615.021: Total time for which application threads were stopped: 0.0009360 seconds, Stopping threads took: 0.0005278 seconds
2015-08-26T00:33:43.923-0200: 144615.030: Total time for which application threads were stopped: 0.0088216 seconds, Stopping threads took: 0.0084880 seconds
2015-08-26T00:38:44.176-0200: 144915.292: Total time for which application threads were stopped: 0.0121205 seconds, Stopping threads took: 0.0011317 seconds
2015-08-26T00:38:44.177-0200: 144915.292: Total time for which application threads were stopped: 0.0005494 seconds, Stopping threads took: 0.0001936 seconds
2015-08-26T00:38:44.206-0200: 144915.322: Total time for which application threads were stopped: 0.0033359 seconds, Stopping threads took: 0.0008378 seconds
2015-08-26T00:38:44.210-0200: 144915.326: Total time for which application threads were stopped: 0.0032380 seconds, Stopping threads took: 0.0028318 seconds
2015-08-26T00:38:44.225-0200: 144915.341: Total time for which application threads were stopped: 0.0134950 seconds, Stopping threads took: 0.0024844 seconds
2015-08-26T00:38:44.228-0200: 144915.344: Total time for which application threads were stopped: 0.0024819 seconds, Stopping threads took: 0.0000598 seconds
2015-08-26T00:38:44.238-0200: 144915.354: Total time for which application threads were stopped: 0.0045429 seconds, Stopping threads took: 0.0000535 seconds
2015-08-26T00:38:44.255-0200: 144915.371: Total time for which application threads were stopped: 0.0016845 seconds, Stopping threads took: 0.0001082 seconds
2015-08-26T00:39:14.249-0200: 144945.366: Total time for which application threads were stopped: 0.0014794 seconds, Stopping threads took: 0.0010673 seconds
2015-08-26T00:39:14.249-0200: 144945.366: Total time for which application threads were stopped: 0.0002744 seconds, Stopping threads took: 0.0001061 seconds
2015-08-26T00:39:14.250-0200: 144945.366: Total time for which application threads were stopped: 0.0001999 seconds, Stopping threads took: 0.0000704 seconds
2015-08-26T00:39:14.250-0200: 144945.367: Total time for which application threads were stopped: 0.0002183 seconds, Stopping threads took: 0.0000728 seconds
2015-08-26T00:44:14.506-0200: 145245.632: Total time for which application threads were stopped: 0.0049799 seconds, Stopping threads took: 0.0003819 seconds
2015-08-26T00:44:14.527-0200: 145245.653: Total time for which application threads were stopped: 0.0062679 seconds, Stopping threads took: 0.0023139 seconds
2015-08-26T00:44:14.532-0200: 145245.657: Total time for which application threads were stopped: 0.0039122 seconds, Stopping threads took: 0.0034439 seconds
2015-08-26T00:44:14.543-0200: 145245.668: Total time for which application threads were stopped: 0.0096434 seconds, Stopping threads took: 0.0083005 seconds
2015-08-26T00:44:14.601-0200: 145245.727: Total time for which application threads were stopped: 0.0135073 seconds, Stopping threads took: 0.0111226 seconds
2015-08-26T00:44:44.557-0200: 145275.683: Total time for which application threads were stopped: 0.0023615 seconds, Stopping threads took: 0.0015790 seconds
2015-08-26T00:44:44.557-0200: 145275.684: Total time for which application threads were stopped: 0.0003041 seconds, Stopping threads took: 0.0000679 seconds
2015-08-26T00:44:44.560-0200: 145275.686: Total time for which application threads were stopped: 0.0021153 seconds, Stopping threads took: 0.0018876 seconds
2015-08-26T00:44:44.560-0200: 145275.687: Total time for which application threads were stopped: 0.0006499 seconds, Stopping threads took: 0.0001256 seconds
2015-08-26T00:49:44.822-0200: 145575.957: Total time for which application threads were stopped: 0.0297730 seconds, Stopping threads took: 0.0043221 seconds
2015-08-26T00:49:44.826-0200: 145575.961: Total time for which application threads were stopped: 0.0028415 seconds, Stopping threads took: 0.0006479 seconds
2015-08-26T00:49:44.852-0200: 145575.987: Total time for which application threads were stopped: 0.0036137 seconds, Stopping threads took: 0.0030612 seconds
2015-08-26T00:49:44.858-0200: 145575.992: Total time for which application threads were stopped: 0.0047419 seconds, Stopping threads took: 0.0039454 seconds
2015-08-26T00:49:44.868-0200: 145576.003: Total time for which application threads were stopped: 0.0095553 seconds, Stopping threads took: 0.0091376 seconds
2015-08-26T00:49:44.873-0200: 145576.008: Total time for which application threads were stopped: 0.0040701 seconds, Stopping threads took: 0.0032074 seconds
2015-08-26T00:49:44.900-0200: 145576.035: Total time for which application threads were stopped: 0.0069194 seconds, Stopping threads took: 0.0063041 seconds
2015-08-26T00:50:14.894-0200: 145606.030: Total time for which application threads were stopped: 0.0005596 seconds, Stopping threads took: 0.0000471 seconds
2015-08-26T00:50:14.897-0200: 145606.032: Total time for which application threads were stopped: 0.0022141 seconds, Stopping threads took: 0.0018462 seconds
2015-08-26T00:50:14.897-0200: 145606.033: Total time for which application threads were stopped: 0.0003236 seconds, Stopping threads took: 0.0000896 seconds
2015-08-26T00:55:15.117-0200: 145906.261: Total time for which application threads were stopped: 0.0152310 seconds, Stopping threads took: 0.0019587 seconds
2015-08-26T00:55:15.121-0200: 145906.264: Total time for which application threads were stopped: 0.0025662 seconds, Stopping threads took: 0.0001740 seconds
2015-08-26T00:55:15.180-0200: 145906.324: Total time for which application threads were stopped: 0.0135129 seconds, Stopping threads took: 0.0078251 seconds
2015-08-26T00:55:15.189-0200: 145906.332: Total time for which application threads were stopped: 0.0031310 seconds, Stopping threads took: 0.0024755 seconds
2015-08-26T00:55:15.195-0200: 145906.338: Total time for which application threads were stopped: 0.0033188 seconds, Stopping threads took: 0.0029743 seconds
2015-08-26T00:55:15.195-0200: 145906.339: Total time for which application threads were stopped: 0.0002633 seconds, Stopping threads took: 0.0000519 seconds
2015-08-26T00:55:15.201-0200: 145906.344: Total time for which application threads were stopped: 0.0050062 seconds, Stopping threads took: 0.0002174 seconds
2015-08-26T00:55:15.207-0200: 145906.351: Total time for which application threads were stopped: 0.0043074 seconds, Stopping threads took: 0.0004383 seconds
2015-08-26T00:55:15.239-0200: 145906.383: Total time for which application threads were stopped: 0.0102166 seconds, Stopping threads took: 0.0094239 seconds
2015-08-26T00:55:45.222-0200: 145936.367: Total time for which application threads were stopped: 0.0010162 seconds, Stopping threads took: 0.0004378 seconds
2015-08-26T00:55:45.223-0200: 145936.367: Total time for which application threads were stopped: 0.0003686 seconds, Stopping threads took: 0.0001278 seconds
2015-08-26T00:55:45.225-0200: 145936.370: Total time for which application threads were stopped: 0.0020698 seconds, Stopping threads took: 0.0018470 seconds
2015-08-26T00:55:45.225-0200: 145936.370: Total time for which application threads were stopped: 0.0002459 seconds, Stopping threads took: 0.0000436 seconds
2015-08-26T01:00:45.440-0200: 146236.593: Total time for which application threads were stopped: 0.0064436 seconds, Stopping threads took: 0.0011878 seconds
2015-08-26T01:00:45.441-0200: 146236.594: Total time for which application threads were stopped: 0.0005162 seconds, Stopping threads took: 0.0001794 seconds
2015-08-26T01:00:45.468-0200: 146236.621: Total time for which application threads were stopped: 0.0105794 seconds, Stopping threads took: 0.0100489 seconds
2015-08-26T01:00:45.473-0200: 146236.625: Total time for which application threads were stopped: 0.0040512 seconds, Stopping threads took: 0.0017500 seconds
2015-08-26T01:00:45.477-0200: 146236.630: Total time for which application threads were stopped: 0.0032593 seconds, Stopping threads took: 0.0028095 seconds
2015-08-26T01:00:45.480-0200: 146236.632: Total time for which application threads were stopped: 0.0022986 seconds, Stopping threads took: 0.0019723 seconds
2015-08-26T01:00:45.530-0200: 146236.683: Total time for which application threads were stopped: 0.0022367 seconds, Stopping threads took: 0.0017643 seconds
2015-08-26T02:00:54.495-0200: 146252.935: Total time for which application threads were stopped: 0.0165551 seconds, Stopping threads took: 0.0146473 seconds
2015-08-26T02:00:54.659-0200: 146253.099: Total time for which application threads were stopped: 0.0113053 seconds, Stopping threads took: 0.0108172 seconds
2015-08-26T02:00:54.660-0200: 146253.100: Total time for which application threads were stopped: 0.0004914 seconds, Stopping threads took: 0.0001137 seconds
2015-08-26T02:00:54.672-0200: 146253.112: Total time for which application threads were stopped: 0.0114656 seconds, Stopping threads took: 0.0110138 seconds
2015-08-26T02:00:54.964-0200: 146253.404: Total time for which application threads were stopped: 0.0038783 seconds, Stopping threads took: 0.0033938 seconds
2015-08-26T02:00:54.995-0200: 146253.435: Total time for which application threads were stopped: 0.0125141 seconds, Stopping threads took: 0.0120218 seconds
2015-08-26T02:00:55.042-0200: 146253.481: Total time for which application threads were stopped: 0.0130693 seconds, Stopping threads took: 0.0125966 seconds
2015-08-26T02:00:55.043-0200: 146253.483: Total time for which application threads were stopped: 0.0005583 seconds, Stopping threads took: 0.0001148 seconds
2015-08-26T02:00:55.063-0200: 146253.503: Total time for which application threads were stopped: 0.0005362 seconds, Stopping threads took: 0.0000531 seconds
2015-08-26T02:00:55.066-0200: 146253.506: Total time for which application threads were stopped: 0.0004329 seconds, Stopping threads took: 0.0000281 seconds
2015-08-26T02:00:55.066-0200: 146253.506: Total time for which application threads were stopped: 0.0003798 seconds, Stopping threads took: 0.0000319 seconds
2015-08-26T02:00:55.214-0200: 146253.654: Total time for which application threads were stopped: 0.0013989 seconds, Stopping threads took: 0.0007366 seconds
2015-08-26T02:00:55.248-0200: 146253.688: Total time for which application threads were stopped: 0.0008867 seconds, Stopping threads took: 0.0000428 seconds
2015-08-26T02:00:55.267-0200: 146253.707: Total time for which application threads were stopped: 0.0037953 seconds, Stopping threads took: 0.0010561 seconds
2015-08-26T02:00:55.412-0200: 146253.852: Total time for which application threads were stopped: 0.0006128 seconds, Stopping threads took: 0.0000399 seconds
2015-08-26T02:00:55.412-0200: 146253.852: Total time for which application threads were stopped: 0.0004937 seconds, Stopping threads took: 0.0000171 seconds
2015-08-26T02:00:55.413-0200: 146253.853: Total time for which application threads were stopped: 0.0005554 seconds, Stopping threads took: 0.0000930 seconds
2015-08-26T02:00:55.415-0200: 146253.855: Total time for which application threads were stopped: 0.0005267 seconds, Stopping threads took: 0.0000406 seconds
2015-08-26T02:00:55.431-0200: 146253.871: Total time for which application threads were stopped: 0.0004006 seconds, Stopping threads took: 0.0000301 seconds
2015-08-26T02:00:55.443-0200: 146253.883: Total time for which application threads were stopped: 0.0004478 seconds, Stopping threads took: 0.0000262 seconds
2015-08-26T02:00:55.745-0200: 146254.185: Total time for which application threads were stopped: 0.0128326 seconds, Stopping threads took: 0.0000660 seconds
2015-08-26T02:00:55.750-0200: 146254.190: Total time for which application threads were stopped: 0.0041607 seconds, Stopping threads took: 0.0001081 seconds
2015-08-26T02:00:55.807-0200: 146254.247: Total time for which application threads were stopped: 0.0015288 seconds, Stopping threads took: 0.0008832 seconds
{Heap before GC invocations=190 (full 2):
 par new generation   total 109248K, used 88889K [0x00000007a0000000, 0x00000007a8000000, 0x00000007a8000000)
  eden space 87424K, 100% used [0x00000007a0000000, 0x00000007a5560000, 0x00000007a5560000)
  from space 21824K,   6% used [0x00000007a5560000, 0x00000007a56ce618, 0x00000007a6ab0000)
  to   space 21824K,   0% used [0x00000007a6ab0000, 0x00000007a6ab0000, 0x00000007a8000000)
 concurrent mark-sweep generation total 393216K, used 130742K [0x00000007a8000000, 0x00000007c0000000, 0x00000007c0000000)
 Metaspace       used 44272K, capacity 45034K, committed 45304K, reserved 1089536K
  class space    used 4668K, capacity 4847K, committed 4860K, reserved 1048576K
2015-08-26T02:00:56.003-0200: 146254.443: [GC (Allocation Failure) 146254.445: [ParNew
Desired survivor size 20112992 bytes, new threshold 8 (max 8)
- age   1:    1420784 bytes,    1420784 total
- age   2:       2736 bytes,    1423520 total
- age   3:       2272 bytes,    1425792 total
- age   4:       2032 bytes,    1427824 total
- age   5:      10848 bytes,    1438672 total
- age   6:        688 bytes,    1439360 total
- age   7:       7040 bytes,    1446400 total
- age   8:      13224 bytes,    1459624 total
: 88889K->2130K(109248K), 0.3633145 secs] 219631K->132878K(502464K), 0.3662873 secs] [Times: user=0.03 sys=0.12, real=0.36 secs] 
Heap after GC invocations=191 (full 2):
 par new generation   total 109248K, used 2130K [0x00000007a0000000, 0x00000007a8000000, 0x00000007a8000000)
  eden space 87424K,   0% used [0x00000007a0000000, 0x00000007a0000000, 0x00000007a5560000)
  from space 21824K,   9% used [0x00000007a6ab0000, 0x00000007a6cc4940, 0x00000007a8000000)
  to   space 21824K,   0% used [0x00000007a5560000, 0x00000007a5560000, 0x00000007a6ab0000)
 concurrent mark-sweep generation total 393216K, used 130747K [0x00000007a8000000, 0x00000007c0000000, 0x00000007c0000000)
 Metaspace       used 44272K, capacity 45034K, committed 45304K, reserved 1089536K
  class space    used 4668K, capacity 4847K, committed 4860K, reserved 1048576K
}
2015-08-26T02:00:56.370-0200: 146254.810: Total time for which application threads were stopped: 0.3794865 seconds, Stopping threads took: 0.0114170 seconds
2015-08-26T02:00:56.377-0200: 146254.817: Total time for which application threads were stopped: 0.0021213 seconds, Stopping threads took: 0.0014610 seconds
2015-08-26T02:00:56.871-0200: 146255.311: Total time for which application threads were stopped: 0.0035078 seconds, Stopping threads took: 0.0029656 seconds
2015-08-26T02:00:56.872-0200: 146255.312: Total time for which application threads were stopped: 0.0006983 seconds, Stopping threads took: 0.0001651 seconds
2015-08-26T02:00:56.873-0200: 146255.313: Total time for which application threads were stopped: 0.0003530 seconds, Stopping threads took: 0.0000946 seconds
2015-08-26T02:00:56.878-0200: 146255.318: Total time for which application threads were stopped: 0.0043670 seconds, Stopping threads took: 0.0039270 seconds
2015-08-26T02:00:56.880-0200: 146255.320: Total time for which application threads were stopped: 0.0020341 seconds, Stopping threads took: 0.0017370 seconds
2015-08-26T02:00:56.887-0200: 146255.327: Total time for which application threads were stopped: 0.0027914 seconds, Stopping threads took: 0.0024401 seconds
2015-08-26T02:00:56.890-0200: 146255.330: Total time for which application threads were stopped: 0.0030930 seconds, Stopping threads took: 0.0028239 seconds
2015-08-26T02:00:56.894-0200: 146255.334: Total time for which application threads were stopped: 0.0036221 seconds, Stopping threads took: 0.0027312 seconds
2015-08-26T02:00:56.895-0200: 146255.335: Total time for which application threads were stopped: 0.0007424 seconds, Stopping threads took: 0.0003707 seconds
2015-08-26T02:01:06.914-0200: 146265.355: Total time for which application threads were stopped: 0.0029105 seconds, Stopping threads took: 0.0001994 seconds
2015-08-26T02:01:06.919-0200: 146265.360: Total time for which application threads were stopped: 0.0014547 seconds, Stopping threads took: 0.0010058 seconds
2015-08-26T02:01:06.929-0200: 146265.369: Total time for which application threads were stopped: 0.0081486 seconds, Stopping threads took: 0.0026302 seconds
2015-08-26T02:01:06.934-0200: 146265.374: Total time for which application threads were stopped: 0.0045130 seconds, Stopping threads took: 0.0040378 seconds
2015-08-26T02:01:06.939-0200: 146265.379: Total time for which application threads were stopped: 0.0044190 seconds, Stopping threads took: 0.0024124 seconds
2015-08-26T02:01:06.942-0200: 146265.383: Total time for which application threads were stopped: 0.0035991 seconds, Stopping threads took: 0.0015633 seconds
2015-08-26T02:01:06.947-0200: 146265.387: Total time for which application threads were stopped: 0.0029178 seconds, Stopping threads took: 0.0006856 seconds
2015-08-26T02:01:36.979-0200: 146295.420: Total time for which application threads were stopped: 0.0103593 seconds, Stopping threads took: 0.0007404 seconds
2015-08-26T02:01:36.980-0200: 146295.421: Total time for which application threads were stopped: 0.0005088 seconds, Stopping threads took: 0.0000216 seconds
2015-08-26T02:01:36.985-0200: 146295.426: Total time for which application threads were stopped: 0.0013304 seconds, Stopping threads took: 0.0009995 seconds
2015-08-26T02:01:36.985-0200: 146295.427: Total time for which application threads were stopped: 0.0002864 seconds, Stopping threads took: 0.0001138 seconds
2015-08-26T02:01:57.061-0200: 146315.502: Total time for which application threads were stopped: 0.0019754 seconds, Stopping threads took: 0.0016430 seconds
2015-08-26T02:01:57.100-0200: 146315.542: Total time for which application threads were stopped: 0.0025265 seconds, Stopping threads took: 0.0020044 seconds
2015-08-26T02:01:57.114-0200: 146315.555: Total time for which application threads were stopped: 0.0131055 seconds, Stopping threads took: 0.0017612 seconds
2015-08-26T02:01:57.117-0200: 146315.559: Total time for which application threads were stopped: 0.0008665 seconds, Stopping threads took: 0.0004403 seconds
2015-08-26T02:01:57.123-0200: 146315.565: Total time for which application threads were stopped: 0.0049804 seconds, Stopping threads took: 0.0026641 seconds
2015-08-26T02:01:57.133-0200: 146315.574: Total time for which application threads were stopped: 0.0041119 seconds, Stopping threads took: 0.0034725 seconds
2015-08-26T02:02:27.134-0200: 146345.576: Total time for which application threads were stopped: 0.0004888 seconds, Stopping threads took: 0.0000349 seconds
2015-08-26T02:02:27.134-0200: 146345.577: Total time for which application threads were stopped: 0.0002678 seconds, Stopping threads took: 0.0000182 seconds
2015-08-26T02:02:27.138-0200: 146345.580: Total time for which application threads were stopped: 0.0027472 seconds, Stopping threads took: 0.0023888 seconds
2015-08-26T02:02:27.143-0200: 146345.586: Total time for which application threads were stopped: 0.0049955 seconds, Stopping threads took: 0.0018822 seconds
2015-08-26T02:02:27.144-0200: 146345.586: Total time for which application threads were stopped: 0.0002761 seconds, Stopping threads took: 0.0000184 seconds
2015-08-26T02:02:27.144-0200: 146345.586: Total time for which application threads were stopped: 0.0002383 seconds, Stopping threads took: 0.0000592 seconds
2015-08-26T02:02:27.144-0200: 146345.587: Total time for which application threads were stopped: 0.0003281 seconds, Stopping threads took: 0.0001478 seconds
2015-08-26T03:02:31.305-0200: 146357.103: Total time for which application threads were stopped: 0.6538452 seconds, Stopping threads took: 0.6533694 seconds
2015-08-26T03:02:31.357-0200: 146357.155: Total time for which application threads were stopped: 0.0512347 seconds, Stopping threads took: 0.0502860 seconds
2015-08-26T03:02:31.527-0200: 146357.325: Total time for which application threads were stopped: 0.0580577 seconds, Stopping threads took: 0.0444754 seconds
2015-08-26T03:02:31.539-0200: 146357.337: Total time for which application threads were stopped: 0.0112568 seconds, Stopping threads took: 0.0108713 seconds
2015-08-26T03:02:31.545-0200: 146357.343: Total time for which application threads were stopped: 0.0046976 seconds, Stopping threads took: 0.0042278 seconds
2015-08-26T03:02:31.568-0200: 146357.366: Total time for which application threads were stopped: 0.0203388 seconds, Stopping threads took: 0.0198471 seconds
2015-08-26T03:02:31.848-0200: 146357.646: Total time for which application threads were stopped: 0.0052054 seconds, Stopping threads took: 0.0045982 seconds
2015-08-26T03:02:31.859-0200: 146357.657: Total time for which application threads were stopped: 0.0052238 seconds, Stopping threads took: 0.0047205 seconds
2015-08-26T03:02:31.860-0200: 146357.658: Total time for which application threads were stopped: 0.0003674 seconds, Stopping threads took: 0.0000580 seconds
2015-08-26T03:02:31.860-0200: 146357.658: Total time for which application threads were stopped: 0.0003145 seconds, Stopping threads took: 0.0000820 seconds
2015-08-26T03:02:31.865-0200: 146357.664: Total time for which application threads were stopped: 0.0004480 seconds, Stopping threads took: 0.0000451 seconds
2015-08-26T03:02:31.873-0200: 146357.671: Total time for which application threads were stopped: 0.0004432 seconds, Stopping threads took: 0.0000307 seconds
2015-08-26T03:02:31.875-0200: 146357.673: Total time for which application threads were stopped: 0.0003615 seconds, Stopping threads took: 0.0000218 seconds
2015-08-26T03:02:31.946-0200: 146357.744: Total time for which application threads were stopped: 0.0004029 seconds, Stopping threads took: 0.0000390 seconds
2015-08-26T03:02:31.958-0200: 146357.756: Total time for which application threads were stopped: 0.0003388 seconds, Stopping threads took: 0.0000223 seconds
2015-08-26T03:02:34.810-0200: 146360.608: Total time for which application threads were stopped: 0.0005734 seconds, Stopping threads took: 0.0000363 seconds
2015-08-26T03:02:34.814-0200: 146360.612: Total time for which application threads were stopped: 0.0004015 seconds, Stopping threads took: 0.0000329 seconds
2015-08-26T03:03:10.066-0200: 146395.865: Total time for which application threads were stopped: 0.0014351 seconds, Stopping threads took: 0.0000391 seconds
2015-08-26T04:03:18.424-0200: 146411.817: Total time for which application threads were stopped: 0.4510081 seconds, Stopping threads took: 0.4077374 seconds
2015-08-26T04:03:18.459-0200: 146411.852: Total time for which application threads were stopped: 0.0341025 seconds, Stopping threads took: 0.0273143 seconds
2015-08-26T04:03:18.545-0200: 146411.938: Total time for which application threads were stopped: 0.0003240 seconds, Stopping threads took: 0.0000253 seconds
2015-08-26T04:03:18.576-0200: 146411.969: Total time for which application threads were stopped: 0.0005275 seconds, Stopping threads took: 0.0000262 seconds
2015-08-26T04:03:18.964-0200: 146412.357: Total time for which application threads were stopped: 0.0115051 seconds, Stopping threads took: 0.0001577 seconds
2015-08-26T04:03:18.965-0200: 146412.358: Total time for which application threads were stopped: 0.0005476 seconds, Stopping threads took: 0.0000595 seconds
2015-08-26T04:03:19.141-0200: 146412.534: Total time for which application threads were stopped: 0.0007050 seconds, Stopping threads took: 0.0001281 seconds
2015-08-26T04:03:19.288-0200: 146412.681: Total time for which application threads were stopped: 0.0005271 seconds, Stopping threads took: 0.0000556 seconds
2015-08-26T04:03:24.314-0200: 146417.707: Total time for which application threads were stopped: 0.0006788 seconds, Stopping threads took: 0.0001277 seconds
2015-08-26T05:04:20.355-0200: 146481.912: Total time for which application threads were stopped: 0.5068160 seconds, Stopping threads took: 0.3863356 seconds
2015-08-26T05:04:20.433-0200: 146481.990: Total time for which application threads were stopped: 0.0683420 seconds, Stopping threads took: 0.0652355 seconds
2015-08-26T05:04:20.438-0200: 146481.995: Total time for which application threads were stopped: 0.0004636 seconds, Stopping threads took: 0.0000306 seconds
2015-08-26T05:04:29.282-0200: 146490.839: Total time for which application threads were stopped: 0.0170244 seconds, Stopping threads took: 0.0159886 seconds
2015-08-26T05:04:29.327-0200: 146490.884: Total time for which application threads were stopped: 0.0163947 seconds, Stopping threads took: 0.0141260 seconds
2015-08-26T05:04:29.329-0200: 146490.886: Total time for which application threads were stopped: 0.0021180 seconds, Stopping threads took: 0.0016303 seconds
2015-08-26T05:04:29.333-0200: 146490.890: Total time for which application threads were stopped: 0.0024679 seconds, Stopping threads took: 0.0019651 seconds
2015-08-26T05:04:29.335-0200: 146490.892: Total time for which application threads were stopped: 0.0022499 seconds, Stopping threads took: 0.0018367 seconds
2015-08-26T05:04:29.337-0200: 146490.894: Total time for which application threads were stopped: 0.0022848 seconds, Stopping threads took: 0.0018506 seconds
2015-08-26T05:04:29.338-0200: 146490.895: Total time for which application threads were stopped: 0.0003769 seconds, Stopping threads took: 0.0000221 seconds
2015-08-26T05:04:29.342-0200: 146490.899: Total time for which application threads were stopped: 0.0014337 seconds, Stopping threads took: 0.0000291 seconds
2015-08-26T05:04:29.343-0200: 146490.900: Total time for which application threads were stopped: 0.0006226 seconds, Stopping threads took: 0.0000466 seconds
2015-08-26T05:04:29.372-0200: 146490.929: Total time for which application threads were stopped: 0.0003887 seconds, Stopping threads took: 0.0000286 seconds
2015-08-26T06:05:07.327-0200: 146536.471: Total time for which application threads were stopped: 0.3524544 seconds, Stopping threads took: 0.3494398 seconds
2015-08-26T06:05:09.344-0200: 146538.488: Total time for which application threads were stopped: 0.0005243 seconds, Stopping threads took: 0.0000393 seconds
2015-08-26T06:05:16.799-0200: 146545.943: Total time for which application threads were stopped: 0.0005782 seconds, Stopping threads took: 0.0000259 seconds
2015-08-26T06:05:16.805-0200: 146545.950: Total time for which application threads were stopped: 0.0005045 seconds, Stopping threads took: 0.0000287 seconds
2015-08-26T07:03:37.886-0200: 146590.696: Total time for which application threads were stopped: 1.5460873 seconds, Stopping threads took: 1.5422669 seconds
2015-08-26T07:03:38.979-0200: 146591.788: Total time for which application threads were stopped: 0.0007650 seconds, Stopping threads took: 0.0003267 seconds
2015-08-26T07:03:38.995-0200: 146591.805: Total time for which application threads were stopped: 0.0033645 seconds, Stopping threads took: 0.0027379 seconds
2015-08-26T07:03:39.115-0200: 146591.924: Total time for which application threads were stopped: 0.0034492 seconds, Stopping threads took: 0.0023533 seconds
2015-08-26T07:03:39.130-0200: 146591.940: Total time for which application threads were stopped: 0.0138950 seconds, Stopping threads took: 0.0133672 seconds
2015-08-26T07:03:39.133-0200: 146591.942: Total time for which application threads were stopped: 0.0003479 seconds, Stopping threads took: 0.0000562 seconds
2015-08-26T07:03:39.145-0200: 146591.954: Total time for which application threads were stopped: 0.0113187 seconds, Stopping threads took: 0.0078757 seconds
2015-08-26T07:03:39.217-0200: 146592.026: Total time for which application threads were stopped: 0.0004169 seconds, Stopping threads took: 0.0001160 seconds
2015-08-26T07:03:39.279-0200: 146592.088: Total time for which application threads were stopped: 0.0032460 seconds, Stopping threads took: 0.0029241 seconds
2015-08-26T08:13:56.098-0200: 146608.407: Total time for which application threads were stopped: 1.5903079 seconds, Stopping threads took: 1.5894262 seconds
2015-08-26T08:13:56.099-0200: 146608.409: Total time for which application threads were stopped: 0.0005076 seconds, Stopping threads took: 0.0000264 seconds
2015-08-26T08:13:56.375-0200: 146608.685: Total time for which application threads were stopped: 0.1686391 seconds, Stopping threads took: 0.1681425 seconds
2015-08-26T08:13:56.378-0200: 146608.688: Total time for which application threads were stopped: 0.0018611 seconds, Stopping threads took: 0.0000240 seconds
2015-08-26T08:13:56.927-0200: 146609.237: Total time for which application threads were stopped: 0.0008391 seconds, Stopping threads took: 0.0001551 seconds
2015-08-26T08:13:56.928-0200: 146609.238: Total time for which application threads were stopped: 0.0005361 seconds, Stopping threads took: 0.0001245 seconds
2015-08-26T08:13:56.936-0200: 146609.245: Total time for which application threads were stopped: 0.0014062 seconds, Stopping threads took: 0.0001234 seconds
2015-08-26T08:13:56.941-0200: 146609.251: Total time for which application threads were stopped: 0.0044517 seconds, Stopping threads took: 0.0001880 seconds
2015-08-26T08:13:56.944-0200: 146609.254: Total time for which application threads were stopped: 0.0004044 seconds, Stopping threads took: 0.0000249 seconds
2015-08-26T08:13:57.046-0200: 146609.356: Total time for which application threads were stopped: 0.0077964 seconds, Stopping threads took: 0.0001291 seconds
2015-08-26T08:13:57.096-0200: 146609.405: Total time for which application threads were stopped: 0.0085045 seconds, Stopping threads took: 0.0080105 seconds
2015-08-26T08:13:57.139-0200: 146609.449: Total time for which application threads were stopped: 0.0058669 seconds, Stopping threads took: 0.0054088 seconds
2015-08-26T08:13:57.237-0200: 146609.547: Total time for which application threads were stopped: 0.0134319 seconds, Stopping threads took: 0.0129898 seconds
2015-08-26T08:13:57.687-0200: 146609.997: Total time for which application threads were stopped: 0.0005192 seconds, Stopping threads took: 0.0000502 seconds
2015-08-26T08:13:57.710-0200: 146610.020: Total time for which application threads were stopped: 0.0003661 seconds, Stopping threads took: 0.0000229 seconds
2015-08-26T08:13:57.710-0200: 146610.020: Total time for which application threads were stopped: 0.0002188 seconds, Stopping threads took: 0.0000337 seconds
2015-08-26T08:13:57.722-0200: 146610.032: Total time for which application threads were stopped: 0.0057447 seconds, Stopping threads took: 0.0001468 seconds
2015-08-26T08:13:57.727-0200: 146610.037: Total time for which application threads were stopped: 0.0050263 seconds, Stopping threads took: 0.0001110 seconds
2015-08-26T08:13:57.731-0200: 146610.041: Total time for which application threads were stopped: 0.0023200 seconds, Stopping threads took: 0.0003064 seconds
2015-08-26T08:13:57.738-0200: 146610.047: Total time for which application threads were stopped: 0.0056031 seconds, Stopping threads took: 0.0008512 seconds
2015-08-26T08:13:57.752-0200: 146610.061: Total time for which application threads were stopped: 0.0021862 seconds, Stopping threads took: 0.0001167 seconds
2015-08-26T08:13:58.798-0200: 146611.108: Total time for which application threads were stopped: 0.0005024 seconds, Stopping threads took: 0.0000342 seconds
2015-08-26T08:13:58.802-0200: 146611.111: Total time for which application threads were stopped: 0.0005091 seconds, Stopping threads took: 0.0001208 seconds
2015-08-26T08:13:58.803-0200: 146611.113: Total time for which application threads were stopped: 0.0004358 seconds, Stopping threads took: 0.0001111 seconds
2015-08-26T08:13:58.809-0200: 146611.118: Total time for which application threads were stopped: 0.0003940 seconds, Stopping threads took: 0.0000558 seconds
2015-08-26T08:13:58.814-0200: 146611.123: Total time for which application threads were stopped: 0.0003630 seconds, Stopping threads took: 0.0000309 seconds
2015-08-26T08:13:58.824-0200: 146611.134: Total time for which application threads were stopped: 0.0004302 seconds, Stopping threads took: 0.0000276 seconds
2015-08-26T08:13:58.829-0200: 146611.139: Total time for which application threads were stopped: 0.0003492 seconds, Stopping threads took: 0.0000265 seconds
2015-08-26T08:13:58.833-0200: 146611.142: Total time for which application threads were stopped: 0.0033960 seconds, Stopping threads took: 0.0030225 seconds
2015-08-26T08:13:58.833-0200: 146611.143: Total time for which application threads were stopped: 0.0002612 seconds, Stopping threads took: 0.0000657 seconds
2015-08-26T08:13:58.846-0200: 146611.156: Total time for which application threads were stopped: 0.0003419 seconds, Stopping threads took: 0.0000374 seconds
2015-08-26T08:13:58.860-0200: 146611.170: Total time for which application threads were stopped: 0.0004238 seconds, Stopping threads took: 0.0000394 seconds
2015-08-26T08:13:58.870-0200: 146611.179: Total time for which application threads were stopped: 0.0008027 seconds, Stopping threads took: 0.0000705 seconds
2015-08-26T08:13:58.876-0200: 146611.185: Total time for which application threads were stopped: 0.0003288 seconds, Stopping threads took: 0.0000222 seconds
2015-08-26T08:14:04.684-0200: 146616.993: Total time for which application threads were stopped: 0.0055113 seconds, Stopping threads took: 0.0030616 seconds
2015-08-26T08:14:04.688-0200: 146616.997: Total time for which application threads were stopped: 0.0009765 seconds, Stopping threads took: 0.0006271 seconds
2015-08-26T08:14:04.688-0200: 146616.998: Total time for which application threads were stopped: 0.0002733 seconds, Stopping threads took: 0.0000671 seconds
2015-08-26T08:14:08.733-0200: 146621.042: Total time for which application threads were stopped: 0.0037054 seconds, Stopping threads took: 0.0030650 seconds
2015-08-26T08:14:08.736-0200: 146621.046: Total time for which application threads were stopped: 0.0022778 seconds, Stopping threads took: 0.0019234 seconds
2015-08-26T08:14:08.740-0200: 146621.050: Total time for which application threads were stopped: 0.0039868 seconds, Stopping threads took: 0.0019125 seconds
2015-08-26T08:14:08.748-0200: 146621.058: Total time for which application threads were stopped: 0.0036171 seconds, Stopping threads took: 0.0012470 seconds
2015-08-26T08:14:08.749-0200: 146621.059: Total time for which application threads were stopped: 0.0004014 seconds, Stopping threads took: 0.0000764 seconds
2015-08-26T08:14:08.750-0200: 146621.060: Total time for which application threads were stopped: 0.0002422 seconds, Stopping threads took: 0.0000427 seconds
2015-08-26T08:14:08.751-0200: 146621.060: Total time for which application threads were stopped: 0.0002828 seconds, Stopping threads took: 0.0000466 seconds
2015-08-26T08:14:08.751-0200: 146621.061: Total time for which application threads were stopped: 0.0002055 seconds, Stopping threads took: 0.0000406 seconds
2015-08-26T08:14:08.781-0200: 146621.091: Total time for which application threads were stopped: 0.0068769 seconds, Stopping threads took: 0.0020943 seconds
2015-08-26T08:14:23.945-0200: 146636.255: Total time for which application threads were stopped: 0.0010312 seconds, Stopping threads took: 0.0000818 seconds
2015-08-26T21:49:50.837-0200: 146665.973: Total time for which application threads were stopped: 0.8520298 seconds, Stopping threads took: 0.5069820 seconds
2015-08-26T21:49:51.269-0200: 146666.405: Total time for which application threads were stopped: 0.0667907 seconds, Stopping threads took: 0.0117925 seconds
2015-08-26T21:49:51.908-0200: 146667.044: Total time for which application threads were stopped: 0.3661102 seconds, Stopping threads took: 0.2024283 seconds
2015-08-26T21:49:52.140-0200: 146667.276: Total time for which application threads were stopped: 0.0318263 seconds, Stopping threads took: 0.0313298 seconds
2015-08-26T21:49:52.141-0200: 146667.277: Total time for which application threads were stopped: 0.0004822 seconds, Stopping threads took: 0.0000782 seconds
2015-08-26T21:49:52.771-0200: 146667.907: Total time for which application threads were stopped: 0.3756037 seconds, Stopping threads took: 0.3264777 seconds
2015-08-26T21:49:52.934-0200: 146668.070: Total time for which application threads were stopped: 0.1056393 seconds, Stopping threads took: 0.1039884 seconds
2015-08-26T21:49:53.615-0200: 146668.751: Total time for which application threads were stopped: 0.0453301 seconds, Stopping threads took: 0.0448960 seconds
2015-08-26T21:49:53.954-0200: 146669.090: Total time for which application threads were stopped: 0.1441881 seconds, Stopping threads took: 0.0000309 seconds
2015-08-26T21:49:54.071-0200: 146669.207: Total time for which application threads were stopped: 0.0348985 seconds, Stopping threads took: 0.0343315 seconds
2015-08-26T21:49:54.326-0200: 146669.462: Total time for which application threads were stopped: 0.0133844 seconds, Stopping threads took: 0.0127450 seconds
2015-08-26T21:49:54.497-0200: 146669.633: Total time for which application threads were stopped: 0.0145814 seconds, Stopping threads took: 0.0140886 seconds
2015-08-26T21:49:59.569-0200: 146674.705: Total time for which application threads were stopped: 0.0067527 seconds, Stopping threads took: 0.0061168 seconds
2015-08-26T21:50:11.606-0200: 146686.742: Total time for which application threads were stopped: 0.0012019 seconds, Stopping threads took: 0.0000499 seconds
2015-08-26T21:53:16.252-0200: 146871.394: Total time for which application threads were stopped: 0.0094800 seconds, Stopping threads took: 0.0008023 seconds
2015-08-26T21:53:16.254-0200: 146871.395: Total time for which application threads were stopped: 0.0006420 seconds, Stopping threads took: 0.0000196 seconds
2015-08-26T21:53:16.257-0200: 146871.399: Total time for which application threads were stopped: 0.0025021 seconds, Stopping threads took: 0.0018477 seconds
2015-08-26T21:53:16.301-0200: 146871.442: Total time for which application threads were stopped: 0.0027976 seconds, Stopping threads took: 0.0000513 seconds
2015-08-26T21:53:16.305-0200: 146871.447: Total time for which application threads were stopped: 0.0004933 seconds, Stopping threads took: 0.0000303 seconds
2015-08-26T21:53:16.306-0200: 146871.447: Total time for which application threads were stopped: 0.0003321 seconds, Stopping threads took: 0.0000167 seconds
2015-08-26T21:53:16.308-0200: 146871.449: Total time for which application threads were stopped: 0.0004925 seconds, Stopping threads took: 0.0000288 seconds
2015-08-26T21:53:16.309-0200: 146871.451: Total time for which application threads were stopped: 0.0007990 seconds, Stopping threads took: 0.0000985 seconds
2015-08-26T21:53:16.310-0200: 146871.452: Total time for which application threads were stopped: 0.0007429 seconds, Stopping threads took: 0.0000498 seconds
2015-08-26T21:53:16.340-0200: 146871.482: Total time for which application threads were stopped: 0.0007479 seconds, Stopping threads took: 0.0001019 seconds
2015-08-26T21:53:16.343-0200: 146871.485: Total time for which application threads were stopped: 0.0027362 seconds, Stopping threads took: 0.0001432 seconds
2015-08-26T21:53:16.344-0200: 146871.486: Total time for which application threads were stopped: 0.0003747 seconds, Stopping threads took: 0.0000153 seconds
2015-08-26T21:53:16.610-0200: 146871.752: Total time for which application threads were stopped: 0.0007498 seconds, Stopping threads took: 0.0000587 seconds
2015-08-26T21:53:16.611-0200: 146871.753: Total time for which application threads were stopped: 0.0005281 seconds, Stopping threads took: 0.0000222 seconds
2015-08-26T21:53:17.305-0200: 146872.446: Total time for which application threads were stopped: 0.0005218 seconds, Stopping threads took: 0.0000293 seconds
2015-08-26T21:53:17.305-0200: 146872.447: Total time for which application threads were stopped: 0.0004560 seconds, Stopping threads took: 0.0000206 seconds
2015-08-26T21:53:17.306-0200: 146872.448: Total time for which application threads were stopped: 0.0003905 seconds, Stopping threads took: 0.0000192 seconds
2015-08-26T21:53:17.377-0200: 146872.519: Total time for which application threads were stopped: 0.0002755 seconds, Stopping threads took: 0.0000204 seconds
2015-08-26T21:53:17.377-0200: 146872.519: Total time for which application threads were stopped: 0.0001485 seconds, Stopping threads took: 0.0000134 seconds
2015-08-26T21:53:26.627-0200: 146881.769: Total time for which application threads were stopped: 0.0003624 seconds, Stopping threads took: 0.0000286 seconds
2015-08-26T21:53:26.631-0200: 146881.773: Total time for which application threads were stopped: 0.0003713 seconds, Stopping threads took: 0.0000483 seconds
2015-08-26T21:53:26.631-0200: 146881.773: Total time for which application threads were stopped: 0.0003858 seconds, Stopping threads took: 0.0001028 seconds
2015-08-26T21:53:26.632-0200: 146881.774: Total time for which application threads were stopped: 0.0002789 seconds, Stopping threads took: 0.0000151 seconds
2015-08-26T21:53:27.389-0200: 146882.531: Total time for which application threads were stopped: 0.0007441 seconds, Stopping threads took: 0.0000327 seconds
2015-08-26T21:53:27.395-0200: 146882.536: Total time for which application threads were stopped: 0.0036453 seconds, Stopping threads took: 0.0033011 seconds
2015-08-26T21:53:27.395-0200: 146882.537: Total time for which application threads were stopped: 0.0002660 seconds, Stopping threads took: 0.0000187 seconds
2015-08-26T21:53:27.396-0200: 146882.538: Total time for which application threads were stopped: 0.0004870 seconds, Stopping threads took: 0.0002367 seconds
2015-08-26T21:53:27.400-0200: 146882.542: Total time for which application threads were stopped: 0.0003708 seconds, Stopping threads took: 0.0000481 seconds
2015-08-26T21:53:27.400-0200: 146882.542: Total time for which application threads were stopped: 0.0002399 seconds, Stopping threads took: 0.0000555 seconds
2015-08-26T21:53:27.623-0200: 146882.766: Total time for which application threads were stopped: 0.0012791 seconds, Stopping threads took: 0.0000287 seconds
2015-08-26T21:53:27.624-0200: 146882.766: Total time for which application threads were stopped: 0.0002790 seconds, Stopping threads took: 0.0000162 seconds
2015-08-26T21:53:47.419-0200: 146902.562: Total time for which application threads were stopped: 0.0002939 seconds, Stopping threads took: 0.0000230 seconds
2015-08-26T21:53:47.431-0200: 146902.573: Total time for which application threads were stopped: 0.0023638 seconds, Stopping threads took: 0.0020319 seconds
2015-08-26T21:53:47.431-0200: 146902.574: Total time for which application threads were stopped: 0.0002617 seconds, Stopping threads took: 0.0000190 seconds
2015-08-26T21:53:47.433-0200: 146902.576: Total time for which application threads were stopped: 0.0019836 seconds, Stopping threads took: 0.0017412 seconds
2015-08-26T21:53:47.594-0200: 146902.737: Total time for which application threads were stopped: 0.0003544 seconds, Stopping threads took: 0.0000202 seconds
2015-08-26T21:53:47.595-0200: 146902.737: Total time for which application threads were stopped: 0.0004135 seconds, Stopping threads took: 0.0000183 seconds
2015-08-26T21:53:47.641-0200: 146902.784: Total time for which application threads were stopped: 0.0006654 seconds, Stopping threads took: 0.0000575 seconds
2015-08-26T21:53:47.643-0200: 146902.785: Total time for which application threads were stopped: 0.0004944 seconds, Stopping threads took: 0.0000540 seconds
2015-08-26T21:53:47.643-0200: 146902.786: Total time for which application threads were stopped: 0.0004390 seconds, Stopping threads took: 0.0000559 seconds
2015-08-26T21:53:47.644-0200: 146902.787: Total time for which application threads were stopped: 0.0004547 seconds, Stopping threads took: 0.0001217 seconds
2015-08-26T21:53:47.649-0200: 146902.791: Total time for which application threads were stopped: 0.0005915 seconds, Stopping threads took: 0.0001028 seconds
2015-08-26T21:53:47.649-0200: 146902.792: Total time for which application threads were stopped: 0.0004958 seconds, Stopping threads took: 0.0000261 seconds
2015-08-26T21:54:27.640-0200: 146942.784: Total time for which application threads were stopped: 0.0048945 seconds, Stopping threads took: 0.0003727 seconds
2015-08-26T21:54:27.650-0200: 146942.793: Total time for which application threads were stopped: 0.0005912 seconds, Stopping threads took: 0.0001801 seconds
2015-08-26T21:54:27.652-0200: 146942.795: Total time for which application threads were stopped: 0.0017872 seconds, Stopping threads took: 0.0014562 seconds
2015-08-26T21:54:27.657-0200: 146942.800: Total time for which application threads were stopped: 0.0036001 seconds, Stopping threads took: 0.0020926 seconds
2015-08-26T21:54:27.686-0200: 146942.830: Total time for which application threads were stopped: 0.0004783 seconds, Stopping threads took: 0.0000202 seconds
2015-08-26T21:54:27.688-0200: 146942.831: Total time for which application threads were stopped: 0.0007712 seconds, Stopping threads took: 0.0001603 seconds
2015-08-26T21:54:27.688-0200: 146942.832: Total time for which application threads were stopped: 0.0004288 seconds, Stopping threads took: 0.0000384 seconds
2015-08-26T21:54:27.689-0200: 146942.832: Total time for which application threads were stopped: 0.0002241 seconds, Stopping threads took: 0.0000138 seconds
2015-08-26T21:54:27.782-0200: 146942.926: Total time for which application threads were stopped: 0.0015098 seconds, Stopping threads took: 0.0010400 seconds
2015-08-26T21:54:27.783-0200: 146942.927: Total time for which application threads were stopped: 0.0005147 seconds, Stopping threads took: 0.0002286 seconds
2015-08-26T21:54:27.784-0200: 146942.927: Total time for which application threads were stopped: 0.0005298 seconds, Stopping threads took: 0.0000513 seconds
2015-08-26T21:54:27.784-0200: 146942.928: Total time for which application threads were stopped: 0.0003226 seconds, Stopping threads took: 0.0000962 seconds
2015-08-26T21:55:47.853-0200: 147023.001: Total time for which application threads were stopped: 0.0075212 seconds, Stopping threads took: 0.0005714 seconds
2015-08-26T21:55:47.876-0200: 147023.022: Total time for which application threads were stopped: 0.0004733 seconds, Stopping threads took: 0.0000674 seconds
2015-08-26T21:55:47.878-0200: 147023.024: Total time for which application threads were stopped: 0.0022205 seconds, Stopping threads took: 0.0001832 seconds
2015-08-26T21:55:47.879-0200: 147023.025: Total time for which application threads were stopped: 0.0004536 seconds, Stopping threads took: 0.0001060 seconds
2015-08-26T21:55:47.881-0200: 147023.027: Total time for which application threads were stopped: 0.0003887 seconds, Stopping threads took: 0.0000438 seconds
2015-08-26T21:55:47.897-0200: 147023.043: Total time for which application threads were stopped: 0.0003686 seconds, Stopping threads took: 0.0000402 seconds
2015-08-26T21:55:47.902-0200: 147023.048: Total time for which application threads were stopped: 0.0046836 seconds, Stopping threads took: 0.0043540 seconds
2015-08-26T21:55:47.911-0200: 147023.057: Total time for which application threads were stopped: 0.0020436 seconds, Stopping threads took: 0.0016420 seconds
2015-08-26T21:58:28.016-0200: 147183.166: Total time for which application threads were stopped: 0.0092981 seconds, Stopping threads took: 0.0017313 seconds
2015-08-26T21:58:28.043-0200: 147183.193: Total time for which application threads were stopped: 0.0021098 seconds, Stopping threads took: 0.0016033 seconds
2015-08-26T21:58:28.045-0200: 147183.195: Total time for which application threads were stopped: 0.0019449 seconds, Stopping threads took: 0.0015475 seconds
2015-08-26T21:58:28.045-0200: 147183.196: Total time for which application threads were stopped: 0.0003257 seconds, Stopping threads took: 0.0001352 seconds
2015-08-26T21:58:28.046-0200: 147183.196: Total time for which application threads were stopped: 0.0005297 seconds, Stopping threads took: 0.0002688 seconds
2015-08-26T21:58:28.049-0200: 147183.199: Total time for which application threads were stopped: 0.0022322 seconds, Stopping threads took: 0.0018980 seconds
2015-08-26T21:58:28.054-0200: 147183.205: Total time for which application threads were stopped: 0.0050975 seconds, Stopping threads took: 0.0046836 seconds
2015-08-26T21:58:28.079-0200: 147183.229: Total time for which application threads were stopped: 0.0072780 seconds, Stopping threads took: 0.0066178 seconds
2015-08-26T21:58:28.194-0200: 147183.345: Total time for which application threads were stopped: 0.0020369 seconds, Stopping threads took: 0.0016549 seconds
2015-08-26T21:58:28.195-0200: 147183.345: Total time for which application threads were stopped: 0.0002187 seconds, Stopping threads took: 0.0000221 seconds
2015-08-26T21:58:28.195-0200: 147183.345: Total time for which application threads were stopped: 0.0001515 seconds, Stopping threads took: 0.0000114 seconds
2015-08-26T22:03:28.404-0200: 147483.563: Total time for which application threads were stopped: 0.0118900 seconds, Stopping threads took: 0.0009736 seconds
2015-08-26T22:03:28.424-0200: 147483.583: Total time for which application threads were stopped: 0.0005895 seconds, Stopping threads took: 0.0001667 seconds
2015-08-26T22:03:28.425-0200: 147483.584: Total time for which application threads were stopped: 0.0004670 seconds, Stopping threads took: 0.0000754 seconds
2015-08-26T22:03:28.432-0200: 147483.590: Total time for which application threads were stopped: 0.0010871 seconds, Stopping threads took: 0.0000424 seconds
2015-08-26T22:03:28.443-0200: 147483.602: Total time for which application threads were stopped: 0.0003597 seconds, Stopping threads took: 0.0000488 seconds
2015-08-26T22:03:28.450-0200: 147483.608: Total time for which application threads were stopped: 0.0061570 seconds, Stopping threads took: 0.0041362 seconds
2015-08-26T22:03:28.467-0200: 147483.626: Total time for which application threads were stopped: 0.0016316 seconds, Stopping threads took: 0.0011818 seconds
2015-08-26T22:08:28.666-0200: 147783.833: Total time for which application threads were stopped: 0.0104132 seconds, Stopping threads took: 0.0020776 seconds
2015-08-26T22:08:28.669-0200: 147783.836: Total time for which application threads were stopped: 0.0005693 seconds, Stopping threads took: 0.0000487 seconds
2015-08-26T22:08:28.693-0200: 147783.860: Total time for which application threads were stopped: 0.0039769 seconds, Stopping threads took: 0.0026699 seconds
2015-08-26T22:08:28.695-0200: 147783.862: Total time for which application threads were stopped: 0.0009455 seconds, Stopping threads took: 0.0000450 seconds
2015-08-26T22:08:28.698-0200: 147783.865: Total time for which application threads were stopped: 0.0008111 seconds, Stopping threads took: 0.0000601 seconds
2015-08-26T22:08:28.699-0200: 147783.866: Total time for which application threads were stopped: 0.0008446 seconds, Stopping threads took: 0.0000286 seconds
2015-08-26T22:08:28.724-0200: 147783.891: Total time for which application threads were stopped: 0.0008279 seconds, Stopping threads took: 0.0000488 seconds
2015-08-26T22:08:28.728-0200: 147783.895: Total time for which application threads were stopped: 0.0005144 seconds, Stopping threads took: 0.0000271 seconds
2015-08-26T22:08:28.729-0200: 147783.896: Total time for which application threads were stopped: 0.0003484 seconds, Stopping threads took: 0.0000184 seconds
2015-08-26T22:08:28.733-0200: 147783.900: Total time for which application threads were stopped: 0.0025055 seconds, Stopping threads took: 0.0019293 seconds
2015-08-26T22:08:28.736-0200: 147783.903: Total time for which application threads were stopped: 0.0016436 seconds, Stopping threads took: 0.0013038 seconds
2015-08-26T22:13:28.926-0200: 148084.102: Total time for which application threads were stopped: 0.0133552 seconds, Stopping threads took: 0.0006065 seconds
2015-08-26T22:13:28.939-0200: 148084.114: Total time for which application threads were stopped: 0.0023485 seconds, Stopping threads took: 0.0002226 seconds
2015-08-26T22:13:28.954-0200: 148084.130: Total time for which application threads were stopped: 0.0060165 seconds, Stopping threads took: 0.0054806 seconds
2015-08-26T22:13:28.955-0200: 148084.130: Total time for which application threads were stopped: 0.0003452 seconds, Stopping threads took: 0.0000319 seconds
2015-08-26T22:13:28.956-0200: 148084.131: Total time for which application threads were stopped: 0.0009266 seconds, Stopping threads took: 0.0005952 seconds
2015-08-26T22:13:28.958-0200: 148084.134: Total time for which application threads were stopped: 0.0016771 seconds, Stopping threads took: 0.0001034 seconds
2015-08-26T22:13:28.960-0200: 148084.135: Total time for which application threads were stopped: 0.0005475 seconds, Stopping threads took: 0.0000826 seconds
2015-08-26T22:13:28.981-0200: 148084.157: Total time for which application threads were stopped: 0.0043400 seconds, Stopping threads took: 0.0000362 seconds
2015-08-26T22:13:29.802-0200: 148084.977: Total time for which application threads were stopped: 0.0029401 seconds, Stopping threads took: 0.0025708 seconds
2015-08-26T22:13:29.802-0200: 148084.978: Total time for which application threads were stopped: 0.0001971 seconds, Stopping threads took: 0.0000127 seconds
2015-08-26T22:13:29.980-0200: 148085.156: Total time for which application threads were stopped: 0.0005420 seconds, Stopping threads took: 0.0000232 seconds
2015-08-26T22:13:29.981-0200: 148085.156: Total time for which application threads were stopped: 0.0001901 seconds, Stopping threads took: 0.0000157 seconds
2015-08-26T22:13:29.981-0200: 148085.157: Total time for which application threads were stopped: 0.0002605 seconds, Stopping threads took: 0.0000368 seconds
{Heap before GC invocations=191 (full 2):
 par new generation   total 109248K, used 89554K [0x00000007a0000000, 0x00000007a8000000, 0x00000007a8000000)
  eden space 87424K, 100% used [0x00000007a0000000, 0x00000007a5560000, 0x00000007a5560000)
  from space 21824K,   9% used [0x00000007a6ab0000, 0x00000007a6cc4940, 0x00000007a8000000)
  to   space 21824K,   0% used [0x00000007a5560000, 0x00000007a5560000, 0x00000007a6ab0000)
 concurrent mark-sweep generation total 393216K, used 130747K [0x00000007a8000000, 0x00000007c0000000, 0x00000007c0000000)
 Metaspace       used 44321K, capacity 45034K, committed 45304K, reserved 1089536K
  class space    used 4668K, capacity 4847K, committed 4860K, reserved 1048576K
2015-08-26T22:13:29.990-0200: 148085.166: [GC (Allocation Failure) 148085.167: [ParNew
Desired survivor size 20112992 bytes, new threshold 8 (max 8)
- age   1:    1176344 bytes,    1176344 total
- age   2:      30208 bytes,    1206552 total
- age   3:       1936 bytes,    1208488 total
- age   4:       2272 bytes,    1210760 total
- age   5:       2032 bytes,    1212792 total
- age   6:      10848 bytes,    1223640 total
- age   7:        688 bytes,    1224328 total
- age   8:       7000 bytes,    1231328 total
: 89554K->1601K(109248K), 0.1790594 secs] 220302K->132362K(502464K), 0.1801632 secs] [Times: user=0.03 sys=0.12, real=0.18 secs] 
Heap after GC invocations=192 (full 2):
 par new generation   total 109248K, used 1601K [0x00000007a0000000, 0x00000007a8000000, 0x00000007a8000000)
  eden space 87424K,   0% used [0x00000007a0000000, 0x00000007a0000000, 0x00000007a5560000)
  from space 21824K,   7% used [0x00000007a5560000, 0x00000007a56f0680, 0x00000007a6ab0000)
  to   space 21824K,   0% used [0x00000007a6ab0000, 0x00000007a6ab0000, 0x00000007a8000000)
 concurrent mark-sweep generation total 393216K, used 130760K [0x00000007a8000000, 0x00000007c0000000, 0x00000007c0000000)
 Metaspace       used 44321K, capacity 45034K, committed 45304K, reserved 1089536K
  class space    used 4668K, capacity 4847K, committed 4860K, reserved 1048576K
}
2015-08-26T22:13:30.171-0200: 148085.347: Total time for which application threads were stopped: 0.1849839 seconds, Stopping threads took: 0.0000331 seconds
2015-08-26T22:18:26.894-0200: 148385.228: Total time for which application threads were stopped: 0.0093283 seconds, Stopping threads took: 0.0003887 seconds
2015-08-26T22:18:26.908-0200: 148385.242: Total time for which application threads were stopped: 0.0031321 seconds, Stopping threads took: 0.0024741 seconds
2015-08-26T22:18:26.909-0200: 148385.243: Total time for which application threads were stopped: 0.0005611 seconds, Stopping threads took: 0.0000222 seconds
2015-08-26T22:18:26.910-0200: 148385.245: Total time for which application threads were stopped: 0.0003401 seconds, Stopping threads took: 0.0000192 seconds
2015-08-26T22:18:26.927-0200: 148385.261: Total time for which application threads were stopped: 0.0004405 seconds, Stopping threads took: 0.0000239 seconds
2015-08-26T22:18:26.928-0200: 148385.262: Total time for which application threads were stopped: 0.0003129 seconds, Stopping threads took: 0.0000159 seconds
2015-08-26T22:18:26.935-0200: 148385.270: Total time for which application threads were stopped: 0.0005259 seconds, Stopping threads took: 0.0000267 seconds
2015-08-26T22:18:27.216-0200: 148385.551: Total time for which application threads were stopped: 0.0004737 seconds, Stopping threads took: 0.0000338 seconds
2015-08-26T22:18:27.223-0200: 148385.558: Total time for which application threads were stopped: 0.0053392 seconds, Stopping threads took: 0.0042942 seconds
2015-08-26T22:18:27.224-0200: 148385.559: Total time for which application threads were stopped: 0.0006927 seconds, Stopping threads took: 0.0000463 seconds
2015-08-26T22:18:27.225-0200: 148385.559: Total time for which application threads were stopped: 0.0004079 seconds, Stopping threads took: 0.0000829 seconds
2015-08-26T22:18:27.236-0200: 148385.571: Total time for which application threads were stopped: 0.0034665 seconds, Stopping threads took: 0.0000452 seconds
2015-08-26T22:18:27.239-0200: 148385.573: Total time for which application threads were stopped: 0.0022658 seconds, Stopping threads took: 0.0000482 seconds
2015-08-26T22:18:27.241-0200: 148385.576: Total time for which application threads were stopped: 0.0019689 seconds, Stopping threads took: 0.0000161 seconds
2015-08-26T22:23:27.143-0200: 148685.487: Total time for which application threads were stopped: 0.0058220 seconds, Stopping threads took: 0.0003513 seconds
2015-08-26T22:23:27.153-0200: 148685.498: Total time for which application threads were stopped: 0.0024230 seconds, Stopping threads took: 0.0001486 seconds
2015-08-26T22:23:27.154-0200: 148685.498: Total time for which application threads were stopped: 0.0005276 seconds, Stopping threads took: 0.0000166 seconds
2015-08-26T22:23:27.155-0200: 148685.500: Total time for which application threads were stopped: 0.0003880 seconds, Stopping threads took: 0.0000158 seconds
2015-08-26T22:23:27.164-0200: 148685.509: Total time for which application threads were stopped: 0.0003979 seconds, Stopping threads took: 0.0000298 seconds
2015-08-26T22:23:27.165-0200: 148685.510: Total time for which application threads were stopped: 0.0004564 seconds, Stopping threads took: 0.0000362 seconds
2015-08-26T22:23:27.166-0200: 148685.511: Total time for which application threads were stopped: 0.0003784 seconds, Stopping threads took: 0.0000341 seconds
2015-08-26T22:23:27.424-0200: 148685.769: Total time for which application threads were stopped: 0.0004730 seconds, Stopping threads took: 0.0000309 seconds
2015-08-26T22:23:27.427-0200: 148685.771: Total time for which application threads were stopped: 0.0006821 seconds, Stopping threads took: 0.0000871 seconds
2015-08-26T22:23:27.427-0200: 148685.772: Total time for which application threads were stopped: 0.0003435 seconds, Stopping threads took: 0.0000691 seconds
2015-08-26T22:23:27.428-0200: 148685.772: Total time for which application threads were stopped: 0.0003345 seconds, Stopping threads took: 0.0000199 seconds
2015-08-26T22:23:27.434-0200: 148685.778: Total time for which application threads were stopped: 0.0005233 seconds, Stopping threads took: 0.0000403 seconds
2015-08-26T22:23:27.435-0200: 148685.779: Total time for which application threads were stopped: 0.0004129 seconds, Stopping threads took: 0.0001221 seconds
2015-08-26T22:28:27.381-0200: 148985.736: Total time for which application threads were stopped: 0.0073183 seconds, Stopping threads took: 0.0004823 seconds
2015-08-26T22:28:27.400-0200: 148985.754: Total time for which application threads were stopped: 0.0009045 seconds, Stopping threads took: 0.0000456 seconds
2015-08-26T22:28:27.401-0200: 148985.755: Total time for which application threads were stopped: 0.0003954 seconds, Stopping threads took: 0.0000149 seconds
2015-08-26T22:28:27.403-0200: 148985.757: Total time for which application threads were stopped: 0.0003933 seconds, Stopping threads took: 0.0000191 seconds
2015-08-26T22:28:27.412-0200: 148985.766: Total time for which application threads were stopped: 0.0023900 seconds, Stopping threads took: 0.0000263 seconds
2015-08-26T22:28:27.415-0200: 148985.770: Total time for which application threads were stopped: 0.0005972 seconds, Stopping threads took: 0.0001205 seconds
2015-08-26T22:28:27.416-0200: 148985.770: Total time for which application threads were stopped: 0.0003832 seconds, Stopping threads took: 0.0001261 seconds
2015-08-26T22:28:27.639-0200: 148985.993: Total time for which application threads were stopped: 0.0003104 seconds, Stopping threads took: 0.0000237 seconds
2015-08-26T22:28:27.641-0200: 148985.995: Total time for which application threads were stopped: 0.0003833 seconds, Stopping threads took: 0.0000901 seconds
2015-08-26T22:28:27.641-0200: 148985.995: Total time for which application threads were stopped: 0.0001803 seconds, Stopping threads took: 0.0000310 seconds
2015-08-26T22:28:27.642-0200: 148985.996: Total time for which application threads were stopped: 0.0003085 seconds, Stopping threads took: 0.0000609 seconds
2015-08-26T22:28:27.647-0200: 148986.001: Total time for which application threads were stopped: 0.0019239 seconds, Stopping threads took: 0.0016295 seconds
2015-08-26T22:28:27.647-0200: 148986.001: Total time for which application threads were stopped: 0.0003743 seconds, Stopping threads took: 0.0001768 seconds
2015-08-26T22:33:27.663-0200: 149286.027: Total time for which application threads were stopped: 0.0065420 seconds, Stopping threads took: 0.0004890 seconds
2015-08-26T22:33:27.681-0200: 149286.045: Total time for which application threads were stopped: 0.0007192 seconds, Stopping threads took: 0.0001791 seconds
2015-08-26T22:33:27.683-0200: 149286.047: Total time for which application threads were stopped: 0.0023346 seconds, Stopping threads took: 0.0016506 seconds
2015-08-26T22:33:27.685-0200: 149286.049: Total time for which application threads were stopped: 0.0004804 seconds, Stopping threads took: 0.0000229 seconds
2015-08-26T22:33:27.688-0200: 149286.052: Total time for which application threads were stopped: 0.0005910 seconds, Stopping threads took: 0.0001668 seconds
2015-08-26T22:33:27.841-0200: 149286.205: Total time for which application threads were stopped: 0.0004454 seconds, Stopping threads took: 0.0000250 seconds
2015-08-26T22:33:27.842-0200: 149286.206: Total time for which application threads were stopped: 0.0004357 seconds, Stopping threads took: 0.0000462 seconds
2015-08-26T22:33:27.843-0200: 149286.207: Total time for which application threads were stopped: 0.0002949 seconds, Stopping threads took: 0.0000162 seconds
2015-08-26T22:33:27.844-0200: 149286.208: Total time for which application threads were stopped: 0.0003870 seconds, Stopping threads took: 0.0001304 seconds
2015-08-26T22:33:28.512-0200: 149286.876: Total time for which application threads were stopped: 0.0004544 seconds, Stopping threads took: 0.0000240 seconds
2015-08-26T22:33:28.513-0200: 149286.877: Total time for which application threads were stopped: 0.0003416 seconds, Stopping threads took: 0.0000148 seconds
2015-08-26T22:33:28.727-0200: 149287.091: Total time for which application threads were stopped: 0.0002416 seconds, Stopping threads took: 0.0000177 seconds
2015-08-26T22:33:28.727-0200: 149287.091: Total time for which application threads were stopped: 0.0001273 seconds, Stopping threads took: 0.0000152 seconds
2015-08-26T22:38:28.766-0200: 149587.139: Total time for which application threads were stopped: 0.0082066 seconds, Stopping threads took: 0.0004038 seconds
2015-08-26T22:38:28.778-0200: 149587.151: Total time for which application threads were stopped: 0.0006602 seconds, Stopping threads took: 0.0001097 seconds
2015-08-26T22:38:28.783-0200: 149587.156: Total time for which application threads were stopped: 0.0048790 seconds, Stopping threads took: 0.0015712 seconds
2015-08-26T22:38:28.785-0200: 149587.159: Total time for which application threads were stopped: 0.0004033 seconds, Stopping threads took: 0.0000234 seconds
2015-08-26T22:38:28.802-0200: 149587.175: Total time for which application threads were stopped: 0.0010645 seconds, Stopping threads took: 0.0006368 seconds
2015-08-26T22:38:28.806-0200: 149587.180: Total time for which application threads were stopped: 0.0033501 seconds, Stopping threads took: 0.0028717 seconds
2015-08-26T22:38:28.808-0200: 149587.182: Total time for which application threads were stopped: 0.0004814 seconds, Stopping threads took: 0.0000202 seconds
2015-08-26T22:38:28.928-0200: 149587.301: Total time for which application threads were stopped: 0.0004080 seconds, Stopping threads took: 0.0000406 seconds
2015-08-26T22:38:28.929-0200: 149587.303: Total time for which application threads were stopped: 0.0004577 seconds, Stopping threads took: 0.0000602 seconds
2015-08-26T22:38:28.930-0200: 149587.304: Total time for which application threads were stopped: 0.0004137 seconds, Stopping threads took: 0.0000413 seconds
2015-08-26T22:38:28.931-0200: 149587.304: Total time for which application threads were stopped: 0.0004457 seconds, Stopping threads took: 0.0001340 seconds
2015-08-26T22:38:28.939-0200: 149587.313: Total time for which application threads were stopped: 0.0038089 seconds, Stopping threads took: 0.0000288 seconds
2015-08-26T22:38:28.940-0200: 149587.313: Total time for which application threads were stopped: 0.0003639 seconds, Stopping threads took: 0.0000251 seconds
2015-08-26T22:43:29.033-0200: 149887.416: Total time for which application threads were stopped: 0.0121329 seconds, Stopping threads took: 0.0005237 seconds
2015-08-26T22:43:29.051-0200: 149887.434: Total time for which application threads were stopped: 0.0006025 seconds, Stopping threads took: 0.0001498 seconds
2015-08-26T22:43:29.058-0200: 149887.441: Total time for which application threads were stopped: 0.0061406 seconds, Stopping threads took: 0.0001264 seconds
2015-08-26T22:43:29.062-0200: 149887.444: Total time for which application threads were stopped: 0.0020809 seconds, Stopping threads took: 0.0000245 seconds
2015-08-26T22:43:29.067-0200: 149887.449: Total time for which application threads were stopped: 0.0005578 seconds, Stopping threads took: 0.0000184 seconds
2015-08-26T22:43:29.145-0200: 149887.528: Total time for which application threads were stopped: 0.0003836 seconds, Stopping threads took: 0.0000264 seconds
2015-08-26T22:43:29.147-0200: 149887.530: Total time for which application threads were stopped: 0.0005346 seconds