Java HotSpot(TM) 64-Bit Server VM (25.40-b25) for bsd-amd64 JRE (1.8.0_40-b27), built on Mar 13 2015 04:46:52 by "java_re" with gcc 4.2.1 (Based on Apple Inc. build 5658) (LLVM build 2336.11.00)
Memory: 4k page, physical 4194304k(26492k free)

/proc/meminfo:

CommandLine flags: -XX:CMSInitiatingOccupancyFraction=50 -XX:CMSMaxAbortablePrecleanTime=6000 -XX:+CMSParallelRemarkEnabled -XX:+CMSScavengeBeforeRemark -XX:ConcGCThreads=4 -XX:InitialHeapSize=536870912 -XX:MaxHeapSize=536870912 -XX:MaxTenuringThreshold=8 -XX:NewRatio=3 -XX:OldPLABSize=16 -XX:ParallelGCThreads=4 -XX:+ParallelRefProcEnabled -XX:PretenureSizeThreshold=67108864 -XX:+PrintGC -XX:+PrintGCApplicationStoppedTime -XX:+PrintGCDateStamps -XX:+PrintGCDetails -XX:+PrintGCTimeStamps -XX:+PrintHeapAtGC -XX:+PrintTenuringDistribution -XX:SurvivorRatio=4 -XX:TargetSurvivorRatio=90 -XX:ThreadStackSize=256 -XX:+UseCMSInitiatingOccupancyOnly -XX:+UseCompressedClassPointers -XX:+UseCompressedOops -XX:+UseConcMarkSweepGC -XX:+UseParNewGC 
2015-07-12T05:01:08.386-0200: 0.227: Total time for which application threads were stopped: 0.0001149 seconds, Stopping threads took: 0.0000139 seconds
2015-07-12T05:01:08.575-0200: 0.416: Total time for which application threads were stopped: 0.0001976 seconds, Stopping threads took: 0.0000197 seconds
2015-07-12T05:01:08.699-0200: 0.540: Total time for which application threads were stopped: 0.0002037 seconds, Stopping threads took: 0.0000172 seconds
2015-07-12T05:01:08.730-0200: 0.571: Total time for which application threads were stopped: 0.0001521 seconds, Stopping threads took: 0.0000146 seconds
2015-07-12T05:01:08.846-0200: 0.687: Total time for which application threads were stopped: 0.0001926 seconds, Stopping threads took: 0.0000180 seconds
2015-07-12T05:01:08.990-0200: 0.831: Total time for which application threads were stopped: 0.0001922 seconds, Stopping threads took: 0.0000189 seconds
2015-07-12T05:01:09.053-0200: 0.894: Total time for which application threads were stopped: 0.0001837 seconds, Stopping threads took: 0.0000168 seconds
2015-07-12T05:01:09.080-0200: 0.921: Total time for which application threads were stopped: 0.0001850 seconds, Stopping threads took: 0.0000295 seconds
{Heap before GC invocations=0 (full 0):
 par new generation   total 109248K, used 87424K [0x00000007a0000000, 0x00000007a8000000, 0x00000007a8000000)
  eden space 87424K, 100% used [0x00000007a0000000, 0x00000007a5560000, 0x00000007a5560000)
  from space 21824K,   0% used [0x00000007a5560000, 0x00000007a5560000, 0x00000007a6ab0000)
  to   space 21824K,   0% used [0x00000007a6ab0000, 0x00000007a6ab0000, 0x00000007a8000000)
 concurrent mark-sweep generation total 393216K, used 0K [0x00000007a8000000, 0x00000007c0000000, 0x00000007c0000000)
 Metaspace       used 9780K, capacity 9986K, committed 10240K, reserved 1058816K
  class space    used 1108K, capacity 1177K, committed 1280K, reserved 1048576K
2015-07-12T05:01:09.617-0200: 1.458: [GC (Allocation Failure) 1.458: [ParNew
Desired survivor size 20112992 bytes, new threshold 8 (max 8)
- age   1:    5182408 bytes,    5182408 total
: 87424K->5123K(109248K), 0.0306318 secs] 87424K->5123K(502464K), 0.0309158 secs] [Times: user=0.03 sys=0.01, real=0.03 secs] 
Heap after GC invocations=1 (full 0):
 par new generation   total 109248K, used 5123K [0x00000007a0000000, 0x00000007a8000000, 0x00000007a8000000)
  eden space 87424K,   0% used [0x00000007a0000000, 0x00000007a0000000, 0x00000007a5560000)
  from space 21824K,  23% used [0x00000007a6ab0000, 0x00000007a6fb0f80, 0x00000007a8000000)
  to   space 21824K,   0% used [0x00000007a5560000, 0x00000007a5560000, 0x00000007a6ab0000)
 concurrent mark-sweep generation total 393216K, used 0K [0x00000007a8000000, 0x00000007c0000000, 0x00000007c0000000)
 Metaspace       used 9780K, capacity 9986K, committed 10240K, reserved 1058816K
  class space    used 1108K, capacity 1177K, committed 1280K, reserved 1048576K
}
2015-07-12T05:01:09.648-0200: 1.489: Total time for which application threads were stopped: 0.0311872 seconds, Stopping threads took: 0.0000180 seconds
2015-07-12T05:01:09.942-0200: 1.783: Total time for which application threads were stopped: 0.0004327 seconds, Stopping threads took: 0.0000433 seconds
2015-07-12T05:01:09.974-0200: 1.815: Total time for which application threads were stopped: 0.0003164 seconds, Stopping threads took: 0.0000180 seconds
{Heap before GC invocations=1 (full 0):
 par new generation   total 109248K, used 92547K [0x00000007a0000000, 0x00000007a8000000, 0x00000007a8000000)
  eden space 87424K, 100% used [0x00000007a0000000, 0x00000007a5560000, 0x00000007a5560000)
  from space 21824K,  23% used [0x00000007a6ab0000, 0x00000007a6fb0f80, 0x00000007a8000000)
  to   space 21824K,   0% used [0x00000007a5560000, 0x00000007a5560000, 0x00000007a6ab0000)
 concurrent mark-sweep generation total 393216K, used 0K [0x00000007a8000000, 0x00000007c0000000, 0x00000007c0000000)
 Metaspace       used 14382K, capacity 14670K, committed 14976K, reserved 1062912K
  class space    used 1715K, capacity 1825K, committed 1920K, reserved 1048576K
2015-07-12T05:01:10.421-0200: 2.262: [GC (Allocation Failure) 2.262: [ParNew
Desired survivor size 20112992 bytes, new threshold 8 (max 8)
- age   1:    4465912 bytes,    4465912 total
- age   2:    2552400 bytes,    7018312 total
: 92547K->9000K(109248K), 0.0104242 secs] 92547K->9000K(502464K), 0.0105085 secs] [Times: user=0.03 sys=0.00, real=0.01 secs] 
Heap after GC invocations=2 (full 0):
 par new generation   total 109248K, used 9000K [0x00000007a0000000, 0x00000007a8000000, 0x00000007a8000000)
  eden space 87424K,   0% used [0x00000007a0000000, 0x00000007a0000000, 0x00000007a5560000)
  from space 21824K,  41% used [0x00000007a5560000, 0x00000007a5e2a358, 0x00000007a6ab0000)
  to   space 21824K,   0% used [0x00000007a6ab0000, 0x00000007a6ab0000, 0x00000007a8000000)
 concurrent mark-sweep generation total 393216K, used 0K [0x00000007a8000000, 0x00000007c0000000, 0x00000007c0000000)
 Metaspace       used 14382K, capacity 14670K, committed 14976K, reserved 1062912K
  class space    used 1715K, capacity 1825K, committed 1920K, reserved 1048576K
}
2015-07-12T05:01:10.431-0200: 2.272: Total time for which application threads were stopped: 0.0107742 seconds, Stopping threads took: 0.0000139 seconds
2015-07-12T05:01:10.494-0200: 2.335: Total time for which application threads were stopped: 0.0002850 seconds, Stopping threads took: 0.0000360 seconds
2015-07-12T05:01:10.495-0200: 2.336: Total time for which application threads were stopped: 0.0001290 seconds, Stopping threads took: 0.0000100 seconds
2015-07-12T05:01:10.500-0200: 2.341: Total time for which application threads were stopped: 0.0002091 seconds, Stopping threads took: 0.0000141 seconds
2015-07-12T05:01:11.504-0200: 3.345: Total time for which application threads were stopped: 0.0003184 seconds, Stopping threads took: 0.0000475 seconds
2015-07-12T05:01:12.286-0200: 4.127: Total time for which application threads were stopped: 0.0002490 seconds, Stopping threads took: 0.0000173 seconds
2015-07-12T05:01:14.296-0200: 6.137: Total time for which application threads were stopped: 0.0001401 seconds, Stopping threads took: 0.0000587 seconds
2015-07-12T05:01:14.354-0200: 6.195: Total time for which application threads were stopped: 0.0000756 seconds, Stopping threads took: 0.0000141 seconds
2015-07-12T05:01:14.362-0200: 6.203: Total time for which application threads were stopped: 0.0000776 seconds, Stopping threads took: 0.0000158 seconds
2015-07-12T05:01:14.397-0200: 6.238: Total time for which application threads were stopped: 0.0000741 seconds, Stopping threads took: 0.0000154 seconds
2015-07-12T05:01:14.397-0200: 6.238: Total time for which application threads were stopped: 0.0000691 seconds, Stopping threads took: 0.0000158 seconds
2015-07-12T05:01:14.398-0200: 6.239: Total time for which application threads were stopped: 0.0003841 seconds, Stopping threads took: 0.0000151 seconds
2015-07-12T05:01:14.420-0200: 6.261: Total time for which application threads were stopped: 0.0001139 seconds, Stopping threads took: 0.0000521 seconds
2015-07-12T05:01:14.456-0200: 6.297: Total time for which application threads were stopped: 0.0002549 seconds, Stopping threads took: 0.0000166 seconds
2015-07-12T05:01:14.543-0200: 6.384: Total time for which application threads were stopped: 0.0001147 seconds, Stopping threads took: 0.0000518 seconds
2015-07-12T05:01:14.544-0200: 6.385: Total time for which application threads were stopped: 0.0000455 seconds, Stopping threads took: 0.0000103 seconds
2015-07-12T05:01:14.544-0200: 6.385: Total time for which application threads were stopped: 0.0000416 seconds, Stopping threads took: 0.0000080 seconds
2015-07-12T05:01:14.546-0200: 6.387: Total time for which application threads were stopped: 0.0000461 seconds, Stopping threads took: 0.0000098 seconds
2015-07-12T05:01:14.555-0200: 6.396: Total time for which application threads were stopped: 0.0000772 seconds, Stopping threads took: 0.0000180 seconds
2015-07-12T05:01:14.556-0200: 6.397: Total time for which application threads were stopped: 0.0002229 seconds, Stopping threads took: 0.0000098 seconds
2015-07-12T05:01:14.557-0200: 6.398: Total time for which application threads were stopped: 0.0001451 seconds, Stopping threads took: 0.0000608 seconds
2015-07-12T05:01:14.558-0200: 6.399: Total time for which application threads were stopped: 0.0000872 seconds, Stopping threads took: 0.0000402 seconds
2015-07-12T05:01:14.558-0200: 6.399: Total time for which application threads were stopped: 0.0001014 seconds, Stopping threads took: 0.0000527 seconds
2015-07-12T05:01:14.558-0200: 6.399: Total time for which application threads were stopped: 0.0000854 seconds, Stopping threads took: 0.0000450 seconds
2015-07-12T05:01:14.559-0200: 6.400: Total time for which application threads were stopped: 0.0000927 seconds, Stopping threads took: 0.0000505 seconds
2015-07-12T05:01:14.559-0200: 6.400: Total time for which application threads were stopped: 0.0000895 seconds, Stopping threads took: 0.0000473 seconds
2015-07-12T05:01:14.559-0200: 6.400: Total time for which application threads were stopped: 0.0000717 seconds, Stopping threads took: 0.0000397 seconds
2015-07-12T05:01:14.559-0200: 6.400: Total time for which application threads were stopped: 0.0000774 seconds, Stopping threads took: 0.0000466 seconds
2015-07-12T05:01:14.575-0200: 6.416: Total time for which application threads were stopped: 0.0001324 seconds, Stopping threads took: 0.0000456 seconds
2015-07-12T05:01:14.575-0200: 6.416: Total time for which application threads were stopped: 0.0000866 seconds, Stopping threads took: 0.0000416 seconds
2015-07-12T05:01:14.575-0200: 6.416: Total time for which application threads were stopped: 0.0000830 seconds, Stopping threads took: 0.0000433 seconds
2015-07-12T05:01:14.575-0200: 6.416: Total time for which application threads were stopped: 0.0000582 seconds, Stopping threads took: 0.0000247 seconds
2015-07-12T05:01:14.575-0200: 6.416: Total time for which application threads were stopped: 0.0000428 seconds, Stopping threads took: 0.0000063 seconds
2015-07-12T05:01:14.655-0200: 6.496: Total time for which application threads were stopped: 0.0002730 seconds, Stopping threads took: 0.0002122 seconds
2015-07-12T05:01:14.655-0200: 6.496: Total time for which application threads were stopped: 0.0000409 seconds, Stopping threads took: 0.0000091 seconds
2015-07-12T05:01:14.655-0200: 6.496: Total time for which application threads were stopped: 0.0000417 seconds, Stopping threads took: 0.0000090 seconds
2015-07-12T05:01:14.661-0200: 6.502: Total time for which application threads were stopped: 0.0001101 seconds, Stopping threads took: 0.0000391 seconds
2015-07-12T05:01:14.661-0200: 6.502: Total time for which application threads were stopped: 0.0000473 seconds, Stopping threads took: 0.0000081 seconds
2015-07-12T05:01:14.661-0200: 6.502: Total time for which application threads were stopped: 0.0000758 seconds, Stopping threads took: 0.0000267 seconds
2015-07-12T05:01:14.661-0200: 6.502: Total time for which application threads were stopped: 0.0000483 seconds, Stopping threads took: 0.0000097 seconds
2015-07-12T05:01:14.661-0200: 6.502: Total time for which application threads were stopped: 0.0000395 seconds, Stopping threads took: 0.0000055 seconds
2015-07-12T05:01:14.667-0200: 6.508: Total time for which application threads were stopped: 0.0000963 seconds, Stopping threads took: 0.0000321 seconds
2015-07-12T05:01:14.667-0200: 6.508: Total time for which application threads were stopped: 0.0000738 seconds, Stopping threads took: 0.0000255 seconds
2015-07-12T05:01:14.667-0200: 6.508: Total time for which application threads were stopped: 0.0000491 seconds, Stopping threads took: 0.0000091 seconds
2015-07-12T05:01:14.667-0200: 6.508: Total time for which application threads were stopped: 0.0000621 seconds, Stopping threads took: 0.0000216 seconds
2015-07-12T05:01:14.668-0200: 6.509: Total time for which application threads were stopped: 0.0000628 seconds, Stopping threads took: 0.0000262 seconds
2015-07-12T05:01:14.673-0200: 6.514: Total time for which application threads were stopped: 0.0000725 seconds, Stopping threads took: 0.0000172 seconds
2015-07-12T05:01:14.674-0200: 6.515: Total time for which application threads were stopped: 0.0000567 seconds, Stopping threads took: 0.0000125 seconds
2015-07-12T05:01:14.676-0200: 6.517: Total time for which application threads were stopped: 0.0001104 seconds, Stopping threads took: 0.0000447 seconds
2015-07-12T05:01:14.676-0200: 6.517: Total time for which application threads were stopped: 0.0001444 seconds, Stopping threads took: 0.0000122 seconds
2015-07-12T05:01:14.676-0200: 6.517: Total time for which application threads were stopped: 0.0000448 seconds, Stopping threads took: 0.0000106 seconds
2015-07-12T05:01:14.677-0200: 6.518: Total time for which application threads were stopped: 0.0000784 seconds, Stopping threads took: 0.0000380 seconds
2015-07-12T05:01:14.683-0200: 6.524: Total time for which application threads were stopped: 0.0001049 seconds, Stopping threads took: 0.0000215 seconds
2015-07-12T05:01:14.822-0200: 6.663: Total time for which application threads were stopped: 0.0000918 seconds, Stopping threads took: 0.0000211 seconds
2015-07-12T05:01:14.822-0200: 6.663: Total time for which application threads were stopped: 0.0000534 seconds, Stopping threads took: 0.0000095 seconds
2015-07-12T05:01:14.823-0200: 6.664: Total time for which application threads were stopped: 0.0000944 seconds, Stopping threads took: 0.0000565 seconds
2015-07-12T05:01:14.850-0200: 6.691: Total time for which application threads were stopped: 0.0003479 seconds, Stopping threads took: 0.0000171 seconds
2015-07-12T05:01:15.051-0200: 6.892: Total time for which application threads were stopped: 0.0002007 seconds, Stopping threads took: 0.0000330 seconds
2015-07-12T05:01:15.286-0200: 7.127: Total time for which application threads were stopped: 0.0001493 seconds, Stopping threads took: 0.0000211 seconds
2015-07-12T05:01:15.367-0200: 7.208: Total time for which application threads were stopped: 0.0004273 seconds, Stopping threads took: 0.0000214 seconds
2015-07-12T05:01:15.477-0200: 7.318: Total time for which application threads were stopped: 0.0005330 seconds, Stopping threads took: 0.0000242 seconds
2015-07-12T05:01:15.538-0200: 7.379: Total time for which application threads were stopped: 0.0001108 seconds, Stopping threads took: 0.0000205 seconds
2015-07-12T05:01:15.641-0200: 7.482: Total time for which application threads were stopped: 0.0002160 seconds, Stopping threads took: 0.0000241 seconds
{Heap before GC invocations=2 (full 0):
 par new generation   total 109248K, used 96424K [0x00000007a0000000, 0x00000007a8000000, 0x00000007a8000000)
  eden space 87424K, 100% used [0x00000007a0000000, 0x00000007a5560000, 0x00000007a5560000)
  from space 21824K,  41% used [0x00000007a5560000, 0x00000007a5e2a358, 0x00000007a6ab0000)
  to   space 21824K,   0% used [0x00000007a6ab0000, 0x00000007a6ab0000, 0x00000007a8000000)
 concurrent mark-sweep generation total 393216K, used 0K [0x00000007a8000000, 0x00000007c0000000, 0x00000007c0000000)
 Metaspace       used 21155K, capacity 21518K, committed 21884K, reserved 1069056K
  class space    used 2508K, capacity 2626K, committed 2688K, reserved 1048576K
2015-07-12T05:01:15.690-0200: 7.531: [GC (Allocation Failure) 7.532: [ParNew
Desired survivor size 20112992 bytes, new threshold 8 (max 8)
- age   1:    7136616 bytes,    7136616 total
- age   2:     927256 bytes,    8063872 total
- age   3:    2482504 bytes,   10546376 total
: 96424K->11140K(109248K), 0.0197252 secs] 96424K->11140K(502464K), 0.0207584 secs] [Times: user=0.05 sys=0.01, real=0.02 secs] 
Heap after GC invocations=3 (full 0):
 par new generation   total 109248K, used 11140K [0x00000007a0000000, 0x00000007a8000000, 0x00000007a8000000)
  eden space 87424K,   0% used [0x00000007a0000000, 0x00000007a0000000, 0x00000007a5560000)
  from space 21824K,  51% used [0x00000007a6ab0000, 0x00000007a75911c0, 0x00000007a8000000)
  to   space 21824K,   0% used [0x00000007a5560000, 0x00000007a5560000, 0x00000007a6ab0000)
 concurrent mark-sweep generation total 393216K, used 0K [0x00000007a8000000, 0x00000007c0000000, 0x00000007c0000000)
 Metaspace       used 21155K, capacity 21518K, committed 21884K, reserved 1069056K
  class space    used 2508K, capacity 2626K, committed 2688K, reserved 1048576K
}
2015-07-12T05:01:15.711-0200: 7.552: Total time for which application threads were stopped: 0.0209702 seconds, Stopping threads took: 0.0000336 seconds
2015-07-12T05:01:15.711-0200: 7.552: Total time for which application threads were stopped: 0.0001866 seconds, Stopping threads took: 0.0001045 seconds
2015-07-12T05:01:15.712-0200: 7.553: [GC (CMS Initial Mark) [1 CMS-initial-mark: 0K(393216K)] 12564K(502464K), 0.0073823 secs] [Times: user=0.01 sys=0.00, real=0.00 secs] 
2015-07-12T05:01:15.719-0200: 7.560: Total time for which application threads were stopped: 0.0075797 seconds, Stopping threads took: 0.0000906 seconds
2015-07-12T05:01:15.719-0200: 7.560: [CMS-concurrent-mark-start]
2015-07-12T05:01:15.722-0200: 7.563: Total time for which application threads were stopped: 0.0002058 seconds, Stopping threads took: 0.0001041 seconds
2015-07-12T05:01:15.723-0200: 7.564: [CMS-concurrent-mark: 0.002/0.004 secs] [Times: user=0.01 sys=0.00, real=0.01 secs] 
2015-07-12T05:01:15.723-0200: 7.564: [CMS-concurrent-preclean-start]
2015-07-12T05:01:15.724-0200: 7.565: [CMS-concurrent-preclean: 0.001/0.001 secs] [Times: user=0.00 sys=0.00, real=0.00 secs] 
2015-07-12T05:01:15.724-0200: 7.565: [CMS-concurrent-abortable-preclean-start]
2015-07-12T05:01:15.909-0200: 7.750: Total time for which application threads were stopped: 0.0002082 seconds, Stopping threads took: 0.0000869 seconds
2015-07-12T05:01:16.000-0200: 7.841: Total time for which application threads were stopped: 0.0000979 seconds, Stopping threads took: 0.0000168 seconds
2015-07-12T05:01:16.000-0200: 7.841: [CMS-concurrent-abortable-preclean: 0.082/0.276 secs] [Times: user=0.63 sys=0.02, real=0.28 secs] 
2015-07-12T05:01:16.000-0200: 7.841: [GC (CMS Final Remark) [YG occupancy: 68604 K (109248 K)]{Heap before GC invocations=3 (full 1):
 par new generation   total 109248K, used 68604K [0x00000007a0000000, 0x00000007a8000000, 0x00000007a8000000)
  eden space 87424K,  65% used [0x00000007a0000000, 0x00000007a381e0d8, 0x00000007a5560000)
  from space 21824K,  51% used [0x00000007a6ab0000, 0x00000007a75911c0, 0x00000007a8000000)
  to   space 21824K,   0% used [0x00000007a5560000, 0x00000007a5560000, 0x00000007a6ab0000)
 concurrent mark-sweep generation total 393216K, used 0K [0x00000007a8000000, 0x00000007c0000000, 0x00000007c0000000)
 Metaspace       used 21773K, capacity 22196K, committed 22548K, reserved 1069056K
  class space    used 2580K, capacity 2723K, committed 2764K, reserved 1048576K
2015-07-12T05:01:16.000-0200: 7.841: [GC (CMS Final Remark) 7.841: [ParNew
Desired survivor size 20112992 bytes, new threshold 8 (max 8)
- age   1:     469456 bytes,     469456 total
- age   2:    3635120 bytes,    4104576 total
- age   3:     913088 bytes,    5017664 total
- age   4:    2482120 bytes,    7499784 total
: 68604K->12713K(109248K), 0.0170497 secs] 68604K->12713K(502464K), 0.0171261 secs] [Times: user=0.04 sys=0.01, real=0.01 secs] 
Heap after GC invocations=4 (full 1):
 par new generation   total 109248K, used 12713K [0x00000007a0000000, 0x00000007a8000000, 0x00000007a8000000)
  eden space 87424K,   0% used [0x00000007a0000000, 0x00000007a0000000, 0x00000007a5560000)
  from space 21824K,  58% used [0x00000007a5560000, 0x00000007a61ca500, 0x00000007a6ab0000)
  to   space 21824K,   0% used [0x00000007a6ab0000, 0x00000007a6ab0000, 0x00000007a8000000)
 concurrent mark-sweep generation total 393216K, used 0K [0x00000007a8000000, 0x00000007c0000000, 0x00000007c0000000)
 Metaspace       used 21773K, capacity 22196K, committed 22548K, reserved 1069056K
  class space    used 2580K, capacity 2723K, committed 2764K, reserved 1048576K
}
7.858: [Rescan (parallel) , 0.0073804 secs]7.866: [weak refs processing, 0.0007684 secs]7.867: [class unloading, 0.0077473 secs]7.874: [scrub symbol table, 0.0034212 secs]7.878: [scrub string table, 0.0003875 secs][1 CMS-remark: 0K(393216K)] 12713K(502464K), 0.0384397 secs] [Times: user=0.07 sys=0.02, real=0.03 secs] 
2015-07-12T05:01:16.038-0200: 7.880: Total time for which application threads were stopped: 0.0385785 seconds, Stopping threads took: 0.0000324 seconds
2015-07-12T05:01:16.039-0200: 7.880: [CMS-concurrent-sweep-start]
2015-07-12T05:01:16.039-0200: 7.880: [CMS-concurrent-sweep: 0.000/0.000 secs] [Times: user=0.00 sys=0.00, real=0.00 secs] 
2015-07-12T05:01:16.039-0200: 7.880: [CMS-concurrent-reset-start]
2015-07-12T05:01:16.040-0200: 7.881: Total time for which application threads were stopped: 0.0002632 seconds, Stopping threads took: 0.0001295 seconds
2015-07-12T05:01:16.041-0200: 7.882: Total time for which application threads were stopped: 0.0001494 seconds, Stopping threads took: 0.0000192 seconds
2015-07-12T05:01:16.045-0200: 7.886: [CMS-concurrent-reset: 0.006/0.006 secs] [Times: user=0.00 sys=0.00, real=0.01 secs] 
2015-07-12T05:01:16.135-0200: 7.976: Total time for which application threads were stopped: 0.0001182 seconds, Stopping threads took: 0.0000344 seconds
2015-07-12T05:01:16.242-0200: 8.083: Total time for which application threads were stopped: 0.0000905 seconds, Stopping threads took: 0.0000158 seconds
2015-07-12T05:01:16.242-0200: 8.083: Total time for which application threads were stopped: 0.0000580 seconds, Stopping threads took: 0.0000113 seconds
2015-07-12T05:01:16.242-0200: 8.083: Total time for which application threads were stopped: 0.0000561 seconds, Stopping threads took: 0.0000104 seconds
2015-07-12T05:01:16.242-0200: 8.083: Total time for which application threads were stopped: 0.0000503 seconds, Stopping threads took: 0.0000104 seconds
2015-07-12T05:01:16.242-0200: 8.083: Total time for which application threads were stopped: 0.0000374 seconds, Stopping threads took: 0.0000068 seconds
2015-07-12T05:01:16.242-0200: 8.083: Total time for which application threads were stopped: 0.0000390 seconds, Stopping threads took: 0.0000070 seconds
2015-07-12T05:01:16.242-0200: 8.083: Total time for which application threads were stopped: 0.0000406 seconds, Stopping threads took: 0.0000075 seconds
2015-07-12T05:01:16.242-0200: 8.083: Total time for which application threads were stopped: 0.0000376 seconds, Stopping threads took: 0.0000069 seconds
2015-07-12T05:01:16.242-0200: 8.083: Total time for which application threads were stopped: 0.0000373 seconds, Stopping threads took: 0.0000069 seconds
2015-07-12T05:01:16.242-0200: 8.084: Total time for which application threads were stopped: 0.0000409 seconds, Stopping threads took: 0.0000073 seconds
2015-07-12T05:01:16.242-0200: 8.084: Total time for which application threads were stopped: 0.0000406 seconds, Stopping threads took: 0.0000076 seconds
2015-07-12T05:01:16.243-0200: 8.084: Total time for which application threads were stopped: 0.0000372 seconds, Stopping threads took: 0.0000069 seconds
2015-07-12T05:01:16.243-0200: 8.084: Total time for which application threads were stopped: 0.0000372 seconds, Stopping threads took: 0.0000069 seconds
2015-07-12T05:01:16.243-0200: 8.084: Total time for which application threads were stopped: 0.0000407 seconds, Stopping threads took: 0.0000074 seconds
2015-07-12T05:01:16.243-0200: 8.084: Total time for which application threads were stopped: 0.0001066 seconds, Stopping threads took: 0.0000069 seconds
2015-07-12T05:01:16.249-0200: 8.090: Total time for which application threads were stopped: 0.0000781 seconds, Stopping threads took: 0.0000146 seconds
2015-07-12T05:01:16.337-0200: 8.178: Total time for which application threads were stopped: 0.0002219 seconds, Stopping threads took: 0.0000972 seconds
2015-07-12T05:01:16.343-0200: 8.184: Total time for which application threads were stopped: 0.0001115 seconds, Stopping threads took: 0.0000356 seconds
2015-07-12T05:01:16.345-0200: 8.186: Total time for which application threads were stopped: 0.0000833 seconds, Stopping threads took: 0.0000177 seconds
2015-07-12T05:01:16.345-0200: 8.187: Total time for which application threads were stopped: 0.0000864 seconds, Stopping threads took: 0.0000303 seconds
{Heap before GC invocations=4 (full 1):
 par new generation   total 109248K, used 100137K [0x00000007a0000000, 0x00000007a8000000, 0x00000007a8000000)
  eden space 87424K, 100% used [0x00000007a0000000, 0x00000007a5560000, 0x00000007a5560000)
  from space 21824K,  58% used [0x00000007a5560000, 0x00000007a61ca500, 0x00000007a6ab0000)
  to   space 21824K,   0% used [0x00000007a6ab0000, 0x00000007a6ab0000, 0x00000007a8000000)
 concurrent mark-sweep generation total 393216K, used 0K [0x00000007a8000000, 0x00000007c0000000, 0x00000007c0000000)
 Metaspace       used 22541K, capacity 22958K, committed 23188K, reserved 1069056K
  class space    used 2688K, capacity 2824K, committed 2892K, reserved 1048576K
2015-07-12T05:01:16.348-0200: 8.189: [GC (Allocation Failure) 8.189: [ParNew
Desired survivor size 20112992 bytes, new threshold 8 (max 8)
- age   1:     838592 bytes,     838592 total
- age   2:     134136 bytes,     972728 total
- age   3:    3621336 bytes,    4594064 total
- age   4:     912592 bytes,    5506656 total
- age   5:    2482112 bytes,    7988768 total
: 100137K->9874K(109248K), 0.0105968 secs] 100137K->9874K(502464K), 0.0106798 secs] [Times: user=0.03 sys=0.00, real=0.01 secs] 
Heap after GC invocations=5 (full 1):
 par new generation   total 109248K, used 9874K [0x00000007a0000000, 0x00000007a8000000, 0x00000007a8000000)
  eden space 87424K,   0% used [0x00000007a0000000, 0x00000007a0000000, 0x00000007a5560000)
  from space 21824K,  45% used [0x00000007a6ab0000, 0x00000007a7454ac0, 0x00000007a8000000)
  to   space 21824K,   0% used [0x00000007a5560000, 0x00000007a5560000, 0x00000007a6ab0000)
 concurrent mark-sweep generation total 393216K, used 0K [0x00000007a8000000, 0x00000007c0000000, 0x00000007c0000000)
 Metaspace       used 22541K, capacity 22958K, committed 23188K, reserved 1069056K
  class space    used 2688K, capacity 2824K, committed 2892K, reserved 1048576K
}
2015-07-12T05:01:16.359-0200: 8.200: Total time for which application threads were stopped: 0.0108559 seconds, Stopping threads took: 0.0000165 seconds
2015-07-12T05:01:16.359-0200: 8.200: Total time for which application threads were stopped: 0.0001078 seconds, Stopping threads took: 0.0000371 seconds
2015-07-12T05:01:16.519-0200: 8.360: Total time for which application threads were stopped: 0.0003833 seconds, Stopping threads took: 0.0000232 seconds
2015-07-12T05:01:16.652-0200: 8.493: Total time for which application threads were stopped: 0.0004412 seconds, Stopping threads took: 0.0000230 seconds
2015-07-12T05:01:16.670-0200: 8.511: Total time for which application threads were stopped: 0.0003135 seconds, Stopping threads took: 0.0000162 seconds
2015-07-12T05:01:16.760-0200: 8.601: Total time for which application threads were stopped: 0.0000964 seconds, Stopping threads took: 0.0000172 seconds
2015-07-12T05:01:17.011-0200: 8.852: Total time for which application threads were stopped: 0.0001249 seconds, Stopping threads took: 0.0000188 seconds
2015-07-12T05:01:17.155-0200: 8.996: Total time for which application threads were stopped: 0.0001862 seconds, Stopping threads took: 0.0000486 seconds
2015-07-12T05:01:17.155-0200: 8.996: Total time for which application threads were stopped: 0.0001169 seconds, Stopping threads took: 0.0000346 seconds
2015-07-12T05:01:17.177-0200: 9.018: Total time for which application threads were stopped: 0.0001184 seconds, Stopping threads took: 0.0000323 seconds
2015-07-12T05:01:17.177-0200: 9.018: Total time for which application threads were stopped: 0.0000838 seconds, Stopping threads took: 0.0000365 seconds
2015-07-12T05:01:17.179-0200: 9.020: Total time for which application threads were stopped: 0.0001134 seconds, Stopping threads took: 0.0000220 seconds
2015-07-12T05:01:17.233-0200: 9.074: Total time for which application threads were stopped: 0.0001228 seconds, Stopping threads took: 0.0000426 seconds
2015-07-12T05:01:17.234-0200: 9.075: Total time for which application threads were stopped: 0.0000864 seconds, Stopping threads took: 0.0000358 seconds
2015-07-12T05:01:17.234-0200: 9.075: Total time for which application threads were stopped: 0.0000591 seconds, Stopping threads took: 0.0000114 seconds
2015-07-12T05:01:17.234-0200: 9.075: Total time for which application threads were stopped: 0.0000796 seconds, Stopping threads took: 0.0000304 seconds
2015-07-12T05:01:17.234-0200: 9.075: Total time for which application threads were stopped: 0.0000732 seconds, Stopping threads took: 0.0000273 seconds
2015-07-12T05:01:17.468-0200: 9.310: Total time for which application threads were stopped: 0.0001012 seconds, Stopping threads took: 0.0000221 seconds
2015-07-12T05:01:17.469-0200: 9.310: Total time for which application threads were stopped: 0.0001086 seconds, Stopping threads took: 0.0000595 seconds
2015-07-12T05:01:17.469-0200: 9.310: Total time for which application threads were stopped: 0.0000753 seconds, Stopping threads took: 0.0000280 seconds
2015-07-12T05:01:17.490-0200: 9.331: Total time for which application threads were stopped: 0.0001127 seconds, Stopping threads took: 0.0000236 seconds
2015-07-12T05:01:17.499-0200: 9.340: Total time for which application threads were stopped: 0.0000791 seconds, Stopping threads took: 0.0000190 seconds
2015-07-12T05:01:17.524-0200: 9.365: Total time for which application threads were stopped: 0.0003583 seconds, Stopping threads took: 0.0000412 seconds
2015-07-12T05:01:17.582-0200: 9.424: Total time for which application threads were stopped: 0.0000980 seconds, Stopping threads took: 0.0000199 seconds
2015-07-12T05:01:17.583-0200: 9.424: Total time for which application threads were stopped: 0.0000402 seconds, Stopping threads took: 0.0000086 seconds
2015-07-12T05:01:17.583-0200: 9.424: Total time for which application threads were stopped: 0.0000394 seconds, Stopping threads took: 0.0000088 seconds
2015-07-12T05:01:17.596-0200: 9.437: Total time for which application threads were stopped: 0.0000757 seconds, Stopping threads took: 0.0000212 seconds
2015-07-12T05:01:17.598-0200: 9.439: Total time for which application threads were stopped: 0.0000973 seconds, Stopping threads took: 0.0000211 seconds
2015-07-12T05:01:17.628-0200: 9.470: Total time for which application threads were stopped: 0.0000895 seconds, Stopping threads took: 0.0000184 seconds
2015-07-12T05:01:17.658-0200: 9.499: Total time for which application threads were stopped: 0.0000771 seconds, Stopping threads took: 0.0000186 seconds
2015-07-12T05:01:17.658-0200: 9.499: Total time for which application threads were stopped: 0.0000655 seconds, Stopping threads took: 0.0000164 seconds
2015-07-12T05:01:17.659-0200: 9.500: Total time for which application threads were stopped: 0.0000750 seconds, Stopping threads took: 0.0000164 seconds
2015-07-12T05:01:17.660-0200: 9.502: Total time for which application threads were stopped: 0.0000521 seconds, Stopping threads took: 0.0000136 seconds
2015-07-12T05:01:17.666-0200: 9.507: Total time for which application threads were stopped: 0.0001018 seconds, Stopping threads took: 0.0000388 seconds
2015-07-12T05:01:17.667-0200: 9.508: Total time for which application threads were stopped: 0.0000657 seconds, Stopping threads took: 0.0000128 seconds
2015-07-12T05:01:17.669-0200: 9.510: Total time for which application threads were stopped: 0.0000882 seconds, Stopping threads took: 0.0000441 seconds
2015-07-12T05:01:17.669-0200: 9.510: Total time for which application threads were stopped: 0.0000511 seconds, Stopping threads took: 0.0000105 seconds
2015-07-12T05:01:17.670-0200: 9.511: Total time for which application threads were stopped: 0.0000700 seconds, Stopping threads took: 0.0000345 seconds
2015-07-12T05:01:17.673-0200: 9.514: Total time for which application threads were stopped: 0.0000775 seconds, Stopping threads took: 0.0000192 seconds
2015-07-12T05:01:17.673-0200: 9.514: Total time for which application threads were stopped: 0.0000556 seconds, Stopping threads took: 0.0000097 seconds
2015-07-12T05:01:17.673-0200: 9.514: Total time for which application threads were stopped: 0.0000418 seconds, Stopping threads took: 0.0000087 seconds
2015-07-12T05:01:17.674-0200: 9.515: Total time for which application threads were stopped: 0.0001143 seconds, Stopping threads took: 0.0000731 seconds
2015-07-12T05:01:17.674-0200: 9.516: Total time for which application threads were stopped: 0.0001522 seconds, Stopping threads took: 0.0000358 seconds
2015-07-12T05:01:17.681-0200: 9.522: Total time for which application threads were stopped: 0.0000890 seconds, Stopping threads took: 0.0000224 seconds
2015-07-12T05:01:17.686-0200: 9.528: Total time for which application threads were stopped: 0.0000906 seconds, Stopping threads took: 0.0000198 seconds
2015-07-12T05:01:17.700-0200: 9.541: Total time for which application threads were stopped: 0.0001087 seconds, Stopping threads took: 0.0000471 seconds
2015-07-12T05:01:17.708-0200: 9.549: Total time for which application threads were stopped: 0.0001235 seconds, Stopping threads took: 0.0000239 seconds
2015-07-12T05:01:17.731-0200: 9.572: Total time for which application threads were stopped: 0.0001067 seconds, Stopping threads took: 0.0000230 seconds
2015-07-12T05:01:17.737-0200: 9.578: Total time for which application threads were stopped: 0.0001046 seconds, Stopping threads took: 0.0000213 seconds
2015-07-12T05:01:17.740-0200: 9.581: Total time for which application threads were stopped: 0.0001035 seconds, Stopping threads took: 0.0000227 seconds
2015-07-12T05:01:17.747-0200: 9.588: Total time for which application threads were stopped: 0.0001177 seconds, Stopping threads took: 0.0000225 seconds
2015-07-12T05:01:17.749-0200: 9.590: Total time for which application threads were stopped: 0.0000778 seconds, Stopping threads took: 0.0000156 seconds
2015-07-12T05:01:17.750-0200: 9.591: Total time for which application threads were stopped: 0.0000676 seconds, Stopping threads took: 0.0000131 seconds
2015-07-12T05:01:17.752-0200: 9.593: Total time for which application threads were stopped: 0.0000920 seconds, Stopping threads took: 0.0000149 seconds
2015-07-12T05:01:17.758-0200: 9.599: Total time for which application threads were stopped: 0.0001027 seconds, Stopping threads took: 0.0000419 seconds
2015-07-12T05:01:17.770-0200: 9.611: Total time for which application threads were stopped: 0.0001243 seconds, Stopping threads took: 0.0000221 seconds
2015-07-12T05:01:17.784-0200: 9.625: Total time for which application threads were stopped: 0.0001335 seconds, Stopping threads took: 0.0000448 seconds
2015-07-12T05:01:17.797-0200: 9.638: Total time for which application threads were stopped: 0.0000934 seconds, Stopping threads took: 0.0000295 seconds
2015-07-12T05:01:17.814-0200: 9.655: Total time for which application threads were stopped: 0.0001281 seconds, Stopping threads took: 0.0000214 seconds
2015-07-12T05:01:17.824-0200: 9.666: Total time for which application threads were stopped: 0.0001023 seconds, Stopping threads took: 0.0000423 seconds
2015-07-12T05:01:17.829-0200: 9.670: Total time for which application threads were stopped: 0.0004686 seconds, Stopping threads took: 0.0000232 seconds
2015-07-12T05:01:17.845-0200: 9.686: Total time for which application threads were stopped: 0.0000944 seconds, Stopping threads took: 0.0000216 seconds
2015-07-12T05:01:17.846-0200: 9.687: Total time for which application threads were stopped: 0.0000717 seconds, Stopping threads took: 0.0000149 seconds
2015-07-12T05:01:17.846-0200: 9.687: Total time for which application threads were stopped: 0.0001578 seconds, Stopping threads took: 0.0000117 seconds
2015-07-12T05:01:17.846-0200: 9.687: Total time for which application threads were stopped: 0.0000528 seconds, Stopping threads took: 0.0000100 seconds
2015-07-12T05:01:17.847-0200: 9.688: Total time for which application threads were stopped: 0.0000619 seconds, Stopping threads took: 0.0000114 seconds
2015-07-12T05:01:17.872-0200: 9.713: Total time for which application threads were stopped: 0.0000875 seconds, Stopping threads took: 0.0000219 seconds
2015-07-12T05:01:17.872-0200: 9.713: Total time for which application threads were stopped: 0.0000470 seconds, Stopping threads took: 0.0000090 seconds
2015-07-12T05:01:17.935-0200: 9.776: Total time for which application threads were stopped: 0.0001347 seconds, Stopping threads took: 0.0000371 seconds
2015-07-12T05:01:17.946-0200: 9.787: Total time for which application threads were stopped: 0.0001177 seconds, Stopping threads took: 0.0000405 seconds
2015-07-12T05:01:17.957-0200: 9.798: Total time for which application threads were stopped: 0.0000813 seconds, Stopping threads took: 0.0000178 seconds
2015-07-12T05:01:17.958-0200: 9.799: Total time for which application threads were stopped: 0.0000862 seconds, Stopping threads took: 0.0000328 seconds
2015-07-12T05:01:17.959-0200: 9.800: Total time for which application threads were stopped: 0.0002094 seconds, Stopping threads took: 0.0000407 seconds
2015-07-12T05:01:17.967-0200: 9.809: Total time for which application threads were stopped: 0.0001060 seconds, Stopping threads took: 0.0000420 seconds
2015-07-12T05:01:18.001-0200: 9.843: Total time for which application threads were stopped: 0.0001433 seconds, Stopping threads took: 0.0000374 seconds
2015-07-12T05:01:18.004-0200: 9.845: Total time for which application threads were stopped: 0.0001220 seconds, Stopping threads took: 0.0000447 seconds
2015-07-12T05:01:20.235-0200: 12.076: Total time for which application threads were stopped: 0.0002082 seconds, Stopping threads took: 0.0000386 seconds
2015-07-12T05:01:20.241-0200: 12.082: Total time for which application threads were stopped: 0.0000806 seconds, Stopping threads took: 0.0000167 seconds
2015-07-12T05:01:20.241-0200: 12.082: Total time for which application threads were stopped: 0.0000476 seconds, Stopping threads took: 0.0000068 seconds
2015-07-12T05:01:20.248-0200: 12.089: Total time for which application threads were stopped: 0.0001672 seconds, Stopping threads took: 0.0000470 seconds
2015-07-12T05:01:20.248-0200: 12.089: Total time for which application threads were stopped: 0.0000673 seconds, Stopping threads took: 0.0000149 seconds
2015-07-12T05:01:36.233-0200: 28.075: Total time for which application threads were stopped: 0.0006734 seconds, Stopping threads took: 0.0001756 seconds
2015-07-12T05:01:36.267-0200: 28.108: Total time for which application threads were stopped: 0.0001236 seconds, Stopping threads took: 0.0000239 seconds
2015-07-12T05:01:38.659-0200: 30.501: Total time for which application threads were stopped: 0.0003172 seconds, Stopping threads took: 0.0000995 seconds
2015-07-12T05:01:38.660-0200: 30.501: Total time for which application threads were stopped: 0.0000800 seconds, Stopping threads took: 0.0000116 seconds
2015-07-12T05:01:38.673-0200: 30.515: Total time for which application threads were stopped: 0.0001198 seconds, Stopping threads took: 0.0000198 seconds
2015-07-12T05:01:38.673-0200: 30.515: Total time for which application threads were stopped: 0.0000756 seconds, Stopping threads took: 0.0000103 seconds
2015-07-12T05:01:39.675-0200: 31.517: Total time for which application threads were stopped: 0.0001678 seconds, Stopping threads took: 0.0000445 seconds
2015-07-12T05:02:10.793-0200: 62.636: Total time for which application threads were stopped: 0.0002539 seconds, Stopping threads took: 0.0001054 seconds
2015-07-12T05:02:10.802-0200: 62.645: Total time for which application threads were stopped: 0.0000963 seconds, Stopping threads took: 0.0000255 seconds
2015-07-12T05:02:10.823-0200: 62.666: Total time for which application threads were stopped: 0.0001366 seconds, Stopping threads took: 0.0000586 seconds
2015-07-12T05:02:10.988-0200: 62.831: Total time for which application threads were stopped: 0.0001998 seconds, Stopping threads took: 0.0000522 seconds
2015-07-12T05:02:10.988-0200: 62.831: Total time for which application threads were stopped: 0.0000933 seconds, Stopping threads took: 0.0000437 seconds
2015-07-12T05:02:11.003-0200: 62.846: Total time for which application threads were stopped: 0.0001468 seconds, Stopping threads took: 0.0000245 seconds
2015-07-12T05:02:11.003-0200: 62.846: Total time for which application threads were stopped: 0.0000764 seconds, Stopping threads took: 0.0000143 seconds
2015-07-12T05:02:11.025-0200: 62.867: Total time for which application threads were stopped: 0.0001575 seconds, Stopping threads took: 0.0000453 seconds
2015-07-12T05:02:12.029-0200: 63.871: Total time for which application threads were stopped: 0.0001479 seconds, Stopping threads took: 0.0000418 seconds
2015-07-12T05:03:11.006-0200: 122.850: Total time for which application threads were stopped: 0.0001609 seconds, Stopping threads took: 0.0000668 seconds
2015-07-12T05:03:51.152-0200: 162.997: Total time for which application threads were stopped: 0.0001825 seconds, Stopping threads took: 0.0000412 seconds
2015-07-12T05:05:21.391-0200: 253.239: Total time for which application threads were stopped: 0.0002945 seconds, Stopping threads took: 0.0000758 seconds
2015-07-12T05:08:03.181-0200: 415.034: Total time for which application threads were stopped: 0.0055963 seconds, Stopping threads took: 0.0001763 seconds
2015-07-12T05:08:03.207-0200: 415.060: Total time for which application threads were stopped: 0.0000860 seconds, Stopping threads took: 0.0000194 seconds
2015-07-12T05:08:03.216-0200: 415.069: Total time for which application threads were stopped: 0.0000849 seconds, Stopping threads took: 0.0000187 seconds
2015-07-12T05:08:29.095-0200: 440.949: Total time for which application threads were stopped: 0.0000850 seconds, Stopping threads took: 0.0000215 seconds
2015-07-12T05:08:29.110-0200: 440.963: Total time for which application threads were stopped: 0.0001309 seconds, Stopping threads took: 0.0000232 seconds
2015-07-12T05:08:29.110-0200: 440.964: Total time for which application threads were stopped: 0.0000844 seconds, Stopping threads took: 0.0000327 seconds
2015-07-12T05:08:29.111-0200: 440.964: Total time for which application threads were stopped: 0.0001335 seconds, Stopping threads took: 0.0000776 seconds
2015-07-12T05:08:29.111-0200: 440.964: Total time for which application threads were stopped: 0.0000595 seconds, Stopping threads took: 0.0000242 seconds
2015-07-12T05:08:29.120-0200: 440.973: Total time for which application threads were stopped: 0.0001221 seconds, Stopping threads took: 0.0000407 seconds
2015-07-12T05:08:29.120-0200: 440.973: Total time for which application threads were stopped: 0.0000523 seconds, Stopping threads took: 0.0000073 seconds
2015-07-12T05:08:29.164-0200: 441.017: Total time for which application threads were stopped: 0.0000783 seconds, Stopping threads took: 0.0000170 seconds
2015-07-12T05:08:29.173-0200: 441.026: Total time for which application threads were stopped: 0.0001509 seconds, Stopping threads took: 0.0000291 seconds
2015-07-12T05:08:29.173-0200: 441.026: Total time for which application threads were stopped: 0.0000745 seconds, Stopping threads took: 0.0000081 seconds
2015-07-12T05:08:29.181-0200: 441.034: Total time for which application threads were stopped: 0.0001130 seconds, Stopping threads took: 0.0000427 seconds
2015-07-12T05:08:29.181-0200: 441.034: Total time for which application threads were stopped: 0.0000821 seconds, Stopping threads took: 0.0000376 seconds
2015-07-12T05:08:29.191-0200: 441.044: Total time for which application threads were stopped: 0.0003980 seconds, Stopping threads took: 0.0003308 seconds
2015-07-12T05:08:29.281-0200: 441.134: Total time for which application threads were stopped: 0.0001071 seconds, Stopping threads took: 0.0000192 seconds
2015-07-12T05:08:29.289-0200: 441.142: Total time for which application threads were stopped: 0.0001916 seconds, Stopping threads took: 0.0000226 seconds
2015-07-12T05:08:29.290-0200: 441.143: Total time for which application threads were stopped: 0.0001027 seconds, Stopping threads took: 0.0000182 seconds
2015-07-12T05:08:29.291-0200: 441.144: Total time for which application threads were stopped: 0.0000939 seconds, Stopping threads took: 0.0000164 seconds
2015-07-12T05:08:29.292-0200: 441.145: Total time for which application threads were stopped: 0.0001031 seconds, Stopping threads took: 0.0000182 seconds
2015-07-12T05:08:29.295-0200: 441.148: Total time for which application threads were stopped: 0.0001225 seconds, Stopping threads took: 0.0000215 seconds
2015-07-12T05:08:29.298-0200: 441.151: Total time for which application threads were stopped: 0.0001171 seconds, Stopping threads took: 0.0000207 seconds
2015-07-12T05:08:29.298-0200: 441.151: Total time for which application threads were stopped: 0.0000729 seconds, Stopping threads took: 0.0000112 seconds
2015-07-12T05:08:29.303-0200: 441.156: Total time for which application threads were stopped: 0.0001558 seconds, Stopping threads took: 0.0000320 seconds
2015-07-12T05:08:29.310-0200: 441.163: Total time for which application threads were stopped: 0.0001944 seconds, Stopping threads took: 0.0000203 seconds
2015-07-12T05:08:29.310-0200: 441.163: Total time for which application threads were stopped: 0.0000807 seconds, Stopping threads took: 0.0000131 seconds
2015-07-12T05:08:29.310-0200: 441.163: Total time for which application threads were stopped: 0.0002047 seconds, Stopping threads took: 0.0000117 seconds
2015-07-12T05:08:29.321-0200: 441.174: Total time for which application threads were stopped: 0.0001206 seconds, Stopping threads took: 0.0000221 seconds
2015-07-12T05:08:29.321-0200: 441.174: Total time for which application threads were stopped: 0.0000679 seconds, Stopping threads took: 0.0000105 seconds
2015-07-12T05:08:29.322-0200: 441.175: Total time for which application threads were stopped: 0.0000911 seconds, Stopping threads took: 0.0000165 seconds
2015-07-12T05:08:29.323-0200: 441.176: Total time for which application threads were stopped: 0.0000952 seconds, Stopping threads took: 0.0000299 seconds
2015-07-12T05:08:29.323-0200: 441.177: Total time for which application threads were stopped: 0.0001090 seconds, Stopping threads took: 0.0000464 seconds
2015-07-12T05:08:29.324-0200: 441.177: Total time for which application threads were stopped: 0.0000747 seconds, Stopping threads took: 0.0000125 seconds
2015-07-12T05:08:29.325-0200: 441.178: Total time for which application threads were stopped: 0.0002201 seconds, Stopping threads took: 0.0000141 seconds
{Heap before GC invocations=5 (full 1):
 par new generation   total 109248K, used 97298K [0x00000007a0000000, 0x00000007a8000000, 0x00000007a8000000)
  eden space 87424K, 100% used [0x00000007a0000000, 0x00000007a5560000, 0x00000007a5560000)
  from space 21824K,  45% used [0x00000007a6ab0000, 0x00000007a7454ac0, 0x00000007a8000000)
  to   space 21824K,   0% used [0x00000007a5560000, 0x00000007a5560000, 0x00000007a6ab0000)
 concurrent mark-sweep generation total 393216K, used 0K [0x00000007a8000000, 0x00000007c0000000, 0x00000007c0000000)
 Metaspace       used 29723K, capacity 30108K, committed 30540K, reserved 1077248K
  class space    used 3502K, capacity 3627K, committed 3660K, reserved 1048576K
2015-07-12T05:08:29.409-0200: 441.262: [GC (Allocation Failure) 441.262: [ParNew
Desired survivor size 20112992 bytes, new threshold 6 (max 8)
- age   1:   14104264 bytes,   14104264 total
- age   2:     180888 bytes,   14285152 total
- age   3:     126136 bytes,   14411288 total
- age   4:    2826360 bytes,   17237648 total
- age   5:     907640 bytes,   18145288 total
- age   6:    2478496 bytes,   20623784 total
: 97298K->21824K(109248K), 0.1645051 secs] 97298K->22651K(502464K), 0.1646646 secs] [Times: user=0.11 sys=0.19, real=0.17 secs] 
Heap after GC invocations=6 (full 1):
 par new generation   total 109248K, used 21824K [0x00000007a0000000, 0x00000007a8000000, 0x00000007a8000000)
  eden space 87424K,   0% used [0x00000007a0000000, 0x00000007a0000000, 0x00000007a5560000)
  from space 21824K, 100% used [0x00000007a5560000, 0x00000007a6ab0000, 0x00000007a6ab0000)
  to   space 21824K,   0% used [0x00000007a6ab0000, 0x00000007a6ab0000, 0x00000007a8000000)
 concurrent mark-sweep generation total 393216K, used 827K [0x00000007a8000000, 0x00000007c0000000, 0x00000007c0000000)
 Metaspace       used 29723K, capacity 30108K, committed 30540K, reserved 1077248K
  class space    used 3502K, capacity 3627K, committed 3660K, reserved 1048576K
}
2015-07-12T05:08:29.574-0200: 441.427: Total time for which application threads were stopped: 0.1650388 seconds, Stopping threads took: 0.0000238 seconds
2015-07-12T05:08:29.748-0200: 441.601: Total time for which application threads were stopped: 0.0007477 seconds, Stopping threads took: 0.0000229 seconds
2015-07-12T05:08:29.762-0200: 441.615: Total time for which application threads were stopped: 0.0001173 seconds, Stopping threads took: 0.0000230 seconds
2015-07-12T05:08:29.819-0200: 441.673: Total time for which application threads were stopped: 0.0003844 seconds, Stopping threads took: 0.0000237 seconds
{Heap before GC invocations=6 (full 1):
 par new generation   total 109248K, used 109248K [0x00000007a0000000, 0x00000007a8000000, 0x00000007a8000000)
  eden space 87424K, 100% used [0x00000007a0000000, 0x00000007a5560000, 0x00000007a5560000)
  from space 21824K, 100% used [0x00000007a5560000, 0x00000007a6ab0000, 0x00000007a6ab0000)
  to   space 21824K,   0% used [0x00000007a6ab0000, 0x00000007a6ab0000, 0x00000007a8000000)
 concurrent mark-sweep generation total 393216K, used 827K [0x00000007a8000000, 0x00000007c0000000, 0x00000007c0000000)
 Metaspace       used 29824K, capacity 30274K, committed 30540K, reserved 1077248K
  class space    used 3507K, capacity 3660K, committed 3660K, reserved 1048576K
2015-07-12T05:08:30.014-0200: 441.868: [GC (Allocation Failure) 441.868: [ParNew
Desired survivor size 20112992 bytes, new threshold 8 (max 8)
- age   1:    1228216 bytes,    1228216 total
- age   2:    6894720 bytes,    8122936 total
- age   3:     180888 bytes,    8303824 total
- age   4:     126008 bytes,    8429832 total
- age   5:    2825776 bytes,   11255608 total
- age   6:     907624 bytes,   12163232 total
: 109248K->20326K(109248K), 0.0474178 secs] 110075K->23809K(502464K), 0.0474953 secs] [Times: user=0.08 sys=0.02, real=0.05 secs] 
Heap after GC invocations=7 (full 1):
 par new generation   total 109248K, used 20326K [0x00000007a0000000, 0x00000007a8000000, 0x00000007a8000000)
  eden space 87424K,   0% used [0x00000007a0000000, 0x00000007a0000000, 0x00000007a5560000)
  from space 21824K,  93% used [0x00000007a6ab0000, 0x00000007a7e89940, 0x00000007a8000000)
  to   space 21824K,   0% used [0x00000007a5560000, 0x00000007a5560000, 0x00000007a6ab0000)
 concurrent mark-sweep generation total 393216K, used 3483K [0x00000007a8000000, 0x00000007c0000000, 0x00000007c0000000)
 Metaspace       used 29824K, capacity 30274K, committed 30540K, reserved 1077248K
  class space    used 3507K, capacity 3660K, committed 3660K, reserved 1048576K
}
2015-07-12T05:08:30.062-0200: 441.915: Total time for which application threads were stopped: 0.0478146 seconds, Stopping threads took: 0.0000480 seconds
2015-07-12T05:08:30.063-0200: 441.916: Total time for which application threads were stopped: 0.0001789 seconds, Stopping threads took: 0.0000350 seconds
2015-07-12T05:08:30.205-0200: 442.058: Total time for which application threads were stopped: 0.0001610 seconds, Stopping threads took: 0.0000353 seconds
{Heap before GC invocations=7 (full 1):
 par new generation   total 109248K, used 107750K [0x00000007a0000000, 0x00000007a8000000, 0x00000007a8000000)
  eden space 87424K, 100% used [0x00000007a0000000, 0x00000007a5560000, 0x00000007a5560000)
  from space 21824K,  93% used [0x00000007a6ab0000, 0x00000007a7e89940, 0x00000007a8000000)
  to   space 21824K,   0% used [0x00000007a5560000, 0x00000007a5560000, 0x00000007a6ab0000)
 concurrent mark-sweep generation total 393216K, used 3483K [0x00000007a8000000, 0x00000007c0000000, 0x00000007c0000000)
 Metaspace       used 29874K, capacity 30280K, committed 30668K, reserved 1077248K
  class space    used 3508K, capacity 3661K, committed 3788K, reserved 1048576K
2015-07-12T05:08:30.233-0200: 442.087: [GC (Allocation Failure) 442.087: [ParNew
Desired survivor size 20112992 bytes, new threshold 8 (max 8)
- age   1:     337776 bytes,     337776 total
- age   2:     984760 bytes,    1322536 total
- age   3:    6892032 bytes,    8214568 total
- age   4:     180752 bytes,    8395320 total
- age   5:     125960 bytes,    8521280 total
- age   6:    2825816 bytes,   11347096 total
- age   7:     908152 bytes,   12255248 total
: 107750K->14890K(109248K), 0.0169384 secs] 111233K->18373K(502464K), 0.0170374 secs] [Times: user=0.06 sys=0.00, real=0.02 secs] 
Heap after GC invocations=8 (full 1):
 par new generation   total 109248K, used 14890K [0x00000007a0000000, 0x00000007a8000000, 0x00000007a8000000)
  eden space 87424K,   0% used [0x00000007a0000000, 0x00000007a0000000, 0x00000007a5560000)
  from space 21824K,  68% used [0x00000007a5560000, 0x00000007a63eaa10, 0x00000007a6ab0000)
  to   space 21824K,   0% used [0x00000007a6ab0000, 0x00000007a6ab0000, 0x00000007a8000000)
 concurrent mark-sweep generation total 393216K, used 3483K [0x00000007a8000000, 0x00000007c0000000, 0x00000007c0000000)
 Metaspace       used 29874K, capacity 30280K, committed 30668K, reserved 1077248K
  class space    used 3508K, capacity 3661K, committed 3788K, reserved 1048576K
}
2015-07-12T05:08:30.250-0200: 442.104: Total time for which application threads were stopped: 0.0173466 seconds, Stopping threads took: 0.0000459 seconds
2015-07-12T05:08:30.314-0200: 442.167: Total time for which application threads were stopped: 0.0149786 seconds, Stopping threads took: 0.0003039 seconds
2015-07-12T05:08:30.363-0200: 442.216: Total time for which application threads were stopped: 0.0001492 seconds, Stopping threads took: 0.0000456 seconds
2015-07-12T05:08:30.363-0200: 442.216: Total time for which application threads were stopped: 0.0001065 seconds, Stopping threads took: 0.0000500 seconds
2015-07-12T05:08:30.364-0200: 442.217: Total time for which application threads were stopped: 0.0001185 seconds, Stopping threads took: 0.0000511 seconds
2015-07-12T05:08:30.366-0200: 442.219: Total time for which application threads were stopped: 0.0001025 seconds, Stopping threads took: 0.0000215 seconds
2015-07-12T05:08:30.368-0200: 442.222: Total time for which application threads were stopped: 0.0001059 seconds, Stopping threads took: 0.0000190 seconds
2015-07-12T05:08:30.370-0200: 442.223: Total time for which application threads were stopped: 0.0001079 seconds, Stopping threads took: 0.0000175 seconds
2015-07-12T05:08:30.370-0200: 442.224: Total time for which application threads were stopped: 0.0000675 seconds, Stopping threads took: 0.0000113 seconds
2015-07-12T05:08:30.376-0200: 442.229: Total time for which application threads were stopped: 0.0001945 seconds, Stopping threads took: 0.0000432 seconds
2015-07-12T05:08:30.429-0200: 442.283: Total time for which application threads were stopped: 0.0004212 seconds, Stopping threads took: 0.0000178 seconds
2015-07-12T05:08:30.473-0200: 442.326: Total time for which application threads were stopped: 0.0001001 seconds, Stopping threads took: 0.0000191 seconds
2015-07-12T05:08:30.474-0200: 442.327: Total time for which application threads were stopped: 0.0000940 seconds, Stopping threads took: 0.0000254 seconds
2015-07-12T05:08:30.474-0200: 442.328: Total time for which application threads were stopped: 0.0000829 seconds, Stopping threads took: 0.0000340 seconds
2015-07-12T05:08:30.535-0200: 442.388: Total time for which application threads were stopped: 0.0001616 seconds, Stopping threads took: 0.0000605 seconds
2015-07-12T05:08:30.539-0200: 442.393: Total time for which application threads were stopped: 0.0001612 seconds, Stopping threads took: 0.0000210 seconds
2015-07-12T05:08:30.549-0200: 442.402: Total time for which application threads were stopped: 0.0000802 seconds, Stopping threads took: 0.0000178 seconds
2015-07-12T05:08:30.549-0200: 442.402: Total time for which application threads were stopped: 0.0000514 seconds, Stopping threads took: 0.0000093 seconds
2015-07-12T05:08:30.550-0200: 442.404: Total time for which application threads were stopped: 0.0000824 seconds, Stopping threads took: 0.0000134 seconds
2015-07-12T05:08:30.552-0200: 442.405: Total time for which application threads were stopped: 0.0001016 seconds, Stopping threads took: 0.0000177 seconds
2015-07-12T05:08:30.562-0200: 442.415: Total time for which application threads were stopped: 0.0001316 seconds, Stopping threads took: 0.0000199 seconds
2015-07-12T05:08:30.563-0200: 442.417: Total time for which application threads were stopped: 0.0001426 seconds, Stopping threads took: 0.0000422 seconds
2015-07-12T05:08:30.564-0200: 442.417: Total time for which application threads were stopped: 0.0001359 seconds, Stopping threads took: 0.0000671 seconds
2015-07-12T05:08:30.565-0200: 442.418: Total time for which application threads were stopped: 0.0002455 seconds, Stopping threads took: 0.0000445 seconds
2015-07-12T05:08:31.567-0200: 443.421: Total time for which application threads were stopped: 0.0002561 seconds, Stopping threads took: 0.0000648 seconds
2015-07-12T05:08:39.930-0200: 451.783: Total time for which application threads were stopped: 0.0014408 seconds, Stopping threads took: 0.0002975 seconds
2015-07-12T05:08:39.939-0200: 451.793: Total time for which application threads were stopped: 0.0000938 seconds, Stopping threads took: 0.0000183 seconds
2015-07-12T05:08:40.714-0200: 452.568: Total time for which application threads were stopped: 0.0001532 seconds, Stopping threads took: 0.0000467 seconds
2015-07-12T05:08:40.862-0200: 452.715: Total time for which application threads were stopped: 0.0000876 seconds, Stopping threads took: 0.0000161 seconds
2015-07-12T05:08:40.862-0200: 452.716: Total time for which application threads were stopped: 0.0000505 seconds, Stopping threads took: 0.0000069 seconds
2015-07-12T05:08:40.870-0200: 452.724: Total time for which application threads were stopped: 0.0001578 seconds, Stopping threads took: 0.0000260 seconds
2015-07-12T05:08:40.871-0200: 452.724: Total time for which application threads were stopped: 0.0001178 seconds, Stopping threads took: 0.0000345 seconds
2015-07-12T05:08:41.874-0200: 453.728: Total time for which application threads were stopped: 0.0000903 seconds, Stopping threads took: 0.0000199 seconds
2015-07-12T05:08:43.380-0200: 455.234: Total time for which application threads were stopped: 0.0002093 seconds, Stopping threads took: 0.0000691 seconds
2015-07-12T05:08:43.448-0200: 455.302: Total time for which application threads were stopped: 0.0001747 seconds, Stopping threads took: 0.0000661 seconds
2015-07-12T05:08:43.465-0200: 455.319: Total time for which application threads were stopped: 0.0002194 seconds, Stopping threads took: 0.0000838 seconds
2015-07-12T05:08:43.501-0200: 455.355: Total time for which application threads were stopped: 0.0001585 seconds, Stopping threads took: 0.0000404 seconds
2015-07-12T05:08:43.501-0200: 455.355: Total time for which application threads were stopped: 0.0000778 seconds, Stopping threads took: 0.0000103 seconds
2015-07-12T05:08:43.513-0200: 455.366: Total time for which application threads were stopped: 0.0003386 seconds, Stopping threads took: 0.0000483 seconds
2015-07-12T05:08:43.513-0200: 455.367: Total time for which application threads were stopped: 0.0001292 seconds, Stopping threads took: 0.0000423 seconds
2015-07-12T05:08:44.514-0200: 456.367: Total time for which application threads were stopped: 0.0002148 seconds, Stopping threads took: 0.0000311 seconds
2015-07-12T05:09:21.416-0200: 493.271: Total time for which application threads were stopped: 0.0005509 seconds, Stopping threads took: 0.0001898 seconds
2015-07-12T05:09:21.416-0200: 493.271: Total time for which application threads were stopped: 0.0000623 seconds, Stopping threads took: 0.0000152 seconds
2015-07-12T05:09:21.419-0200: 493.274: Total time for which application threads were stopped: 0.0000774 seconds, Stopping threads took: 0.0000141 seconds
2015-07-12T05:09:21.439-0200: 493.294: Total time for which application threads were stopped: 0.0001648 seconds, Stopping threads took: 0.0000347 seconds
2015-07-12T05:09:21.448-0200: 493.303: Total time for which application threads were stopped: 0.0001022 seconds, Stopping threads took: 0.0000154 seconds
2015-07-12T05:09:21.449-0200: 493.304: Total time for which application threads were stopped: 0.0000595 seconds, Stopping threads took: 0.0000118 seconds
2015-07-12T05:09:21.451-0200: 493.305: Total time for which application threads were stopped: 0.0000895 seconds, Stopping threads took: 0.0000370 seconds
2015-07-12T05:09:21.452-0200: 493.307: Total time for which application threads were stopped: 0.0001620 seconds, Stopping threads took: 0.0001054 seconds
2015-07-12T05:09:21.622-0200: 493.477: Total time for which application threads were stopped: 0.0001328 seconds, Stopping threads took: 0.0000200 seconds
2015-07-12T05:09:21.624-0200: 493.478: Total time for which application threads were stopped: 0.0001758 seconds, Stopping threads took: 0.0000845 seconds
2015-07-12T05:09:21.645-0200: 493.500: Total time for which application threads were stopped: 0.0001561 seconds, Stopping threads took: 0.0000442 seconds
2015-07-12T05:09:21.647-0200: 493.502: Total time for which application threads were stopped: 0.0001432 seconds, Stopping threads took: 0.0000574 seconds
2015-07-12T05:09:21.737-0200: 493.592: Total time for which application threads were stopped: 0.0002106 seconds, Stopping threads took: 0.0000254 seconds
2015-07-12T05:09:21.738-0200: 493.592: Total time for which application threads were stopped: 0.0000921 seconds, Stopping threads took: 0.0000148 seconds
2015-07-12T05:09:21.741-0200: 493.596: Total time for which application threads were stopped: 0.0001280 seconds, Stopping threads took: 0.0000259 seconds
2015-07-12T05:09:21.741-0200: 493.596: Total time for which application threads were stopped: 0.0000686 seconds, Stopping threads took: 0.0000114 seconds
2015-07-12T05:09:21.742-0200: 493.596: Total time for which application threads were stopped: 0.0001295 seconds, Stopping threads took: 0.0000200 seconds
2015-07-12T05:09:21.745-0200: 493.599: Total time for which application threads were stopped: 0.0001341 seconds, Stopping threads took: 0.0000443 seconds
2015-07-12T05:09:21.745-0200: 493.600: Total time for which application threads were stopped: 0.0000874 seconds, Stopping threads took: 0.0000308 seconds
2015-07-12T05:09:21.751-0200: 493.606: Total time for which application threads were stopped: 0.0000886 seconds, Stopping threads took: 0.0000192 seconds
2015-07-12T05:09:21.811-0200: 493.666: Total time for which application threads were stopped: 0.0001613 seconds, Stopping threads took: 0.0000687 seconds
2015-07-12T05:09:21.820-0200: 493.675: Total time for which application threads were stopped: 0.0001360 seconds, Stopping threads took: 0.0000627 seconds
2015-07-12T05:09:21.895-0200: 493.750: Total time for which application threads were stopped: 0.0001465 seconds, Stopping threads took: 0.0000212 seconds
2015-07-12T05:09:21.941-0200: 493.795: Total time for which application threads were stopped: 0.0001327 seconds, Stopping threads took: 0.0000220 seconds
2015-07-12T05:09:21.956-0200: 493.811: Total time for which application threads were stopped: 0.0001090 seconds, Stopping threads took: 0.0000307 seconds
2015-07-12T05:09:21.965-0200: 493.819: Total time for which application threads were stopped: 0.0002190 seconds, Stopping threads took: 0.0000370 seconds
2015-07-12T05:09:21.967-0200: 493.822: Total time for which application threads were stopped: 0.0001274 seconds, Stopping threads took: 0.0000525 seconds
2015-07-12T05:09:21.969-0200: 493.823: Total time for which application threads were stopped: 0.0001132 seconds, Stopping threads took: 0.0000222 seconds
2015-07-12T05:09:21.970-0200: 493.825: Total time for which application threads were stopped: 0.0001372 seconds, Stopping threads took: 0.0000553 seconds
2015-07-12T05:09:21.978-0200: 493.833: Total time for which application threads were stopped: 0.0001472 seconds, Stopping threads took: 0.0000634 seconds
2015-07-12T05:09:21.985-0200: 493.839: Total time for which application threads were stopped: 0.0000894 seconds, Stopping threads took: 0.0000197 seconds
2015-07-12T05:09:21.992-0200: 493.847: Total time for which application threads were stopped: 0.0001385 seconds, Stopping threads took: 0.0000623 seconds
2015-07-12T05:09:21.998-0200: 493.853: Total time for which application threads were stopped: 0.0000941 seconds, Stopping threads took: 0.0000191 seconds
2015-07-12T05:09:22.012-0200: 493.866: Total time for which application threads were stopped: 0.0001022 seconds, Stopping threads took: 0.0000193 seconds
2015-07-12T05:09:22.019-0200: 493.873: Total time for which application threads were stopped: 0.0002101 seconds, Stopping threads took: 0.0000502 seconds
2015-07-12T05:09:22.022-0200: 493.877: Total time for which application threads were stopped: 0.0001955 seconds, Stopping threads took: 0.0000405 seconds
2015-07-12T05:09:22.033-0200: 493.887: Total time for which application threads were stopped: 0.0001157 seconds, Stopping threads took: 0.0000225 seconds
2015-07-12T05:09:22.033-0200: 493.888: Total time for which application threads were stopped: 0.0000636 seconds, Stopping threads took: 0.0000111 seconds
2015-07-12T05:09:22.051-0200: 493.906: Total time for which application threads were stopped: 0.0001612 seconds, Stopping threads took: 0.0000526 seconds
2015-07-12T05:09:22.065-0200: 493.920: Total time for which application threads were stopped: 0.0001214 seconds, Stopping threads took: 0.0000228 seconds
2015-07-12T05:09:22.066-0200: 493.921: Total time for which application threads were stopped: 0.0001083 seconds, Stopping threads took: 0.0000153 seconds
2015-07-12T05:09:22.077-0200: 493.931: Total time for which application threads were stopped: 0.0001193 seconds, Stopping threads took: 0.0000174 seconds
2015-07-12T05:09:23.080-0200: 494.934: Total time for which application threads were stopped: 0.0001971 seconds, Stopping threads took: 0.0000790 seconds
2015-07-12T05:09:43.513-0200: 515.368: Total time for which application threads were stopped: 0.0001546 seconds, Stopping threads took: 0.0000256 seconds
2015-07-12T05:10:57.481-0200: 589.339: Total time for which application threads were stopped: 0.0007758 seconds, Stopping threads took: 0.0002576 seconds
2015-07-12T05:10:57.544-0200: 589.402: Total time for which application threads were stopped: 0.0001600 seconds, Stopping threads took: 0.0000470 seconds
2015-07-12T05:10:57.636-0200: 589.493: Total time for which application threads were stopped: 0.0003838 seconds, Stopping threads took: 0.0000233 seconds
2015-07-12T05:10:57.636-0200: 589.494: Total time for which application threads were stopped: 0.0000739 seconds, Stopping threads took: 0.0000097 seconds
2015-07-12T05:10:57.644-0200: 589.502: Total time for which application threads were stopped: 0.0002148 seconds, Stopping threads took: 0.0000232 seconds
2015-07-12T05:10:57.652-0200: 589.509: Total time for which application threads were stopped: 0.0003515 seconds, Stopping threads took: 0.0000434 seconds
2015-07-12T05:10:57.652-0200: 589.509: Total time for which application threads were stopped: 0.0001501 seconds, Stopping threads took: 0.0000131 seconds
2015-07-12T05:10:57.652-0200: 589.509: Total time for which application threads were stopped: 0.0001417 seconds, Stopping threads took: 0.0000367 seconds
2015-07-12T05:10:58.801-0200: 590.658: Total time for which application threads were stopped: 0.0001570 seconds, Stopping threads took: 0.0000450 seconds
2015-07-12T05:10:58.801-0200: 590.658: Total time for which application threads were stopped: 0.0000883 seconds, Stopping threads took: 0.0000122 seconds
2015-07-12T05:10:58.810-0200: 590.667: Total time for which application threads were stopped: 0.0001449 seconds, Stopping threads took: 0.0000428 seconds
2015-07-12T05:10:58.810-0200: 590.667: Total time for which application threads were stopped: 0.0000959 seconds, Stopping threads took: 0.0000296 seconds
2015-07-12T05:10:59.813-0200: 591.670: Total time for which application threads were stopped: 0.0002209 seconds, Stopping threads took: 0.0000801 seconds
2015-07-12T05:11:00.790-0200: 592.648: Total time for which application threads were stopped: 0.0002297 seconds, Stopping threads took: 0.0000440 seconds
2015-07-12T05:11:00.790-0200: 592.648: Total time for which application threads were stopped: 0.0000713 seconds, Stopping threads took: 0.0000096 seconds
2015-07-12T05:11:00.797-0200: 592.654: Total time for which application threads were stopped: 0.0001219 seconds, Stopping threads took: 0.0000395 seconds
2015-07-12T05:11:00.797-0200: 592.655: Total time for which application threads were stopped: 0.0000786 seconds, Stopping threads took: 0.0000210 seconds
2015-07-12T05:11:00.996-0200: 592.853: Total time for which application threads were stopped: 0.0001470 seconds, Stopping threads took: 0.0000225 seconds
2015-07-12T05:11:00.996-0200: 592.853: Total time for which application threads were stopped: 0.0000764 seconds, Stopping threads took: 0.0000090 seconds
2015-07-12T05:11:01.007-0200: 592.864: Total time for which application threads were stopped: 0.0001727 seconds, Stopping threads took: 0.0000542 seconds
2015-07-12T05:11:01.007-0200: 592.865: Total time for which application threads were stopped: 0.0003031 seconds, Stopping threads took: 0.0000837 seconds
2015-07-12T05:11:02.010-0200: 593.867: Total time for which application threads were stopped: 0.0002411 seconds, Stopping threads took: 0.0000683 seconds
2015-07-12T05:11:09.026-0200: 600.884: Total time for which application threads were stopped: 0.0003316 seconds, Stopping threads took: 0.0000902 seconds
2015-07-12T05:11:30.791-0200: 622.650: Total time for which application threads were stopped: 0.0006575 seconds, Stopping threads took: 0.0002075 seconds
2015-07-12T05:11:30.797-0200: 622.655: Total time for which application threads were stopped: 0.0000883 seconds, Stopping threads took: 0.0000181 seconds
2015-07-12T05:11:30.799-0200: 622.657: Total time for which application threads were stopped: 0.0001153 seconds, Stopping threads took: 0.0000410 seconds
2015-07-12T05:11:30.799-0200: 622.657: Total time for which application threads were stopped: 0.0000508 seconds, Stopping threads took: 0.0000136 seconds
2015-07-12T05:11:30.805-0200: 622.664: Total time for which application threads were stopped: 0.0001574 seconds, Stopping threads took: 0.0000174 seconds
2015-07-12T05:11:30.806-0200: 622.664: Total time for which application threads were stopped: 0.0001359 seconds, Stopping threads took: 0.0000158 seconds
2015-07-12T05:11:31.810-0200: 623.668: Total time for which application threads were stopped: 0.0002471 seconds, Stopping threads took: 0.0000396 seconds
2015-07-12T05:12:01.011-0200: 652.871: Total time for which application threads were stopped: 0.0000919 seconds, Stopping threads took: 0.0000231 seconds
2015-07-12T05:13:28.984-0200: 740.846: Total time for which application threads were stopped: 0.0008626 seconds, Stopping threads took: 0.0003613 seconds
2015-07-12T05:13:29.987-0200: 741.849: Total time for which application threads were stopped: 0.0001716 seconds, Stopping threads took: 0.0000378 seconds
2015-07-12T05:13:37.042-0200: 748.904: Total time for which application threads were stopped: 0.0000964 seconds, Stopping threads took: 0.0000169 seconds
2015-07-12T05:13:38.047-0200: 749.909: Total time for which application threads were stopped: 0.0000977 seconds, Stopping threads took: 0.0000249 seconds
2015-07-12T05:13:49.070-0200: 760.932: Total time for which application threads were stopped: 0.0001948 seconds, Stopping threads took: 0.0000284 seconds
2015-07-12T05:13:50.183-0200: 762.046: Total time for which application threads were stopped: 0.0001157 seconds, Stopping threads took: 0.0000149 seconds
2015-07-12T05:13:51.188-0200: 763.050: Total time for which application threads were stopped: 0.0001154 seconds, Stopping threads took: 0.0000305 seconds
2015-07-12T05:14:09.239-0200: 781.102: Total time for which application threads were stopped: 0.0013811 seconds, Stopping threads took: 0.0005505 seconds
2015-07-12T05:14:49.860-0200: 821.724: Total time for which application threads were stopped: 0.0002778 seconds, Stopping threads took: 0.0000224 seconds
2015-07-12T05:14:49.888-0200: 821.752: Total time for which application threads were stopped: 0.0001791 seconds, Stopping threads took: 0.0000227 seconds
2015-07-12T05:14:49.888-0200: 821.752: Total time for which application threads were stopped: 0.0000812 seconds, Stopping threads took: 0.0000125 seconds
2015-07-12T05:14:49.888-0200: 821.752: Total time for which application threads were stopped: 0.0000740 seconds, Stopping threads took: 0.0000087 seconds
2015-07-12T05:14:49.888-0200: 821.752: Total time for which application threads were stopped: 0.0000485 seconds, Stopping threads took: 0.0000085 seconds
2015-07-12T05:14:49.899-0200: 821.763: Total time for which application threads were stopped: 0.0000951 seconds, Stopping threads took: 0.0000174 seconds
2015-07-12T05:14:49.899-0200: 821.763: Total time for which application threads were stopped: 0.0000641 seconds, Stopping threads took: 0.0000091 seconds
2015-07-12T05:14:49.899-0200: 821.763: Total time for which application threads were stopped: 0.0000598 seconds, Stopping threads took: 0.0000121 seconds
2015-07-12T05:14:49.899-0200: 821.763: Total time for which application threads were stopped: 0.0000438 seconds, Stopping threads took: 0.0000074 seconds
2015-07-12T05:14:50.903-0200: 822.767: Total time for which application threads were stopped: 0.0002908 seconds, Stopping threads took: 0.0001015 seconds
2015-07-12T05:15:09.842-0200: 841.707: Total time for which application threads were stopped: 0.0001572 seconds, Stopping threads took: 0.0000245 seconds
2015-07-12T05:15:39.924-0200: 871.789: Total time for which application threads were stopped: 0.0010786 seconds, Stopping threads took: 0.0004556 seconds
2015-07-12T05:17:10.189-0200: 962.057: Total time for which application threads were stopped: 0.0007791 seconds, Stopping threads took: 0.0003632 seconds
2015-07-12T05:21:19.860-0200: 1211.735: Total time for which application threads were stopped: 0.0014502 seconds, Stopping threads took: 0.0006234 seconds
2015-07-12T05:22:41.083-0200: 1292.961: Total time for which application threads were stopped: 0.0002102 seconds, Stopping threads took: 0.0000512 seconds
2015-07-12T05:25:10.520-0200: 1442.402: Total time for which application threads were stopped: 0.0016135 seconds, Stopping threads took: 0.0008527 seconds
2015-07-12T05:26:55.892-0200: 1547.776: Total time for which application threads were stopped: 0.0002645 seconds, Stopping threads took: 0.0000834 seconds
2015-07-12T05:27:05.922-0200: 1557.807: Total time for which application threads were stopped: 0.0002483 seconds, Stopping threads took: 0.0000722 seconds
2015-07-12T05:30:40.623-0200: 1772.514: Total time for which application threads were stopped: 0.0008308 seconds, Stopping threads took: 0.0003141 seconds
2015-07-12T05:38:41.022-0200: 2252.927: Total time for which application threads were stopped: 0.0010288 seconds, Stopping threads took: 0.0003827 seconds
2015-07-12T05:39:11.115-0200: 2283.020: Total time for which application threads were stopped: 0.0012110 seconds, Stopping threads took: 0.0004387 seconds
2015-07-12T05:40:50.402-0200: 2382.310: Total time for which application threads were stopped: 0.0009659 seconds, Stopping threads took: 0.0004400 seconds
2015-07-12T05:41:10.460-0200: 2402.368: Total time for which application threads were stopped: 0.0003624 seconds, Stopping threads took: 0.0000399 seconds
2015-07-12T05:42:46.728-0200: 2498.639: Total time for which application threads were stopped: 0.0010864 seconds, Stopping threads took: 0.0004284 seconds
2015-07-12T05:54:40.864-0200: 3212.796: Total time for which application threads were stopped: 0.0008374 seconds, Stopping threads took: 0.0002884 seconds
2015-07-12T05:59:09.377-0200: 3481.316: Total time for which application threads were stopped: 0.0017927 seconds, Stopping threads took: 0.0003200 seconds
2015-07-12T05:59:09.402-0200: 3481.341: Total time for which application threads were stopped: 0.0001379 seconds, Stopping threads took: 0.0000177 seconds
2015-07-12T05:59:09.402-0200: 3481.341: Total time for which application threads were stopped: 0.0001252 seconds, Stopping threads took: 0.0000295 seconds
2015-07-12T05:59:09.403-0200: 3481.341: Total time for which application threads were stopped: 0.0000929 seconds, Stopping threads took: 0.0000374 seconds
2015-07-12T05:59:09.403-0200: 3481.342: Total time for which application threads were stopped: 0.0000704 seconds, Stopping threads took: 0.0000282 seconds
2015-07-12T05:59:09.418-0200: 3481.357: Total time for which application threads were stopped: 0.0002863 seconds, Stopping threads to