Java HotSpot(TM) 64-Bit Server VM (25.40-b25) for bsd-amd64 JRE (1.8.0_40-b27), built on Mar 13 2015 04:46:52 by "java_re" with gcc 4.2.1 (Based on Apple Inc. build 5658) (LLVM build 2336.11.00)
Memory: 4k page, physical 4194304k(24884k free)

/proc/meminfo:

CommandLine flags: -XX:CMSInitiatingOccupancyFraction=50 -XX:CMSMaxAbortablePrecleanTime=6000 -XX:+CMSParallelRemarkEnabled -XX:+CMSScavengeBeforeRemark -XX:ConcGCThreads=4 -XX:InitialHeapSize=536870912 -XX:MaxHeapSize=536870912 -XX:MaxTenuringThreshold=8 -XX:NewRatio=3 -XX:OldPLABSize=16 -XX:ParallelGCThreads=4 -XX:+ParallelRefProcEnabled -XX:PretenureSizeThreshold=67108864 -XX:+PrintGC -XX:+PrintGCApplicationStoppedTime -XX:+PrintGCDateStamps -XX:+PrintGCDetails -XX:+PrintGCTimeStamps -XX:+PrintHeapAtGC -XX:+PrintTenuringDistribution -XX:SurvivorRatio=4 -XX:TargetSurvivorRatio=90 -XX:ThreadStackSize=256 -XX:+UseCMSInitiatingOccupancyOnly -XX:+UseCompressedClassPointers -XX:+UseCompressedOops -XX:+UseConcMarkSweepGC -XX:+UseParNewGC 
2015-08-03T21:29:09.549-0200: 0.195: Total time for which application threads were stopped: 0.0001342 seconds, Stopping threads took: 0.0000171 seconds
2015-08-03T21:29:09.574-0200: 0.220: Total time for which application threads were stopped: 0.0001236 seconds, Stopping threads took: 0.0000153 seconds
2015-08-03T21:29:09.825-0200: 0.471: Total time for which application threads were stopped: 0.0002110 seconds, Stopping threads took: 0.0000167 seconds
2015-08-03T21:29:10.006-0200: 0.652: Total time for which application threads were stopped: 0.0002186 seconds, Stopping threads took: 0.0000464 seconds
2015-08-03T21:29:10.153-0200: 0.799: Total time for which application threads were stopped: 0.0001759 seconds, Stopping threads took: 0.0000147 seconds
2015-08-03T21:29:10.222-0200: 0.868: Total time for which application threads were stopped: 0.0001725 seconds, Stopping threads took: 0.0000158 seconds
2015-08-03T21:29:10.262-0200: 0.908: Total time for which application threads were stopped: 0.0001809 seconds, Stopping threads took: 0.0000193 seconds
{Heap before GC invocations=0 (full 0):
 par new generation   total 109248K, used 87424K [0x000000011d400000, 0x0000000125400000, 0x0000000125400000)
  eden space 87424K, 100% used [0x000000011d400000, 0x0000000122960000, 0x0000000122960000)
  from space 21824K,   0% used [0x0000000122960000, 0x0000000122960000, 0x0000000123eb0000)
  to   space 21824K,   0% used [0x0000000123eb0000, 0x0000000123eb0000, 0x0000000125400000)
 concurrent mark-sweep generation total 393216K, used 0K [0x0000000125400000, 0x000000013d400000, 0x000000013d400000)
 Metaspace       used 9772K, capacity 9986K, committed 10240K, reserved 1058816K
  class space    used 1108K, capacity 1177K, committed 1280K, reserved 1048576K
2015-08-03T21:29:10.743-0200: 1.390: [GC (Allocation Failure) 1.390: [ParNew
Desired survivor size 20112992 bytes, new threshold 8 (max 8)
- age   1:    5180112 bytes,    5180112 total
: 87424K->5115K(109248K), 0.0198785 secs] 87424K->5115K(502464K), 0.0200057 secs] [Times: user=0.02 sys=0.01, real=0.02 secs] 
Heap after GC invocations=1 (full 0):
 par new generation   total 109248K, used 5115K [0x000000011d400000, 0x0000000125400000, 0x0000000125400000)
  eden space 87424K,   0% used [0x000000011d400000, 0x000000011d400000, 0x0000000122960000)
  from space 21824K,  23% used [0x0000000123eb0000, 0x00000001243aec30, 0x0000000125400000)
  to   space 21824K,   0% used [0x0000000122960000, 0x0000000122960000, 0x0000000123eb0000)
 concurrent mark-sweep generation total 393216K, used 0K [0x0000000125400000, 0x000000013d400000, 0x000000013d400000)
 Metaspace       used 9772K, capacity 9986K, committed 10240K, reserved 1058816K
  class space    used 1108K, capacity 1177K, committed 1280K, reserved 1048576K
}
2015-08-03T21:29:10.764-0200: 1.410: Total time for which application threads were stopped: 0.0202385 seconds, Stopping threads took: 0.0000165 seconds
2015-08-03T21:29:10.994-0200: 1.640: Total time for which application threads were stopped: 0.0002129 seconds, Stopping threads took: 0.0000176 seconds
2015-08-03T21:29:11.002-0200: 1.649: Total time for which application threads were stopped: 0.0001899 seconds, Stopping threads took: 0.0000162 seconds
{Heap before GC invocations=1 (full 0):
 par new generation   total 109248K, used 92539K [0x000000011d400000, 0x0000000125400000, 0x0000000125400000)
  eden space 87424K, 100% used [0x000000011d400000, 0x0000000122960000, 0x0000000122960000)
  from space 21824K,  23% used [0x0000000123eb0000, 0x00000001243aec30, 0x0000000125400000)
  to   space 21824K,   0% used [0x0000000122960000, 0x0000000122960000, 0x0000000123eb0000)
 concurrent mark-sweep generation total 393216K, used 0K [0x0000000125400000, 0x000000013d400000, 0x000000013d400000)
 Metaspace       used 14351K, capacity 14638K, committed 14976K, reserved 1062912K
  class space    used 1711K, capacity 1793K, committed 1920K, reserved 1048576K
2015-08-03T21:29:11.311-0200: 1.957: [GC (Allocation Failure) 1.957: [ParNew
Desired survivor size 20112992 bytes, new threshold 8 (max 8)
- age   1:    4434264 bytes,    4434264 total
- age   2:    2552760 bytes,    6987024 total
: 92539K->8038K(109248K), 0.0235404 secs] 92539K->8038K(502464K), 0.0236287 secs] [Times: user=0.02 sys=0.00, real=0.02 secs] 
Heap after GC invocations=2 (full 0):
 par new generation   total 109248K, used 8038K [0x000000011d400000, 0x0000000125400000, 0x0000000125400000)
  eden space 87424K,   0% used [0x000000011d400000, 0x000000011d400000, 0x0000000122960000)
  from space 21824K,  36% used [0x0000000122960000, 0x0000000123139bf0, 0x0000000123eb0000)
  to   space 21824K,   0% used [0x0000000123eb0000, 0x0000000123eb0000, 0x0000000125400000)
 concurrent mark-sweep generation total 393216K, used 0K [0x0000000125400000, 0x000000013d400000, 0x000000013d400000)
 Metaspace       used 14351K, capacity 14638K, committed 14976K, reserved 1062912K
  class space    used 1711K, capacity 1793K, committed 1920K, reserved 1048576K
}
2015-08-03T21:29:11.335-0200: 1.981: Total time for which application threads were stopped: 0.0243735 seconds, Stopping threads took: 0.0000180 seconds
2015-08-03T21:29:11.394-0200: 2.040: Total time for which application threads were stopped: 0.0002608 seconds, Stopping threads took: 0.0000172 seconds
2015-08-03T21:29:11.395-0200: 2.041: Total time for which application threads were stopped: 0.0001316 seconds, Stopping threads took: 0.0000091 seconds
2015-08-03T21:29:11.400-0200: 2.046: Total time for which application threads were stopped: 0.0001993 seconds, Stopping threads took: 0.0000139 seconds
2015-08-03T21:29:12.405-0200: 3.051: Total time for which application threads were stopped: 0.0003786 seconds, Stopping threads took: 0.0001047 seconds
2015-08-03T21:29:13.408-0200: 4.054: Total time for which application threads were stopped: 0.0002342 seconds, Stopping threads took: 0.0000342 seconds
2015-08-03T21:29:13.499-0200: 4.145: Total time for which application threads were stopped: 0.0004843 seconds, Stopping threads took: 0.0000462 seconds
2015-08-03T21:29:16.625-0200: 7.271: Total time for which application threads were stopped: 0.0000678 seconds, Stopping threads took: 0.0000159 seconds
2015-08-03T21:29:16.628-0200: 7.275: Total time for which application threads were stopped: 0.0000613 seconds, Stopping threads took: 0.0000115 seconds
2015-08-03T21:29:16.648-0200: 7.294: Total time for which application threads were stopped: 0.0002888 seconds, Stopping threads took: 0.0000168 seconds
2015-08-03T21:29:16.674-0200: 7.320: Total time for which application threads were stopped: 0.0000749 seconds, Stopping threads took: 0.0000175 seconds
2015-08-03T21:29:16.696-0200: 7.342: Total time for which application threads were stopped: 0.0003860 seconds, Stopping threads took: 0.0000230 seconds
2015-08-03T21:29:16.756-0200: 7.402: Total time for which application threads were stopped: 0.0000774 seconds, Stopping threads took: 0.0000161 seconds
2015-08-03T21:29:16.758-0200: 7.404: Total time for which application threads were stopped: 0.0000723 seconds, Stopping threads took: 0.0000142 seconds
2015-08-03T21:29:16.758-0200: 7.404: Total time for which application threads were stopped: 0.0000567 seconds, Stopping threads took: 0.0000103 seconds
2015-08-03T21:29:16.759-0200: 7.405: Total time for which application threads were stopped: 0.0000944 seconds, Stopping threads took: 0.0000392 seconds
2015-08-03T21:29:17.003-0200: 7.649: Total time for which application threads were stopped: 0.0001047 seconds, Stopping threads took: 0.0000212 seconds
2015-08-03T21:29:17.003-0200: 7.649: Total time for which application threads were stopped: 0.0000594 seconds, Stopping threads took: 0.0000099 seconds
2015-08-03T21:29:17.004-0200: 7.650: Total time for which application threads were stopped: 0.0000827 seconds, Stopping threads took: 0.0000163 seconds
2015-08-03T21:29:17.004-0200: 7.650: Total time for which application threads were stopped: 0.0001121 seconds, Stopping threads took: 0.0000633 seconds
2015-08-03T21:29:17.037-0200: 7.683: Total time for which application threads were stopped: 0.0001107 seconds, Stopping threads took: 0.0000209 seconds
2015-08-03T21:29:17.042-0200: 7.689: Total time for which application threads were stopped: 0.0001905 seconds, Stopping threads took: 0.0000915 seconds
2015-08-03T21:29:17.045-0200: 7.691: Total time for which application threads were stopped: 0.0001625 seconds, Stopping threads took: 0.0000484 seconds
2015-08-03T21:29:17.050-0200: 7.696: Total time for which application threads were stopped: 0.0001820 seconds, Stopping threads took: 0.0000511 seconds
2015-08-03T21:29:17.075-0200: 7.722: Total time for which application threads were stopped: 0.0002833 seconds, Stopping threads took: 0.0000449 seconds
2015-08-03T21:29:17.346-0200: 7.993: [GC (CMS Initial Mark) [1 CMS-initial-mark: 0K(393216K)] 50400K(502464K), 0.0196994 secs] [Times: user=0.03 sys=0.01, real=0.02 secs] 
2015-08-03T21:29:17.366-0200: 8.013: Total time for which application threads were stopped: 0.0198987 seconds, Stopping threads took: 0.0000247 seconds
2015-08-03T21:29:17.366-0200: 8.013: [CMS-concurrent-mark-start]
2015-08-03T21:29:17.367-0200: 8.013: [CMS-concurrent-mark: 0.000/0.000 secs] [Times: user=0.00 sys=0.01, real=0.00 secs] 
2015-08-03T21:29:17.367-0200: 8.013: [CMS-concurrent-preclean-start]
2015-08-03T21:29:17.368-0200: 8.014: [CMS-concurrent-preclean: 0.001/0.001 secs] [Times: user=0.00 sys=0.00, real=0.00 secs] 
2015-08-03T21:29:17.368-0200: 8.014: [CMS-concurrent-abortable-preclean-start]
2015-08-03T21:29:18.098-0200: 8.744: Total time for which application threads were stopped: 0.0001676 seconds, Stopping threads took: 0.0000250 seconds
2015-08-03T21:29:18.102-0200: 8.749: Total time for which application threads were stopped: 0.0001782 seconds, Stopping threads took: 0.0000439 seconds
2015-08-03T21:29:18.109-0200: 8.755: Total time for which application threads were stopped: 0.0002074 seconds, Stopping threads took: 0.0000495 seconds
2015-08-03T21:29:18.134-0200: 8.780: Total time for which application threads were stopped: 0.0005010 seconds, Stopping threads took: 0.0000199 seconds
2015-08-03T21:29:18.217-0200: 8.863: Total time for which application threads were stopped: 0.0005062 seconds, Stopping threads took: 0.0003408 seconds
2015-08-03T21:29:18.292-0200: 8.938: Total time for which application threads were stopped: 0.0003651 seconds, Stopping threads took: 0.0000596 seconds
2015-08-03T21:29:18.350-0200: 8.997: Total time for which application threads were stopped: 0.0001971 seconds, Stopping threads took: 0.0000466 seconds
2015-08-03T21:29:18.568-0200: 9.215: Total time for which application threads were stopped: 0.0002068 seconds, Stopping threads took: 0.0000430 seconds
2015-08-03T21:29:18.569-0200: 9.215: Total time for which application threads were stopped: 0.0001127 seconds, Stopping threads took: 0.0000117 seconds
2015-08-03T21:29:18.607-0200: 9.253: Total time for which application threads were stopped: 0.0001462 seconds, Stopping threads took: 0.0000238 seconds
2015-08-03T21:29:18.946-0200: 9.593: Total time for which application threads were stopped: 0.0008899 seconds, Stopping threads took: 0.0007497 seconds
2015-08-03T21:29:18.947-0200: 9.593: Total time for which application threads were stopped: 0.0001254 seconds, Stopping threads took: 0.0000320 seconds
2015-08-03T21:29:18.947-0200: 9.593: Total time for which application threads were stopped: 0.0001285 seconds, Stopping threads took: 0.0000308 seconds
2015-08-03T21:29:18.948-0200: 9.594: Total time for which application threads were stopped: 0.0001258 seconds, Stopping threads took: 0.0000324 seconds
2015-08-03T21:29:18.948-0200: 9.594: Total time for which application threads were stopped: 0.0001137 seconds, Stopping threads took: 0.0000295 seconds
2015-08-03T21:29:18.948-0200: 9.595: Total time for which application threads were stopped: 0.0001205 seconds, Stopping threads took: 0.0000333 seconds
2015-08-03T21:29:18.949-0200: 9.596: Total time for which application threads were stopped: 0.0001332 seconds, Stopping threads took: 0.0000349 seconds
2015-08-03T21:29:18.950-0200: 9.596: Total time for which application threads were stopped: 0.0001461 seconds, Stopping threads took: 0.0000387 seconds
2015-08-03T21:29:18.950-0200: 9.596: Total time for which application threads were stopped: 0.0000997 seconds, Stopping threads took: 0.0000131 seconds
2015-08-03T21:29:18.951-0200: 9.597: Total time for which application threads were stopped: 0.0002869 seconds, Stopping threads took: 0.0000307 seconds
2015-08-03T21:29:18.957-0200: 9.603: Total time for which application threads were stopped: 0.0004747 seconds, Stopping threads took: 0.0003460 seconds
2015-08-03T21:29:18.964-0200: 9.611: Total time for which application threads were stopped: 0.0001837 seconds, Stopping threads took: 0.0000437 seconds
2015-08-03T21:29:18.965-0200: 9.611: Total time for which application threads were stopped: 0.0002058 seconds, Stopping threads took: 0.0000917 seconds
2015-08-03T21:29:18.969-0200: 9.616: Total time for which application threads were stopped: 0.0002507 seconds, Stopping threads took: 0.0000959 seconds
2015-08-03T21:29:18.975-0200: 9.622: Total time for which application threads were stopped: 0.0001438 seconds, Stopping threads took: 0.0000224 seconds
2015-08-03T21:29:18.989-0200: 9.636: Total time for which application threads were stopped: 0.0001478 seconds, Stopping threads took: 0.0000257 seconds
2015-08-03T21:29:18.990-0200: 9.636: Total time for which application threads were stopped: 0.0000935 seconds, Stopping threads took: 0.0000131 seconds
2015-08-03T21:29:18.990-0200: 9.637: Total time for which application threads were stopped: 0.0001303 seconds, Stopping threads took: 0.0000389 seconds
2015-08-03T21:29:18.991-0200: 9.638: Total time for which application threads were stopped: 0.0001599 seconds, Stopping threads took: 0.0000594 seconds
2015-08-03T21:29:18.991-0200: 9.638: Total time for which application threads were stopped: 0.0000848 seconds, Stopping threads took: 0.0000110 seconds
2015-08-03T21:29:18.992-0200: 9.638: Total time for which application threads were stopped: 0.0001198 seconds, Stopping threads took: 0.0000334 seconds
2015-08-03T21:29:18.997-0200: 9.643: Total time for which application threads were stopped: 0.0001526 seconds, Stopping threads took: 0.0000217 seconds
2015-08-03T21:29:18.997-0200: 9.643: Total time for which application threads were stopped: 0.0000814 seconds, Stopping threads took: 0.0000108 seconds
2015-08-03T21:29:18.997-0200: 9.643: Total time for which application threads were stopped: 0.0000874 seconds, Stopping threads took: 0.0000121 seconds
2015-08-03T21:29:18.997-0200: 9.644: Total time for which application threads were stopped: 0.0000934 seconds, Stopping threads took: 0.0000126 seconds
2015-08-03T21:29:18.998-0200: 9.644: Total time for which application threads were stopped: 0.0001218 seconds, Stopping threads took: 0.0000344 seconds
2015-08-03T21:29:19.002-0200: 9.648: Total time for which application threads were stopped: 0.0001285 seconds, Stopping threads took: 0.0000219 seconds
2015-08-03T21:29:19.002-0200: 9.648: Total time for which application threads were stopped: 0.0000900 seconds, Stopping threads took: 0.0000133 seconds
2015-08-03T21:29:19.002-0200: 9.649: Total time for which application threads were stopped: 0.0001424 seconds, Stopping threads took: 0.0000181 seconds
2015-08-03T21:29:19.025-0200: 9.671: Total time for which application threads were stopped: 0.0004772 seconds, Stopping threads took: 0.0000207 seconds
{Heap before GC invocations=2 (full 1):
 par new generation   total 109248K, used 95462K [0x000000011d400000, 0x0000000125400000, 0x0000000125400000)
  eden space 87424K, 100% used [0x000000011d400000, 0x0000000122960000, 0x0000000122960000)
  from space 21824K,  36% used [0x0000000122960000, 0x0000000123139bf0, 0x0000000123eb0000)
  to   space 21824K,   0% used [0x0000000123eb0000, 0x0000000123eb0000, 0x0000000125400000)
 concurrent mark-sweep generation total 393216K, used 0K [0x0000000125400000, 0x000000013d400000, 0x000000013d400000)
 Metaspace       used 21738K, capacity 22148K, committed 22292K, reserved 1069056K
  class space    used 2563K, capacity 2711K, committed 2764K, reserved 1048576K
2015-08-03T21:29:19.129-0200: 9.775: [GC (Allocation Failure) 9.775: [ParNew2015-08-03T21:29:19.150-0200: 9.797: [CMS-concurrent-abortable-preclean: 0.840/1.782 secs] [Times: user=1.80 sys=0.09, real=1.79 secs] 

Desired survivor size 20112992 bytes, new threshold 8 (max 8)
- age   1:    7913744 bytes,    7913744 total
- age   2:     912416 bytes,    8826160 total
- age   3:    2482944 bytes,   11309104 total
: 95462K->14803K(109248K), 0.0659217 secs] 95462K->14803K(502464K), 0.0660418 secs] [Times: user=0.07 sys=0.01, real=0.07 secs] 
Heap after GC invocations=3 (full 1):
 par new generation   total 109248K, used 14803K [0x000000011d400000, 0x0000000125400000, 0x0000000125400000)
  eden space 87424K,   0% used [0x000000011d400000, 0x000000011d400000, 0x0000000122960000)
  from space 21824K,  67% used [0x0000000123eb0000, 0x0000000124d24dc0, 0x0000000125400000)
  to   space 21824K,   0% used [0x0000000122960000, 0x0000000122960000, 0x0000000123eb0000)
 concurrent mark-sweep generation total 393216K, used 0K [0x0000000125400000, 0x000000013d400000, 0x000000013d400000)
 Metaspace       used 21738K, capacity 22148K, committed 22292K, reserved 1069056K
  class space    used 2563K, capacity 2711K, committed 2764K, reserved 1048576K
}
2015-08-03T21:29:19.195-0200: 9.841: Total time for which application threads were stopped: 0.0668910 seconds, Stopping threads took: 0.0005726 seconds
2015-08-03T21:29:19.215-0200: 9.861: [GC (CMS Final Remark) [YG occupancy: 18521 K (109248 K)]{Heap before GC invocations=3 (full 1):
 par new generation   total 109248K, used 18521K [0x000000011d400000, 0x0000000125400000, 0x0000000125400000)
  eden space 87424K,   4% used [0x000000011d400000, 0x000000011d7a16b0, 0x0000000122960000)
  from space 21824K,  67% used [0x0000000123eb0000, 0x0000000124d24dc0, 0x0000000125400000)
  to   space 21824K,   0% used [0x0000000122960000, 0x0000000122960000, 0x0000000123eb0000)
 concurrent mark-sweep generation total 393216K, used 0K [0x0000000125400000, 0x000000013d400000, 0x000000013d400000)
 Metaspace       used 21746K, capacity 22148K, committed 22292K, reserved 1069056K
  class space    used 2563K, capacity 2711K, committed 2764K, reserved 1048576K
2015-08-03T21:29:19.215-0200: 9.861: [GC (CMS Final Remark) 9.861: [ParNew
Desired survivor size 20112992 bytes, new threshold 8 (max 8)
- age   1:     218848 bytes,     218848 total
- age   2:    7730968 bytes,    7949816 total
- age   3:     912416 bytes,    8862232 total
- age   4:    2483040 bytes,   11345272 total
: 18521K->14054K(109248K), 0.0501335 secs] 18521K->14054K(502464K), 0.0501994 secs] [Times: user=0.04 sys=0.01, real=0.05 secs] 
Heap after GC invocations=4 (full 1):
 par new generation   total 109248K, used 14054K [0x000000011d400000, 0x0000000125400000, 0x0000000125400000)
  eden space 87424K,   0% used [0x000000011d400000, 0x000000011d400000, 0x0000000122960000)
  from space 21824K,  64% used [0x0000000122960000, 0x0000000123719a70, 0x0000000123eb0000)
  to   space 21824K,   0% used [0x0000000123eb0000, 0x0000000123eb0000, 0x0000000125400000)
 concurrent mark-sweep generation total 393216K, used 0K [0x0000000125400000, 0x000000013d400000, 0x000000013d400000)
 Metaspace       used 21746K, capacity 22148K, committed 22292K, reserved 1069056K
  class space    used 2563K, capacity 2711K, committed 2764K, reserved 1048576K
}
9.911: [Rescan (parallel) , 0.0034706 secs]9.915: [weak refs processing, 0.0029336 secs]9.918: [class unloading, 0.0147968 secs]9.933: [scrub symbol table, 0.0069822 secs]9.940: [scrub string table, 0.0005002 secs][1 CMS-remark: 0K(393216K)] 14054K(502464K), 0.0805784 secs] [Times: user=0.07 sys=0.02, real=0.08 secs] 
2015-08-03T21:29:19.295-0200: 9.942: Total time for which application threads were stopped: 0.0912921 seconds, Stopping threads took: 0.0105044 seconds
2015-08-03T21:29:19.295-0200: 9.942: [CMS-concurrent-sweep-start]
2015-08-03T21:29:19.295-0200: 9.942: [CMS-concurrent-sweep: 0.000/0.000 secs] [Times: user=0.00 sys=0.00, real=0.00 secs] 
2015-08-03T21:29:19.296-0200: 9.942: [CMS-concurrent-reset-start]
2015-08-03T21:29:19.297-0200: 9.943: Total time for which application threads were stopped: 0.0004361 seconds, Stopping threads took: 0.0002819 seconds
2015-08-03T21:29:19.298-0200: 9.944: Total time for which application threads were stopped: 0.0001901 seconds, Stopping threads took: 0.0000394 seconds
2015-08-03T21:29:19.304-0200: 9.950: [CMS-concurrent-reset: 0.007/0.008 secs] [Times: user=0.02 sys=0.00, real=0.01 secs] 
2015-08-03T21:29:19.328-0200: 9.974: Total time for which application threads were stopped: 0.0005842 seconds, Stopping threads took: 0.0001004 seconds
2015-08-03T21:29:19.461-0200: 10.107: Total time for which application threads were stopped: 0.0107300 seconds, Stopping threads took: 0.0105393 seconds
2015-08-03T21:29:19.469-0200: 10.115: Total time for which application threads were stopped: 0.0008106 seconds, Stopping threads took: 0.0006850 seconds
2015-08-03T21:29:19.469-0200: 10.116: Total time for which application threads were stopped: 0.0000903 seconds, Stopping threads took: 0.0000123 seconds
2015-08-03T21:29:19.470-0200: 10.116: Total time for which application threads were stopped: 0.0002318 seconds, Stopping threads took: 0.0000136 seconds
2015-08-03T21:29:19.481-0200: 10.128: Total time for which application threads were stopped: 0.0001272 seconds, Stopping threads took: 0.0000215 seconds
2015-08-03T21:29:19.517-0200: 10.163: Total time for which application threads were stopped: 0.0106805 seconds, Stopping threads took: 0.0105345 seconds
2015-08-03T21:29:19.779-0200: 10.425: Total time for which application threads were stopped: 0.0010718 seconds, Stopping threads took: 0.0008403 seconds
2015-08-03T21:29:19.825-0200: 10.472: Total time for which application threads were stopped: 0.0190551 seconds, Stopping threads took: 0.0188742 seconds
2015-08-03T21:29:19.856-0200: 10.503: Total time for which application threads were stopped: 0.0005511 seconds, Stopping threads took: 0.0000216 seconds
2015-08-03T21:29:19.862-0200: 10.508: Total time for which application threads were stopped: 0.0002137 seconds, Stopping threads took: 0.0000584 seconds
2015-08-03T21:29:19.863-0200: 10.510: Total time for which application threads were stopped: 0.0002594 seconds, Stopping threads took: 0.0001243 seconds
2015-08-03T21:29:19.864-0200: 10.510: Total time for which application threads were stopped: 0.0001414 seconds, Stopping threads took: 0.0000390 seconds
2015-08-03T21:29:19.864-0200: 10.511: Total time for which application threads were stopped: 0.0004757 seconds, Stopping threads took: 0.0003695 seconds
2015-08-03T21:29:19.864-0200: 10.511: Total time for which application threads were stopped: 0.0001511 seconds, Stopping threads took: 0.0000453 seconds
2015-08-03T21:29:19.865-0200: 10.511: Total time for which application threads were stopped: 0.0002572 seconds, Stopping threads took: 0.0001552 seconds
2015-08-03T21:29:19.865-0200: 10.511: Total time for which application threads were stopped: 0.0001313 seconds, Stopping threads took: 0.0000286 seconds
2015-08-03T21:29:19.865-0200: 10.512: Total time for which application threads were stopped: 0.0002664 seconds, Stopping threads took: 0.0001588 seconds
2015-08-03T21:29:19.866-0200: 10.512: Total time for which application threads were stopped: 0.0001356 seconds, Stopping threads took: 0.0000325 seconds
2015-08-03T21:29:19.869-0200: 10.516: Total time for which application threads were stopped: 0.0001620 seconds, Stopping threads took: 0.0000214 seconds
2015-08-03T21:29:20.054-0200: 10.701: Total time for which application threads were stopped: 0.0003316 seconds, Stopping threads took: 0.0001561 seconds
2015-08-03T21:29:20.075-0200: 10.721: Total time for which application threads were stopped: 0.0106937 seconds, Stopping threads took: 0.0105186 seconds
{Heap before GC invocations=4 (full 1):
 par new generation   total 109248K, used 101478K [0x000000011d400000, 0x0000000125400000, 0x0000000125400000)
  eden space 87424K, 100% used [0x000000011d400000, 0x0000000122960000, 0x0000000122960000)
  from space 21824K,  64% used [0x0000000122960000, 0x0000000123719a70, 0x0000000123eb0000)
  to   space 21824K,   0% used [0x0000000123eb0000, 0x0000000123eb0000, 0x0000000125400000)
 concurrent mark-sweep generation total 393216K, used 0K [0x0000000125400000, 0x000000013d400000, 0x000000013d400000)
 Metaspace       used 22311K, capacity 22698K, committed 22804K, reserved 1069056K
  class space    used 2614K, capacity 2744K, committed 2764K, reserved 1048576K
2015-08-03T21:29:20.076-0200: 10.723: [GC (Allocation Failure) 10.723: [ParNew
Desired survivor size 20112992 bytes, new threshold 8 (max 8)
- age   1:    2039800 bytes,    2039800 total
- age   2:       8840 bytes,    2048640 total
- age   3:    3460592 bytes,    5509232 total
- age   4:     910176 bytes,    6419408 total
- age   5:    2482536 bytes,    8901944 total
: 101478K->14572K(109248K), 0.0306672 secs] 101478K->14572K(502464K), 0.0307287 secs] [Times: user=0.05 sys=0.00, real=0.03 secs] 
Heap after GC invocations=5 (full 1):
 par new generation   total 109248K, used 14572K [0x000000011d400000, 0x0000000125400000, 0x0000000125400000)
  eden space 87424K,   0% used [0x000000011d400000, 0x000000011d400000, 0x0000000122960000)
  from space 21824K,  66% used [0x0000000123eb0000, 0x0000000124ceb140, 0x0000000125400000)
  to   space 21824K,   0% used [0x0000000122960000, 0x0000000122960000, 0x0000000123eb0000)
 concurrent mark-sweep generation total 393216K, used 0K [0x0000000125400000, 0x000000013d400000, 0x000000013d400000)
 Metaspace       used 22311K, capacity 22698K, committed 22804K, reserved 1069056K
  class space    used 2614K, capacity 2744K, committed 2764K, reserved 1048576K
}
2015-08-03T21:29:20.107-0200: 10.753: Total time for which application threads were stopped: 0.0310677 seconds, Stopping threads took: 0.0000480 seconds
2015-08-03T21:29:20.121-0200: 10.767: Total time for which application threads were stopped: 0.0001855 seconds, Stopping threads took: 0.0000448 seconds
2015-08-03T21:29:20.150-0200: 10.796: Total time for which application threads were stopped: 0.0001809 seconds, Stopping threads took: 0.0000390 seconds
2015-08-03T21:29:20.167-0200: 10.814: Total time for which application threads were stopped: 0.0001947 seconds, Stopping threads took: 0.0000528 seconds
2015-08-03T21:29:20.268-0200: 10.915: Total time for which application threads were stopped: 0.0001790 seconds, Stopping threads took: 0.0000665 seconds
2015-08-03T21:29:20.430-0200: 11.076: Total time for which application threads were stopped: 0.0001889 seconds, Stopping threads took: 0.0000215 seconds
2015-08-03T21:29:20.435-0200: 11.081: Total time for which application threads were stopped: 0.0002817 seconds, Stopping threads took: 0.0000228 seconds
2015-08-03T21:29:20.444-0200: 11.090: Total time for which application threads were stopped: 0.0001715 seconds, Stopping threads took: 0.0000237 seconds
2015-08-03T21:29:20.516-0200: 11.163: Total time for which application threads were stopped: 0.0001897 seconds, Stopping threads took: 0.0000240 seconds
{Heap before GC invocations=5 (full 1):
 par new generation   total 109248K, used 101996K [0x000000011d400000, 0x0000000125400000, 0x0000000125400000)
  eden space 87424K, 100% used [0x000000011d400000, 0x0000000122960000, 0x0000000122960000)
  from space 21824K,  66% used [0x0000000123eb0000, 0x0000000124ceb140, 0x0000000125400000)
  to   space 21824K,   0% used [0x0000000122960000, 0x0000000122960000, 0x0000000123eb0000)
 concurrent mark-sweep generation total 393216K, used 0K [0x0000000125400000, 0x000000013d400000, 0x000000013d400000)
 Metaspace       used 23124K, capacity 23452K, committed 23628K, reserved 1071104K
  class space    used 2722K, capacity 2843K, committed 2892K, reserved 1048576K
2015-08-03T21:29:20.577-0200: 11.224: [GC (Allocation Failure) 11.224: [ParNew
Desired survivor size 20112992 bytes, new threshold 8 (max 8)
- age   1:    1119384 bytes,    1119384 total
- age   2:    1706160 bytes,    2825544 total
- age   3:       8840 bytes,    2834384 total
- age   4:    3448080 bytes,    6282464 total
- age   5:     909920 bytes,    7192384 total
- age   6:    2482536 bytes,    9674920 total
: 101996K->11505K(109248K), 0.0433929 secs] 101996K->11505K(502464K), 0.0434974 secs] [Times: user=0.06 sys=0.00, real=0.05 secs] 
Heap after GC invocations=6 (full 1):
 par new generation   total 109248K, used 11505K [0x000000011d400000, 0x0000000125400000, 0x0000000125400000)
  eden space 87424K,   0% used [0x000000011d400000, 0x000000011d400000, 0x0000000122960000)
  from space 21824K,  52% used [0x0000000122960000, 0x000000012349c400, 0x0000000123eb0000)
  to   space 21824K,   0% used [0x0000000123eb0000, 0x0000000123eb0000, 0x0000000125400000)
 concurrent mark-sweep generation total 393216K, used 0K [0x0000000125400000, 0x000000013d400000, 0x000000013d400000)
 Metaspace       used 23124K, capacity 23452K, committed 23628K, reserved 1071104K
  class space    used 2722K, capacity 2843K, committed 2892K, reserved 1048576K
}
2015-08-03T21:29:20.621-0200: 11.267: Total time for which application threads were stopped: 0.0843544 seconds, Stopping threads took: 0.0406058 seconds
2015-08-03T21:29:20.699-0200: 11.345: Total time for which application threads were stopped: 0.0002023 seconds, Stopping threads took: 0.0000464 seconds
2015-08-03T21:29:20.718-0200: 11.364: Total time for which application threads were stopped: 0.0002244 seconds, Stopping threads took: 0.0000643 seconds
2015-08-03T21:29:20.844-0200: 11.491: Total time for which application threads were stopped: 0.0106655 seconds, Stopping threads took: 0.0105029 seconds
2015-08-03T21:29:20.845-0200: 11.491: Total time for which application threads were stopped: 0.0001275 seconds, Stopping threads took: 0.0000290 seconds
2015-08-03T21:29:20.845-0200: 11.491: Total time for which application threads were stopped: 0.0002947 seconds, Stopping threads took: 0.0001936 seconds
2015-08-03T21:29:20.845-0200: 11.492: Total time for which application threads were stopped: 0.0001152 seconds, Stopping threads took: 0.0000252 seconds
2015-08-03T21:29:20.845-0200: 11.492: Total time for which application threads were stopped: 0.0001440 seconds, Stopping threads took: 0.0000364 seconds
2015-08-03T21:29:20.846-0200: 11.493: Total time for which application threads were stopped: 0.0001521 seconds, Stopping threads took: 0.0000390 seconds
2015-08-03T21:29:20.847-0200: 11.493: Total time for which application threads were stopped: 0.0001185 seconds, Stopping threads took: 0.0000307 seconds
2015-08-03T21:29:20.847-0200: 11.493: Total time for which application threads were stopped: 0.0001038 seconds, Stopping threads took: 0.0000278 seconds
2015-08-03T21:29:20.940-0200: 11.586: Total time for which application threads were stopped: 0.0004696 seconds, Stopping threads took: 0.0002974 seconds
{Heap before GC invocations=6 (full 1):
 par new generation   total 109248K, used 98929K [0x000000011d400000, 0x0000000125400000, 0x0000000125400000)
  eden space 87424K, 100% used [0x000000011d400000, 0x0000000122960000, 0x0000000122960000)
  from space 21824K,  52% used [0x0000000122960000, 0x000000012349c400, 0x0000000123eb0000)
  to   space 21824K,   0% used [0x0000000123eb0000, 0x0000000123eb0000, 0x0000000125400000)
 concurrent mark-sweep generation total 393216K, used 0K [0x0000000125400000, 0x000000013d400000, 0x000000013d400000)
 Metaspace       used 23226K, capacity 23618K, committed 23884K, reserved 1071104K
  class space    used 2736K, capacity 2876K, committed 2892K, reserved 1048576K
2015-08-03T21:29:21.046-0200: 11.692: [GC (Allocation Failure) 11.692: [ParNew
Desired survivor size 20112992 bytes, new threshold 8 (max 8)
- age   1:     476520 bytes,     476520 total
- age   2:     175408 bytes,     651928 total
- age   3:    1706000 bytes,    2357928 total
- age   4:       8840 bytes,    2366768 total
- age   5:    3448048 bytes,    5814816 total
- age   6:     909584 bytes,    6724400 total
- age   7:    2482536 bytes,    9206936 total
: 98929K->14414K(109248K), 0.0136023 secs] 98929K->14414K(502464K), 0.0137094 secs] [Times: user=0.04 sys=0.00, real=0.01 secs] 
Heap after GC invocations=7 (full 1):
 par new generation   total 109248K, used 14414K [0x000000011d400000, 0x0000000125400000, 0x0000000125400000)
  eden space 87424K,   0% used [0x000000011d400000, 0x000000011d400000, 0x0000000122960000)
  from space 21824K,  66% used [0x0000000123eb0000, 0x0000000124cc3898, 0x0000000125400000)
  to   space 21824K,   0% used [0x0000000122960000, 0x0000000122960000, 0x0000000123eb0000)
 concurrent mark-sweep generation total 393216K, used 0K [0x0000000125400000, 0x000000013d400000, 0x000000013d400000)
 Metaspace       used 23226K, capacity 23618K, committed 23884K, reserved 1071104K
  class space    used 2736K, capacity 2876K, committed 2892K, reserved 1048576K
}
2015-08-03T21:29:21.059-0200: 11.706: Total time for which application threads were stopped: 0.0163521 seconds, Stopping threads took: 0.0023741 seconds
2015-08-03T21:29:21.164-0200: 11.811: Total time for which application threads were stopped: 0.0001752 seconds, Stopping threads took: 0.0000564 seconds
2015-08-03T21:29:21.402-0200: 12.048: Total time for which application threads were stopped: 0.0107194 seconds, Stopping threads took: 0.0105462 seconds
2015-08-03T21:29:21.413-0200: 12.059: Total time for which application threads were stopped: 0.0001694 seconds, Stopping threads took: 0.0000456 seconds
2015-08-03T21:29:21.424-0200: 12.070: Total time for which application threads were stopped: 0.0001636 seconds, Stopping threads took: 0.0000496 seconds
2015-08-03T21:29:21.427-0200: 12.073: Total time for which application threads were stopped: 0.0004030 seconds, Stopping threads took: 0.0002658 seconds
2015-08-03T21:29:21.430-0200: 12.076: Total time for which application threads were stopped: 0.0002813 seconds, Stopping threads took: 0.0001225 seconds
2015-08-03T21:29:21.430-0200: 12.077: Total time for which application threads were stopped: 0.0001159 seconds, Stopping threads took: 0.0000150 seconds
2015-08-03T21:29:21.478-0200: 12.124: Total time for which application threads were stopped: 0.0001499 seconds, Stopping threads took: 0.0000222 seconds
2015-08-03T21:29:21.501-0200: 12.147: Total time for which application threads were stopped: 0.0001817 seconds, Stopping threads took: 0.0000442 seconds
2015-08-03T21:29:21.503-0200: 12.150: Total time for which application threads were stopped: 0.0001629 seconds, Stopping threads took: 0.0000401 seconds
2015-08-03T21:29:21.507-0200: 12.154: Total time for which application threads were stopped: 0.0005423 seconds, Stopping threads took: 0.0000229 seconds
2015-08-03T21:29:21.515-0200: 12.161: Total time for which application threads were stopped: 0.0001364 seconds, Stopping threads took: 0.0000218 seconds
2015-08-03T21:29:21.531-0200: 12.177: Total time for which application threads were stopped: 0.0002044 seconds, Stopping threads took: 0.0000793 seconds
2015-08-03T21:29:21.746-0200: 12.393: Total time for which application threads were stopped: 0.0006063 seconds, Stopping threads took: 0.0000561 seconds
2015-08-03T21:29:21.946-0200: 12.593: Total time for which application threads were stopped: 0.0001965 seconds, Stopping threads took: 0.0000244 seconds
2015-08-03T21:29:22.259-0200: 12.905: Total time for which application threads were stopped: 0.0368739 seconds, Stopping threads took: 0.0366279 seconds
{Heap before GC invocations=7 (full 1):
 par new generation   total 109248K, used 101838K [0x000000011d400000, 0x0000000125400000, 0x0000000125400000)
  eden space 87424K, 100% used [0x000000011d400000, 0x0000000122960000, 0x0000000122960000)
  from space 21824K,  66% used [0x0000000123eb0000, 0x0000000124cc3898, 0x0000000125400000)
  to   space 21824K,   0% used [0x0000000122960000, 0x0000000122960000, 0x0000000123eb0000)
 concurrent mark-sweep generation total 393216K, used 0K [0x0000000125400000, 0x000000013d400000, 0x000000013d400000)
 Metaspace       used 24766K, capacity 25144K, committed 25420K, reserved 1071104K
  class space    used 2897K, capacity 3041K, committed 3148K, reserved 1048576K
2015-08-03T21:29:22.370-0200: 13.017: [GC (Allocation Failure) 13.017: [ParNew
Desired survivor size 20112992 bytes, new threshold 8 (max 8)
- age   1:    2400928 bytes,    2400928 total
- age   2:     107520 bytes,    2508448 total
- age   3:     174264 bytes,    2682712 total
- age   4:     352456 bytes,    3035168 total
- age   5:       8840 bytes,    3044008 total
- age   6:    3444784 bytes,    6488792 total
- age   7:     909392 bytes,    7398184 total
- age   8:    2482416 bytes,    9880600 total
: 101838K->11844K(109248K), 0.0592780 secs] 101838K->11844K(502464K), 0.0593847 secs] [Times: user=0.08 sys=0.00, real=0.06 secs] 
Heap after GC invocations=8 (full 1):
 par new generation   total 109248K, used 11844K [0x000000011d400000, 0x0000000125400000, 0x0000000125400000)
  eden space 87424K,   0% used [0x000000011d400000, 0x000000011d400000, 0x0000000122960000)
  from space 21824K,  54% used [0x0000000122960000, 0x00000001234f1050, 0x0000000123eb0000)
  to   space 21824K,   0% used [0x0000000123eb0000, 0x0000000123eb0000, 0x0000000125400000)
 concurrent mark-sweep generation total 393216K, used 0K [0x0000000125400000, 0x000000013d400000, 0x000000013d400000)
 Metaspace       used 24766K, capacity 25144K, committed 25420K, reserved 1071104K
  class space    used 2897K, capacity 3041K, committed 3148K, reserved 1048576K
}
2015-08-03T21:29:22.430-0200: 13.076: Total time for which application threads were stopped: 0.0596900 seconds, Stopping threads took: 0.0000256 seconds
2015-08-03T21:29:22.461-0200: 13.107: Total time for which application threads were stopped: 0.0003806 seconds, Stopping threads took: 0.0002429 seconds
2015-08-03T21:29:22.464-0200: 13.111: Total time for which application threads were stopped: 0.0029650 seconds, Stopping threads took: 0.0028159 seconds
2015-08-03T21:29:22.464-0200: 13.111: Total time for which application threads were stopped: 0.0000981 seconds, Stopping threads took: 0.0000152 seconds
2015-08-03T21:29:22.466-0200: 13.112: Total time for which application threads were stopped: 0.0001290 seconds, Stopping threads took: 0.0000184 seconds
2015-08-03T21:29:22.502-0200: 13.149: Total time for which application threads were stopped: 0.0007330 seconds, Stopping threads took: 0.0001761 seconds
2015-08-03T21:29:22.508-0200: 13.154: Total time for which application threads were stopped: 0.0001582 seconds, Stopping threads took: 0.0000525 seconds
2015-08-03T21:29:22.508-0200: 13.154: Total time for which application threads were stopped: 0.0001559 seconds, Stopping threads took: 0.0000451 seconds
2015-08-03T21:29:22.522-0200: 13.169: Total time for which application threads were stopped: 0.0006500 seconds, Stopping threads took: 0.0005320 seconds
2015-08-03T21:29:22.527-0200: 13.173: Total time for which application threads were stopped: 0.0005583 seconds, Stopping threads took: 0.0000451 seconds
2015-08-03T21:29:22.528-0200: 13.174: Total time for which application threads were stopped: 0.0002025 seconds, Stopping threads took: 0.0000802 seconds
2015-08-03T21:29:22.551-0200: 13.197: Total time for which application threads were stopped: 0.0019809 seconds, Stopping threads took: 0.0018478 seconds
2015-08-03T21:29:22.634-0200: 13.280: Total time for which application threads were stopped: 0.0003960 seconds, Stopping threads took: 0.0002852 seconds
2015-08-03T21:29:22.673-0200: 13.320: Total time for which application threads were stopped: 0.0097635 seconds, Stopping threads took: 0.0096291 seconds
2015-08-03T21:29:22.739-0200: 13.386: Total time for which application threads were stopped: 0.0005900 seconds, Stopping threads took: 0.0004574 seconds
2015-08-03T21:29:22.759-0200: 13.405: Total time for which application threads were stopped: 0.0001445 seconds, Stopping threads took: 0.0000221 seconds
2015-08-03T21:29:22.759-0200: 13.406: Total time for which application threads were stopped: 0.0001946 seconds, Stopping threads took: 0.0000853 seconds
2015-08-03T21:29:22.859-0200: 13.506: Total time for which application threads were stopped: 0.0003577 seconds, Stopping threads took: 0.0000858 seconds
2015-08-03T21:29:23.117-0200: 13.763: Total time for which application threads were stopped: 0.0001747 seconds, Stopping threads took: 0.0000438 seconds
2015-08-03T21:29:23.302-0200: 13.949: Total time for which application threads were stopped: 0.0001763 seconds, Stopping threads took: 0.0000226 seconds
2015-08-03T21:29:23.323-0200: 13.970: Total time for which application threads were stopped: 0.0006800 seconds, Stopping threads took: 0.0001064 seconds
2015-08-03T21:29:23.353-0200: 14.000: Total time for which application threads were stopped: 0.0006151 seconds, Stopping threads took: 0.0004215 seconds
2015-08-03T21:29:23.435-0200: 14.082: Total time for which application threads were stopped: 0.0005451 seconds, Stopping threads took: 0.0000226 seconds
2015-08-03T21:29:23.437-0200: 14.083: Total time for which application threads were stopped: 0.0001588 seconds, Stopping threads took: 0.0000198 seconds
2015-08-03T21:29:23.461-0200: 14.107: Total time for which application threads were stopped: 0.0002363 seconds, Stopping threads took: 0.0000429 seconds
2015-08-03T21:29:23.510-0200: 14.157: Total time for which application threads were stopped: 0.0001987 seconds, Stopping threads took: 0.0000493 seconds
2015-08-03T21:29:23.514-0200: 14.161: Total time for which application threads were stopped: 0.0001576 seconds, Stopping threads took: 0.0000449 seconds
2015-08-03T21:29:23.516-0200: 14.162: Total time for which application threads were stopped: 0.0001635 seconds, Stopping threads took: 0.0000399 seconds
2015-08-03T21:29:23.516-0200: 14.163: Total time for which application threads were stopped: 0.0001285 seconds, Stopping threads took: 0.0000278 seconds
2015-08-03T21:29:23.583-0200: 14.229: Total time for which application threads were stopped: 0.0003482 seconds, Stopping threads took: 0.0001708 seconds
2015-08-03T21:29:23.599-0200: 14.246: Total time for which application threads were stopped: 0.0005340 seconds, Stopping threads took: 0.0000213 seconds
2015-08-03T21:29:23.604-0200: 14.251: Total time for which application threads were stopped: 0.0002873 seconds, Stopping threads took: 0.0001083 seconds
2015-08-03T21:29:23.643-0200: 14.290: Total time for which application threads were stopped: 0.0055850 seconds, Stopping threads took: 0.0054150 seconds
2015-08-03T21:29:23.674-0200: 14.320: Total time for which application threads were stopped: 0.0001825 seconds, Stopping threads took: 0.0000235 seconds
2015-08-03T21:29:23.683-0200: 14.330: Total time for which application threads were stopped: 0.0001688 seconds, Stopping threads took: 0.0000458 seconds
2015-08-03T21:29:23.685-0200: 14.332: Total time for which application threads were stopped: 0.0002299 seconds, Stopping threads took: 0.0001177 seconds
2015-08-03T21:29:23.703-0200: 14.350: Total time for which application threads were stopped: 0.0001933 seconds, Stopping threads took: 0.0000416 seconds
2015-08-03T21:29:23.733-0200: 14.380: Total time for which application threads were stopped: 0.0002446 seconds, Stopping threads took: 0.0000438 seconds
2015-08-03T21:29:23.748-0200: 14.394: Total time for which application threads were stopped: 0.0002074 seconds, Stopping threads took: 0.0000259 seconds
2015-08-03T21:29:23.795-0200: 14.442: Total time for which application threads were stopped: 0.0001975 seconds, Stopping threads took: 0.0000462 seconds
2015-08-03T21:29:23.806-0200: 14.452: Total time for which application threads were stopped: 0.0003103 seconds, Stopping threads took: 0.0000495 seconds
2015-08-03T21:29:23.961-0200: 14.608: Total time for which application threads were stopped: 0.0001410 seconds, Stopping threads took: 0.0000242 seconds
2015-08-03T21:29:23.964-0200: 14.610: Total time for which application threads were stopped: 0.0001638 seconds, Stopping threads took: 0.0000484 seconds
2015-08-03T21:29:23.971-0200: 14.618: Total time for which application threads were stopped: 0.0006528 seconds, Stopping threads took: 0.0000257 seconds
2015-08-03T21:29:24.060-0200: 14.706: Total time for which application threads were stopped: 0.0001293 seconds, Stopping threads took: 0.0000225 seconds
2015-08-03T21:29:24.061-0200: 14.707: Total time for which application threads were stopped: 0.0001334 seconds, Stopping threads took: 0.0000207 seconds
2015-08-03T21:29:24.061-0200: 14.708: Total time for which application threads were stopped: 0.0000766 seconds, Stopping threads took: 0.0000113 seconds
2015-08-03T21:29:24.842-0200: 15.489: Total time for which application threads were stopped: 0.0001812 seconds, Stopping threads took: 0.0000236 seconds
2015-08-03T21:29:24.850-0200: 15.496: Total time for which application threads were stopped: 0.0001625 seconds, Stopping threads took: 0.0000419 seconds
2015-08-03T21:29:24.851-0200: 15.498: Total time for which application threads were stopped: 0.0001486 seconds, Stopping threads took: 0.0000203 seconds
2015-08-03T21:29:24.851-0200: 15.498: Total time for which application threads were stopped: 0.0000996 seconds, Stopping threads took: 0.0000129 seconds
2015-08-03T21:29:24.871-0200: 15.518: Total time for which application threads were stopped: 0.0001820 seconds, Stopping threads took: 0.0000635 seconds
2015-08-03T21:29:24.873-0200: 15.520: Total time for which application threads were stopped: 0.0002004 seconds, Stopping threads took: 0.0000931 seconds
2015-08-03T21:29:24.875-0200: 15.521: Total time for which application threads were stopped: 0.0001483 seconds, Stopping threads took: 0.0000381 seconds
2015-08-03T21:29:24.888-0200: 15.534: Total time for which application threads were stopped: 0.0001555 seconds, Stopping threads took: 0.0000447 seconds
2015-08-03T21:29:24.915-0200: 15.562: Total time for which application threads were stopped: 0.0107710 seconds, Stopping threads took: 0.0106320 seconds
2015-08-03T21:29:24.916-0200: 15.563: Total time for which application threads were stopped: 0.0001630 seconds, Stopping threads took: 0.0000598 seconds
2015-08-03T21:29:24.926-0200: 15.573: Total time for which application threads were stopped: 0.0001741 seconds, Stopping threads took: 0.0000546 seconds
2015-08-03T21:29:24.926-0200: 15.573: Total time for which application threads were stopped: 0.0001108 seconds, Stopping threads took: 0.0000313 seconds
2015-08-03T21:29:24.951-0200: 15.598: Total time for which application threads were stopped: 0.0002983 seconds, Stopping threads took: 0.0001236 seconds
2015-08-03T21:29:24.974-0200: 15.621: Total time for which application threads were stopped: 0.0006676 seconds, Stopping threads took: 0.0000441 seconds
2015-08-03T21:29:24.979-0200: 15.626: Total time for which application threads were stopped: 0.0005895 seconds, Stopping threads took: 0.0000242 seconds
2015-08-03T21:29:24.998-0200: 15.645: Total time for which application threads were stopped: 0.0006778 seconds, Stopping threads took: 0.0000496 seconds
2015-08-03T21:29:25.040-0200: 15.687: Total time for which application threads were stopped: 0.0001302 seconds, Stopping threads took: 0.0000234 seconds
2015-08-03T21:29:25.040-0200: 15.687: Total time for which application threads were stopped: 0.0000842 seconds, Stopping threads took: 0.0000170 seconds
2015-08-03T21:29:26.184-0200: 16.831: Total time for which application threads were stopped: 0.0001790 seconds, Stopping threads took: 0.0000399 seconds
{Heap before GC invocations=8 (full 1):
 par new generation   total 109248K, used 99268K [0x000000011d400000, 0x0000000125400000, 0x0000000125400000)
  eden space 87424K, 100% used [0x000000011d400000, 0x0000000122960000, 0x0000000122960000)
  from space 21824K,  54% used [0x0000000122960000, 0x00000001234f1050, 0x0000000123eb0000)
  to   space 21824K,   0% used [0x0000000123eb0000, 0x0000000123eb0000, 0x0000000125400000)
 concurrent mark-sweep generation total 393216K, used 0K [0x0000000125400000, 0x000000013d400000, 0x000000013d400000)
 Metaspace       used 29828K, capacity 30216K, committed 30540K, reserved 1077248K
  class space    used 3535K, capacity 3657K, committed 3660K, reserved 1048576K
2015-08-03T21:29:26.193-0200: 16.839: [GC (Allocation Failure) 16.840: [ParNew
Desired survivor size 20112992 bytes, new threshold 8 (max 8)
- age   1:    9847328 bytes,    9847328 total
- age   2:    1229448 bytes,   11076776 total
- age   3:     105744 bytes,   11182520 total
- age   4:     162560 bytes,   11345080 total
- age   5:     234576 bytes,   11579656 total
- age   6:       8840 bytes,   11588496 total
- age   7:    3406464 bytes,   14994960 total
- age   8:     905896 bytes,   15900856 total
: 99268K->18961K(109248K), 0.1052376 secs] 99268K->21614K(502464K), 0.1053347 secs] [Times: user=0.12 sys=0.01, real=0.10 secs] 
Heap after GC invocations=9 (full 1):
 par new generation   total 109248K, used 18961K [0x000000011d400000, 0x0000000125400000, 0x0000000125400000)
  eden space 87424K,   0% used [0x000000011d400000, 0x000000011d400000, 0x0000000122960000)
  from space 21824K,  86% used [0x0000000123eb0000, 0x00000001251345d8, 0x0000000125400000)
  to   space 21824K,   0% used [0x0000000122960000, 0x0000000122960000, 0x0000000123eb0000)
 concurrent mark-sweep generation total 393216K, used 2653K [0x0000000125400000, 0x000000013d400000, 0x000000013d400000)
 Metaspace       used 29828K, capacity 30216K, committed 30540K, reserved 1077248K
  class space    used 3535K, capacity 3657K, committed 3660K, reserved 1048576K
}
2015-08-03T21:29:26.298-0200: 16.945: Total time for which application threads were stopped: 0.1056220 seconds, Stopping threads took: 0.0000231 seconds
{Heap before GC invocations=9 (full 1):
 par new generation   total 109248K, used 106385K [0x000000011d400000, 0x0000000125400000, 0x0000000125400000)
  eden space 87424K, 100% used [0x000000011d400000, 0x0000000122960000, 0x0000000122960000)
  from space 21824K,  86% used [0x0000000123eb0000, 0x00000001251345d8, 0x0000000125400000)
  to   space 21824K,   0% used [0x0000000122960000, 0x0000000122960000, 0x0000000123eb0000)
 concurrent mark-sweep generation total 393216K, used 2653K [0x0000000125400000, 0x000000013d400000, 0x000000013d400000)
 Metaspace       used 29858K, capacity 30216K, committed 30540K, reserved 1077248K
  class space    used 3535K, capacity 3657K, committed 3660K, reserved 1048576K
2015-08-03T21:29:26.687-0200: 17.333: [GC (Allocation Failure) 17.334: [ParNew
Desired survivor size 20112992 bytes, new threshold 8 (max 8)
- age   1:    1514120 bytes,    1514120 total
- age   2:    5492208 bytes,    7006328 total
- age   3:    1229296 bytes,    8235624 total
- age   4:     105744 bytes,    8341368 total
- age   5:     162528 bytes,    8503896 total
- age   6:     234576 bytes,    8738472 total
- age   7:       8840 bytes,    8747312 total
- age   8:    3406448 bytes,   12153760 total
: 106385K->20298K(109248K), 0.0478513 secs] 109038K->23847K(502464K), 0.0479417 secs] [Times: user=0.07 sys=0.00, real=0.05 secs] 
Heap after GC invocations=10 (full 1):
 par new generation   total 109248K, used 20298K [0x000000011d400000, 0x0000000125400000, 0x0000000125400000)
  eden space 87424K,   0% used [0x000000011d400000, 0x000000011d400000, 0x0000000122960000)
  from space 21824K,  93% used [0x0000000122960000, 0x0000000123d32a70, 0x0000000123eb0000)
  to   space 21824K,   0% used [0x0000000123eb0000, 0x0000000123eb0000, 0x0000000125400000)
 concurrent mark-sweep generation total 393216K, used 3548K [0x0000000125400000, 0x000000013d400000, 0x000000013d400000)
 Metaspace       used 29858K, capacity 30216K, committed 30540K, reserved 1077248K
  class space    used 3535K, capacity 3657K, committed 3660K, reserved 1048576K
}
2015-08-03T21:29:26.735-0200: 17.382: Total time for which application threads were stopped: 0.0483201 seconds, Stopping threads took: 0.0000461 seconds
2015-08-03T21:29:26.735-0200: 17.382: Total time for which application threads were stopped: 0.0003294 seconds, Stopping threads took: 0.0002129 seconds
2015-08-03T21:29:27.149-0200: 17.796: Total time for which application threads were stopped: 0.0001805 seconds, Stopping threads took: 0.0000415 seconds
{Heap before GC invocations=10 (full 1):
 par new generation   total 109248K, used 107722K [0x000000011d400000, 0x0000000125400000, 0x0000000125400000)
  eden space 87424K, 100% used [0x000000011d400000, 0x0000000122960000, 0x0000000122960000)
  from space 21824K,  93% used [0x0000000122960000, 0x0000000123d32a70, 0x0000000123eb0000)
  to   space 21824K,   0% used [0x0000000123eb0000, 0x0000000123eb0000, 0x0000000125400000)
 concurrent mark-sweep generation total 393216K, used 3548K [0x0000000125400000, 0x000000013d400000, 0x000000013d400000)
 Metaspace       used 29907K, capacity 30280K, committed 30540K, reserved 1077248K
  class space    used 3535K, capacity 3657K, committed 3660K, reserved 1048576K
2015-08-03T21:29:27.325-0200: 17.971: [GC (Allocation Failure) 17.971: [ParNew
Desired survivor size 20112992 bytes, new threshold 8 (max 8)
- age   1:     263768 bytes,     263768 total
- age   2:    1056632 bytes,    1320400 total
- age   3:    5492208 bytes,    6812608 total
- age   4:    1229264 bytes,    8041872 total
- age   5:     105744 bytes,    8147616 total
- age   6:     162496 bytes,    8310112 total
- age   7:     234576 bytes,    8544688 total
- age   8:       8840 bytes,    8553528 total
: 107722K->11113K(109248K), 0.0348912 secs] 111271K->18172K(502464K), 0.0349939 secs] [Times: user=0.07 sys=0.01, real=0.04 secs] 
Heap after GC invocations=11 (full 1):
 par new generation   total 109248K, used 11113K [0x000000011d400000, 0x0000000125400000, 0x0000000125400000)
  eden space 87424K,   0% used [0x000000011d400000, 0x000000011d400000, 0x0000000122960000)
  from space 21824K,  50% used [0x0000000123eb0000, 0x000000012498a430, 0x0000000125400000)
  to   space 21824K,   0% used [0x0000000122960000, 0x0000000122960000, 0x0000000123eb0000)
 concurrent mark-sweep generation total 393216K, used 7059K [0x0000000125400000, 0x000000013d400000, 0x000000013d400000)
 Metaspace       used 29907K, capacity 30280K, committed 30540K, reserved 1077248K
  class space    used 3535K, capacity 3657K, committed 3660K, reserved 1048576K
}
2015-08-03T21:29:27.360-0200: 18.007: Total time for which application threads were stopped: 0.0352965 seconds, Stopping threads took: 0.0000241 seconds
2015-08-03T21:29:27.548-0200: 18.194: Total time for which application threads were stopped: 0.0001859 seconds, Stopping threads took: 0.0000468 seconds
2015-08-03T21:29:27.595-0200: 18.241: Total time for which application threads were stopped: 0.0016069 seconds, Stopping threads took: 0.0014513 seconds
2015-08-03T21:29:27.596-0200: 18.243: Total time for which application threads were stopped: 0.0001465 seconds, Stopping threads took: 0.0000443 seconds
2015-08-03T21:29:27.596-0200: 18.243: Total time for which application threads were stopped: 0.0001015 seconds, Stopping threads took: 0.0000361 seconds
2015-08-03T21:29:27.597-0200: 18.244: Total time for which application threads were stopped: 0.0001336 seconds, Stopping threads took: 0.0000440 seconds
2015-08-03T21:29:27.597-0200: 18.244: Total time for which application threads were stopped: 0.0001038 seconds, Stopping threads took: 0.0000339 seconds
2015-08-03T21:29:27.597-0200: 18.244: Total time for which application threads were stopped: 0.0000685 seconds, Stopping threads took: 0.0000109 seconds
2015-08-03T21:29:27.670-0200: 18.317: Total time for which application threads were stopped: 0.0001815 seconds, Stopping threads took: 0.0000515 seconds
2015-08-03T21:29:27.674-0200: 18.320: Total time for which application threads were stopped: 0.0001321 seconds, Stopping threads took: 0.0000251 seconds
2015-08-03T21:29:27.674-0200: 18.320: Total time for which application threads were stopped: 0.0000699 seconds, Stopping threads took: 0.0000115 seconds
2015-08-03T21:29:27.674-0200: 18.321: Total time for which application threads were stopped: 0.0000671 seconds, Stopping threads took: 0.0000112 seconds
2015-08-03T21:29:27.674-0200: 18.321: Total time for which application threads were stopped: 0.0000695 seconds, Stopping threads took: 0.0000099 seconds
2015-08-03T21:29:27.674-0200: 18.321: Total time for which application threads were stopped: 0.0000653 seconds, Stopping threads took: 0.0000099 seconds
2015-08-03T21:29:27.674-0200: 18.321: Total time for which application threads were stopped: 0.0000652 seconds, Stopping threads took: 0.0000102 seconds
2015-08-03T21:29:27.674-0200: 18.321: Total time for which application threads were stopped: 0.0000650 seconds, Stopping threads took: 0.0000095 seconds
2015-08-03T21:29:27.674-0200: 18.321: Total time for which application threads were stopped: 0.0000697 seconds, Stopping threads took: 0.0000104 seconds
2015-08-03T21:29:27.674-0200: 18.321: Total time for which application threads were stopped: 0.0000673 seconds, Stopping threads took: 0.0000097 seconds
2015-08-03T21:29:27.675-0200: 18.321: Total time for which application threads were stopped: 0.0000655 seconds, Stopping threads took: 0.0000107 seconds
2015-08-03T21:29:27.675-0200: 18.321: Total time for which application threads were stopped: 0.0000665 seconds, Stopping threads took: 0.0000098 seconds
2015-08-03T21:29:27.675-0200: 18.321: Total time for which application threads were stopped: 0.0000659 seconds, Stopping threads took: 0.0000103 seconds
2015-08-03T21:29:27.675-0200: 18.322: Total time for which application threads were stopped: 0.0000685 seconds, Stopping threads took: 0.0000105 seconds
2015-08-03T21:29:27.675-0200: 18.322: Total time for which application threads were stopped: 0.0001157 seconds, Stopping threads took: 0.0000106 seconds
2015-08-03T21:29:27.675-0200: 18.322: Total time for which application threads were stopped: 0.0000727 seconds, Stopping threads took: 0.0000116 seconds
2015-08-03T21:29:27.675-0200: 18.322: Total time for which application threads were stopped: 0.0000655 seconds, Stopping threads took: 0.0000102 seconds
2015-08-03T21:29:27.675-0200: 18.322: Total time for which application threads were stopped: 0.0000680 seconds, Stopping threads took: 0.0000104 seconds
2015-08-03T21:29:27.675-0200: 18.322: Total time for which application threads were stopped: 0.0000794 seconds, Stopping threads took: 0.0000135 seconds
2015-08-03T21:29:27.676-0200: 18.322: Total time for which application threads were stopped: 0.0001093 seconds, Stopping threads took: 0.0000503 seconds
2015-08-03T21:29:27.676-0200: 18.323: Total time for which application threads were stopped: 0.0003325 seconds, Stopping threads took: 0.0000112 seconds
2015-08-03T21:29:27.680-0200: 18.326: Total time for which application threads were stopped: 0.0001368 seconds, Stopping threads took: 0.0000266 seconds
2015-08-03T21:29:27.680-0200: 18.327: Total time for which application threads were stopped: 0.0000807 seconds, Stopping threads took: 0.0000136 seconds
2015-08-03T21:29:27.680-0200: 18.327: Total time for which application threads were stopped: 0.0000735 seconds, Stopping threads took: 0.0000121 seconds
2015-08-03T21:29:27.681-0200: 18.328: Total time for which application threads were stopped: 0.0001530 seconds, Stopping threads took: 0.0000456 seconds
2015-08-03T21:29:27.683-0200: 18.330: Total time for which application threads were stopped: 0.0001665 seconds, Stopping threads took: 0.0000506 seconds
2015-08-03T21:29:27.726-0200: 18.373: Total time for which application threads were stopped: 0.0001824 seconds, Stopping threads took: 0.0000459 seconds
{Heap before GC invocations=11 (full 1):
 par new generation   total 109248K, used 98537K [0x000000011d400000, 0x0000000125400000, 0x0000000125400000)
  eden space 87424K, 100% used [0x000000011d400000, 0x0000000122960000, 0x0000000122960000)
  from space 21824K,  50% used [0x0000000123eb0000, 0x000000012498a430, 0x0000000125400000)
  to   space 21824K,   0% used [0x0000000122960000, 0x0000000122960000, 0x0000000123eb0000)
 concurrent mark-sweep generation total 393216K, used 7059K [0x0000000125400000, 0x000000013d400000, 0x000000013d400000)
 Metaspace       used 30030K, capacity 30380K, committed 30924K, reserved 1077248K
  class space    used 3541K, capacity 3663K, committed 3788K, reserved 1048576K
2015-08-03T21:29:28.036-0200: 18.683: [GC (Allocation Failure) 18.683: [ParNew
Desired survivor size 20112992 bytes, new threshold 8 (max 8)
- age   1:    3968200 bytes,    3968200 total
- age   2:     119912 bytes,    4088112 total
- age   3:     315144 bytes,    4403256 total
- age   4:    3916736 bytes,    8319992 total
- age   5:    1229232 bytes,    9549224 total
- age   6:     105744 bytes,    9654968 total
- age   7:     162392 bytes,    9817360 total
- age   8:     234080 bytes,   10051440 total
: 98537K->12055K(109248K), 0.0168755 secs] 105596K->19124K(502464K), 0.0169928 secs] [Times: user=0.05 sys=0.00, real=0.02 secs] 
Heap after GC invocations=12 (full 1):
 par new generation   total 109248K, used 12055K [0x000000011d400000, 0x0000000125400000, 0x0000000125400000)
  eden space 87424K,   0% used [0x000000011d400000, 0x000000011d400000, 0x0000000122960000)
  from space 21824K,  55% used [0x0000000122960000, 0x0000000123525fc0, 0x0000000123eb0000)
  to   space 21824K,   0% used [0x0000000123eb0000, 0x0000000123eb0000, 0x0000000125400000)
 concurrent mark-sweep generation total 393216K, used 7068K [0x0000000125400000, 0x000000013d400000, 0x000000013d400000)
 Metaspace       used 30030K, capacity 30380K, committed 30924K, reserved 1077248K
  class space    used 3541K, capacity 3663K, committed 3788K, reserved 1048576K
}
2015-08-03T21:29:28.053-0200: 18.700: Total time for which application threads were stopped: 0.0173165 seconds, Stopping threads took: 0.0000339 seconds
2015-08-03T21:29:28.054-0200: 18.700: Total time for which application threads were stopped: 0.0004615 seconds, Stopping threads took: 0.0003245 seconds
{Heap before GC invocations=12 (full 1):
 par new generation   total 109248K, used 99479K [0x000000011d400000, 0x0000000125400000, 0x0000000125400000)
  eden space 87424K, 100% used [0x000000011d400000, 0x0000000122960000, 0x0000000122960000)
  from space 21824K,  55% used [0x0000000122960000, 0x0000000123525fc0, 0x0000000123eb0000)
  to   space 21824K,   0% used [0x0000000123eb0000, 0x0000000123eb0000, 0x0000000125400000)
 concurrent mark-sweep generation total 393216K, used 7068K [0x0000000125400000, 0x000000013d400000, 0x000000013d400000)
 Metaspace       used 30063K, capacity 30468K, committed 30924K, reserved 1077248K
  class space    used 3543K, capacity 3667K, committed 3788K, reserved 1048576K
2015-08-03T21:29:28.421-0200: 19.068: [GC (Allocation Failure) 19.068: [ParNew
Desired survivor size 20112992 bytes, new threshold 8 (max 8)
- age   1:     592800 bytes,     592800 total
- age   2:    3654528 bytes,    4247328 total
- age   3:     119912 bytes,    4367240 total
- age   4:     315144 bytes,    4682384 total
- age   5:    3916736 bytes,    8599120 total
- age   6:    1229232 bytes,    9828352 total
- age   7:     105640 bytes,    9933992 total
- age   8:     162080 bytes,   10096072 total
: 99479K->16699K(109248K), 0.0343602 secs] 106548K->24001K(502464K), 0.0344432 secs] [Times: user=0.06 sys=0.01, real=0.03 secs] 
Heap after GC invocations=13 (full 1):
 par new generation   total 109248K, used 16699K [0x000000011d400000, 0x0000000125400000, 0x0000000125400000)
  eden space 87424K,   0% used [0x000000011d400000, 0x000000011d400000, 0x0000000122960000)
  from space 21824K,  76% used [0x0000000123eb0000, 0x0000000124efef00, 0x0000000125400000)
  to   space 21824K,   0% used [0x0000000122960000, 0x0000000122960000, 0x0000000123eb0000)
 concurrent mark-sweep generation total 393216K, used 7301K [0x0000000125400000, 0x000000013d400000, 0x000000013d400000)
 Metaspace       used 30063K, capacity 30468K, committed 30924K, reserved 1077248K
  class space    used 3543K, capacity 3667K, committed 3788K, reserved 1048576K
}
2015-08-03T21:29:28.456-0200: 19.102: Total time for which application threads were stopped: 0.0347519 seconds, Stopping threads took: 0.0000285 seconds
2015-08-03T21:29:28.664-0200: 19.311: Total time for which application threads were stopped: 0.0002136 seconds, Stopping threads took: 0.0000257 seconds
2015-08-03T21:29:28.686-0200: 19.333: Total time for which application threads were stopped: 0.0002164 seconds, Stopping threads took: 0.0000418 seconds
2015-08-03T21:29:28.687-0200: 19.333: Total time for which application threads were stopped: 0.0001009 seconds, Stopping threads took: 0.0000199 seconds
2015-08-03T21:29:28.687-0200: 19.334: Total time for which application threads were stopped: 0.0000789 seconds, Stopping threads took: 0.0000141 seconds
2015-08-03T21:29:28.687-0200: 19.334: Total time for which application threads were stopped: 0.0000736 seconds, Stopping threads took: 0.0000118 seconds
2015-08-03T21:29:28.687-0200: 19.334: Total time for which application threads were stopped: 0.0000727 seconds, Stopping threads took: 0.0000119 seconds
2015-08-03T21:29:28.687-0200: 19.334: Total time for which application threads were stopped: 0.0000729 seconds, Stopping threads took: 0.0000116 seconds
2015-08-03T21:29:28.700-0200: 19.346: Total time for which application threads were stopped: 0.0001584 seconds, Stopping threads took: 0.0000374 seconds
2015-08-03T21:29:28.700-0200: 19.346: Total time for which application threads were stopped: 0.0000801 seconds, Stopping threads took: 0.0000127 seconds
2015-08-03T21:29:28.702-0200: 19.349: Total time for which application threads were stopped: 0.0001226 seconds, Stopping threads took: 0.0000437 seconds
2015-08-03T21:29:29.707-0200: 20.353: Total time for which application threads were stopped: 0.0002781 seconds, Stopping threads took: 0.0000385 seconds
2015-08-03T21:29:32.052-0200: 22.698: Total time for which application threads were stopped: 0.0002684 seconds, Stopping threads took: 0.0001111 seconds
2015-08-03T21:29:32.056-0200: 22.703: Total time for which application threads were stopped: 0.0001601 seconds, Stopping threads took: 0.0000585 seconds
2015-08-03T21:29:32.056-0200: 22.703: Total time for which application threads were stopped: 0.0001222 seconds, Stopping threads took: 0.0000558 seconds
2015-08-03T21:29:32.066-0200: 22.712: Total time for which application threads were stopped: 0.0002348 seconds, Stopping threads took: 0.0001034 seconds
2015-08-03T21:29:32.101-0200: 22.747: Total time for which application threads were stopped: 0.0004497 seconds, Stopping threads took: 0.0000207 seconds
2015-08-03T21:29:32.105-0200: 22.752: Total time for which application threads were stopped: 0.0001660 seconds, Stopping threads took: 0.0000347 seconds
2015-08-03T21:29:32.108-0200: 22.754: Total time for which application threads were stopped: 0.0001318 seconds, Stopping threads took: 0.0000461 seconds
2015-08-03T21:29:32.118-0200: 22.765: Total time for which application threads were stopped: 0.0001547 seconds, Stopping threads took: 0.0000461 seconds
2015-08-03T21:29:32.118-0200: 22.765: Total time for which application threads were stopped: 0.0000992 seconds, Stopping threads took: 0.0000291 seconds
2015-08-03T21:29:32.119-0200: 22.765: Total time for which application threads were stopped: 0.0000816 seconds, Stopping threads took: 0.0000139 seconds
2015-08-03T21:29:32.119-0200: 22.766: Total time for which application threads were stopped: 0.0001087 seconds, Stopping threads took: 0.0000094 seconds
2015-08-03T21:29:32.119-0200: 22.766: Total time for which application threads were stopped: 0.0000766 seconds, Stopping threads took: 0.0000109 seconds
2015-08-03T21:29:32.119-0200: 22.766: Total time for which application threads were stopped: 0.0000776 seconds, Stopping threads took: 0.0000125 seconds
2015-08-03T21:29:32.119-0200: 22.766: Total time for which application threads were stopped: 0.0000697 seconds, Stopping threads took: 0.0000106 seconds
2015-08-03T21:29:32.119-0200: 22.766: Total time for which application threads were stopped: 0.0000665 seconds, Stopping threads took: 0.0000100 seconds
2015-08-03T21:29:32.119-0200: 22.766: Total time for which application threads were stopped: 0.0000676 seconds, Stopping threads took: 0.0000098 seconds
2015-08-03T21:29:32.120-0200: 22.766: Total time for which application threads were stopped: 0.0000693 seconds, Stopping threads took: 0.0000114 seconds
2015-08-03T21:29:32.120-0200: 22.767: Total time for which application threads were stopped: 0.0002336 seconds, Stopping threads took: 0.0000104 seconds
2015-08-03T21:29:32.126-0200: 22.773: Total time for which application threads were stopped: 0.0001517 seconds, Stopping threads took: 0.0000570 seconds
2015-08-03T21:29:32.128-0200: 22.774: Total time for which application threads were stopped: 0.0001411 seconds, Stopping threads took: 0.0000419 seconds
2015-08-03T21:29:32.129-0200: 22.776: Total time for which application threads were stopped: 0.0000843 seconds, Stopping threads took: 0.0000174 seconds
2015-08-03T21:30:14.217-0200: 64.865: Total time for which application threads were stopped: 0.0009310 seconds, Stopping threads took: 0.0003090 seconds
2015-08-03T21:32:06.671-0200: 181.147: Total time for which application threads were stopped: 0.0005215 seconds, Stopping threads took: 0.0000995 seconds
2015-08-03T21:33:21.414-0200: 255.892: Total time for which application threads were stopped: 0.0009936 seconds, Stopping threads took: 0.0002625 seconds
2015-08-03T21:33:21.414-0200: 255.893: Total time for which application threads were stopped: 0.0001613 seconds, Stopping threads took: 0.0000732 seconds
2015-08-03T21:33:21.575-0200: 256.054: Total time for which application threads were stopped: 0.0004447 seconds, Stopping threads took: 0.0000950 seconds
2015-08-03T21:33:21.606-0200: 256.084: Total time for which application threads were stopped: 0.0002229 seconds, Stopping threads took: 0.0000950 seconds
2015-08-03T21:33:21.641-0200: 256.119: Total time for which application threads were stopped: 0.0003517 seconds, Stopping threads took: 0.0000583 seconds
2015-08-03T21:33:21.653-0200: 256.132: Total time for which application threads were stopped: 0.0111159 seconds, Stopping threads took: 0.0109665 seconds
2015-08-03T21:33:21.658-0200: 256.136: Total time for which application threads were stopped: 0.0009626 seconds, Stopping threads took: 0.0007281 seconds
2015-08-03T21:33:21.664-0200: 256.142: Total time for which application threads were stopped: 0.0037397 seconds, Stopping threads took: 0.0004981 seconds
2015-08-03T21:33:21.675-0200: 256.153: Total time for which application threads were stopped: 0.0002252 seconds, Stopping threads took: 0.0000279 seconds
2015-08-03T21:33:21.733-0200: 256.212: Total time for which application threads were stopped: 0.0026896 seconds, Stopping threads took: 0.0025026 seconds
{Heap before GC invocations=13 (full 1):
 par new generation   total 109248K, used 104123K [0x000000011d400000, 0x0000000125400000, 0x0000000125400000)
  eden space 87424K, 100% used [0x000000011d400000, 0x0000000122960000, 0x0000000122960000)
  from space 21824K,  76% used [0x0000000123eb0000, 0x0000000124efef00, 0x0000000125400000)
  to   space 21824K,   0% used [0x0000000122960000, 0x0000000122960000, 0x0000000123eb0000)
 concurrent mark-sweep generation total 393216K, used 7301K [0x0000000125400000, 0x000000013d400000, 0x000000013d400000)
 Metaspace       used 30317K, capacity 30728K, committed 31180K, reserved 1077248K
  class space    used 3562K, capacity 3705K, committed 3788K, reserved 1048576K
2015-08-03T21:33:21.834-0200: 256.312: [GC (Allocation Failure) 256.312: [ParNew
Desired survivor size 20112992 bytes, new threshold 8 (max 8)
- age   1:    7198008 bytes,    7198008 total
- age   2:      89224 bytes,    7287232 total
- age   3:    1345816 bytes,    8633048 total
- age   4:     119680 bytes,    8752728 total
- age   5:     315144 bytes,    9067872 total
- age   6:    2276752 bytes,   11344624 total
- age   7:    1229200 bytes,   12573824 total
- age   8:     105640 bytes,   12679464 total
: 104123K->13657K(109248K), 0.1640218 secs] 111425K->21121K(502464K), 0.1641854 secs] [Times: user=0.08 sys=0.12, real=0.16 secs] 
Heap after GC invocations=14 (full 1):
 par new generation   total 109248K, used 13657K [0x000000011d400000, 0x0000000125400000, 0x0000000125400000)
  eden space 87424K,   0% used [0x000000011d400000, 0x000000011d400000, 0x0000000122960000)
  from space 21824K,  62% used [0x0000000122960000, 0x00000001236b6420, 0x0000000123eb0000)
  to   space 21824K,   0% used [0x0000000123eb0000, 0x0000000123eb0000, 0x0000000125400000)
 concurrent mark-sweep generation total 393216K, used 7464K [0x0000000125400000, 0x000000013d400000, 0x000000013d400000)
 Metaspace       used 30317K, capacity 30728K, committed 31180K, reserved 1077248K
  class space    used 3562K, capacity 3705K, committed 3788K, reserved 1048576K
}
2015-08-03T21:33:21.998-0200: 256.477: Total time for which application threads were stopped: 0.1779348 seconds, Stopping threads took: 0.0118020 seconds
{Heap before GC invocations=14 (full 1):
 par new generation   total 109248K, used 101081K [0x000000011d400000, 0x0000000125400000, 0x0000000125400000)
  eden space 87424K, 100% used [0x000000011d400000, 0x0000000122960000, 0x0000000122960000)
  from space 21824K,  62% used [0x0000000122960000, 0x00000001236b6420, 0x0000000123eb0000)
  to   space 21824K,   0% used [0x0000000123eb0000, 0x0000000123eb0000, 0x0000000125400000)
 concurrent mark-sweep generation total 393216K, used 7464K [0x0000000125400000, 0x000000013d400000, 0x000000013d400000)
 Metaspace       used 30326K, capacity 30740K, committed 31180K, reserved 1077248K
  class space    used 3563K, capacity 3707K, committed 3788K, reserved 1048576K
2015-08-03T21:33:22.186-0200: 256.665: [GC (Allocation Failure) 256.665: [ParNew
Desired survivor size 20112992 bytes, new threshold 8 (max 8)
- age   1:     830848 bytes,     830848 total
- age   2:    6423792 bytes,    7254640 total
- age   3:      89224 bytes,    7343864 total
- age   4:    1345208 bytes,    8689072 total
- age   5:     119680 bytes,    8808752 total
- age   6:     315144 bytes,    9123896 total
- age   7:    2266104 bytes,   11390000 total
- age   8:    1229200 bytes,   12619200 total
: 101081K->18243K(109248K), 0.0338718 secs] 108545K->25813K(502464K), 0.0339535 secs] [Times: user=0.07 sys=0.01, real=0.04 secs] 
Heap after GC invocations=15 (full 1):
 par new generation   total 109248K, used 18243K [0x000000011d400000, 0x0000000125400000, 0x0000000125400000)
  eden space 87424K,   0% used [0x000000011d400000, 0x000000011d400000, 0x0000000122960000)
  from space 21824K,  83% used [0x0000000123eb0000, 0x0000000125080de8, 0x0000000125400000)
  to   space 21824K,   0% used [0x0000000122960000, 0x0000000122960000, 0x0000000123eb0000)
 concurrent mark-sweep generation total 393216K, used 7569K [0x0000000125400000, 0x000000013d400000, 0x000000013d400000)
 Metaspace       used 30326K, capacity 30740K, committed 31180K, reserved 1077248K
  class space    used 3563K, capacity 3707K, committed 3788K, reserved 1048576K
}
2015-08-03T21:33:22.220-0200: 256.699: Total time for which application threads were stopped: 0.0343957 seconds, Stopping threads took: 0.0001370 seconds
{Heap before GC invocations=15 (full 1):
 par new generation   total 109248K, used 105667K [0x000000011d400000, 0x0000000125400000, 0x0000000125400000)
  eden space 87424K, 100% used [0x000000011d400000, 0x0000000122960000, 0x0000000122960000)
  from space 21824K,  83% used [0x0000000123eb0000, 0x0000000125080de8, 0x0000000125400000)
  to   space 21824K,   0% used [0x0000000122960000, 0x0000000122960000, 0x0000000123eb0000)
 concurrent mark-sweep generation total 393216K, used 7569K [0x0000000125400000, 0x000000013d400000, 0x000000013d400000)
 Metaspace       used 30329K, capacity 30740K, committed 31180K, reserved 1077248K
  class space    used 3563K, capacity 3707K, committed 3788K, reserved 1048576K
2015-08-03T21:33:22.310-0200: 256.789: [GC (Allocation Failure) 256.789: [ParNew
Desired survivor size 20112992 bytes, new threshold 8 (max 8)
- age   1:     972384 bytes,     972384 total
- age   2:      42336 bytes,    1014720 total
- age   3:    6423792 bytes,    7438512 total
- age   4:      89224 bytes,    7527736 total
- age   5:    1345208 bytes,    8872944 total
- age   6:     119680 bytes,    8992624 total
- age   7:     315144 bytes,    9307768 total
- age   8:    2266080 bytes,   11573848 total
: 105667K->12648K(109248K), 0.0313288 secs] 113237K->21423K(502464K), 0.0314433 secs] [Times: user=0.09 sys=0.01, real=0.03 secs] 
Heap after GC invocations=16 (full 1):
 par new generation   total 109248K, used 12648K [0x000000011d400000, 0x0000000125400000, 0x0000000125400000)
  eden space 87424K,   0% used [0x000000011d400000, 0x000000011d400000, 0x0000000122960000)
  from space 21824K,  57% used [0x0000000122960000, 0x00000001235ba080, 0x0000000123eb0000)
  to   space 21824K,   0% used [0x0000000123eb0000, 0x0000000123eb0000, 0x0000000125400000)
 concurrent mark-sweep generation total 393216K, used 8775K [0x0000000125400000, 0x000000013d400000, 0x000000013d400000)
 Metaspace       used 30329K, capacity 30740K, committed 31180K, reserved 1077248K
  class space    used 3563K, capacity 3707K, committed 3788K, reserved 1048576K
}
2015-08-03T21:33:22.342-0200: 256.820: Total time for which application threads were stopped: 0.0318618 seconds, Stopping threads took: 0.0000704 seconds
{Heap before GC invocations=16 (full 1):
 par new generation   total 109248K, used 100072K [0x000000011d400000, 0x0000000125400000, 0x0000000125400000)
  eden space 87424K, 100% used [0x000000011d400000, 0x0000000122960000, 0x0000000122960000)
  from space 21824K,  57% used [0x0000000122960000, 0x00000001235ba080, 0x0000000123eb0000)
  to   space 21824K,   0% used [0x0000000123eb0000, 0x0000000123eb0000, 0x0000000125400000)
 concurrent mark-sweep generation total 393216K, used 8775K [0x0000000125400000, 0x000000013d400000, 0x000000013d400000)
 Metaspace       used 30344K, capacity 30758K, committed 31180K, reserved 1077248K
  class space    used 3565K, capacity 3710K, committed 3788K, reserved 1048576K
2015-08-03T21:33:22.631-0200: 257.109: [GC (Allocation Failure) 257.109: [ParNew
Desired survivor size 20112992 bytes, new threshold 8 (max 8)
- age   1:     715240 bytes,     715240 total
- age   2:      67728 bytes,     782968 total
- age   3:      42336 bytes,     825304 total
- age   4:    6423792 bytes,    7249096 total
- age   5:      89224 bytes,    7338320 total
- age   6:    1345208 bytes,    8683528 total
- age   7:     119680 bytes,    8803208 total
- age   8:     315144 bytes,    9118352 total
: 100072K->15425K(109248K), 0.0566376 secs] 108847K->26443K(502464K), 0.0567279 secs] [Times: user=0.12 sys=0.01, real=0.05 secs] 
Heap after GC invocations=17 (full 1):
 par new generation   total 109248K, used 15425K [0x000000011d400000, 0x0000000125400000, 0x0000000125400000)
  eden space 87424K,   0% used [0x000000011d400000, 0x000000011d400000, 0x0000000122960000)
  from space 21824K,  70% used [0x0000000123eb0000, 0x0000000124dc0710, 0x0000000125400000)
  to   space 21824K,   0% used [0x0000000122960000, 0x0000000122960000, 0x0000000123eb0000)
 concurrent mark-sweep generation total 393216K, used 11018K [0x0000000125400000, 0x000000013d400000, 0x000000013d400000)
 Metaspace       used 30344K, capacity 30758K, committed 31180K, reserved 1077248K
  class space    used 3565K, capacity 3710K, committed 3788K, reserved 1048576K
}
2015-08-03T21:33:22.688-0200: 257.166: Total time for which application threads were stopped: 0.0574607 seconds, Stopping threads took: 0.0003596 seconds
{Heap before GC invocations=17 (full 1):
 par new generation   total 109248K, used 102849K [0x000000011d400000, 0x0000000125400000, 0x0000000125400000)
  eden space 87424K, 100% used [0x000000011d400000, 0x0000000122960000, 0x0000000122960000)
  from space 21824K,  70% used [0x0000000123eb0000, 0x0000000124dc0710, 0x0000000125400000)
  to   space 21824K,   0% used [0x0000000122960000, 0x0000000122960000, 0x0000000123eb0000)
 concurrent mark-sweep generation total 393216K, used 11018K [0x0000000125400000, 0x000000013d400000, 0x000000013d400000)
 Metaspace       used 30346K, capacity 30758K, committed 31180K, reserved 1077248K
  class space    used 3565K, capacity 3710K, committed 3788K, reserved 1048576K
2015-08-03T21:33:22.787-0200: 257.265: [GC (Allocation Failure) 257.265: [ParNew
Desired survivor size 20112992 bytes, new threshold 8 (max 8)
- age   1:     774328 bytes,     774328 total
- age   2:     123280 bytes,     897608 total
- age   3:      66264 bytes,     963872 total
- age   4:      42064 bytes,    1005936 total
- age   5:    6423792 bytes,    7429728 total
- age   6:      89224 bytes,    7518952 total
- age   7:    1345280 bytes,    8864232 total
- age   8:     119680 bytes,    8983912 total
: 102849K->11992K(109248K), 0.0604269 secs] 113867K->23322K(502464K), 0.0605293 secs] [Times: user=0.07 sys=0.00, real=0.06 secs] 
Heap after GC invocations=18 (full 1):
 par new generation   total 109248K, used 11992K [0x000000011d400000, 0x0000000125400000, 0x0000000125400000)
  eden space 87424K,   0% used [0x000000011d400000, 0x000000011d400000, 0x0000000122960000)
  from space 21824K,  54% used [0x0000000122960000, 0x0000000123516340, 0x0000000123eb0000)
  to   space 21824K,   0% used [0x0000000123eb0000, 0x0000000123eb0000, 0x0000000125400000)
 concurrent mark-sweep generation total 393216K, used 11329K [0x0000000125400000, 0x000000013d400000, 0x000000013d400000)
 Metaspace       used 30346K, capacity 30758K, committed 31180K, reserved 1077248K
  class space    used 3565K, capacity 3710K, committed 3788K, reserved 1048576K
}
2015-08-03T21:33:22.848-0200: 257.326: Total time for which application threads were stopped: 0.0609757 seconds, Stopping threads took: 0.0001342 seconds
2015-08-03T21:33:22.896-0200: 257.374: Total time for which application threads were stopped: 0.0002896 seconds, Stopping threads took: 0.0000287 seconds
2015-08-03T21:33:22.907-0200: 257.385: Total time for which application threads were stopped: 0.0002822 seconds, Stopping threads took: 0.0001359 seconds
2015-08-03T21:33:22.909-0200: 257.388: Total time for which application threads were stopped: 0.0002712 seconds, Stopping threads took: 0.0001089 seconds
2015-08-03T21:33:22.915-0200: 257.394: Total time for which application threads were stopped: 0.0005554 seconds, Stopping threads took: 0.0001469 seconds
2015-08-03T21:33:22.923-0200: 257.401: Total time for which application threads were stopped: 0.0003508 seconds, Stopping threads took: 0.0001809 seconds
2015-08-03T21:33:22.994-0200: 257.472: Total time for which application threads were stopped: 0.0006601 seconds, Stopping threads took: 0.0004624 seconds
{Heap before GC invocations=18 (full 1):
 par new generation   total 109248K, used 99416K [0x000000011d400000, 0x0000000125400000, 0x0000000125400000)
  eden space 87424K, 100% used [0x000000011d400000, 0x0000000122960000, 0x0000000122960000)
  from space 21824K,  54% used [0x0000000122960000, 0x0000000123516340, 0x0000000123eb0000)
  to   space 21824K,   0% used [0x0000000123eb0000, 0x0000000123eb0000, 0x0000000125400000)
 concurrent mark-sweep generation total 393216K, used 11329K [0x0000000125400000, 0x000000013d400000, 0x000000013d400000)
 Metaspace       used 30490K, capacity 30892K, committed 31180K, reserved 1077248K
  class space    used 3582K, capacity 3711K, committed 3788K, reserved 1048576K
2015-08-03T21:33:23.000-0200: 257.478: [GC (Allocation Failure) 257.479: [ParNew
Desired survivor size 20112992 bytes, new threshold 8 (max 8)
- age   1:     720312 bytes,     720312 total
- age   2:      99032 bytes,     819344 total
- age   3:     123280 bytes,     942624 total
- age   4:      66264 bytes,    1008888 total
- age   5:      42064 bytes,    1050952 total
- age   6:    6423536 bytes,    7474488 total
- age   7:      89224 bytes,    7563712 total
- age   8:    1345208 bytes,    8908920 total
: 99416K->11223K(109248K), 0.0400494 secs] 110746K->22672K(502464K), 0.0401306 secs] [Times: user=0.08 sys=0.00, real=0.04 secs] 
Heap after GC invocations=19 (full 1):
 par new generation   total 109248K, used 11223K [0x000000011d400000, 0x0000000125400000, 0x0000000125400000)
  eden space 87424K,   0% used [0x000000011d400000, 0x000000011d400000, 0x0000000122960000)
  from space 21824K,  51% used [0x0000000123eb0000, 0x00000001249a5c80, 0x0000000125400000)
  to   space 21824K,   0% used [0x0000000122960000, 0x0000000122960000, 0x0000000123eb0000)
 concurrent mark-sweep generation total 393216K, used 11449K [0x0000000125400000, 0x000000013d400000, 0x000000013d400000)
 Metaspace       used 30490K, capacity 30892K, committed 31180K, reserved 1077248K
  class space    used 3582K, capacity 3711K, committed 3788K, reserved 1048576K
}
2015-08-03T21:33:23.040-0200: 257.519: Total time for which application threads were stopped: 0.0407348 seconds, Stopping threads took: 0.0003138 seconds
2015-08-03T21:33:23.042-0200: 257.521: Total time for which application threads were stopped: 0.0003098 seconds, Stopping threads took: 0.0001634 seconds
2015-08-03T21:33:23.047-0200: 257.525: Total time for which application threads were stopped: 0.0002785 seconds, Stopping threads took: 0.0001270 seconds
2015-08-03T21:33:23.054-0200: 257.532: Total time for which application threads were stopped: 0.0004955 seconds, Stopping threads took: 0.0003140 seconds
2015-08-03T21:33:23.075-0200: 257.554: Total time for which application threads were stopped: 0.0110925 seconds, Stopping threads took: 0.0108783 seconds
2015-08-03T21:33:23.104-0200: 257.582: Total time for which application threads were stopped: 0.0005302 seconds, Stopping threads took: 0.0001995 seconds
2015-08-03T21:33:23.150-0200: 257.629: Total time for which application threads were stopped: 0.0002794 seconds, Stopping threads took: 0.0001307 seconds
2015-08-03T21:33:23.158-0200: 257.636: Total time for which application threads were stopped: 0.0003422 seconds, Stopping threads took: 0.0001729 seconds
2015-08-03T21:33:23.440-0200: 257.918: Total time for which application threads were stopped: 0.0003474 seconds, Stopping threads took: 0.0000251 seconds
{Heap before GC invocations=19 (full 1):
 par new generation   total 109248K, used 98647K [0x000000011d400000, 0x0000000125400000, 0x0000000125400000)
  eden space 87424K, 100% used [0x000000011d400000, 0x0000000122960000, 0x0000000122960000)
  from space 21824K,  51% used [0x0000000123eb0000, 0x00000001249a5c80, 0x0000000125400000)
  to   space 21824K,   0% used [0x0000000122960000, 0x0000000122960000, 0x0000000123eb0000)
 concurrent mark-sweep generation total 393216K, used 11449K [0x0000000125400000, 0x000000013d400000, 0x000000013d400000)
 Metaspace       used 30870K, capacity 31276K, committed 31436K, reserved 1077248K
  class space    used 3632K, capacity 3775K, committed 3788K, reserved 1048576K
2015-08-03T21:33:23.446-0200: 257.924: [GC (Allocation Failure) 257.924: [ParNew
Desired survivor size 20112992 bytes, new threshold 8 (max 8)
- age   1:    1978688 bytes,    1978688 total
- age   2:     119072 bytes,    2097760 total
- age   3:      96920 bytes,    2194680 total
- age   4:     122416 bytes,    2317096 total
- age   5:      65016 bytes,    2382112 total
- age   6:      40480 bytes,    2422592 total
- age   7:    5867256 bytes,    8289848 total
- age   8:      89224 bytes,    8379072 total
: 98647K->10962K(109248K), 0.0556465 secs] 110096K->23734K(502464K), 0.0557512 secs] [Times: user=0.09 sys=0.01, real=0.06 secs] 
Heap after GC invocations=20 (full 1):
 par new generation   total 109248K, used 10962K [0x000000011d400000, 0x0000000125400000, 0x0000000125400000)
  eden space 87424K,   0% used [0x000000011d400000, 0x000000011d400000, 0x0000000122960000)
  from space 21824K,  50% used [0x0000000122960000, 0x0000000123414870, 0x0000000123eb0000)
  to   space 21824K,   0% used [0x0000000123eb0000, 0x0000000123eb0000, 0x0000000125400000)
 concurrent mark-sweep generation total 393216K, used 12772K [0x0000000125400000, 0x000000013d400000, 0x000000013d400000)
 Metaspace       used 30870K, capacity 31276K, committed 31436K, reserved 1077248K
  class space    used 3632K, capacity 3775K, committed 3788K, reserved 1048576K
}
2015-08-03T21:33:23.502-0200: 257.980: Total time for which application threads were stopped: 0.0561042 seconds, Stopping threads took: 0.0000494 seconds
2015-08-03T21:33:23.503-0200: 257.981: Total time for which application threads were stopped: 0.0001608 seconds, Stopping threads took: 0.0000443 seconds
2015-08-03T21:33:23.572-0200: 258.050: Total time for which application threads were stopped: 0.0002660 seconds, Stopping threads took: 0.0000554 seconds
2015-08-03T21:33:23.674-0200: 258.153: Total time for which application threads were stopped: 0.0002086 seconds, Stopping threads took: 0.0000500 seconds
2015-08-03T21:33:23.723-0200: 258.201: Total time for which application threads were stopped: 0.0007562 seconds, Stopping threads took: 0.0000612 seconds
2015-08-03T21:33:23.728-0200: 258.207: Total time for which application threads were stopped: 0.0007332 seconds, Stopping threads took: 0.0000271 seconds
2015-08-03T21:33:23.751-0200: 258.229: Total time for which application threads were stopped: 0.0007337 seconds, Stopping threads took: 0.0000260 seconds
2015-08-03T21:33:23.885-0200: 258.364: Total time for which application threads were stopped: 0.0001435 seconds, Stopping threads took: 0.0000279 seconds
2015-08-03T21:33:23.889-0200: 258.368: Total time for which application threads were stopped: 0.0001566 seconds, Stopping threads took: 0.0000451 seconds
2015-08-03T21:33:23.918-0200: 258.397: Total time for which application threads were stopped: 0.0001587 seconds, Stopping threads took: 0.0000238 seconds
2015-08-03T21:33:23.956-0200: 258.434: Total time for which application threads were stopped: 0.0001694 seconds, Stopping threads took: 0.0000263 seconds
2015-08-03T21:33:23.959-0200: 258.437: Total time for which application threads were stopped: 0.0002146 seconds, Stopping threads took: 0.0000310 seconds
2015-08-03T21:33:23.959-0200: 258.437: Total time for which application threads were stopped: 0.0001580 seconds, Stopping threads took: 0.0000234 seconds
2015-08-03T21:33:23.959-0200: 258.438: Total time for which application threads were stopped: 0.0000987 seconds, Stopping threads took: 0.0000146 seconds
2015-08-03T21:33:23.960-0200: 258.438: Total time for which application threads were stopped: 0.0001043 seconds, Stopping threads took: 0.0000153 seconds
2015-08-03T21:33:23.960-0200: 258.438: Total time for which application threads were stopped: 0.0000895 seconds, Stopping threads took: 0.0000124 seconds
2015-08-03T21:33:23.960-0200: 258.438: Total time for which application threads were stopped: 0.0001116 seconds, Stopping threads took: 0.0000117 seconds
2015-08-03T21:33:24.838-0200: 259.317: Total time for which application threads were stopped: 0.0002257 seconds, Stopping threads took: 0.0000256 seconds
2015-08-03T21:33:24.931-0200: 259.409: Total time for which application threads were stopped: 0.0006680 seconds, Stopping threads took: 0.0005262 seconds
2015-08-03T21:33:24.932-0200: 259.410: Total time for which application threads were stopped: 0.0006627 seconds, Stopping threads took: 0.0004988 seconds
{Heap before GC invocations=20 (full 1):
 par new generation   total 109248K, used 98386K [0x000000011d400000, 0x0000000125400000, 0x0000000125400000)
  eden space 87424K, 100% used [0x000000011d400000, 0x0000000122960000, 0x0000000122960000)
  from space 21824K,  50% used [0x0000000122960000, 0x0000000123414870, 0x0000000123eb0000)
  to   space 21824K,   0% used [0x0000000123eb0000, 0x0000000123eb0000, 0x0000000125400000)
 concurrent mark-sweep generation total 393216K, used 12772K [0x0000000125400000, 0x000000013d400000, 0x000000013d400000)
 Metaspace       used 31495K, capacity 31858K, committed 32076K, reserved 1077248K
  class space    used 3701K, capacity 3840K, committed 3916K, reserved 1048576K
2015-08-03T21:33:24.996-0200: 259.474: [GC (Allocation Failure) 259.474: [ParNew
Desired survivor size 20112992 bytes, new threshold 8 (max 8)
- age   1:    7109712 bytes,    7109712 total
- age   2:    1781808 bytes,    8891520 total
- age   3:     104520 bytes,    8996040 total
- age   4:      96920 bytes,    9092960 total
- age   5:     122416 bytes,    9215376 total
- age   6:      65016 bytes,    9280392 total
- age   7:      40480 bytes,    9320872 total
- age   8:    3798000 bytes,   13118872 total
: 98386K->15839K(109248K), 0.0515235 secs] 111158K->28701K(502464K), 0.0516191 secs] [Times: user=0.06 sys=0.00, real=0.05 secs] 
Heap after GC invocations=21 (full 1):
 par new generation   total 109248K, used 15839K [0x000000011d400000, 0x0000000125400000, 0x0000000125400000)
  eden space 87424K,   0% used [0x000000011d400000, 0x000000011d400000, 0x0000000122960000)
  from space 21824K,  72% used [0x0000000123eb0000, 0x0000000124e27d78, 0x0000000125400000)
  to   space 21824K,   0% used [0x0000000122960000, 0x0000000122960000, 0x0000000123eb0000)
 concurrent mark-sweep generation total 393216K, used 12861K [0x0000000125400000, 0x000000013d400000, 0x000000013d400000)
 Metaspace       used 31495K, capacity 31858K, committed 32076K, reserved 1077248K
  class space    used 3701K, capacity 3840K, committed 3916K, reserved 1048576K
}
2015-08-03T21:33:25.048-0200: 259.526: Total time for which application threads were stopped: 0.0520717 seconds, Stopping threads took: 0.0000709 seconds
{Heap before GC invocations=21 (full 1):
 par new generation   total 109248K, used 103263K [0x000000011d400000, 0x0000000125400000, 0x0000000125400000)
  eden space 87424K, 100% used [0x000000011d400000, 0x0000000122960000, 0x0000000122960000)
  from space 21824K,  72% used [0x0000000123eb0000, 0x0000000124e27d78, 0x0000000125400000)
  to   space 21824K,   0% used [0x0000000122960000, 0x0000000122960000, 0x0000000123eb0000)
 concurrent mark-sweep generation total 393216K, used 12861K [0x0000000125400000, 0x000000013d400000, 0x000000013d400000)
 Metaspace       used 31507K, capacity 31922K, committed 32332K, reserved 1077248K
  class space    used 3701K, capacity 3840K, committed 3916K, reserved 1048576K
2015-08-03T21:33:25.072-0200: 259.551: [GC (Allocation Failure) 259.551: [ParNew
Desired survivor size 20112992 bytes, new threshold 8 (max 8)
- age   1:    1213208 bytes,    1213208 total
- age   2:    6514864 bytes,    7728072 total
- age   3:    1716240 bytes,    9444312 total
- age   4:     104520 bytes,    9548832 total
- age   5:      96920 bytes,    9645752 total
- age   6:     122416 bytes,    9768168 total
- age   7:      65016 bytes,    9833184 total
- age   8:      40480 bytes,    9873664 total
: 103263K->12218K(109248K), 0.0608374 secs] 116125K->28799K(502464K), 0.0609352 secs] [Times: user=0.08 sys=0.01, real=0.06 secs] 
Heap after GC invocations=22 (full 1):
 par new generation   total 109248K, used 12218K [0x000000011d400000, 0x0000000125400000, 0x0000000125400000)
  eden space 87424K,   0% used [0x000000011d400000, 0x000000011d400000, 0x0000000122960000)
  from space 21824K,  55% used [0x0000000122960000, 0x000000012354eba0, 0x0000000123eb0000)
  to   space 21824K,   0% used [0x0000000123eb0000, 0x0000000123eb0000, 0x0000000125400000)
 concurrent mark-sweep generation total 393216K, used 16580K [0x0000000125400000, 0x000000013d400000, 0x000000013d400000)
 Metaspace       used 31507K, capacity 31922K, committed 32332K, reserved 1077248K
  class space    used 3701K, capacity 3840K, committed 3916K, reserved 1048576K
}
2015-08-03T21:33:25.133-0200: 259.612: Total time for which application threads were stopped: 0.0614572 seconds, Stopping threads took: 0.0001658 seconds
{Heap before GC invocations=22 (full 1):
 par new generation   total 109248K, used 99642K [0x000000011d400000, 0x0000000125400000, 0x0000000125400000)
  eden space 87424K, 100% used [0x000000011d400000, 0x0000000122960000, 0x0000000122960000)
  from space 21824K,  55% used [0x0000000122960000, 0x000000012354eba0, 0x0000000123eb0000)
  to   space 21824K,   0% used [0x0000000123eb0000, 0x0000000123eb0000, 0x0000000125400000)
 concurrent mark-sweep generation total 393216K, used 16580K [0x0000000125400000, 0x000000013d400000, 0x000000013d400000)
 Metaspace       used 31507K, capacity 31922K, committed 32332K, reserved 1077248K
  class space    used 3701K, capacity 3840K, committed 3916K, reserved 1048576K
2015-08-03T21:33:25.189-0200: 259.667: [GC (Allocation Failure) 259.667: [ParNew
Desired survivor size 20112992 bytes, new threshold 8 (max 8)
- age   1:     540896 bytes,     540896 total
- age   2:     657808 bytes,    1198704 total
- age   3:    6514864 bytes,    7713568 total
- age   4:    1716240 bytes,    9429808 total
- age   5:     104520 bytes,    9534328 total
- age   6:      96920 bytes,    9631248 total
- age   7:     122416 bytes,    9753664 total
- age   8:      65016 bytes,    9818680 total
: 99642K->11156K(109248K), 0.0317832 secs] 116223K->27778K(502464K), 0.0319083 secs] [Times: user=0.04 sys=0.00, real=0.04 secs] 
Heap after GC invocations=23 (full 1):
 par new generation   total 109248K, used 11156K [0x000000011d400000, 0x0000000125400000, 0x0000000125400000)
  eden space 87424K,   0% used [0x000000011d400000, 0x000000011d400000, 0x0000000122960000)
  from space 21824K,  51% used [0x0000000123eb0000, 0x00000001249950c0, 0x0000000125400000)
  to   space 21824K,   0% used [0x0000000122960000, 0x0000000122960000, 0x0000000123eb0000)
 concurrent mark-sweep generation total 393216K, used 16622K [0x0000000125400000, 0x000000013d400000, 0x000000013d400000)
 Metaspace       used 31507K, capacity 31922K, committed 32332K, reserved 1077248K
  class space    used 3701K, capacity 3840K, committed 3916K, reserved 1048576K
}
2015-08-03T21:33:25.221-0200: 259.699: Total time for which application threads were stopped: 0.0323982 seconds, Stopping threads took: 0.0001699 seconds
{Heap before GC invocations=23 (full 1):
 par new generation   total 109248K, used 98580K [0x000000011d400000, 0x0000000125400000, 0x0000000125400000)
  eden space 87424K, 100% used [0x000000011d400000, 0x0000000122960000, 0x0000000122960000)
  from space 21824K,  51% used [0x0000000123eb0000, 0x00000001249950c0, 0x0000000125400000)
  to   space 21824K,   0% used [0x0000000122960000, 0x0000000122960000, 0x0000000123eb0000)
 concurrent mark-sweep generation total 393216K, used 16622K [0x0000000125400000, 0x000000013d400000, 0x000000013d400000)
 Metaspace       used 31510K, capacity 31922K, committed 32332K, reserved 1077248K
  class space    used 3701K, capacity 3840K, committed 3916K, reserved 1048576K
2015-08-03T21:33:25.258-0200: 259.736: [GC (Allocation Failure) 259.736: [ParNew
Desired survivor size 20112992 bytes, new threshold 8 (max 8)
- age   1:    1155536 bytes,    1155536 total
- age   2:      96072 bytes,    1251608 total
- age   3:     657808 bytes,    1909416 total
- age   4:    6514864 bytes,    8424280 total
- age   5:    1716240 bytes,   10140520 total
- age   6:     104520 bytes,   10245040 total
- age   7:      96920 bytes,   10341960 total
- age   8:     122416 bytes,   10464376 total
: 98580K->12011K(109248K), 0.0178296 secs] 115202K->28699K(502464K), 0.0179245 secs] [Times: user=0.04 sys=0.00, real=0.02 secs] 
Heap after GC invocations=24 (full 1):
 par new generation   total 109248K, used 12011K [0x000000011d400000, 0x0000000125400000, 0x0000000125400000)
  eden space 87424K,   0% used [0x000000011d400000, 0x000000011d400000, 0x0000000122960000)
  from space 21824K,  55% used [0x0000000122960000, 0x000000012351af60, 0x0000000123eb0000)
  to   space 21824K,   0% used [0x0000000123eb0000, 0x0000000123eb0000, 0x0000000125400000)
 concurrent mark-sweep generation total 393216K, used 16687K [0x0000000125400000, 0x000000013d400000, 0x000000013d400000)
 Metaspace       used 31510K, capacity 31922K, committed 32332K, reserved 1077248K
  class space    used 3701K, capacity 3840K, committed 3916K, reserved 1048576K
}
2015-08-03T21:33:25.276-0200: 259.754: Total time for which application threads were stopped: 0.0184064 seconds, Stopping threads took: 0.0001325 seconds
{Heap before GC invocations=24 (full 1):
 par new generation   total 109248K, used 99435K [0x000000011d400000, 0x0000000125400000, 0x0000000125400000)
  eden space 87424K, 100% used [0x000000011d400000, 0x0000000122960000, 0x0000000122960000)
  from space 21824K,  55% used [0x0000000122960000, 0x000000012351af60, 0x0000000123eb0000)
  to   space 21824K,   0% used [0x0000000123eb0000, 0x0000000123eb0000, 0x0000000125400000)
 concurrent mark-sweep generation total 393216K, used 16687K [0x0000000125400000, 0x000000013d400000, 0x000000013d400000)
 Metaspace       used 31511K, capacity 31922K, committed 32332K, reserved 1077248K
  class space    used 3701K, capacity 3840K, committed 3916K, reserved 1048576K
2015-08-03T21:33:25.370-0200: 259.849: [GC (Allocation Failure) 259.849: [ParNew
Desired survivor size 20112992 bytes, new threshold 8 (max 8)
- age   1:     712824 bytes,     712824 total
- age   2:      91248 bytes,     804072 total
- age   3:      95424 bytes,     899496 total
- age   4:     656992 bytes,    1556488 total
- age   5:    6514880 bytes,    8071368 total
- age   6:    1716240 bytes,    9787608 total
- age   7:     104520 bytes,    9892128 total
- age   8:      96920 bytes,    9989048 total
: 99435K->13683K(109248K), 0.0988716 secs] 116123K->30493K(502464K), 0.0989979 secs] [Times: user=0.04 sys=0.01, real=0.09 secs] 
Heap after GC invocations=25 (full 1):
 par new generation   total 109248K, used 13683K [0x000000011d400000, 0x0000000125400000, 0x0000000125400000)
  eden space 87424K,   0% used [0x000000011d400000, 0x000000011d400000, 0x0000000122960000)
  from space 21824K,  62% used [0x0000000123eb0000, 0x0000000124c0ce00, 0x0000000125400000)
  to   space 21824K,   0% used [0x0000000122960000, 0x0000000122960000, 0x0000000123eb0000)
 concurrent mark-sweep generation total 393216K, used 16809K [0x0000000125400000, 0x000000013d400000, 0x000000013d400000)
 Metaspace       used 31511K, capacity 31922K, committed 32332K, reserved 1077248K
  class space    used 3701K, capacity 3840K, committed 3916K, reserved 1048576K
}
2015-08-03T21:33:25.470-0200: 259.948: Total time for which application threads were stopped: 0.0995010 seconds, Stopping threads took: 0.0001652 seconds
{Heap before GC invocations=25 (full 1):
 par new generation   total 109248K, used 101107K [0x000000011d400000, 0x0000000125400000, 0x0000000125400000)
  eden space 87424K, 100% used [0x000000011d400000, 0x0000000122960000, 0x0000000122960000)
  from space 21824K,  62% used [0x0000000123eb0000, 0x0000000124c0ce00, 0x0000000125400000)
  to   space 21824K,   0% used [0x0000000122960000, 0x0000000122960000, 0x0000000123eb0000)
 concurrent mark-sweep generation total 393216K, used 16809K [0x0000000125400000, 0x000000013d400000, 0x000000013d400000)
 Metaspace       used 31512K, capacity 31922K, committed 32332K, reserved 1077248K
  class space    used 3701K, capacity 3840K, committed 3916K, reserved 1048576K
2015-08-03T21:33:25.533-0200: 260.012: [GC (Allocation Failure) 260.012: [ParNew
Desired survivor size 20112992 bytes, new threshold 8 (max 8)
- age   1:     627664 bytes,     627664 total
- age   2:     101568 bytes,     729232 total
- age   3:      90760 bytes,     819992 total
- age   4:      95424 bytes,     915416 total
- age   5:     656992 bytes,    1572408 total
- age   6:    6514864 bytes,    8087272 total
- age   7:    1716240 bytes,    9803512 total
- age   8:     104520 bytes,    9908032 total
: 101107K->11707K(109248K), 0.0833288 secs] 117917K->28614K(502464K), 0.0834212 secs] [Times: user=0.04 sys=0.00, real=0.08 secs] 
Heap after GC invocations=26 (full 1):
 par new generation   total 109248K, used 11707K [0x000000011d400000, 0x0000000125400000, 0x0000000125400000)
  eden space 87424K,   0% used [0x000000011d400000, 0x000000011d400000, 0x0000000122960000)
  from space 21824K,  53% used [0x0000000122960000, 0x00000001234cee50, 0x0000000123eb0000)
  to   space 21824K,   0% used [0x0000000123eb0000, 0x0000000123eb0000, 0x0000000125400000)
 concurrent mark-sweep generation total 393216K, used 16906K [0x0000000125400000, 0x000000013d400000, 0x000000013d400000)
 Metaspace       used 31512K, capacity 31922K, committed 32332K, reserved 1077248K
  class space    used 3701K, capacity 3840K, committed 3916K, reserved 1048576K
}
2015-08-03T21:33:25.617-0200: 260.095: Total time for which application threads were stopped: 0.0838745 seconds, Stopping threads took: 0.0001337 seconds
2015-08-03T21:33:25.983-0200: 260.461: Total time for which application threads were stopped: 0.0002688 seconds, Stopping threads took: 0.0000658 seconds
2015-08-03T21:33:25.984-0200: 260.463: Total time for which application threads were stopped: 0.0001748 seconds, Stopping threads took: 0.0000359 seconds
2015-08-03T21:33:25.985-0200: 260.463: Total time for which application threads were stopped: 0.0001232 seconds, Stopping threads took: 0.0000346 seconds
2015-08-03T21:33:25.985-0200: 260.463: Total time for which application threads were stopped: 0.0001677 seconds, Stopping threads took: 0.0000700 seconds
2015-08-03T21:33:25.985-0200: 260.464: Total time for which application threads were stopped: 0.0001718 seconds, Stopping threads took: 0.0000762 seconds
2015-08-03T21:33:25.996-0200: 260.475: Total time for which application threads were stopped: 0.0108807 seconds, Stopping threads took: 0.0106761 seconds
2015-08-03T21:33:26.062-0200: 260.541: Total time for which application threads were stopped: 0.0001890 seconds, Stopping threads took: 0.0000493 seconds
2015-08-03T21:33:26.064-0200: 260.543: Total time for which application threads were stopped: 0.0001905 seconds, Stopping threads took: 0.0000525 seconds
2015-08-03T21:33:26.107-0200: 260.585: Total time for which application threads were stopped: 0.0001950 seconds, Stopping threads took: 0.0000465 seconds
2015-08-03T21:33:26.147-0200: 260.625: Total time for which application threads were stopped: 0.0001856 seconds, Stopping threads took: 0.0000257 seconds
2015-08-03T21:33:26.149-0200: 260.628: Total time for which application threads were stopped: 0.0001504 seconds, Stopping threads took: 0.0000235 seconds
2015-08-03T21:33:26.214-0200: 260.693: Total time for which application threads were stopped: 0.0001693 seconds, Stopping threads took: 0.0000253 seconds
2015-08-03T21:33:26.261-0200: 260.740: Total time for which application threads were stopped: 0.0002439 seconds, Stopping threads took: 0.0000545 seconds
2015-08-03T21:33:26.326-0200: 260.804: Total time for which application threads were stopped: 0.0001890 seconds, Stopping threads took: 0.0000433 seconds
2015-08-03T21:33:26.366-0200: 260.845: Total time for which application threads were stopped: 0.0002143 seconds, Stopping threads took: 0.0000575 seconds
2015-08-03T21:33:26.473-0200: 260.952: Total time for which application threads were stopped: 0.0002482 seconds, Stopping threads took: 0.0000522 seconds
2015-08-03T21:33:26.500-0200: 260.979: Total time for which application threads were stopped: 0.0001853 seconds, Stopping threads took: 0.0000512 seconds
2015-08-03T21:33:26.528-0200: 261.006: Total time for which application threads were stopped: 0.0002350 seconds, Stopping threads took: 0.0000713 seconds
2015-08-03T21:33:26.570-0200: 261.049: Total time for which application threads were stopped: 0.0002965 seconds, Stopping threads took: 0.0000274 seconds
2015-08-03T21:33:26.615-0200: 261.093: Total time for which application threads were stopped: 0.0002085 seconds, Stopping threads took: 0.0000524 seconds
2015-08-03T21:33:26.658-0200: 261.137: Total time for which application threads were stopped: 0.0001748 seconds, Stopping threads took: 0.0000290 seconds
2015-08-03T21:33:26.707-0200: 261.186: Total time for which application threads were stopped: 0.0001625 seconds, Stopping threads took: 0.0000260 seconds
2015-08-03T21:33:26.753-0200: 261.231: Total time for which application threads were stopped: 0.0002095 seconds, Stopping threads took: 0.0000478 seconds
2015-08-03T21:33:26.763-0200: 261.242: Total time for which application threads were stopped: 0.0002868 seconds, Stopping threads took: 0.0000493 seconds
2015-08-03T21:33:26.765-0200: 261.243: Total time for which application threads were stopped: 0.0001350 seconds, Stopping threads took: 0.0000266 seconds
2015-08-03T21:33:26.765-0200: 261.243: Total time for which application threads were stopped: 0.0000717 seconds, Stopping threads took: 0.0000108 seconds
2015-08-03T21:33:26.765-0200: 261.244: Total time for which application threads were stopped: 0.0000747 seconds, Stopping threads took: 0.0000118 seconds
2015-08-03T21:33:26.773-0200: 261.252: Total time for which application threads were stopped: 0.0001654 seconds, Stopping threads took: 0.0000286 seconds
2015-08-03T21:33:26.780-0200: 261.259: Total time for which application threads were stopped: 0.0001715 seconds, Stopping threads took: 0.0000441 seconds
2015-08-03T21:33:26.780-0200: 261.259: Total time for which application threads were stopped: 0.0001136 seconds, Stopping threads took: 0.0000289 seconds
2015-08-03T21:33:26.837-0200: 261.316: Total time for which application threads were stopped: 0.0004743 seconds, Stopping threads took: 0.0000751 seconds
{Heap before GC invocations=26 (full 1):
 par new generation   total 109248K, used 99131K [0x000000011d400000, 0x0000000125400000, 0x0000000125400000)
  eden space 87424K, 100% used [0x000000011d400000, 0x0000000122960000, 0x0000000122960000)
  from space 21824K,  53% used [0x0000000122960000, 0x00000001234cee50, 0x0000000123eb0000)
  to   space 21824K,   0% used [0x0000000123eb0000, 0x0000000123eb0000, 0x0000000125400000)
 concurrent mark-sweep generation total 393216K, used 16906K [0x0000000125400000, 0x000000013d400000, 0x000000013d400000)
 Metaspace       used 31953K, capacity 32416K, committed 32588K, reserved 1077248K
  class space    used 3743K, capacity 3885K, committed 3916K, reserved 1048576K
2015-08-03T21:33:26.840-0200: 261.318: [GC (Allocation Failure) 261.318: [ParNew
Desired survivor size 20112992 bytes, new threshold 8 (max 8)
- age   1:    2722144 bytes,    2722144 total
- age   2:      74288 bytes,    2796432 total
- age   3:      99744 bytes,    2896176 total
- age   4:      89752 bytes,    2985928 total
- age   5:      94320 bytes,    3080248 total
- age   6:     100928 bytes,    3181176 total
- age   7:    4775408 bytes,    7956584 total
- age   8:    1314720 bytes,    9271304 total
: 99131K->12043K(109248K), 0.0104889 secs] 116038K->29053K(502464K), 0.0106017 secs] [Times: user=0.04 sys=0.00, real=0.01 secs] 
Heap after GC invocations=27 (full 1):
 par new generation   total 109248K, used 12043K [0x000000011d400000, 0x0000000125400000, 0x0000000125400000)
  eden space 87424K,   0% used [0x000000011d400000, 0x000000011d400000, 0x0000000122960000)
  from space 21824K,  55% used [0x0000000123eb0000, 0x0000000124a72c40, 0x0000000125400000)
  to   space 21824K,   0% used [0x0000000122960000, 0x0000000122960000, 0x0000000123eb0000)
 concurrent mark-sweep generation total 393216K, used 17010K [0x0000000125400000, 0x000000013d400000, 0x000000013d400000)
 Metaspace       used 31953K, capacity 32416K, committed 32588K, reserved 1077248K
  class space    used 3743K, capacity 3885K, committed 3916K, reserved 1048576K
}
2015-08-03T21:33:26.850-0200: 261.329: Total time for which application threads were stopped: 0.0109296 seconds, Stopping threads took: 0.0000267 seconds
2015-08-03T21:33:26.852-0200: 261.330: Total time for which application threads were stopped: 0.0001285 seconds, Stopping threads took: 0.0000221 seconds
2015-08-03T21:33:26.856-0200: 261.335: Total time for which application threads were stopped: 0.0007962 seconds, Stopping threads took: 0.0000268 seconds
2015-08-03T21:33:26.872-0200: 261.350: Total time for which application threads were stopped: 0.0008159 seconds, Stopping threads took: 0.0000485 seconds
2015-08-03T21:33:26.876-0200: 261.355: Total time for which application threads were stopped: 0.0002387 seconds, Stopping threads took: 0.0000426 seconds
2015-08-03T21:33:26.890-0200: 261.369: Total time for which application threads were stopped: 0.0001523 seconds, Stopping threads took: 0.0000233 seconds
2015-08-03T21:33:26.892-0200: 261.371: Total time for which application threads were stopped: 0.0001616 seconds, Stopping threads took: 0.0000392 seconds
2015-08-03T21:33:26.920-0200: 261.399: Total time for which application threads were stopped: 0.0001482 seconds, Stopping threads took: 0.0000266 seconds
2015-08-03T21:33:26.920-0200: 261.399: Total time for which application threads were stopped: 0.0000786 seconds, Stopping threads took: 0.0000120 seconds
2015-08-03T21:33:26.921-0200: 261.399: Total time for which application threads were stopped: 0.0000897 seconds, Stopping threads took: 0.0000137 seconds
2015-08-03T21:33:26.921-0200: 261.400: Total time for which application threads were stopped: 0.0001424 seconds, Stopping threads took: 0.0000255 seconds
2015-08-03T21:33:26.923-0200: 261.402: Total time for which application threads were stopped: 0.0001540 seconds, Stopping threads took: 0.0000271 seconds
2015-08-03T21:33:26.924-0200: 261.402: Total time for which application threads were stopped: 0.0001016 seconds, Stopping threads took: 0.0000145 seconds
2015-08-03T21:33:27.008-0200: 261.487: Total time for which application threads were stopped: 0.0003392 seconds, Stopping threads took: 0.0001368 seconds
2015-08-03T21:33:27.062-0200: 261.540: Total time for which application threads were stopped: 0.0108515 seconds, Stopping threads took: 0.0106713 seconds
2015-08-03T21:33:27.117-0200: 261.595: Total time for which application threads were stopped: 0.0001936 seconds, Stopping threads took: 0.0000467 seconds
2015-08-03T21:33:27.181-0200: 261.660: Total time for which application threads were stopped: 0.0001410 seconds, Stopping threads took: 0.0000267 seconds
2015-08-03T21:33:27.184-0200: 261.663: Total time for which application threads were stopped: 0.0001767 seconds, Stopping threads took: 0.0000486 seconds
2015-08-03T21:33:27.186-0200: 261.665: Total time for which application threads were stopped: 0.0001625 seconds, Stopping threads took: 0.0000287 seconds
2015-08-03T21:33:27.331-0200: 261.810: Total time for which application threads were stopped: 0.0002260 seconds, Stopping threads took: 0.0000272 seconds
2015-08-03T21:33:27.364-0200: 261.843: Total time for which application threads were stopped: 0.0001881 seconds, Stopping threads took: 0.0000475 seconds
2015-08-03T21:33:27.402-0200: 261.880: Total time for which application threads were stopped: 0.0001784 seconds, Stopping threads took: 0.0000268 seconds
2015-08-03T21:33:27.432-0200: 261.910: Total time for which application threads were stopped: 0.0001591 seconds, Stopping threads took: 0.0000375 seconds
2015-08-03T21:33:27.464-0200: 261.942: Total time for which application threads were stopped: 0.0001694 seconds, Stopping threads took: 0.0000244 seconds
2015-08-03T21:33:27.509-0200: 261.987: Total time for which application threads were stopped: 0.0001754 seconds, Stopping threads took: 0.0000275 seconds
2015-08-03T21:33:27.549-0200: 262.027: Total time for which application threads were stopped: 0.0001830 seconds, Stopping threads took: 0.0000428 seconds
2015-08-03T21:33:27.571-0200: 262.050: Total time for which application threads were stopped: 0.0001926 seconds, Stopping threads took: 0.0000474 seconds
2015-08-03T21:33:27.603-0200: 262.081: Total time for which application threads were stopped: 0.0001756 seconds, Stopping threads took: 0.0000510 seconds
2015-08-03T21:33:27.629-0200: 262.108: Total time for which application threads were stopped: 0.0002672 seconds, Stopping threads took: 0.0000256 seconds
2015-08-03T21:33:27.660-0200: 262.138: Total time for which application threads were stopped: 0.0001577 seconds, Stopping threads took: 0.0000264 seconds
2015-08-03T21:33:27.695-0200: 262.173: Total time for which application threads were stopped: 0.0003745 seconds, Stopping threads took: 0.0000500 seconds
2015-08-03T21:33:28.604-0200: 263.082: Total time for which application threads were stopped: 0.0002544 seconds, Stopping threads took: 0.0000262 seconds
2015-08-03T21:33:28.701-0200: 263.179: Total time for which application threads were stopped: 0.0001647 seconds, Stopping threads took: 0.0000507 seconds
2015-08-03T21:33:29.701-0200: 264.180: Total time for which application threads were stopped: 0.0003466 seconds, Stopping threads took: 0.0000640 seconds
2015-08-03T21:33:29.879-0200: 264.358: Total time for which application threads were stopped: 0.0002081 seconds, Stopping threads took: 0.0000500 seconds
2015-08-03T21:33:29.881-0200: 264.359: Total time for which application threads were stopped: 0.0002070 seconds, Stopping threads took: 0.0000452 seconds
2015-08-03T21:33:29.933-0200: 264.412: Total time for which application threads were stopped: 0.0002969 seconds, Stopping threads took: 0.0000930 seconds
2015-08-03T21:33:29.935-0200: 264.413: Total time for which application threads were stopped: 0.0003084 seconds, Stopping threads took: 0.0000428 seconds
2015-08-03T21:33:30.936-0200: 265.415: Total time for which application threads were stopped: 0.0002262 seconds, Stopping threads took: 0.0000402 seconds
2015-08-03T21:33:31.369-0200: 265.848: Total time for which application threads were stopped: 0.0002594 seconds, Stopping threads took: 0.0000455 seconds
2015-08-03T21:33:31.652-0200: 266.130: Total time for which application threads were stopped: 0.0001869 seconds, Stopping threads took: 0.0000316 seconds
2015-08-03T21:33:32.210-0200: 266.688: Total time for which application threads were stopped: 0.0002449 seconds, Stopping threads took: 0.0000350 seconds
2015-08-03T21:33:32.889-0200: 267.367: Total time for which application threads were stopped: 0.0002017 seconds, Stopping threads took: 0.0000279 seconds
2015-08-03T21:33:32.890-0200: 267.369: Total time for which application threads were stopped: 0.0001444 seconds, Stopping threads took: 0.0000483 seconds
2015-08-03T21:33:32.942-0200: 267.420: Total time for which application threads were stopped: 0.0001880 seconds, Stopping threads took: 0.0000280 seconds
2015-08-03T21:33:32.943-0200: 267.422: Total time for which application threads were stopped: 0.0002249 seconds, Stopping threads took: 0.0000586 seconds
2015-08-03T21:33:33.037-0200: 267.515: Total time for which application threads were stopped: 0.0002072 seconds, Stopping threads took: 0.0000494 seconds
2015-08-03T21:33:34.037-0200: 268.516: Total time for which application threads were stopped: 0.0001971 seconds, Stopping threads took: 0.0000573 seconds
2015-08-03T21:33:34.360-0200: 268.839: Total time for which application threads were stopped: 0.0001996 seconds, Stopping threads took: 0.0000299 seconds
2015-08-03T21:33:34.573-0200: 269.052: Total time for which application threads were stopped: 0.0001978 seconds, Stopping threads took: 0.0000303 seconds
{Heap before GC invocations=27 (full 1):
 par new generation   total 109248K, used 99467K [0x000000011d400000, 0x0000000125400000, 0x0000000125400000)
  eden space 87424K, 100% used [0x000000011d400000, 0x0000000122960000, 0x0000000122960000)
  from space 21824K,  55% used [0x0000000123eb0000, 0x0000000124a72c40, 0x0000000125400000)
  to   space 21824K,   0% used [0x0000000122960000, 0x0000000122960000, 0x0000000123eb0000)
 concurrent mark-sweep generation total 393216K, used 17010K [0x0000000125400000, 0x000000013d400000, 0x000000013d400000)
 Metaspace       used 32888K, capacity 33296K, committed 33740K, reserved 1079296K
  class space    used 3774K, capacity 3919K, committed 4044K, reserved 1048576K
2015-08-03T21:33:35.144-0200: 269.623: [GC (Allocation Failure) 269.623: [ParNew
Desired survivor size 20112992 bytes, new threshold 8 (max 8)
- age   1:    3727032 bytes,    3727032 total
- age   2:    2326000 bytes,    6053032 total
- age   3:      74288 bytes,    6127320 total
- age   4:      99744 bytes,    6227064 total
- age   5:      89752 bytes,    6316816 total
- age   6:      94320 bytes,    6411136 total
- age   7:     100928 bytes,    6512064 total
- age   8:    3229576 bytes,    9741640 total
: 99467K->11679K(109248K), 0.0160780 secs] 116477K->29978K(502464K), 0.0161537 secs] [Times: user=0.05 sys=0.00, real=0.02 secs] 
Heap after GC invocations=28 (full 1):
 par new generation   total 109248K, used 11679K [0x000000011d400000, 0x0000000125400000, 0x0000000125400000)
  eden space 87424K,   0% used [0x000000011d400000, 0x000000011d400000, 0x0000000122960000)
  from space 21824K,  53% used [0x0000000122960000, 0x00000001234c7dd0, 0x0000000123eb0000)
  to   space 21824K,   0% used [0x0000000123eb0000, 0x0000000123eb0000, 0x0000000125400000)
 concurrent mark-sweep generation total 393216K, used 18299K [0x0000000125400000, 0x000000013d400000, 0x000000013d400000)
 Metaspace       used 32888K, capacity 33296K, committed 33740K, reserved 1079296K
  class space    used 3774K, capacity 3919K, committed 4044K, reserved 1048576K
}
2015-08-03T21:33:35.161-0200: 269.639: Total time for which application threads were stopped: 0.0164735 seconds, Stopping threads took: 0.0000251 seconds
2015-08-03T21:33:35.929-0200: 270.407: Total time for which application threads were stopped: 0.0002118 seconds, Stopping threads took: 0.0000534 seconds
2015-08-03T21:33:35.930-0200: 270.409: Total time for which application threads were stopped: 0.0001412 seconds, Stopping threads took: 0.0000210 seconds
2015-08-03T21:33:35.933-0200: 270.411: Total time for which application threads were stopped: 0.0002368 seconds, Stopping threads took: 0.0001248 seconds
2015-08-03T21:33:36.044-0200: 270.523: Total time for which application threads were stopped: 0.0002899 seconds, Stopping threads took: 0.0001274 seconds
2015-08-03T21:33:36.045-0200: 270.524: Total time for which application threads were stopped: 0.0001588 seconds, Stopping threads took: 0.0000412 seconds
2015-08-03T21:33:37.047-0200: 271.525: Total time for which application threads were stopped: 0.0002017 seconds, Stopping threads took: 0.0000308 seconds
2015-08-03T21:33:37.254-0200: 271.733: Total time for which application threads were stopped: 0.0002089 seconds, Stopping threads took: 0.0000293 seconds
2015-08-03T21:33:37.370-0200: 271.849: Total time for which application threads were stopped: 0.0001576 seconds, Stopping threads took: 0.0000392 seconds
2015-08-03T21:33:38.374-0200: 272.853: Total time for which application threads were stopped: 0.0001831 seconds, Stopping threads took: 0.0000308 seconds
2015-08-03T21:33:38.758-0200: 273.237: Total time for which application threads were stopped: 0.0002314 seconds, Stopping threads took: 0.0000969 seconds
2015-08-03T21:33:38.759-0200: 273.238: Total time for which application threads were stopped: 0.0001502 seconds, Stopping threads took: 0.0000722 seconds
2015-08-03T21:33:38.787-0200: 273.266: Total time for which application threads were stopped: 0.0001826 seconds, Stopping threads took: 0.0000313 seconds
2015-08-03T21:33:38.787-0200: 273.266: Total time for which application threads were stopped: 0.0000863 seconds, Stopping threads took: 0.0000120 seconds
2015-08-03T21:33:38.788-0200: 273.267: Total time for which application threads were stopped: 0.0001266 seconds, Stopping threads took: 0.0000223 seconds
2015-08-03T21:33:38.798-0200: 273.277: Total time for which application threads were stopped: 0.0001680 seconds, Stopping threads took: 0.0000284 seconds
2015-08-03T21:33:38.799-0200: 273.278: Total time for which application threads were stopped: 0.0000988 seconds, Stopping threads took: 0.0000159 seconds
2015-08-03T21:33:38.802-0200: 273.281: Total time for which application threads were stopped: 0.0003493 seconds, Stopping threads took: 0.0000255 seconds
2015-08-03T21:33:38.809-0200: 273.287: Total time for which application threads were stopped: 0.0003141 seconds, Stopping threads took: 0.0000345 seconds
2015-08-03T21:33:38.841-0200: 273.320: Total time for which application threads were stopped: 0.0001984 seconds, Stopping threads took: 0.0000295 seconds
2015-08-03T21:33:38.842-0200: 273.321: Total time for which application threads were stopped: 0.0001209 seconds, Stopping threads took: 0.0000175 seconds
2015-08-03T21:33:38.842-0200: 273.321: Total time for which application threads were stopped: 0.0001174 seconds, Stopping threads took: 0.0000305 seconds
2015-08-03T21:33:38.872-0200: 273.351: Total time for which application threads were stopped: 0.0001525 seconds, Stopping threads took: 0.0000276 seconds
2015-08-03T21:33:38.882-0200: 273.361: Total time for which application threads were stopped: 0.0002292 seconds, Stopping threads took: 0.0000516 seconds
2015-08-03T21:33:38.921-0200: 273.399: Total time for which application threads were stopped: 0.0002167 seconds, Stopping threads took: 0.0000525 seconds
2015-08-03T21:33:38.927-0200: 273.406: Total time for which application threads were stopped: 0.0001704 seconds, Stopping threads took: 0.0000273 seconds
2015-08-03T21:33:38.928-0200: 273.406: Total time for which application threads were stopped: 0.0001516 seconds, Stopping threads took: 0.0000380 seconds
2015-08-03T21:33:38.928-0200: 273.407: Total time for which application threads were stopped: 0.0001738 seconds, Stopping threads took: 0.0000916 seconds
2015-08-03T21:33:38.928-0200: 273.407: Total time for which application threads were stopped: 0.0001081 seconds, Stopping threads took: 0.0000275 seconds
2015-08-03T21:33:38.939-0200: 273.418: Total time for which application threads were stopped: 0.0002446 seconds, Stopping threads took: 0.0000983 seconds
2015-08-03T21:33:38.941-0200: 273.420: Total time for which application threads were stopped: 0.0002184 seconds, Stopping threads took: 0.0000887 seconds
2015-08-03T21:33:38.941-0200: 273.420: Total time for which application threads were stopped: 0.0001395 seconds, Stopping threads took: 0.0000565 seconds
2015-08-03T21:33:38.944-0200: 273.423: Total time for which application threads were stopped: 0.0002061 seconds, Stopping threads took: 0.0000525 seconds
2015-08-03T21:33:38.944-0200: 273.423: Total time for which application threads were stopped: 0.0001106 seconds, Stopping threads took: 0.0000289 seconds
2015-08-03T21:33:38.947-0200: 273.426: Total time for which application threads were stopped: 0.0014824 seconds, Stopping threads took: 0.0013374 seconds
2015-08-03T21:33:38.947-0200: 273.426: Total time for which application threads were stopped: 0.0001569 seconds, Stopping threads took: 0.0000760 seconds
2015-08-03T21:33:38.947-0200: 273.426: Total time for which application threads were stopped: 0.0001566 seconds, Stopping threads took: 0.0000623 seconds
2015-08-03T21:33:38.948-0200: 273.427: Total time for which application threads were stopped: 0.0001632 seconds, Stopping threads took: 0.0000757 seconds
2015-08-03T21:33:38.948-0200: 273.427: Total time for which application threads were stopped: 0.0001516 seconds, Stopping threads took: 0.0000689 seconds
2015-08-03T21:33:38.948-0200: 273.427: Total time for which application threads were stopped: 0.0001461 seconds, Stopping threads took: 0.0000630 seconds
2015-08-03T21:33:38.949-0200: 273.428: Total time for which application threads were stopped: 0.0002029 seconds, Stopping threads took: 0.0000789 seconds
2015-08-03T21:33:38.950-0200: 273.429: Total time for which application threads were stopped: 0.0001534 seconds, Stopping threads took: 0.0000751 seconds
2015-08-03T21:33:38.951-0200: 273.430: Total time for which application threads were stopped: 0.0002204 seconds, Stopping threads took: 0.0000959 seconds
2015-08-03T21:33:38.951-0200: 273.430: Total time for which application threads were stopped: 0.0001449 seconds, Stopping threads took: 0.0000652 seconds
2015-08-03T21:33:38.952-0200: 273.431: Total time for which application threads were stopped: 0.0001546 seconds, Stopping threads took: 0.0000770 seconds
2015-08-03T21:33:38.952-0200: 273.431: Total time for which application threads were stopped: 0.0001388 seconds, Stopping threads took: 0.0000590 seconds
2015-08-03T21:33:38.952-0200: 273.431: Total time for which application threads were stopped: 0.0001533 seconds, Stopping threads took: 0.0000743 seconds
2015-08-03T21:33:38.952-0200: 273.431: Total time for which application threads were stopped: 0.0001511 seconds, Stopping threads took: 0.0000623 seconds
2015-08-03T21:33:38.952-0200: 273.431: Total time for which application threads were stopped: 0.0001411 seconds, Stopping threads took: 0.0000636 seconds
2015-08-03T21:33:38.953-0200: 273.432: Total time for which application threads were stopped: 0.0001597 seconds, Stopping threads took: 0.0000782 seconds
2015-08-03T21:33:38.953-0200: 273.432: Total time for which application threads were stopped: 0.0001363 seconds, Stopping threads took: 0.0000596 seconds
2015-08-03T21:33:38.960-0200: 273.439: Total time for which application threads were stopped: 0.0001605 seconds, Stopping threads took: 0.0000281 seconds
2015-08-03T21:33:38.960-0200: 273.439: Total time for which application threads were stopped: 0.0000958 seconds, Stopping threads took: 0.0000147 seconds
2015-08-03T21:33:38.960-0200: 273.439: Total time for which application threads were stopped: 0.0000896 seconds, Stopping threads took: 0.0000125 seconds
2015-08-03T21:33:38.961-0200: 273.440: Total time for which application threads were stopped: 0.0000904 seconds, Stopping threads took: 0.0000112 seconds
2015-08-03T21:33:38.961-0200: 273.440: Total time for which application threads were stopped: 0.0000803 seconds, Stopping threads took: 0.0000113 seconds
2015-08-03T21:33:38.964-0200: 273.443: Total time for which application threads were stopped: 0.0001762 seconds, Stopping threads took: 0.0000450 seconds
2015-08-03T21:33:39.042-0200: 273.521: Total time for which application threads were stopped: 0.0001991 seconds, Stopping threads took: 0.0000508 seconds
2015-08-03T21:33:39.043-0200: 273.522: Total time for which application threads were stopped: 0.0002835 seconds, Stopping threads took: 0.0000182 seconds
2015-08-03T21:33:39.061-0200: 273.540: Total time for which application threads were stopped: 0.0001540 seconds, Stopping threads took: 0.0000271 seconds
2015-08-03T21:33:39.061-0200: 273.540: Total time for which application threads were stopped: 0.0001008 seconds, Stopping threads took: 0.0000152 seconds
2015-08-03T21:33:39.062-0200: 273.541: Total time for which application threads were stopped: 0.0000886 seconds, Stopping threads took: 0.0000124 seconds
2015-08-03T21:33:39.062-0200: 273.541: Total time for which application threads were stopped: 0.0001117 seconds, Stopping threads took: 0.0000299 seconds
2015-08-03T21:33:39.062-0200: 273.541: Total time for which application threads were stopped: 0.0001407 seconds, Stopping threads took: 0.0000589 seconds
2015-08-03T21:33:39.194-0200: 273.673: Total time for which application threads were stopped: 0.0001465 seconds, Stopping threads took: 0.0000228 seconds
2015-08-03T21:33:39.194-0200: 273.673: Total time for which application threads were stopped: 0.0000821 seconds, Stopping threads took: 0.0000131 seconds
2015-08-03T21:33:39.194-0200: 273.673: Total time for which application threads were stopped: 0.0000647 seconds, Stopping threads took: 0.0000085 seconds
2015-08-03T21:33:40.198-0200: 274.677: Total time for which application threads were stopped: 0.0001841 seconds, Stopping threads took: 0.0000356 seconds
2015-08-03T21:33:40.255-0200: 274.734: Total time for which application threads were stopped: 0.0001610 seconds, Stopping threads took: 0.0000317 seconds
2015-08-03T21:33:40.463-0200: 274.942: Total time for which application threads were stopped: 0.0002286 seconds, Stopping threads took: 0.0000535 seconds
{Heap before GC invocations=28 (full 1):
 par new generation   total 109248K, used 99103K [0x000000011d400000, 0x0000000125400000, 0x0000000125400000)
  eden space 87424K, 100% used [0x000000011d400000, 0x0000000122960000, 0x0000000122960000)
  from space 21824K,  53% used [0x0000000122960000, 0x00000001234c7dd0, 0x0000000123eb0000)
  to   space 21824K,   0% used [0x0000000123eb0000, 0x0000000123eb0000, 0x0000000125400000)
 concurrent mark-sweep generation total 393216K, used 18299K [0x0000000125400000, 0x000000013d400000, 0x000000013d400000)
 Metaspace       used 33462K, capacity 33944K, committed 34252K, reserved 1079296K
  class space    used 3775K, capacity 3919K, committed 4044K, reserved 1048576K
2015-08-03T21:33:40.873-0200: 275.352: [GC (Allocation Failure) 275.352: [ParNew
Desired survivor size 20112992 bytes, new threshold 8 (max 8)
- age   1:    3445048 bytes,    3445048 total
- age   2:    1503912 bytes,    4948960 total
- age   3:    2319424 bytes,    7268384 total
- age   4:      74288 bytes,    7342672 total
- age   5:      99744 bytes,    7442416 total
- age   6:      89752 bytes,    7532168 total
- age   7:      94320 bytes,    7626488 total
- age   8:     100928 bytes,    7727416 total
: 99103K->8566K(109248K), 0.0510777 secs] 117402K->30024K(502464K), 0.0525974 secs] [Times: user=0.05 sys=0.04, real=0.05 secs] 
Heap after GC invocations=29 (full 1):
 par new generation   total 109248K, used 8566K [0x000000011d400000, 0x0000000125400000, 0x0000000125400000)
  eden space 87424K,   0% used [0x000000011d400000, 0x000000011d400000, 0x0000000122960000)
  from space 21824K,  39% used [0x0000000123eb0000, 0x000000012470daa8, 0x0000000125400000)
  to   space 21824K,   0% used [0x0000000122960000, 0x0000000122960000, 0x0000000123eb0000)
 concurrent mark-sweep generation total 393216K, used 21458K [0x0000000125400000, 0x000000013d400000, 0x000000013d400000)
 Metaspace       used 33462K, capacity 33944K, committed 34252K, reserved 1079296K
  class space    used 3775K, capacity 3919K, committed 4044K, reserved 1048576K
}
2015-08-03T21:33:40.927-0200: 275.406: Total time for which application threads were stopped: 0.0542694 seconds, Stopping threads took: 0.0000311 seconds
2015-08-03T21:33:41.928-0200: 276.407: Total time for which application threads were stopped: 0.0003222 seconds, Stopping threads took: 0.0001373 seconds
2015-08-03T21:33:42.011-0200: 276.490: Total time for which application threads were stopped: 0.0004059 seconds, Stopping threads took: 0.0000722 seconds
2015-08-03T21:33:42.179-0200: 276.659: Total time for which application threads were stopped: 0.0001772 seconds, Stopping threads took: 0.0000254 seconds
2015-08-03T21:33:42.212-0200: 276.691: Total time for which application threads were stopped: 0.0005555 seconds, Stopping threads took: 0.0000288 seconds
2015-08-03T21:33:43.214-0200: 277.693: Total time for which application threads were stopped: 0.0002102 seconds, Stopping threads took: 0.0000378 seconds
2015-08-03T21:33:44.215-0200: 278.694: Total time for which application threads were stopped: 0.0001660 seconds, Stopping threads took: 0.0000342 seconds
2015-08-03T21:33:45.020-0200: 279.500: Total time for which application threads were stopped: 0.0001934 seconds, Stopping threads took: 0.0000284 seconds
2015-08-03T21:33:45.244-0200: 279.723: Total time for which application threads were stopped: 0.0002650 seconds, Stopping threads took: 0.0000864 seconds
2015-08-03T21:33:46.246-0200: 280.725: Total time for which application threads were stopped: 0.0002269 seconds, Stopping threads took: 0.0000286 seconds
{Heap before GC invocations=29 (full 1):
 par new generation   total 109248K, used 95990K [0x000000011d400000, 0x0000000125400000, 0x0000000125400000)
  eden space 87424K, 100% used [0x000000011d400000, 0x0000000122960000, 0x0000000122960000)
  from space 21824K,  39% used [0x0000000123eb0000, 0x000000012470daa8, 0x0000000125400000)
  to   space 21824K,   0% used [0x0000000122960000, 0x0000000122960000, 0x0000000123eb0000)
 concurrent mark-sweep generation total 393216K, used 21458K [0x0000000125400000, 0x000000013d400000, 0x000000013d400000)
 Metaspace       used 33541K, capacity 34072K, committed 34508K, reserved 1079296K
  class space    used 3776K, capacity 3919K, committed 4044K, reserved 1048576K
2015-08-03T21:33:46.576-0200: 281.055: [GC (Allocation Failure) 281.059: [ParNew
Desired survivor size 20112992 bytes, new threshold 8 (max 8)
- age   1:    3192304 bytes,    3192304 total
- age   2:    1762968 bytes,    4955272 total
- age   3:    1500792 bytes,    6456064 total
- age   4:    2352072 bytes,    8808136 total
- age   5:      74288 bytes,    8882424 total
- age   6:      99744 bytes,    8982168 total
- age   7:      89752 bytes,    9071920 total
- age   8:      94320 bytes,    9166240 total
: 95990K->13223K(109248K), 0.0205716 secs] 117448K->34781K(502464K), 0.0251292 secs] [Times: user=0.04 sys=0.00, real=0.03 secs] 
Heap after GC invocations=30 (full 1):
 par new generation   total 109248K, used 13223K [0x000000011d400000, 0x0000000125400000, 0x0000000125400000)
  eden space 87424K,   0% used [0x000000011d400000, 0x000000011d400000, 0x0000000122960000)
  from space 21824K,  60% used [0x0000000122960000, 0x0000000123649cc0, 0x0000000123eb0000)
  to   space 21824K,   0% used [0x0000000123eb0000, 0x0000000123eb0000, 0x0000000125400000)
 concurrent mark-sweep generation total 393216K, used 21558K [0x0000000125400000, 0x000000013d400000, 0x000000013d400000)
 Metaspace       used 33541K, capacity 34072K, committed 34508K, reserved 1079296K
  class space    used 3776K, capacity 3919K, committed 4044K, reserved 1048576K
}
2015-08-03T21:33:46.601-0200: 281.080: Total time for which application threads were stopped: 0.0273913 seconds, Stopping threads took: 0.0000831 seconds
2015-08-03T21:33:47.607-0200: 282.086: Total time for which application threads were stopped: 0.0001664 seconds, Stopping threads took: 0.0000330 seconds
2015-08-03T21:33:48.134-0200: 282.614: Total time for which application threads were stopped: 0.0002170 seconds, Stopping threads took: 0.0000630 seconds
2015-08-03T21:33:48.170-0200: 282.649: Total time for which application threads were stopped: 0.0001868 seconds, Stopping threads took: 0.0000431 seconds
2015-08-03T21:33:48.171-0200: 282.650: Total time for which application threads were stopped: 0.0002215 seconds, Stopping threads took: 0.0000657 seconds
2015-08-03T21:33:48.171-0200: 282.651: Total time for which application threads were stopped: 0.0002023 seconds, Stopping threads took: 0.0001025 seconds
2015-08-03T21:33:48.172-0200: 282.651: Total time for which application threads were stopped: 0.0001823 seconds, Stopping threads took: 0.0000193 seconds
2015-08-03T21:33:48.172-0200: 282.651: Total time for which application threads were stopped: 0.0001863 seconds, Stopping threads took: 0.0001065 seconds
2015-08-03T21:33:48.248-0200: 282.727: Total time for which application threads were stopped: 0.0013247 seconds, Stopping threads took: 0.0010980 seconds
2015-08-03T21:33:49.252-0200: 283.732: Total time for which application threads were stopped: 0.0003126 seconds, Stopping threads took: 0.0001093 seconds
2015-08-03T21:33:51.149-0200: 285.629: Total time for which application threads were stopped: 0.0002046 seconds, Stopping threads took: 0.0000468 seconds
2015-08-03T21:33:51.191-0200: 285.670: Total time for which application threads were stopped: 0.0002379 seconds, Stopping threads took: 0.0000559 seconds
2015-08-03T21:33:51.191-0200: 285.671: Total time for which application threads were stopped: 0.0002061 seconds, Stopping threads took: 0.0000925 seconds
2015-08-03T21:33:51.191-0200: 285.671: Total time for which application threads were stopped: 0.0001589 seconds, Stopping threads took: 0.0000578 seconds
2015-08-03T21:33:51.192-0200: 285.671: Total time for which application threads were stopped: 0.0001037 seconds, Stopping threads took: 0.0000117 seconds
2015-08-03T21:33:51.192-0200: 285.671: Total time for which application threads were stopped: 0.0001595 seconds, Stopping threads took: 0.0000670 seconds
2015-08-03T21:33:51.192-0200: 285.671: Total time for which application threads were stopped: 0.0001354 seconds, Stopping threads took: 0.0000128 seconds
2015-08-03T21:33:51.192-0200: 285.671: Total time for which application threads were stopped: 0.0001167 seconds, Stopping threads took: 0.0000319 seconds
2015-08-03T21:33:51.192-0200: 285.672: Total time for which application threads were stopped: 0.0001108 seconds, Stopping threads took: 0.0000254 seconds
2015-08-03T21:33:51.193-0200: 285.672: Total time for which application threads were stopped: 0.0003236 seconds, Stopping threads took: 0.0000125 seconds
{Heap before GC invocations=30 (full 1):
 par new generation   total 109248K, used 100647K [0x000000011d400000, 0x0000000125400000, 0x0000000125400000)
  eden space 87424K, 100% used [0x000000011d400000, 0x0000000122960000, 0x0000000122960000)
  from space 21824K,  60% used [0x0000000122960000, 0x0000000123649cc0, 0x0000000123eb0000)
  to   space 21824K,   0% used [0x0000000123eb0000, 0x0000000123eb0000, 0x0000000125400000)
 concurrent mark-sweep generation total 393216K, used 21558K [0x0000000125400000, 0x000000013d400000, 0x000000013d400000)
 Metaspace       used 33865K, capacity 34360K, committed 34764K, reserved 1079296K
  class space    used 3804K, capacity 3951K, committed 4044K, reserved 1048576K
2015-08-03T21:33:52.059-0200: 286.539: [GC (Allocation Failure) 286.539: [ParNew
Desired survivor size 20112992 bytes, new threshold 8 (max 8)
- age   1:    4382616 bytes,    4382616 total
- age   2:     932176 bytes,    5314792 total
- age   3:    1070000 bytes,    6384792 total
- age   4:     978400 bytes,    7363192 total
- age   5:    2330912 bytes,    9694104 total
- age   6:      74288 bytes,    9768392 total
- age   7:      99744 bytes,    9868136 total
- age   8:      89752 bytes,    9957888 total
: 100647K->12494K(109248K), 0.0141223 secs] 122205K->34147K(502464K), 0.0142397 secs] [Times: user=0.03 sys=0.01, real=0.02 secs] 
Heap after GC invocations=31 (full 1):
 par new generation   total 109248K, used 12494K [0x000000011d400000, 0x0000000125400000, 0x0000000125400000)
  eden space 87424K,   0% used [0x000000011d400000, 0x000000011d400000, 0x0000000122960000)
  from space 21824K,  57% used [0x0000000123eb0000, 0x0000000124ae38e0, 0x0000000125400000)
  to   space 21824K,   0% used [0x0000000122960000, 0x0000000122960000, 0x0000000123eb0000)
 concurrent mark-sweep generation total 393216K, used 21653K [0x0000000125400000, 0x000000013d400000, 0x000000013d400000)
 Metaspace       used 33865K, capacity 34360K, committed 34764K, reserved 1079296K
  class space    used 3804K, capacity 3951K, committed 4044K, reserved 1048576K
}
2015-08-03T21:33:52.074-0200: 286.553: Total time for which application threads were stopped: 0.0152138 seconds, Stopping threads took: 0.0000287 seconds
2015-08-03T21:33:52.074-0200: 286.554: Total time for which application threads were stopped: 0.0003722 seconds, Stopping threads took: 0.0000187 seconds
2015-08-03T21:33:53.079-0200: 287.558: Total time for which application threads were stopped: 0.0001674 seconds, Stopping threads took: 0.0000333 seconds
2015-08-03T21:33:53.820-0200: 288.299: Total time for which application threads were stopped: 0.0002194 seconds, Stopping threads took: 0.0000538 seconds
2015-08-03T21:33:53.821-0200: 288.300: Total time for which application threads were stopped: 0.0001086 seconds, Stopping threads took: 0.0000166 seconds
2015-08-03T21:33:53.862-0200: 288.341: Total time for which application threads were stopped: 0.0001554 seconds, Stopping threads took: 0.0000243 seconds
2015-08-03T21:33:53.883-0200: 288.362: Total time for which application threads were stopped: 0.0001486 seconds, Stopping threads took: 0.0000210 seconds
2015-08-03T21:33:53.883-0200: 288.362: Total time for which application threads were stopped: 0.0000742 seconds, Stopping threads took: 0.0000154 seconds
2015-08-03T21:33:53.883-0200: 288.363: Total time for which application threads were stopped: 0.0000801 seconds, Stopping threads took: 0.0000134 seconds
2015-08-03T21:33:54.170-0200: 288.650: Total time for which application threads were stopped: 0.0001466 seconds, Stopping threads took: 0.0000400 seconds
2015-08-03T21:33:54.223-0200: 288.703: Total time for which application threads were stopped: 0.0001703 seconds, Stopping threads took: 0.0000295 seconds
2015-08-03T21:33:54.229-0200: 288.709: Total time for which application threads were stopped: 0.0003450 seconds, Stopping threads took: 0.0000278 seconds
2015-08-03T21:33:54.258-0200: 288.737: Total time for which application threads were stopped: 0.0014834 seconds, Stopping threads took: 0.0013045 seconds
2015-08-03T21:33:54.261-0200: 288.740: Total time for which application threads were stopped: 0.0009605 seconds, Stopping threads took: 0.0008074 seconds
2015-08-03T21:33:54.278-0200: 288.758: Total time for which application threads were stopped: 0.0001690 seconds, Stopping threads took: 0.0000270 seconds
2015-08-03T21:33:54.278-0200: 288.758: Total time for which application threads were stopped: 0.0000943 seconds, Stopping threads took: 0.0000117 seconds
2015-08-03T21:33:54.284-0200: 288.763: Total time for which application threads were stopped: 0.0001874 seconds, Stopping threads took: 0.0000278 seconds
2015-08-03T21:33:54.356-0200: 288.836: Total time for which application threads were stopped: 0.0004140 seconds, Stopping threads took: 0.0001899 seconds
2015-08-03T21:33:54.356-0200: 288.836: Total time for which application threads were stopped: 0.0001174 seconds, Stopping threads took: 0.0000307 seconds
2015-08-03T21:33:54.527-0200: 289.007: Total time for which application threads were stopped: 0.0003597 seconds, Stopping threads took: 0.0001987 seconds
2015-08-03T21:33:54.531-0200: 289.011: Total time for which application threads were stopped: 0.0040872 seconds, Stopping threads took: 0.0039120 seconds
2015-08-03T21:33:54.932-0200: 289.411: Total time for which application threads were stopped: 0.0001993 seconds, Stopping threads took: 0.0000507 seconds
{Heap before GC invocations=31 (full 1):
 par new generation   total 109248K, used 99918K [0x000000011d400000, 0x0000000125400000, 0x0000000125400000)
  eden space 87424K, 100% used [0x000000011d400000, 0x0000000122960000, 0x0000000122960000)
  from space 21824K,  57% used [0x0000000123eb0000, 0x0000000124ae38e0, 0x0000000125400000)
  to   space 21824K,   0% used [0x0000000122960000, 0x0000000122960000, 0x0000000123eb0000)
 concurrent mark-sweep generation total 393216K, used 21653K [0x0000000125400000, 0x000000013d400000, 0x000000013d400000)
 Metaspace       used 33938K, capacity 34424K, committed 34764K, reserved 1079296K
  class space    used 3809K, capacity 3951K, committed 4044K, reserved 1048576K
2015-08-03T21:33:55.806-0200: 290.286: [GC (Allocation Failure) 290.286: [ParNew
Desired survivor size 20112992 bytes, new threshold 8 (max 8)
- age   1:    5643752 bytes,    5643752 total
- age   2:    3132328 bytes,    8776080 total
- age   3:     911488 bytes,    9687568 total
- age   4:    1055408 bytes,   10742976 total
- age   5:     976200 bytes,   11719176 total
- age   6:    2396480 bytes,   14115656 total
- age   7:      74288 bytes,   14189944 total
- age   8:      99744 bytes,   14289688 total
: 99918K->17094K(109248K), 0.0149710 secs] 121571K->38837K(502464K), 0.0150700 secs] [Times: user=0.03 sys=0.01, real=0.02 secs] 
Heap after GC invocations=32 (full 1):
 par new generation   total 109248K, used 17094K [0x000000011d400000, 0x0000000125400000, 0x0000000125400000)
  eden space 87424K,   0% used [0x000000011d400000, 0x000000011d400000, 0x0000000122960000)
  from space 21824K,  78% used [0x0000000122960000, 0x0000000123a11950, 0x0000000123eb0000)
  to   space 21824K,   0% used [0x0000000123eb0000, 0x0000000123eb0000, 0x0000000125400000)
 concurrent mark-sweep generation total 393216K, used 21742K [0x0000000125400000, 0x000000013d400000, 0x000000013d400000)
 Metaspace       used 33938K, capacity 34424K, committed 34764K, reserved 1079296K
  class space    used 3809K, capacity 3951K, committed 4044K, reserved 1048576K
}
2015-08-03T21:33:55.821-0200: 290.301: Total time for which application threads were stopped: 0.0153371 seconds, Stopping threads took: 0.0000251 seconds
2015-08-03T21:33:56.822-0200: 291.302: Total time for which application threads were stopped: 0.0001317 seconds, Stopping threads took: 0.0000294 seconds
2015-08-03T21:33:57.564-0200: 292.044: Total time for which application threads were stopped: 0.0001900 seconds, Stopping threads took: 0.0000254 seconds
2015-08-03T21:33:57.564-0200: 292.044: Total time for which application threads were stopped: 0.0001007 seconds, Stopping threads took: 0.0000232 seconds
2015-08-03T21:33:57.564-0200: 292.044: Total time for which application threads were stopped: 0.0001045 seconds, Stopping threads took: 0.0000254 seconds
2015-08-03T21:33:57.565-0200: 292.044: Total time for which application threads were stopped: 0.0001004 seconds, Stopping threads took: 0.0000264 seconds
2015-08-03T21:33:57.565-0200: 292.044: Total time for which application threads were stopped: 0.0000823 seconds, Stopping threads took: 0.0000090 seconds
2015-08-03T21:33:57.565-0200: 292.045: Total time for which application threads were stopped: 0.0000888 seconds, Stopping threads took: 0.0000115 seconds
2015-08-03T21:33:57.565-0200: 292.045: Total time for which application threads were stopped: 0.0000889 seconds, Stopping threads took: 0.0000117 seconds
2015-08-03T21:33:57.565-0200: 292.045: Total time for which application threads were stopped: 0.0001258 seconds, Stopping threads took: 0.0000355 seconds
2015-08-03T21:33:58.570-0200: 293.050: Total time for which application threads were stopped: 0.0002299 seconds, Stopping threads took: 0.0000321 seconds
2015-08-03T21:33:59.574-0200: 294.053: Total time for which application threads were stopped: 0.0001720 seconds, Stopping threads took: 0.0000263 seconds
2015-08-03T21:34:00.575-0200: 295.055: Total time for which application threads were stopped: 0.0004634 seconds, Stopping threads took: 0.0003154 seconds
{Heap before GC invocations=32 (full 1):
 par new generation   total 109248K, used 104518K [0x000000011d400000, 0x0000000125400000, 0x0000000125400000)
  eden space 87424K, 100% used [0x000000011d400000, 0x0000000122960000, 0x0000000122960000)
  from space 21824K,  78% used [0x0000000122960000, 0x0000000123a11950, 0x0000000123eb0000)
  to   space 21824K,   0% used [0x0000000123eb0000, 0x0000000123eb0000, 0x0000000125400000)
 concurrent mark-sweep generation total 393216K, used 21742K [0x0000000125400000, 0x000000013d400000, 0x000000013d400000)
 Metaspace       used 33974K, capacity 34424K, committed 34764K, reserved 1079296K
  class space    used 3809K, capacity 3951K, committed 4044K, reserved 1048576K
2015-08-03T21:34:00.911-0200: 295.391: [GC (Allocation Failure) 295.391: [ParNew
Desired survivor size 20112992 bytes, new threshold 8 (max 8)
- age   1:    3038656 bytes,    3038656 total
- age   2:    3838504 bytes,    6877160 total
- age   3:    2345680 bytes,    9222840 total
- age   4:      39808 bytes,    9262648 total
- age   5:     211128 bytes,    9473776 total
- age   6:      99656 bytes,    9573432 total
- age   7:    2494048 bytes,   12067480 total
- age   8:      74288 bytes,   12141768 total
: 104518K->20326K(109248K), 0.0116267 secs] 126261K->42168K(502464K), 0.0121047 secs] [Times: user=0.03 sys=0.00, real=0.01 secs] 
Heap after GC invocations=33 (full 1):
 par new generation   total 109248K, used 20326K [0x000000011d400000, 0x0000000125400000, 0x0000000125400000)
  eden space 87424K,   0% used [0x000000011d400000, 0x000000011d400000, 0x0000000122960000)
  from space 21824K,  93% used [0x0000000123eb0000, 0x00000001252899a8, 0x0000000125400000)
  to   space 21824K,   0% used [0x0000000122960000, 0x0000000122960000, 0x0000000123eb0000)
 concurrent mark-sweep generation total 393216K, used 21842K [0x0000000125400000, 0x000000013d400000, 0x000000013d400000)
 Metaspace       used 33974K, capacity 34424K, committed 34764K, reserved 1079296K
  class space    used 3809K, capacity 3951K, committed 4044K, reserved 1048576K
}
2015-08-03T21:34:00.923-0200: 295.403: Total time for which application threads were stopped: 0.0124170 seconds, Stopping threads took: 0.0000262 seconds
2015-08-03T21:34:00.924-0200: 295.404: Total time for which application threads were stopped: 0.0003622 seconds, Stopping threads took: 0.0000863 seconds
2015-08-03T21:34:01.925-0200: 296.405: Total time for which application threads were stopped: 0.0004215 seconds, Stopping threads took: 0.0000623 seconds
2015-08-03T21:34:02.929-0200: 297.409: Total time for which application threads were stopped: 0.0002111 seconds, Stopping threads took: 0.0000383 seconds
2015-08-03T21:34:03.931-0200: 298.410: Total time for which application threads were stopped: 0.0001814 seconds, Stopping threads took: 0.0000278 seconds
2015-08-03T21:34:04.934-0200: 299.414: Total time for which application threads were stopped: 0.0001536 seconds, Stopping threads took: 0.0000313 seconds
2015-08-03T21:34:05.934-0200: 300.414: Total time for which application threads were stopped: 0.0001749 seconds, Stopping threads took: 0.0000306 seconds
{Heap before GC invocations=33 (full 1):
 par new generation   total 109248K, used 107750K [0x000000011d400000, 0x0000000125400000, 0x0000000125400000)
  eden space 87424K, 100% used [0x000000011d400000, 0x0000000122960000, 0x0000000122960000)
  from space 21824K,  93% used [0x0000000123eb0000, 0x00000001252899a8, 0x0000000125400000)
  to   space 21824K,   0% used [0x0000000122960000, 0x0000000122960000, 0x0000000123eb0000)
 concurrent mark-sweep generation total 393216K, used 21842K [0x0000000125400000, 0x000000013d400000, 0x000000013d400000)
 Metaspace       used 34006K, capacity 34488K, committed 34764K, reserved 1079296K
  class space    used 3809K, capacity 3951K, committed 4044K, reserved 1048576K
2015-08-03T21:34:06.891-0200: 301.371: [GC (Allocation Failure) 301.372: [ParNew
Desired survivor size 20112992 bytes, new threshold 8 (max 8)
- age   1:    2603248 bytes,    2603248 total
- age   2:    2048800 bytes,    4652048 total
- age   3:    3836568 bytes,    8488616 total
- age   4:    2345680 bytes,   10834296 total
- age   5:      39240 bytes,   10873536 total
- age   6:     210520 bytes,   11084056 total
- age   7:      98656 bytes,   11182712 total
- age   8:    2297344 bytes,   13480056 total
: 107750K->16005K(109248K), 0.0150726 secs] 129592K->37922K(502464K), 0.0155818 secs] [Times: user=0.04 sys=0.01, real=0.01 secs] 
Heap after GC invocations=34 (full 1):
 par new generation   total 109248K, used 16005K [0x000000011d400000, 0x0000000125400000, 0x0000000125400000)
  eden space 87424K,   0% used [0x000000011d400000, 0x000000011d400000, 0x0000000122960000)
  from space 21824K,  73% used [0x0000000122960000, 0x0000000123901458, 0x0000000123eb0000)
  to   space 21824K,   0% used [0x0000000123eb0000, 0x0000000123eb0000, 0x0000000125400000)
 concurrent mark-sweep generation total 393216K, used 21917K [0x0000000125400000, 0x000000013d400000, 0x000000013d400000)
 Metaspace       used 34006K, capacity 34488K, committed 34764K, reserved 1079296K
  class space    used 3809K, capacity 3951K, committed 4044K, reserved 1048576K
}
2015-08-03T21:34:06.907-0200: 301.387: Total time for which application threads were stopped: 0.0158851 seconds, Stopping threads took: 0.0000279 seconds
2015-08-03T21:34:07.912-0200: 302.392: Total time for which application threads were stopped: 0.0001229 seconds, Stopping threads took: 0.0000258 seconds
2015-08-03T21:34:08.893-0200: 303.374: Total time for which application threads were stopped: 0.0002126 seconds, Stopping threads took: 0.0000317 seconds
2015-08-03T21:34:08.894-0200: 303.374: Total time for which application threads were stopped: 0.0000912 seconds, Stopping threads took: 0.0000137 seconds
2015-08-03T21:34:08.894-0200: 303.374: Total time for which application threads were stopped: 0.0000857 seconds, Stopping threads took: 0.0000109 seconds
2015-08-03T21:34:08.894-0200: 303.374: Total time for which application threads were stopped: 0.0000849 seconds, Stopping threads took: 0.0000105 seconds
2015-08-03T21:34:08.894-0200: 303.374: Total time for which application threads were stopped: 0.0000840 seconds, Stopping threads took: 0.0000116 seconds
2015-08-03T21:34:09.016-0200: 303.497: Total time for which application threads were stopped: 0.0003121 seconds, Stopping threads took: 0.0001179 seconds
2015-08-03T21:34:09.017-0200: 303.497: Total time for which application threads were stopped: 0.0001942 seconds, Stopping threads took: 0.0000982 seconds
2015-08-03T21:34:09.017-0200: 303.497: Total time for which application threads were stopped: 0.0001178 seconds, Stopping threads took: 0.0000142 seconds
2015-08-03T21:34:09.017-0200: 303.497: Total time for which application threads were stopped: 0.0001922 seconds, Stopping threads took: 0.0000886 seconds
2015-08-03T21:34:09.017-0200: 303.497: Total time for which application threads were stopped: 0.0001458 seconds, Stopping threads took: 0.0000568 seconds
2015-08-03T21:34:09.021-0200: 303.501: Total time for which application threads were stopped: 0.0002537 seconds, Stopping threads took: 0.0001093 seconds
2015-08-03T21:34:09.021-0200: 303.501: Total time for which application threads were stopped: 0.0002072 seconds, Stopping threads took: 0.0000800 seconds
2015-08-03T21:34:09.022-0200: 303.502: Total time for which application threads were stopped: 0.0001798 seconds, Stopping threads took: 0.0000445 seconds
2015-08-03T21:34:09.022-0200: 303.502: Total time for which application threads were stopped: 0.0001422 seconds, Stopping threads took: 0.0000346 seconds
2015-08-03T21:34:09.023-0200: 303.503: Total time for which application threads were stopped: 0.0001885 seconds, Stopping threads took: 0.0001018 seconds
2015-08-03T21:34:09.072-0200: 303.552: Total time for which application threads were stopped: 0.0002720 seconds, Stopping threads took: 0.0000273 seconds
2015-08-03T21:34:09.142-0200: 303.622: Total time for which application threads were stopped: 0.0008331 seconds, Stopping threads took: 0.0005887 seconds
2015-08-03T21:34:09.143-0200: 303.623: Total time for which application threads were stopped: 0.0003263 seconds, Stopping threads took: 0.0002137 seconds
2015-08-03T21:34:09.311-0200: 303.791: Total time for which application threads were stopped: 0.0007201 seconds, Stopping threads took: 0.0005557 seconds
2015-08-03T21:34:09.311-0200: 303.792: Total time for which application threads were stopped: 0.0002318 seconds, Stopping threads took: 0.0001345 seconds
2015-08-03T21:34:09.312-0200: 303.792: Total time for which application threads were stopped: 0.0001811 seconds, Stopping threads took: 0.0000828 seconds
2015-08-03T21:34:09.312-0200: 303.792: Total time for which application threads were stopped: 0.0001177 seconds, Stopping threads took: 0.0000316 seconds
2015-08-03T21:34:09.312-0200: 303.792: Total time for which application threads were stopped: 0.0001001 seconds, Stopping threads took: 0.0000137 seconds
2015-08-03T21:34:09.391-0200: 303.871: Total time for which application threads were stopped: 0.0002194 seconds, Stopping threads took: 0.0000523 seconds
2015-08-03T21:34:09.392-0200: 303.872: Total time for which application threads were stopped: 0.0001054 seconds, Stopping threads took: 0.0000128 seconds
2015-08-03T21:34:09.392-0200: 303.872: Total time for which application threads were stopped: 0.0000942 seconds, Stopping threads took: 0.0000127 seconds
2015-08-03T21:34:09.393-0200: 303.873: Total time for which application threads were stopped: 0.0001567 seconds, Stopping threads took: 0.0000237 seconds
2015-08-03T21:34:09.556-0200: 304.036: Total time for which application threads were stopped: 0.0010238 seconds, Stopping threads took: 0.0008101 seconds
2015-08-03T21:34:09.556-0200: 304.036: Total time for which application threads were stopped: 0.0001146 seconds, Stopping threads took: 0.0000139 seconds
2015-08-03T21:34:09.556-0200: 304.036: Total time for which application threads were stopped: 0.0001124 seconds, Stopping threads took: 0.0000128 seconds
2015-08-03T21:34:09.581-0200: 304.062: Total time for which application threads were stopped: 0.0001978 seconds, Stopping threads took: 0.0000265 seconds
2015-08-03T21:34:09.763-0200: 304.243: Total time for which application threads were stopped: 0.0002617 seconds, Stopping threads took: 0.0000329 seconds
2015-08-03T21:34:10.764-0200: 305.244: Total time for which application threads were stopped: 0.0002911 seconds, Stopping threads took: 0.0000777 seconds
2015-08-03T21:34:11.767-0200: 306.247: Total time for which application threads were stopped: 0.0002139 seconds, Stopping threads took: 0.0001159 seconds
{Heap before GC invocations=34 (full 1):
 par new generation   total 109248K, used 103429K [0x000000011d400000, 0x0000000125400000, 0x0000000125400000)
  eden space 87424K, 100% used [0x000000011d400000, 0x0000000122960000, 0x0000000122960000)
  from space 21824K,  73% used [0x0000000122960000, 0x0000000123901458, 0x0000000123eb0000)
  to   space 21824K,   0% used [0x0000000123eb0000, 0x0000000123eb0000, 0x0000000125400000)
 concurrent mark-sweep generation total 393216K, used 21917K [0x0000000125400000, 0x000000013d400000, 0x000000013d400000)
 Metaspace       used 34056K, capacity 34552K, committed 34764K, reserved 1079296K
  class space    used 3809K, capacity 3951K, committed 4044K, reserved 1048576K
2015-08-03T21:34:11.938-0200: 306.418: [GC (Allocation Failure) 306.418: [ParNew
Desired survivor size 20112992 bytes, new threshold 8 (max 8)
- age   1:    2611456 bytes,    2611456 total
- age   2:    1552264 bytes,    4163720 total
- age   3:    2008856 bytes,    6172576 total
- age   4:    3789656 bytes,    9962232 total
- age   5:    2341808 bytes,   12304040 total
- age   6:      33496 bytes,   12337536 total
- age   7:      63840 bytes,   12401376 total
- age   8:      89928 bytes,   12491304 total
: 103429K->16992K(109248K), 0.0527956 secs] 125346K->41163K(502464K), 0.0528943 secs] [Times: user=0.05 sys=0.02, real=0.06 secs] 
Heap after GC invocations=35 (full 1):
 par new generation   total 109248K, used 16992K [0x000000011d400000, 0x0000000125400000, 0x0000000125400000)
  eden space 87424K,   0% used [0x000000011d400000, 0x000000011d400000, 0x0000000122960000)
  from space 21824K,  77% used [0x0000000123eb0000, 0x0000000124f480c0, 0x0000000125400000)
  to   space 21824K,   0% used [0x0000000122960000, 0x0000000122960000, 0x0000000123eb0000)
 concurrent mark-sweep generation total 393216K, used 24171K [0x0000000125400000, 0x000000013d400000, 0x000000013d400000)
 Metaspace       used 34056K, capacity 34552K, committed 34764K, reserved 1079296K
  class space    used 3809K, capacity 3951K, committed 4044K, reserved 1048576K
}
2015-08-03T21:34:11.991-0200: 306.471: Total time for which application threads were stopped: 0.0533027 seconds, Stopping threads took: 0.0000267 seconds
2015-08-03T21:34:12.395-0200: 306.875: Total time for which application threads were stopped: 0.0011960 seconds, Stopping threads took: 0.0009747 seconds
2015-08-03T21:34:12.396-0200: 306.876: Total time for which application threads were stopped: 0.0001832 seconds, Stopping threads took: 0.0000906 seconds
2015-08-03T21:34:12.844-0200: 307.324: Total time for which application threads were stopped: 0.0002308 seconds, Stopping threads took: 0.0000942 seconds
2015-08-03T21:34:12.844-0200: 307.325: Total time for which application threads were stopped: 0.0003128 seconds, Stopping threads took: 0.0000348 seconds
2015-08-03T21:34:14.846-0200: 309.327: Total time for which application threads were stopped: 0.0003069 seconds, Stopping threads took: 0.0001359 seconds
2015-08-03T21:34:15.386-0200: 309.866: Total time for which application threads were stopped: 0.0001720 seconds, Stopping threads took: 0.0000257 seconds
2015-08-03T21:34:15.860-0200: 310.341: Total time for which application threads were stopped: 0.0002206 seconds, Stopping threads took: 0.0000276 seconds
2015-08-03T21:34:15.862-0200: 310.342: Total time for which application threads were stopped: 0.0001575 seconds, Stopping threads took: 0.0000265 seconds
2015-08-03T21:34:15.862-0200: 310.342: Total time for which application threads were stopped: 0.0002460 seconds, Stopping threads took: 0.0000112 seconds
2015-08-03T21:34:15.872-0200: 310.352: Total time for which application threads were stopped: 0.0002112 seconds, Stopping threads took: 0.0000280 seconds
{Heap before GC invocations=35 (full 1):
 par new generation   total 109248K, used 104384K [0x000000011d400000, 0x0000000125400000, 0x0000000125400000)
  eden space 87424K,  99% used [0x000000011d400000, 0x00000001229581f8, 0x0000000122960000)
  from space 21824K,  77% used [0x0000000123eb0000, 0x0000000124f480c0, 0x0000000125400000)
  to   space 21824K,   0% used [0x0000000122960000, 0x0000000122960000, 0x0000000123eb0000)
 concurrent mark-sweep generation total 393216K, used 24171K [0x0000000125400000, 0x000000013d400000, 0x000000013d400000)
 Metaspace       used 34084K, capacity 34622K, committed 35020K, reserved 1081344K
  class space    used 3809K, capacity 3952K, committed 4044K, reserved 1048576K
2015-08-03T21:34:16.454-0200: 310.935: [GC (Allocation Failure) 310.935: [ParNew
Desired survivor size 20112992 bytes, new threshold 8 (max 8)
- age   1:    2879216 bytes,    2879216 total
- age   2:     522544 bytes,    3401760 total
- age   3:     813272 bytes,    4215032 total
- age   4:     966704 bytes,    5181736 total
- age   5:    3403216 bytes,    8584952 total
- age   6:      42088 bytes,    8627040 total
- age   7:      26328 bytes,    8653368 total
- age   8:      55976 bytes,    8709344 total
: 104384K->11109K(109248K), 0.0169909 secs] 128556K->35359K(502464K), 0.0171036 secs] [Times: user=0.04 sys=0.00, real=0.02 secs] 
Heap after GC invocations=36 (full 1):
 par new generation   total 109248K, used 11109K [0x000000011d400000, 0x0000000125400000, 0x0000000125400000)
  eden space 87424K,   0% used [0x000000011d400000, 0x000000011d400000, 0x0000000122960000)
  from space 21824K,  50% used [0x0000000122960000, 0x00000001234396d0, 0x0000000123eb0000)
  to   space 21824K,   0% used [0x0000000123eb0000, 0x0000000123eb0000, 0x0000000125400000)
 concurrent mark-sweep generation total 393216K, used 24250K [0x0000000125400000, 0x000000013d400000, 0x000000013d400000)
 Metaspace       used 34084K, capacity 34622K, committed 35020K, reserved 1081344K
  class space    used 3809K, capacity 3952K, committed 4044K, reserved 1048576K
}
2015-08-03T21:34:16.471-0200: 310.952: Total time for which application threads were stopped: 0.0174970 seconds, Stopping threads took: 0.0000259 seconds
2015-08-03T21:34:17.473-0200: 311.954: Total time for which application threads were stopped: 0.0002075 seconds, Stopping threads took: 0.0000324 seconds
2015-08-03T21:34:18.474-0200: 312.955: Total time for which application threads were stopped: 0.0001537 seconds, Stopping threads took: 0.0000353 seconds
2015-08-03T21:34:18.941-0200: 313.421: Total time for which application threads were stopped: 0.0001698 seconds, Stopping threads took: 0.0000240 seconds
2015-08-03T21:34:18.941-0200: 313.421: Total time for which application threads were stopped: 0.0000918 seconds, Stopping threads took: 0.0000116 seconds
2015-08-03T21:34:18.941-0200: 313.421: Total time for which application threads were stopped: 0.0000893 seconds, Stopping threads took: 0.0000108 seconds
2015-08-03T21:34:19.941-0200: 314.422: Total time for which application threads were stopped: 0.0001318 seconds, Stopping threads took: 0.0000243 seconds
2015-08-03T21:34:20.943-0200: 315.423: Total time for which application threads were stopped: 0.0001499 seconds, Stopping threads took: 0.0000295 seconds
{Heap before GC invocations=36 (full 1):
 par new generation   total 109248K, used 98533K [0x000000011d400000, 0x0000000125400000, 0x0000000125400000)
  eden space 87424K, 100% used [0x000000011d400000, 0x0000000122960000, 0x0000000122960000)
  from space 21824K,  50% used [0x0000000122960000, 0x00000001234396d0, 0x0000000123eb0000)
  to   space 21824K,   0% used [0x0000000123eb0000, 0x0000000123eb0000, 0x0000000125400000)
 concurrent mark-sweep generation total 393216K, used 24250K [0x0000000125400000, 0x000000013d400000, 0x000000013d400000)
 Metaspace       used 34099K, capacity 34634K, committed 35020K, reserved 1081344K
  class space    used 3811K, capacity 3954K, committed 4044K, reserved 1048576K
2015-08-03T21:34:21.698-0200: 316.178: [GC (Allocation Failure) 316.179: [ParNew
Desired survivor size 20112992 bytes, new threshold 8 (max 8)
- age   1:    2927104 bytes,    2927104 total
- age   2:     683792 bytes,    3610896 total
- age   3:     240144 bytes,    3851040 total
- age   4:      49672 bytes,    3900712 total
- age   5:      43392 bytes,    3944104 total
- age   6:     173344 bytes,    4117448 total
- age   7:      40600 bytes,    4158048 total
- age   8:      24384 bytes,    4182432 total
: 98533K->7561K(109248K), 0.0123510 secs] 122783K->31865K(502464K), 0.0128461 secs] [Times: user=0.02 sys=0.00, real=0.02 secs] 
Heap after GC invocations=37 (full 1):
 par new generation   total 109248K, used 7561K [0x000000011d400000, 0x0000000125400000, 0x0000000125400000)
  eden space 87424K,   0% used [0x000000011d400000, 0x000000011d400000, 0x0000000122960000)
  from space 21824K,  34% used [0x0000000123eb0000, 0x0000000124612660, 0x0000000125400000)
  to   space 21824K,   0% used [0x0000000122960000, 0x0000000122960000, 0x0000000123eb0000)
 concurrent mark-sweep generation total 393216K, used 24303K [0x0000000125400000, 0x000000013d400000, 0x000000013d400000)
 Metaspace       used 34099K, capacity 34634K, committed 35020K, reserved 1081344K
  class space    used 3811K, capacity 3954K, committed 4044K, reserved 1048576K
}
2015-08-03T21:34:21.711-0200: 316.191: Total time for which application threads were stopped: 0.0131064 seconds, Stopping threads took: 0.0000236 seconds
2015-08-03T21:34:22.713-0200: 317.194: Total time for which application threads were stopped: 0.0002070 seconds, Stopping threads took: 0.0000624 seconds
2015-08-03T21:34:23.718-0200: 318.198: Total time for which application threads were stopped: 0.0001304 seconds, Stopping threads took: 0.0000279 seconds
2015-08-03T21:34:23.923-0200: 318.404: Total time for which application threads were stopped: 0.0002458 seconds, Stopping threads took: 0.0000278 seconds
2015-08-03T21:34:23.923-0200: 318.404: Total time for which application threads were stopped: 0.0001339 seconds, Stopping threads took: 0.0000167 seconds
2015-08-03T21:34:23.923-0200: 318.404: Total time for which application threads were stopped: 0.0001020 seconds, Stopping threads took: 0.0000092 seconds
2015-08-03T21:34:23.976-0200: 318.456: Total time for which application threads were stopped: 0.0001792 seconds, Stopping threads took: 0.0000291 seconds
2015-08-03T21:34:23.976-0200: 318.457: Total time for which application threads were stopped: 0.0001535 seconds, Stopping threads took: 0.0000468 seconds
2015-08-03T21:34:23.977-0200: 318.458: Total time for which application threads were stopped: 0.0004165 seconds, Stopping threads took: 0.0003075 seconds
2015-08-03T21:34:23.980-0200: 318.460: Total time for which application threads were stopped: 0.0001801 seconds, Stopping threads took: 0.0000515 seconds
2015-08-03T21:34:24.568-0200: 319.048: Total time for which application threads were stopped: 0.0001856 seconds, Stopping threads took: 0.0000279 seconds
2015-08-03T21:34:24.568-0200: 319.049: Total time for which application threads were stopped: 0.0000981 seconds, Stopping threads took: 0.0000222 seconds
2015-08-03T21:34:24.605-0200: 319.086: Total time for which application threads were stopped: 0.0001556 seconds, Stopping threads took: 0.0000264 seconds
2015-08-03T21:34:24.605-0200: 319.086: Total time for which application threads were stopped: 0.0000666 seconds, Stopping threads took: 0.0000081 seconds
2015-08-03T21:34:25.607-0200: 320.087: Total time for which application threads were stopped: 0.0001674 seconds, Stopping threads took: 0.0000322 seconds
2015-08-03T21:34:26.607-0200: 321.088: Total time for which application threads were stopped: 0.0003316 seconds, Stopping threads took: 0.0001523 seconds
{Heap before GC invocations=37 (full 1):
 par new generation   total 109248K, used 94985K [0x000000011d400000, 0x0000000125400000, 0x0000000125400000)
  eden space 87424K, 100% used [0x000000011d400000, 0x0000000122960000, 0x0000000122960000)
  from space 21824K,  34% used [0x0000000123eb0000, 0x0000000124612660, 0x0000000125400000)
  to   space 21824K,   0% used [0x0000000122960000, 0x0000000122960000, 0x0000000123eb0000)
 concurrent mark-sweep generation total 393216K, used 24303K [0x0000000125400000, 0x000000013d400000, 0x000000013d400000)
 Metaspace       used 34119K, capacity 34634K, committed 35020K, reserved 1081344K
  class space    used 3811K, capacity 3954K, committed 4044K, reserved 1048576K
2015-08-03T21:34:27.117-0200: 321.598: [GC (Allocation Failure) 321.599: [ParNew
Desired survivor size 20112992 bytes, new threshold 8 (max 8)
- age   1:    3418320 bytes,    3418320 total
- age   2:    1271424 bytes,    4689744 total
- age   3:     661456 bytes,    5351200 total
- age   4:     213896 bytes,    5565096 total
- age   5:      46064 bytes,    5611160 total
- age   6:      40056 bytes,    5651216 total
- age   7:      34880 bytes,    5686096 total
- age   8:      38640 bytes,    5724736 total
: 94985K->6648K(109248K), 0.0488593 secs] 119289K->30975K(502464K), 0.0502093 secs] [Times: user=0.03 sys=0.01, real=0.05 secs] 
Heap after GC invocations=38 (full 1):
 par new generation   total 109248K, used 6648K [0x000000011d400000, 0x0000000125400000, 0x0000000125400000)
  eden space 87424K,   0% used [0x000000011d400000, 0x000000011d400000, 0x0000000122960000)
  from space 21824K,  30% used [0x0000000122960000, 0x0000000122fde2e0, 0x0000000123eb0000)
  to   space 21824K,   0% used [0x0000000123eb0000, 0x0000000123eb0000, 0x0000000125400000)
 concurrent mark-sweep generation total 393216K, used 24326K [0x0000000125400000, 0x000000013d400000, 0x000000013d400000)
 Metaspace       used 34119K, capacity 34634K, committed 35020K, reserved 1081344K
  class space    used 3811K, capacity 3954K, committed 4044K, reserved 1048576K
}
2015-08-03T21:34:27.167-0200: 321.648: Total time for which application threads were stopped: 0.0505537 seconds, Stopping threads took: 0.0000260 seconds
2015-08-03T21:34:27.522-0200: 322.002: Total time for which application threads were stopped: 0.0001637 seconds, Stopping threads took: 0.0000269 seconds
2015-08-03T21:34:27.522-0200: 322.002: Total time for which application threads were stopped: 0.0000917 seconds, Stopping threads took: 0.0000147 seconds
2015-08-03T21:34:27.524-0200: 322.005: Total time for which application threads were stopped: 0.0002411 seconds, Stopping threads took: 0.0000379 seconds
2015-08-03T21:34:28.526-0200: 323.007: Total time for which application threads were stopped: 0.0002201 seconds, Stopping threads took: 0.0000370 seconds
2015-08-03T21:34:29.527-0200: 324.008: Total time for which application threads were stopped: 0.0004489 seconds, Stopping threads took: 0.0001833 seconds
2015-08-03T21:34:30.527-0200: 325.008: Total time for which application threads were stopped: 0.0002654 seconds, Stopping threads took: 0.0001213 seconds
{Heap before GC invocations=38 (full 1):
 par new generation   total 109248K, used 94072K [0x000000011d400000, 0x0000000125400000, 0x0000000125400000)
  eden space 87424K, 100% used [0x000000011d400000, 0x0000000122960000, 0x0000000122960000)
  from space 21824K,  30% used [0x0000000122960000, 0x0000000122fde2e0, 0x0000000123eb0000)
  to   space 21824K,   0% used [0x0000000123eb0000, 0x0000000123eb0000, 0x0000000125400000)
 concurrent mark-sweep generation total 393216K, used 24326K [0x0000000125400000, 0x000000013d400000, 0x000000013d400000)
 Metaspace       used 34128K, capacity 34634K, committed 35020K, reserved 1081344K
  class space    used 3811K, capacity 3954K, committed 4044K, reserved 1048576K
2015-08-03T21:34:31.019-0200: 325.500: [GC (Allocation Failure) 325.500: [ParNew
Desired survivor size 20112992 bytes, new threshold 8 (max 8)
- age   1:    1699408 bytes,    1699408 total
- age   2:    1230896 bytes,    2930304 total
- age   3:     460560 bytes,    3390864 total
- age   4:      34848 bytes,    3425712 total
- age   5:     167408 bytes,    3593120 total
- age   6:      40424 bytes,    3633544 total
- age   7:      33384 bytes,    3666928 total
- age   8:      29408 bytes,    3696336 total
: 94072K->5814K(109248K), 0.0218365 secs] 118399K->30173K(502464K), 0.0219380 secs] [Times: user=0.02 sys=0.01, real=0.03 secs] 
Heap after GC invocations=39 (full 1):
 par new generation   total 109248K, used 5814K [0x000000011d400000, 0x0000000125400000, 0x0000000125400000)
  eden space 87424K,   0% used [0x000000011d400000, 0x000000011d400000, 0x0000000122960000)
  from space 21824K,  26% used [0x0000000123eb0000, 0x000000012445d930, 0x0000000125400000)
  to   space 21824K,   0% used [0x0000000122960000, 0x0000000122960000, 0x0000000123eb0000)
 concurrent mark-sweep generation total 393216K, used 24359K [0x0000000125400000, 0x000000013d400000, 0x000000013d400000)
 Metaspace       used 34128K, capacity 34634K, committed 35020K, reserved 1081344K
  class space    used 3811K, capacity 3954K, committed 4044K, reserved 1048576K
}
2015-08-03T21:34:31.041-0200: 325.522: Total time for which application threads were stopped: 0.0223127 seconds, Stopping threads took: 0.0000281 seconds
2015-08-03T21:34:32.044-0200: 326.525: Total time for which application threads were stopped: 0.0003701 seconds, Stopping threads took: 0.0001439 seconds
2015-08-03T21:34:34.046-0200: 328.527: Total time for which application threads were stopped: 0.0002798 seconds, Stopping threads took: 0.0000302 seconds
2015-08-03T21:34:35.048-0200: 329.529: Total time for which application threads were stopped: 0.0002097 seconds, Stopping threads took: 0.0000418 seconds
2015-08-03T21:34:36.049-0200: 330.530: Total time for which application threads were stopped: 0.0001798 seconds, Stopping threads took: 0.0000364 seconds
{Heap before GC invocations=39 (full 1):
 par new generation   total 109248K, used 93238K [0x000000011d400000, 0x0000000125400000, 0x0000000125400000)
  eden space 87424K, 100% used [0x000000011d400000, 0x0000000122960000, 0x0000000122960000)
  from space 21824K,  26% used [0x0000000123eb0000, 0x000000012445d930, 0x0000000125400000)
  to   space 21824K,   0% used [0x0000000122960000, 0x0000000122960000, 0x0000000123eb0000)
 concurrent mark-sweep generation total 393216K, used 24359K [0x0000000125400000, 0x000000013d400000, 0x000000013d400000)
 Metaspace       used 34135K, capacity 34634K, committed 35020K, reserved 1081344K
  class space    used 3811K, capacity 3954K, committed 4044K, reserved 1048576K
2015-08-03T21:34:36.680-0200: 331.162: [GC (Allocation Failure) 331.162: [ParNew
Desired survivor size 20112992 bytes, new threshold 8 (max 8)
- age   1:    3574968 bytes,    3574968 total
- age   2:    1156656 bytes,    4731624 total
- age   3:    1226328 bytes,    5957952 total
- age   4:     459384 bytes,    6417336 total
- age   5:      34176 bytes,    6451512 total
- age   6:     166856 bytes,    6618368 total
- age   7:      39416 bytes,    6657784 total
- age   8:      32952 bytes,    6690736 total
: 93238K->7808K(109248K), 0.0101180 secs] 117597K->32196K(502464K), 0.0107682 secs] [Times: user=0.02 sys=0.01, real=0.01 secs] 
Heap after GC invocations=40 (full 1):
 par new generation   total 109248K, used 7808K [0x000000011d400000, 0x0000000125400000, 0x0000000125400000)
  eden space 87424K,   0% used [0x000000011d400000, 0x000000011d400000, 0x0000000122960000)
  from space 21824K,  35% used [0x0000000122960000, 0x0000000123100348, 0x0000000123eb0000)
  to   space 21824K,   0% used [0x0000000123eb0000, 0x0000000123eb0000, 0x0000000125400000)
 concurrent mark-sweep generation total 393216K, used 24387K [0x0000000125400000, 0x000000013d400000, 0x000000013d400000)
 Metaspace       used 34135K, capacity 34634K, committed 35020K, reserved 1081344K
  class space    used 3811K, capacity 3954K, committed 4044K, reserved 1048576K
}
2015-08-03T21:34:36.691-0200: 331.172: Total time for which application threads were stopped: 0.0110507 seconds, Stopping threads took: 0.0000253 seconds
2015-08-03T21:34:37.162-0200: 331.644: Total time for which application threads were stopped: 0.0004420 seconds, Stopping threads took: 0.0000575 seconds
2015-08-03T21:34:37.164-0200: 331.645: Total time for which application threads were stopped: 0.0001348 seconds, Stopping threads took: 0.0000233 seconds
2015-08-03T21:34:38.169-0200: 332.651: Total time for which application threads were stopped: 0.0049470 seconds, Stopping threads took: 0.0047649 seconds
2015-08-03T21:34:38.962-0200: 333.444: Total time for which application threads were stopped: 0.0002371 seconds, Stopping threads took: 0.0000253 seconds
2015-08-03T21:34:39.011-0200: 333.492: Total time for which application threads were stopped: 0.0002300 seconds, Stopping threads took: 0.0000282 seconds
2015-08-03T21:34:39.011-0200: 333.493: Total time for which application threads were stopped: 0.0001357 seconds, Stopping threads took: 0.0000144 seconds
2015-08-03T21:34:39.011-0200: 333.493: Total time for which application threads were stopped: 0.0000950 seconds, Stopping threads took: 0.0000094 seconds
2015-08-03T21:34:39.591-0200: 334.073: Total time for which application threads were stopped: 0.0001346 seconds, Stopping threads took: 0.0000254 seconds
2015-08-03T21:34:39.592-0200: 334.073: Total time for which application threads were stopped: 0.0001033 seconds, Stopping threads took: 0.0000147 seconds
2015-08-03T21:34:39.609-0200: 334.090: Total time for which application threads were stopped: 0.0001362 seconds, Stopping threads took: 0.0000231 seconds
2015-08-03T21:34:39.609-0200: 334.090: Total time for which application threads were stopped: 0.0000622 seconds, Stopping threads took: 0.0000065 seconds
{Heap before GC invocations=40 (full 1):
 par new generation   total 109248K, used 95232K [0x000000011d400000, 0x0000000125400000, 0x0000000125400000)
  eden space 87424K, 100% used [0x000000011d400000, 0x0000000122960000, 0x0000000122960000)
  from space 21824K,  35% used [0x0000000122960000, 0x0000000123100348, 0x0000000123eb0000)
  to   space 21824K,   0% used [0x0000000123eb0000, 0x0000000123eb0000, 0x0000000125400000)
 concurrent mark-sweep generation total 393216K, used 24387K [0x0000000125400000, 0x000000013d400000, 0x000000013d400000)
 Metaspace       used 34142K, capacity 34634K, committed 35020K, reserved 1081344K
  class space    used 3811K, capacity 3954K, committed 4044K, reserved 1048576K
2015-08-03T21:34:39.653-0200: 334.134: [GC (Allocation Failure) 334.134: [ParNew
Desired survivor size 20112992 bytes, new threshold 8 (max 8)
- age   1:    2317272 bytes,    2317272 total
- age   2:    1394336 bytes,    3711608 total
- age   3:    1143352 bytes,    4854960 total
- age   4:    1214216 bytes,    6069176 total
- age   5:     457416 bytes,    6526592 total
- age   6:      28136 bytes,    6554728 total
- age   7:      25112 bytes,    6579840 total
- age   8:      34016 bytes,    6613856 total
: 95232K->9353K(109248K), 0.0118615 secs] 119620K->33770K(502464K), 0.0119718 secs] [Times: user=0.03 sys=0.00, real=0.01 secs] 
Heap after GC invocations=41 (full 1):
 par new generation   total 109248K, used 9353K [0x000000011d400000, 0x0000000125400000, 0x0000000125400000)
  eden space 87424K,   0% used [0x000000011d400000, 0x000000011d400000, 0x0000000122960000)
  from space 21824K,  42% used [0x0000000123eb0000, 0x00000001247d2540, 0x0000000125400000)
  to   space 21824K,   0% used [0x0000000122960000, 0x0000000122960000, 0x0000000123eb0000)
 concurrent mark-sweep generation total 393216K, used 24416K [0x0000000125400000, 0x000000013d400000, 0x000000013d400000)
 Metaspace       used 34142K, capacity 34634K, committed 35020K, reserved 1081344K
  class space    used 3811K, capacity 3954K, committed 4044K, reserved 1048576K
}
2015-08-03T21:34:39.665-0200: 334.146: Total time for which application threads were stopped: 0.0123021 seconds, Stopping threads took: 0.0000255 seconds
2015-08-03T21:34:40.160-0200: 334.641: Total time for which application threads were stopped: 0.0002811 seconds, Stopping threads took: 0.0000292 seconds
2015-08-03T21:34:40.160-0200: 334.642: Total time for which application threads were stopped: 0.0001092 seconds, Stopping threads took: 0.0000141 seconds
2015-08-03T21:34:40.161-0200: 334.642: Total time for which application threads were stopped: 0.0000996 seconds, Stopping threads took: 0.0000120 seconds
2015-08-03T21:34:40.161-0200: 334.642: Total time for which application threads were stopped: 0.0000959 seconds, Stopping threads took: 0.0000122 seconds
2015-08-03T21:34:40.161-0200: 334.642: Total time for which application threads were stopped: 0.0001046 seconds, Stopping threads took: 0.0000133 seconds
2015-08-03T21:34:40.161-0200: 334.642: Total time for which application threads were stopped: 0.0001468 seconds, Stopping threads took: 0.0000613 seconds
2015-08-03T21:34:40.162-0200: 334.643: Total time for which application threads were stopped: 0.0001342 seconds, Stopping threads took: 0.0000393 seconds
2015-08-03T21:34:40.162-0200: 334.643: Total time for which application threads were stopped: 0.0001209 seconds, Stopping threads took: 0.0000355 seconds
2015-08-03T21:34:41.497-0200: 335.979: Total time for which application threads were stopped: 0.0003555 seconds, Stopping threads took: 0.0000570 seconds
2015-08-03T21:34:42.499-0200: 336.981: Total time for which application threads were stopped: 0.0001772 seconds, Stopping threads took: 0.0000295 seconds
2015-08-03T21:35:06.554-0200: 361.037: Total time for which application threads were stopped: 0.0016560 seconds, Stopping threads took: 0.0005409 seconds
2015-08-03T21:35:11.565-0200: 366.047: Total time for which application threads were stopped: 0.0003050 seconds, Stopping threads took: 0.0000596 seconds
2015-08-03T21:35:26.364-0200: 380.847: Total time for which application threads were stopped: 0.0002292 seconds, Stopping threads took: 0.0000286 seconds
2015-08-03T21:35:26.494-0200: 380.977: Total time for which application threads were stopped: 0.0002221 seconds, Stopping threads took: 0.0000223 seconds
2015-08-03T21:35:26.495-0200: 380.978: Total time for which application threads were stopped: 0.0001180 seconds, Stopping threads took: 0.0000161 seconds
2015-08-03T21:35:26.506-0200: 380.989: Total time for which application threads were stopped: 0.0001917 seconds, Stopping threads took: 0.0000597 seconds
2015-08-03T21:35:26.506-0200: 380.989: Total time for which application threads were stopped: 0.0001531 seconds, Stopping threads took: 0.0000548 seconds
2015-08-03T21:35:26.507-0200: 380.990: Total time for which application threads were stopped: 0.0001355 seconds, Stopping threads took: 0.0000175 seconds
2015-08-03T21:35:26.508-0200: 380.991: Total time for which application threads were stopped: 0.0001459 seconds, Stopping threads took: 0.0000203 seconds
2015-08-03T21:35:26.508-0200: 380.991: Total time for which application threads were stopped: 0.0001053 seconds, Stopping threads took: 0.0000136 seconds
2015-08-03T21:35:26.509-0200: 380.992: Total time for which application threads were stopped: 0.0001230 seconds, Stopping threads took: 0.0000150 seconds
2015-08-03T21:35:26.510-0200: 380.993: Total time for which application threads were stopped: 0.0001404 seconds, Stopping threads took: 0.0000183 seconds
2015-08-03T21:35:26.510-0200: 380.993: Total time for which application threads were stopped: 0.0001030 seconds, Stopping threads took: 0.0000135 seconds
2015-08-03T21:35:26.511-0200: 380.994: Total time for which application threads were stopped: 0.0001234 seconds, Stopping threads took: 0.0000326 seconds
2015-08-03T21:35:32.524-0200: 387.007: Total time for which application threads were stopped: 0.0001485 seconds, Stopping threads took: 0.0000218 seconds
2015-08-03T21:35:52.945-0200: 407.429: Total time for which application threads were stopped: 0.0004498 seconds, Stopping threads took: 0.0000249 seconds
2015-08-03T21:35:52.954-0200: 407.438: Total time for which application threads were stopped: 0.0001908 seconds, Stopping threads took: 0.0000264 seconds
2015-08-03T21:35:52.955-0200: 407.439: Total time for which application threads were stopped: 0.0000975 seconds, Stopping threads took: 0.0000124 seconds
2015-08-03T21:35:52.955-0200: 407.439: Total time for which application threads were stopped: 0.0000912 seconds, Stopping threads took: 0.0000109 seconds
2015-08-03T21:35:52.960-0200: 407.444: Total time for which application threads were stopped: 0.0001675 seconds, Stopping threads took: 0.0000229 seconds
2015-08-03T21:35:52.962-0200: 407.446: Total time for which application threads were stopped: 0.0002244 seconds, Stopping threads took: 0.0000773 seconds
2015-08-03T21:35:52.963-0200: 407.447: Total time for which application threads were stopped: 0.0005844 seconds, Stopping threads took: 0.0004028 seconds
2015-08-03T21:35:52.970-0200: 407.454: Total time for which application threads were stopped: 0.0003242 seconds, Stopping threads took: 0.0000808 seconds
2015-08-03T21:35:56.975-0200: 411.459: Total time for which application threads were stopped: 0.0001487 seconds, Stopping threads took: 0.0000296 seconds
2015-08-03T21:36:22.041-0200: 436.526: Total time for which application threads were stopped: 0.0002302 seconds, Stopping threads took: 0.0000484 seconds
2015-08-03T21:38:20.191-0200: 554.680: Total time for which application threads were stopped: 0.0007431 seconds, Stopping threads took: 0.0001771 seconds
2015-08-03T21:38:20.192-0200: 554.680: Total time for which application threads were stopped: 0.0001929 seconds, Stopping threads took: 0.0000567 seconds
2015-08-03T21:38:20.328-0200: 554.817: Total time for which application threads were stopped: 0.0057055 seconds, Stopping threads took: 0.0049040 seconds
{Heap before GC invocations=41 (full 1):
 par new generation   total 109248K, used 96774K [0x000000011d400000, 0x0000000125400000, 0x0000000125400000)
  eden space 87424K,  99% used [0x000000011d400000, 0x000000012295f450, 0x0000000122960000)
  from space 21824K,  42% used [0x0000000123eb0000, 0x00000001247d2540, 0x0000000125400000)
  to   space 21824K,   0% used [0x0000000122960000, 0x0000000122960000, 0x0000000123eb0000)
 concurrent mark-sweep generation total 393216K, used 24416K [0x0000000125400000, 0x000000013d400000, 0x000000013d400000)
 Metaspace       used 34645K, capacity 35094K, committed 35276K, reserved 1081344K
  class space    used 3877K, capacity 4020K, committed 4044K, reserved 1048576K
2015-08-03T21:38:20.737-0200: 555.225: [GC (Allocation Failure) 555.227: [ParNew
Desired survivor size 20112992 bytes, new threshold 8 (max 8)
- age   1:    4052960 bytes,    4052960 total
- age   2:     787032 bytes,    4839992 total
- age   3:     816392 bytes,    5656384 total
- age   4:     442720 bytes,    6099104 total
- age   5:     202568 bytes,    6301672 total
- age   6:      43288 bytes,    6344960 total
- age   7:      26728 bytes,    6371688 total
- age   8:      24864 bytes,    6396552 total
: 96774K->9395K(109248K), 0.0838106 secs] 121191K->33845K(502464K), 0.0855756 secs] [Times: user=0.05 sys=0.07, real=0.09 secs] 
Heap after GC invocations=42 (full 1):
 par new generation   total 109248K, used 9395K [0x000000011d400000, 0x0000000125400000, 0x0000000125400000)
  eden space 87424K,   0% used [0x000000011d400000, 0x000000011d400000, 0x0000000122960000)
  from space 21824K,  43% used [0x0000000122960000, 0x000000012328ce80, 0x0000000123eb0000)
  to   space 21824K,   0% used [0x0000000123eb0000, 0x0000000123eb0000, 0x0000000125400000)
 concurrent mark-sweep generation total 393216K, used 24449K [0x0000000125400000, 0x000000013d400000, 0x000000013d400000)
 Metaspace       used 34645K, capacity 35094K, committed 35276K, reserved 1081344K
  class space    used 3877K, capacity 4020K, committed 4044K, reserved 1048576K
}
2015-08-03T21:38:20.822-0200: 555.311: Total time for which application threads were stopped: 0.0876055 seconds, Stopping threads took: 0.0014124 seconds
{Heap before GC invocations=42 (full 1):
 par new generation   total 109248K, used 96819K [0x000000011d400000, 0x0000000125400000, 0x0000000125400000)
  eden space 87424K, 100% used [0x000000011d400000, 0x0000000122960000, 0x0000000122960000)
  from space 21824K,  43% used [0x0000000122960000, 0x000000012328ce80, 0x0000000123eb0000)
  to   space 21824K,   0% used [0x0000000123eb0000, 0x0000000123eb0000, 0x0000000125400000)
 concurrent mark-sweep generation total 393216K, used 24449K [0x0000000125400000, 0x000000013d400000, 0x000000013d400000)
 Metaspace       used 34652K, capacity 35106K, committed 35276K, reserved 1081344K
  class space    used 3878K, capacity 4022K, committed 4044K, reserved 1048576K
2015-08-03T21:38:20.923-0200: 555.412: [GC (Allocation Failure) 555.412: [ParNew
Desired survivor size 20112992 bytes, new threshold 8 (max 8)
- age   1:     347456 bytes,     347456 total
- age   2:    3511560 bytes,    3859016 total
- age   3:     785496 bytes,    4644512 total
- age   4:     816392 bytes,    5460904 total
- age   5:     442720 bytes,    5903624 total
- age   6:     202568 bytes,    6106192 total
- age   7:      43288 bytes,    6149480 total
- age   8:      26728 bytes,    6176208 total
: 96819K->6942K(109248K), 0.0253151 secs] 121269K->31416K(502464K), 0.0253885 secs] [Times: user=0.03 sys=0.00, real=0.02 secs] 
Heap after GC invocations=43 (full 1):
 par new generation   total 109248K, used 6942K [0x000000011d400000, 0x0000000125400000, 0x0000000125400000)
  eden space 87424K,   0% used [0x000000011d400000, 0x000000011d400000, 0x0000000122960000)
  from space 21824K,  31% used [0x0000000123eb0000, 0x0000000124577978, 0x0000000125400000)
  to   space 21824K,   0% used [0x0000000122960000, 0x0000000122960000, 0x0000000123eb0000)
 concurrent mark-sweep generation total 393216K, used 24474K [0x0000000125400000, 0x000000013d400000, 0x000000013d400000)
 Metaspace       used 34652K, capacity 35106K, committed 35276K, reserved 1081344K
  class space    used 3878K, capacity 4022K, committed 4044K, reserved 1048576K
}
2015-08-03T21:38:20.949-0200: 555.438: Total time for which application threads were stopped: 0.0264575 seconds, Stopping threads took: 0.0005707 seconds
{Heap before GC invocations=43 (full 1):
 par new generation   total 109248K, used 94366K [0x000000011d400000, 0x0000000125400000, 0x0000000125400000)
  eden space 87424K, 100% used [0x000000011d400000, 0x0000000122960000, 0x0000000122960000)
  from space 21824K,  31% used [0x0000000123eb0000, 0x0000000124577978, 0x0000000125400000)
  to   space 21824K,   0% used [0x0000000122960000, 0x0000000122960000, 0x0000000123eb0000)
 concurrent mark-sweep generation total 393216K, used 24474K [0x0000000125400000, 0x000000013d400000, 0x000000013d400000)
 Metaspace       used 34667K, capacity 35130K, committed 35276K, reserved 1081344K
  class space    used 3881K, capacity 4026K, committed 4044K, reserved 1048576K
2015-08-03T21:38:21.022-0200: 555.511: [GC (Allocation Failure) 555.511: [ParNew
Desired survivor size 20112992 bytes, new threshold 8 (max 8)
- age   1:    1297376 bytes,    1297376 total
- age   2:      41288 bytes,    1338664 total
- age   3:    3511184 bytes,    4849848 total
- age   4:     785496 bytes,    5635344 total
- age   5:     816392 bytes,    6451736 total
- age   6:     442720 bytes,    6894456 total
- age   7:     202568 bytes,    7097024 total
- age   8:      43288 bytes,    7140312 total
: 94366K->10201K(109248K), 0.0552171 secs] 118840K->34701K(502464K), 0.0553354 secs] [Times: user=0.03 sys=0.01, real=0.05 secs] 
Heap after GC invocations=44 (full 1):
 par new generation   total 109248K, used 10201K [0x000000011d400000, 0x0000000125400000, 0x0000000125400000)
  eden space 87424K,   0% used [0x000000011d400000, 0x000000011d400000, 0x0000000122960000)
  from space 21824K,  46% used [0x0000000122960000, 0x0000000123356500, 0x0000000123eb0000)
  to   space 21824K,   0% used [0x0000000123eb0000, 0x0000000123eb0000, 0x0000000125400000)
 concurrent mark-sweep generation total 393216K, used 24500K [0x0000000125400000, 0x000000013d400000, 0x000000013d400000)
 Metaspace       used 34667K, capacity 35130K, committed 35276K, reserved 1081344K
  class space    used 3881K, capacity 4026K, committed 4044K, reserved 1048576K
}
2015-08-03T21:38:21.078-0200: 555.567: Total time for which application threads were stopped: 0.0561353 seconds, Stopping threads took: 0.0003800 seconds
{Heap before GC invocations=44 (full 1):
 par new generation   total 109248K, used 97625K [0x000000011d400000, 0x0000000125400000, 0x0000000125400000)
  eden space 87424K, 100% used [0x000000011d400000, 0x0000000122960000, 0x0000000122960000)
  from space 21824K,  46% used [0x0000000122960000, 0x0000000123356500, 0x0000000123eb0000)
  to   space 21824K,   0% used [0x0000000123eb0000, 0x0000000123eb0000, 0x0000000125400000)
 concurrent mark-sweep generation total 393216K, used 24500K [0x0000000125400000, 0x000000013d400000, 0x000000013d400000)
 Metaspace       used 34702K, capacity 35184K, committed 35276K, reserved 1081344K
  class space    used 3886K, capacity 4035K, committed 4044K, reserved 1048576K
2015-08-03T21:38:21.114-0200: 555.603: [GC (Allocation Failure) 555.603: [ParNew
Desired survivor size 20112992 bytes, new threshold 8 (max 8)
- age   1:     620768 bytes,     620768 total
- age   2:      86240 bytes,     707008 total
- age   3:      41136 bytes,     748144 total
- age   4:    3511184 bytes,    4259328 total
- age   5:     785496 bytes,    5044824 total
- age   6:     816392 bytes,    5861216 total
- age   7:     442720 bytes,    6303936 total
- age   8:     202568 bytes,    6506504 total
: 97625K->8752K(109248K), 0.0771449 secs] 122125K->33295K(502464K), 0.0772282 secs] [Times: user=0.06 sys=0.01, real=0.08 secs] 
Heap after GC invocations=45 (full 1):
 par new generation   total 109248K, used 8752K [0x000000011d400000, 0x0000000125400000, 0x0000000125400000)
  eden space 87424K,   0% used [0x000000011d400000, 0x000000011d400000, 0x0000000122960000)
  from space 21824K,  40% used [0x0000000123eb0000, 0x000000012473c248, 0x0000000125400000)
  to   space 21824K,   0% used [0x0000000122960000, 0x0000000122960000, 0x0000000123eb0000)
 concurrent mark-sweep generation total 393216K, used 24543K [0x0000000125400000, 0x000000013d400000, 0x000000013d400000)
 Metaspace       used 34702K, capacity 35184K, committed 35276K, reserved 1081344K
  class space    used 3886K, capacity 4035K, committed 4044K, reserved 1048576K
}
2015-08-03T21:38:21.191-0200: 555.680: Total time for which application threads were stopped: 0.0777136 seconds, Stopping threads took: 0.0001430 seconds
{Heap before GC invocations=45 (full 1):
 par new generation   total 109248K, used 96176K [0x000000011d400000, 0x0000000125400000, 0x0000000125400000)
  eden space 87424K, 100% used [0x000000011d400000, 0x0000000122960000, 0x0000000122960000)
  from space 21824K,  40% used [0x0000000123eb0000, 0x000000012473c248, 0x0000000125400000)
  to   space 21824K,   0% used [0x0000000122960000, 0x0000000122960000, 0x0000000123eb0000)
 concurrent mark-sweep generation total 393216K, used 24543K [0x0000000125400000, 0x000000013d400000, 0x000000013d400000)
 Metaspace       used 34738K, capacity 35238K, committed 35276K, reserved 1081344K
  class space    used 3891K, capacity 4044K, committed 4044K, reserved 1048576K
2015-08-03T21:38:21.233-0200: 555.722: [GC (Allocation Failure) 555.722: [ParNew
Desired survivor size 20112992 bytes, new threshold 8 (max 8)
- age   1:     873984 bytes,     873984 total
- age   2:     123904 bytes,     997888 total
- age   3:      84992 bytes,    1082880 total
- age   4:      40864 bytes,    1123744 total
- age   5:    3511184 bytes,    4634928 total
- age   6:     785496 bytes,    5420424 total
- age   7:     816392 bytes,    6236816 total
- age   8:     442720 bytes,    6679536 total
: 96176K->7549K(109248K), 0.0693820 secs] 120719K->32291K(502464K), 0.0694912 secs] [Times: user=0.04 sys=0.00, real=0.07 secs] 
Heap after GC invocations=46 (full 1):
 par new generation   total 109248K, used 7549K [0x000000011d400000, 0x0000000125400000, 0x0000000125400000)
  eden space 87424K,   0% used [0x000000011d400000, 0x000000011d400000, 0x0000000122960000)
  from space 21824K,  34% used [0x0000000122960000, 0x00000001230bf588, 0x0000000123eb0000)
  to   space 21824K,   0% used [0x0000000123eb0000, 0x0000000123eb0000, 0x0000000125400000)
 concurrent mark-sweep generation total 393216K, used 24741K [0x0000000125400000, 0x000000013d400000, 0x000000013d400000)
 Metaspace       used 34738K, capacity 35238K, committed 35276K, reserved 1081344K
  class space    used 3891K, capacity 4044K, committed 4044K, reserved 1048576K
}
2015-08-03T21:38:21.302-0200: 555.791: Total time for which application threads were stopped: 0.0699667 seconds, Stopping threads took: 0.0001628 seconds
{Heap before GC invocations=46 (full 1):
 par new generation   total 109248K, used 94973K [0x000000011d400000, 0x0000000125400000, 0x0000000125400000)
  eden space 87424K, 100% used [0x000000011d400000, 0x0000000122960000, 0x0000000122960000)
  from space 21824K,  34% used [0x0000000122960000, 0x00000001230bf588, 0x0000000123eb0000)
  to   space 21824K,   0% used [0x0000000123eb0000, 0x0000000123eb0000, 0x0000000125400000)
 concurrent mark-sweep generation total 393216K, used 24741K [0x0000000125400000, 0x000000013d400000, 0x000000013d400000)
 Metaspace       used 34769K, capacity 35286K, committed 35660K, reserved 1081344K
  class space    used 3895K, capacity 4052K, committed 4172K, reserved 1048576K
2015-08-03T21:38:21.373-0200: 555.862: [GC (Allocation Failure) 555.862: [ParNew
Desired survivor size 20112992 bytes, new threshold 8 (max 8)
- age   1:     752544 bytes,     752544 total
- age   2:     103712 bytes,     856256 total
- age   3:     123688 bytes,     979944 total
- age   4:      84992 bytes,    1064936 total
- age   5:      40864 bytes,    1105800 total
- age   6:    3511184 bytes,    4616984 total
- age   7:     785496 bytes,    5402480 total
- age   8:     816392 bytes,    6218872 total
: 94973K->8596K(109248K), 0.0878553 secs] 119715K->33771K(502464K), 0.0879698 secs] [Times: user=0.08 sys=0.01, real=0.09 secs] 
Heap after GC invocations=47 (full 1):
 par new generation   total 109248K, used 8596K [0x000000011d400000, 0x0000000125400000, 0x0000000125400000)
  eden space 87424K,   0% used [0x000000011d400000, 0x000000011d400000, 0x0000000122960000)
  from space 21824K,  39% used [0x0000000123eb0000, 0x0000000124715290, 0x0000000125400000)
  to   space 21824K,   0% used [0x0000000122960000, 0x0000000122960000, 0x0000000123eb0000)
 concurrent mark-sweep generation total 393216K, used 25175K [0x0000000125400000, 0x000000013d400000, 0x000000013d400000)
 Metaspace       used 34769K, capacity 35286K, committed 35660K, reserved 1081344K
  class space    used 3895K, capacity 4052K, committed 4172K, reserved 1048576K
}
2015-08-03T21:38:21.461-0200: 555.950: Total time for which application threads were stopped: 0.0885125 seconds, Stopping threads took: 0.0001745 seconds
2015-08-03T21:38:21.890-0200: 556.379: Total time for which application threads were stopped: 0.0003156 seconds, Stopping threads took: 0.0000406 seconds
{Heap before GC invocations=47 (full 1):
 par new generation   total 109248K, used 96020K [0x000000011d400000, 0x0000000125400000, 0x0000000125400000)
  eden space 87424K, 100% used [0x000000011d400000, 0x0000000122960000, 0x0000000122960000)
  from space 21824K,  39% used [0x0000000123eb0000, 0x0000000124715290, 0x0000000125400000)
  to   space 21824K,   0% used [0x0000000122960000, 0x0000000122960000, 0x0000000123eb0000)
 concurrent mark-sweep generation total 393216K, used 25175K [0x0000000125400000, 0x000000013d400000, 0x000000013d400000)
 Metaspace       used 34832K, capacity 35386K, committed 35660K, reserved 1081344K
  class space    used 3898K, capacity 4058K, committed 4172K, reserved 1048576K
2015-08-03T21:38:21.922-0200: 556.411: [GC (Allocation Failure) 556.411: [ParNew
Desired survivor size 20112992 bytes, new threshold 8 (max 8)
- age   1:    4252352 bytes,    4252352 total
- age   2:      82648 bytes,    4335000 total
- age   3:     101888 bytes,    4436888 total
- age   4:     122776 bytes,    4559664 total
- age   5:      83888 bytes,    4643552 total
- age   6:      39328 bytes,    4682880 total
- age   7:    1250208 bytes,    5933088 total
- age   8:     780960 bytes,    6714048 total
: 96020K->8347K(109248K), 0.0337246 secs] 121195K->34320K(502464K), 0.0338151 secs] [Times: user=0.06 sys=0.00, real=0.03 secs] 
Heap after GC invocations=48 (full 1):
 par new generation   total 109248K, used 8347K [0x000000011d400000, 0x0000000125400000, 0x0000000125400000)
  eden space 87424K,   0% used [0x000000011d400000, 0x000000011d400000, 0x0000000122960000)
  from space 21824K,  38% used [0x0000000122960000, 0x0000000123186fb0, 0x0000000123eb0000)
  to   space 21824K,   0% used [0x0000000123eb0000, 0x0000000123eb0000, 0x0000000125400000)
 concurrent mark-sweep generation total 393216K, used 25972K [0x0000000125400000, 0x000000013d400000, 0x000000013d400000)
 Metaspace       used 34832K, capacity 35386K, committed 35660K, reserved 1081344K
  class space    used 3898K, capacity 4058K, committed 4172K, reserved 1048576K
}
2015-08-03T21:38:21.956-0200: 556.445: Total time for which application threads were stopped: 0.0343743 seconds, Stopping threads took: 0.0001846 seconds
{Heap before GC invocations=48 (full 1):
 par new generation   total 109248K, used 95771K [0x000000011d400000, 0x0000000125400000, 0x0000000125400000)
  eden space 87424K, 100% used [0x000000011d400000, 0x0000000122960000, 0x0000000122960000)
  from space 21824K,  38% used [0x0000000122960000, 0x0000000123186fb0, 0x0000000123eb0000)
  to   space 21824K,   0% used [0x0000000123eb0000, 0x0000000123eb0000, 0x0000000125400000)
 concurrent mark-sweep generation total 393216K, used 25972K [0x0000000125400000, 0x000000013d400000, 0x000000013d400000)
 Metaspace       used 34836K, capacity 35392K, committed 35660K, reserved 1081344K
  class space    used 3899K, capacity 4059K, committed 4172K, reserved 1048576K
2015-08-03T21:38:21.983-0200: 556.472: [GC (Allocation Failure) 556.472: [ParNew
Desired survivor size 20112992 bytes, new threshold 8 (max 8)
- age   1:    1337128 bytes,    1337128 total
- age   2:    3999384 bytes,    5336512 total
- age   3:      82648 bytes,    5419160 total
- age   4:     101888 bytes,    5521048 total
- age   5:     122776 bytes,    5643824 total
- age   6:      83888 bytes,    5727712 total
- age   7:      39328 bytes,    5767040 total
- age   8:    1250208 bytes,    7017248 total
: 95771K->10144K(109248K), 0.0839706 secs] 121744K->36883K(502464K), 0.0841101 secs] [Times: user=0.08 sys=0.00, real=0.08 secs] 
Heap after GC invocations=49 (full 1):
 par new generation   total 109248K, used 10144K [0x000000011d400000, 0x0000000125400000, 0x0000000125400000)
  eden space 87424K,   0% used [0x000000011d400000, 0x000000011d400000, 0x0000000122960000)
  from space 21824K,  46% used [0x0000000123eb0000, 0x0000000124898370, 0x0000000125400000)
  to   space 21824K,   0% used [0x0000000122960000, 0x0000000122960000, 0x0000000123eb0000)
 concurrent mark-sweep generation total 393216K, used 26738K [0x0000000125400000, 0x000000013d400000, 0x000000013d400000)
 Metaspace       used 34836K, capacity 35392K, committed 35660K, reserved 1081344K
  class space    used 3899K, capacity 4059K, committed 4172K, reserved 1048576K
}
2015-08-03T21:38:22.067-0200: 556.556: Total time for which application threads were stopped: 0.0846742 seconds, Stopping threads took: 0.0000613 seconds
{Heap before GC invocations=49 (full 1):
 par new generation   total 109248K, used 97568K [0x000000011d400000, 0x0000000125400000, 0x0000000125400000)
  eden space 87424K, 100% used [0x000000011d400000, 0x0000000122960000, 0x0000000122960000)
  from space 21824K,  46% used [0x0000000123eb0000, 0x0000000124898370, 0x0000000125400000)
  to   space 21824K,   0% used [0x0000000122960000, 0x0000000122960000, 0x0000000123eb0000)
 concurrent mark-sweep generation total 393216K, used 26738K [0x0000000125400000, 0x000000013d400000, 0x000000013d400000)
 Metaspace       used 34843K, capacity 35392K, committed 35660K, reserved 1081344K
  class space    used 3899K, capacity 4059K, committed 4172K, reserved 1048576K
2015-08-03T21:38:22.094-0200: 556.583: [GC (Allocation Failure) 556.583: [ParNew
Desired survivor size 20112992 bytes, new threshold 8 (max 8)
- age   1:     634728 bytes,     634728 total
- age   2:    1046688 bytes,    1681416 total
- age   3:    3999384 bytes,    5680800 total
- age   4:      82648 bytes,    5763448 total
- age   5:     101888 bytes,    5865336 total
- age   6:     122776 bytes,    5988112 total
- age   7:      83888 bytes,    6072000 total
- age   8:      39328 bytes,    6111328 total
: 97568K->8038K(109248K), 0.0204959 secs] 124307K->36007K(502464K), 0.0205779 secs] [Times: user=0.05 sys=0.00, real=0.02 secs] 
Heap after GC invocations=50 (full 1):
 par new generation   total 109248K, used 8038K [0x000000011d400000, 0x0000000125400000, 0x0000000125400000)
  eden space 87424K,   0% used [0x000000011d400000, 0x000000011d400000, 0x0000000122960000)
  from space 21824K,  36% used [0x0000000122960000, 0x0000000123139880, 0x0000000123eb0000)
  to   space 21824K,   0% used [0x0000000123eb0000, 0x0000000123eb0000, 0x0000000125400000)
 concurrent mark-sweep generation total 393216K, used 27969K [0x0000000125400000, 0x000000013d400000, 0x000000013d400000)
 Metaspace       used 34843K, capacity 35392K, committed 35660K, reserved 1081344K
  class space    used 3899K, capacity 4059K, committed 4172K, reserved 1048576K
}
2015-08-03T21:38:22.115-0200: 556.604: Total time for which application threads were stopped: 0.0211379 seconds, Stopping threads took: 0.0001554 seconds
{Heap before GC invocations=50 (full 1):
 par new generation   total 109248K, used 95446K [0x000000011d400000, 0x0000000125400000, 0x0000000125400000)
  eden space 87424K,  99% used [0x000000011d400000, 0x000000012295c0b8, 0x0000000122960000)
  from space 21824K,  36% used [0x0000000122960000, 0x0000000123139880, 0x0000000123eb0000)
  to   space 21824K,   0% used [0x0000000123eb0000, 0x0000000123eb0000, 0x0000000125400000)
 concurrent mark-sweep generation total 393216K, used 27969K [0x0000000125400000, 0x000000013d400000, 0x000000013d400000)
 Metaspace       used 34843K, capacity 35392K, committed 35660K, reserved 1081344K
  class space    used 3899K, capacity 4059K, committed 4172K, reserved 1048576K
2015-08-03T21:38:22.157-0200: 556.646: [GC (Allocation Failure) 556.646: [ParNew
Desired survivor size 20112992 bytes, new threshold 8 (max 8)
- age   1:     443704 bytes,     443704 total
- age   2:      51408 bytes,     495112 total
- age   3:    1046688 bytes,    1541800 total
- age   4:    3999384 bytes,    5541184 total
- age   5:      82648 bytes,    5623832 total
- age   6:     101888 bytes,    5725720 total
- age   7:     122776 bytes,    5848496 total
- age   8:      83888 bytes,    5932384 total
: 95446K->7296K(109248K), 0.0693328 secs] 123415K->35306K(502464K), 0.0694505 secs] [Times: user=0.06 sys=0.00, real=0.07 secs] 
Heap after GC invocations=51 (full 1):
 par new generation   total 109248K, used 7296K [0x000000011d400000, 0x0000000125400000, 0x0000000125400000)
  eden space 87424K,   0% used [0x000000011d400000, 0x000000011d400000, 0x0000000122960000)
  from space 21824K,  33% used [0x0000000123eb0000, 0x00000001245d0150, 0x0000000125400000)
  to   space 21824K,   0% used [0x0000000122960000, 0x0000000122960000, 0x0000000123eb0000)
 concurrent mark-sweep generation total 393216K, used 28010K [0x0000000125400000, 0x000000013d400000, 0x000000013d400000)
 Metaspace       used 34843K, capacity 35392K, committed 35660K, reserved 1081344K
  class space    used 3899K, capacity 4059K, committed 4172K, reserved 1048576K
}
2015-08-03T21:38:22.227-0200: 556.716: Total time for which application threads were stopped: 0.0699937 seconds, Stopping threads took: 0.0001286 seconds
{Heap before GC invocations=51 (full 1):
 par new generation   total 109248K, used 94720K [0x000000011d400000, 0x0000000125400000, 0x0000000125400000)
  eden space 87424K, 100% used [0x000000011d400000, 0x0000000122960000, 0x0000000122960000)
  from space 21824K,  33% used [0x0000000123eb0000, 0x00000001245d0150, 0x0000000125400000)
  to   space 21824K,   0% used [0x0000000122960000, 0x0000000122960000, 0x0000000123eb0000)
 concurrent mark-sweep generation total 393216K, used 28010K [0x0000000125400000, 0x000000013d400000, 0x000000013d400000)
 Metaspace       used 34843K, capacity 35392K, committed 35660K, reserved 1081344K
  class space    used 3899K, capacity 4059K, committed 4172K, reserved 1048576K
2015-08-03T21:38:22.272-0200: 556.761: [GC (Allocation Failure) 556.761: [ParNew
Desired survivor size 20112992 bytes, new threshold 8 (max 8)
- age   1:    1717488 bytes,    1717488 total
- age   2:     105368 bytes,    1822856 total
- age   3:      50864 bytes,    1873720 total
- age   4:    1046688 bytes,    2920408 total
- age   5:    3999384 bytes,    6919792 total
- age   6:      82648 bytes,    7002440 total
- age   7:     101888 bytes,    7104328 total
- age   8:     122776 bytes,    7227104 total
: 94720K->10311K(109248K), 0.0632892 secs] 122730K->38406K(502464K), 0.0633780 secs] [Times: user=0.08 sys=0.00, real=0.06 secs] 
Heap after GC invocations=52 (full 1):
 par new generation   total 109248K, used 10311K [0x000000011d400000, 0x0000000125400000, 0x0000000125400000)
  eden space 87424K,   0% used [0x000000011d400000, 0x000000011d400000, 0x0000000122960000)
  from space 21824K,  47% used [0x0000000122960000, 0x0000000123371e00, 0x0000000123eb0000)
  to   space 21824K,   0% used [0x0000000123eb0000, 0x0000000123eb0000, 0x0000000125400000)
 concurrent mark-sweep generation total 393216K, used 28094K [0x0000000125400000, 0x000000013d400000, 0x000000013d400000)
 Metaspace       used 34843K, capacity 35392K, committed 35660K, reserved 1081344K
  class space    used 3899K, capacity 4059K, committed 4172K, reserved 1048576K
}
2015-08-03T21:38:22.335-0200: 556.824: Total time for which application threads were stopped: 0.0744629 seconds, Stopping threads took: 0.0107149 seconds
{Heap before GC invocations=52 (full 1):
 par new generation   total 109248K, used 97720K [0x000000011d400000, 0x0000000125400000, 0x0000000125400000)
  eden space 87424K,  99% used [0x000000011d400000, 0x000000012295c4f8, 0x0000000122960000)
  from space 21824K,  47% used [0x0000000122960000, 0x0000000123371e00, 0x0000000123eb0000)
  to   space 21824K,   0% used [0x0000000123eb0000, 0x0000000123eb0000, 0x0000000125400000)
 concurrent mark-sweep generation total 393216K, used 28094K [0x0000000125400000, 0x000000013d400000, 0x000000013d400000)
 Metaspace       used 34844K, capacity 35392K, committed 35660K, reserved 1081344K
  class space    used 3899K, capacity 4059K, committed 4172K, reserved 1048576K
2015-08-03T21:38:22.378-0200: 556.867: [GC (Allocation Failure) 556.867: [ParNew
Desired survivor size 20112992 bytes, new threshold 8 (max 8)
- age   1:     548848 bytes,     548848 total
- age   2:      99480 bytes,     648328 total
- age   3:     104664 bytes,     752992 total
- age   4:      50376 bytes,     803368 total
- age   5:    1046688 bytes,    1850056 total
- age   6:    3999384 bytes,    5849440 total
- age   7:      82648 bytes,    5932088 total
- age   8:     101888 bytes,    6033976 total
: 97720K->6887K(109248K), 0.0414084 secs] 125815K->35104K(502464K), 0.0415299 secs] [Times: user=0.05 sys=0.01, real=0.04 secs] 
Heap after GC invocations=53 (full 1):
 par new generation   total 109248K, used 6887K [0x000000011d400000, 0x0000000125400000, 0x0000000125400000)
  eden space 87424K,   0% used [0x000000011d400000, 0x000000011d400000, 0x0000000122960000)
  from space 21824K,  31% used [0x0000000123eb0000, 0x0000000124569d28, 0x0000000125400000)
  to   space 21824K,   0% used [0x0000000122960000, 0x0000000122960000, 0x0000000123eb0000)
 concurrent mark-sweep generation total 393216K, used 28217K [0x0000000125400000, 0x000000013d400000, 0x000000013d400000)
 Metaspace       used 34844K, capacity 35392K, committed 35660K, reserved 1081344K
  class space    used 3899K, capacity 4059K, committed 4172K, reserved 1048576K
}
2015-08-03T21:38:22.419-0200: 556.908: Total time for which application threads were stopped: 0.0434777 seconds, Stopping threads took: 0.0015785 seconds
{Heap before GC invocations=53 (full 1):
 par new generation   total 109248K, used 94311K [0x000000011d400000, 0x0000000125400000, 0x0000000125400000)
  eden space 87424K, 100% used [0x000000011d400000, 0x0000000122960000, 0x0000000122960000)
  from space 21824K,  31% used [0x0000000123eb0000, 0x0000000124569d28, 0x0000000125400000)
  to   space 21824K,   0% used [0x0000000122960000, 0x0000000122960000, 0x0000000123eb0000)
 concurrent mark-sweep generation total 393216K, used 28217K [0x0000000125400000, 0x000000013d400000, 0x000000013d400000)
 Metaspace       used 34846K, capacity 35392K, committed 35660K, reserved 1081344K
  class space    used 3899K, capacity 4059K, committed 4172K, reserved 1048576K
2015-08-03T21:38:22.486-0200: 556.975: [GC (Allocation Failure) 556.975: [ParNew
Desired survivor size 20112992 bytes, new threshold 8 (max 8)
- age   1:     717960 bytes,     717960 total
- age   2:      94280 bytes,     812240 total
- age   3:      98784 bytes,     911024 total
- age   4:     104280 bytes,    1015304 total
- age   5:      49584 bytes,    1064888 total
- age   6:    1045600 bytes,    2110488 total
- age   7:    3999384 bytes,    6109872 total
- age   8:      82648 bytes,    6192520 total
: 94311K->8105K(109248K), 0.0679003 secs] 122528K->36424K(502464K), 0.0679868 secs] [Times: user=0.07 sys=0.00, real=0.07 secs] 
Heap after GC invocations=54 (full 1):
 par new generation   total 109248K, used 8105K [0x000000011d400000, 0x0000000125400000, 0x0000000125400000)
  eden space 87424K,   0% used [0x000000011d400000, 0x000000011d400000, 0x0000000122960000)
  from space 21824K,  37% used [0x0000000122960000, 0x000000012314a410, 0x0000000123eb0000)
  to   space 21824K,   0% used [0x0000000123eb0000, 0x0000000123eb0000, 0x0000000125400000)
 concurrent mark-sweep generation total 393216K, used 28319K [0x0000000125400000, 0x000000013d400000, 0x000000013d400000)
 Metaspace       used 34846K, capacity 35392K, committed 35660K, reserved 1081344K
  class space    used 3899K, capacity 4059K, committed 4172K, reserved 1048576K
}
2015-08-03T21:38:22.554-0200: 557.043: Total time for which application threads were stopped: 0.0688939 seconds, Stopping threads took: 0.0005120 seconds
2015-08-03T21:38:22.863-0200: 557.352: Total time for which application threads were stopped: 0.0003233 seconds, Stopping threads took: 0.0000492 seconds
2015-08-03T21:38:22.864-0200: 557.353: Total time for which application threads were stopped: 0.0002205 seconds, Stopping threads took: 0.0000400 seconds
2015-08-03T21:38:22.864-0200: 557.353: Total time for which application threads were stopped: 0.0001356 seconds, Stopping threads took: 0.0000147 seconds
2015-08-03T21:38:22.864-0200: 557.353: Total time for which application threads were stopped: 0.0000941 seconds, Stopping threads took: 0.0000094 seconds
{Heap before GC invocations=54 (full 1):
 par new generation   total 109248K, used 95529K [0x000000011d400000, 0x0000000125400000, 0x0000000125400000)
  eden space 87424K, 100% used [0x000000011d400000, 0x0000000122960000, 0x0000000122960000)
  from space 21824K,  37% used [0x0000000122960000, 0x000000012314a410, 0x0000000123eb0000)
  to   space 21824K,   0% used [0x0000000123eb0000, 0x0000000123eb0000, 0x0000000125400000)
 concurrent mark-sweep generation total 393216K, used 28319K [0x0000000125400000, 0x000000013d400000, 0x000000013d400000)
 Metaspace       used 34861K, capacity 35456K, committed 35660K, reserved 1081344K
  class space    used 3899K, capacity 4059K, committed 4172K, reserved 1048576K
2015-08-03T21:38:22.999-0200: 557.488: [GC (Allocation Failure) 557.488: [ParNew
Desired survivor size 20112992 bytes, new threshold 8 (max 8)
- age   1:    5510832 bytes,    5510832 total
- age   2:     124240 bytes,    5635072 total
- age   3:      93128 bytes,    5728200 total
- age   4:      98328 bytes,    5826528 total
- age   5:     103632 bytes,    5930160 total
- age   6:      48960 bytes,    5979120 total
- age   7:      37168 bytes,    6016288 total
- age   8:    2336936 bytes,    8353224 total
: 95529K->9951K(109248K), 0.0660845 secs] 123848K->38353K(502464K), 0.0662012 secs] [Times: user=0.07 sys=0.00, real=0.07 secs] 
Heap after GC invocations=55 (full 1):
 par new generation   total 109248K, used 9951K [0x000000011d400000, 0x0000000125400000, 0x0000000125400000)
  eden space 87424K,   0% used [0x000000011d400000, 0x000000011d400000, 0x0000000122960000)
  from space 21824K,  45% used [0x0000000123eb0000, 0x0000000124867c30, 0x0000000125400000)
  to   space 21824K,   0% used [0x0000000122960000, 0x0000000122960000, 0x0000000123eb0000)
 concurrent mark-sweep generation total 393216K, used 28402K [0x0000000125400000, 0x000000013d400000, 0x000000013d400000)
 Metaspace       used 34861K, capacity 35456K, committed 35660K, reserved 1081344K
  class space    used 3899K, capacity 4059K, committed 4172K, reserved 1048576K
}
2015-08-03T21:38:23.066-0200: 557.555: Total time for which application threads were stopped: 0.0667902 seconds, Stopping threads took: 0.0001589 seconds
{Heap before GC invocations=55 (full 1):
 par new generation   total 109248K, used 97375K [0x000000011d400000, 0x0000000125400000, 0x0000000125400000)
  eden space 87424K, 100% used [0x000000011d400000, 0x0000000122960000, 0x0000000122960000)
  from space 21824K,  45% used [0x0000000123eb0000, 0x0000000124867c30, 0x0000000125400000)
  to   space 21824K,   0% used [0x0000000122960000, 0x0000000122960000, 0x0000000123eb0000)
 concurrent mark-sweep generation total 393216K, used 28402K [0x0000000125400000, 0x000000013d400000, 0x000000013d400000)
 Metaspace       used 34863K, capacity 35456K, committed 35660K, reserved 1081344K
  class space    used 3899K, capacity 4059K, committed 4172K, reserved 1048576K
2015-08-03T21:38:23.083-0200: 557.572: [GC (Allocation Failure) 557.572: [ParNew
Desired survivor size 20112992 bytes, new threshold 8 (max 8)
- age   1:     741752 bytes,     741752 total
- age   2:    4798184 bytes,    5539936 total
- age   3:     124240 bytes,    5664176 total
- age   4:      93128 bytes,    5757304 total
- age   5:      98328 bytes,    5855632 total
- age   6:     103632 bytes,    5959264 total
- age   7:      48960 bytes,    6008224 total
- age   8:      37104 bytes,    6045328 total
: 97375K->8778K(109248K), 0.0680789 secs] 125777K->39474K(502464K), 0.0681957 secs] [Times: user=0.09 sys=0.01, real=0.07 secs] 
Heap after GC invocations=56 (full 1):
 par new generation   total 109248K, used 8778K [0x000000011d400000, 0x0000000125400000, 0x0000000125400000)
  eden space 87424K,   0% used [0x000000011d400000, 0x000000011d400000, 0x0000000122960000)
  from space 21824K,  40% used [0x0000000122960000, 0x00000001231f2998, 0x0000000123eb0000)
  to   space 21824K,   0% used [0x0000000123eb0000, 0x0000000123eb0000, 0x0000000125400000)
 concurrent mark-sweep generation total 393216K, used 30695K [0x0000000125400000, 0x000000013d400000, 0x000000013d400000)
 Metaspace       used 34863K, capacity 35456K, committed 35660K, reserved 1081344K
  class space    used 3899K, capacity 4059K, committed 4172K, reserved 1048576K
}
2015-08-03T21:38:23.152-0200: 557.641: Total time for which application threads were stopped: 0.0687095 seconds, Stopping threads took: 0.0001011 seconds
{Heap before GC invocations=56 (full 1):
 par new generation   total 109248K, used 96202K [0x000000011d400000, 0x0000000125400000, 0x0000000125400000)
  eden space 87424K, 100% used [0x000000011d400000, 0x0000000122960000, 0x0000000122960000)
  from space 21824K,  40% used [0x0000000122960000, 0x00000001231f2998, 0x0000000123eb0000)
  to   space 21824K,   0% used [0x0000000123eb0000, 0x0000000123eb0000, 0x0000000125400000)
 concurrent mark-sweep generation total 393216K, used 30695K [0x0000000125400000, 0x000000013d400000, 0x000000013d400000)
 Metaspace       used 34863K, capacity 35456K, committed 35660K, reserved 1081344K
  class space    used 3899K, capacity 4059K, committed 4172K, reserved 1048576K
2015-08-03T21:38:23.176-0200: 557.665: [GC (Allocation Failure) 557.665: [ParNew
Desired survivor size 20112992 bytes, new threshold 8 (max 8)
- age   1:     799760 bytes,     799760 total
- age   2:     237008 bytes,    1036768 total
- age   3:    4798184 bytes,    5834952 total
- age   4:     124240 bytes,    5959192 total
- age   5:      93128 bytes,    6052320 total
- age   6:      98328 bytes,    6150648 total
- age   7:     103632 bytes,    6254280 total
- age   8:      48960 bytes,    6303240 total
: 96202K->7939K(109248K), 0.0374810 secs] 126898K->38673K(502464K), 0.0375821 secs] [Times: user=0.03 sys=0.00, real=0.04 secs] 
Heap after GC invocations=57 (full 1):
 par new generation   total 109248K, used 7939K [0x000000011d400000, 0x0000000125400000, 0x0000000125400000)
  eden space 87424K,   0% used [0x000000011d400000, 0x000000011d400000, 0x0000000122960000)
  from space 21824K,  36% used [0x0000000123eb0000, 0x0000000124670c80, 0x0000000125400000)
  to   space 21824K,   0% used [0x0000000122960000, 0x0000000122960000, 0x0000000123eb0000)
 concurrent mark-sweep generation total 393216K, used 30734K [0x0000000125400000, 0x000000013d400000, 0x000000013d400000)
 Metaspace       used 34863K, capacity 35456K, committed 35660K, reserved 1081344K
  class space    used 3899K, capacity 4059K, committed 4172K, reserved 1048576K
}
2015-08-03T21:38:23.214-0200: 557.703: Total time for which application threads were stopped: 0.0381033 seconds, Stopping threads took: 0.0001221 seconds
{Heap before GC invocations=57 (full 1):
 par new generation   total 109248K, used 95363K [0x000000011d400000, 0x0000000125400000, 0x0000000125400000)
  eden space 87424K, 100% used [0x000000011d400000, 0x0000000122960000, 0x0000000122960000)
  from space 21824K,  36% used [0x0000000123eb0000, 0x0000000124670c80, 0x0000000125400000)
  to   space 21824K,   0% used [0x0000000122960000, 0x0000000122960000, 0x0000000123eb0000)
 concurrent mark-sweep generation total 393216K, used 30734K [0x0000000125400000, 0x000000013d400000, 0x000000013d400000)
 Metaspace       used 34863K, capacity 35456K, committed 35660K, reserved 1081344K
  class space    used 3899K, capacity 4059K, committed 4172K, reserved 1048576K
2015-08-03T21:38:23.244-0200: 557.733: [GC (Allocation Failure) 557.733: [ParNew
Desired survivor size 20112992 bytes, new threshold 8 (max 8)
- age   1:     459368 bytes,     459368 total
- age   2:      61784 bytes,     521152 total
- age   3:     237008 bytes,     758160 total
- age   4:    4798216 bytes,    5556376 total
- age   5:     124240 bytes,    5680616 total
- age   6:      93128 bytes,    5773744 total
- age   7:      98328 bytes,    5872072 total
- age   8:     103632 bytes,    5975704 total
: 95363K->9815K(109248K), 0.0469816 secs] 126097K->40600K(502464K), 0.0471109 secs] [Times: user=0.04 sys=0.00, real=0.05 secs] 
Heap after GC invocations=58 (full 1):
 par new generation   total 109248K, used 9815K [0x000000011d400000, 0x0000000125400000, 0x0000000125400000)
  eden space 87424K,   0% used [0x000000011d400000, 0x000000011d400000, 0x0000000122960000)
  from space 21824K,  44% used [0x0000000122960000, 0x00000001232f5f70, 0x0000000123eb0000)
  to   space 21824K,   0% used [0x0000000123eb0000, 0x0000000123eb0000, 0x0000000125400000)
 concurrent mark-sweep generation total 393216K, used 30784K [0x0000000125400000, 0x000000013d400000, 0x000000013d400000)
 Metaspace       used 34863K, capacity 35456K, committed 35660K, reserved 1081344K
  class space    used 3899K, capacity 4059K, committed 4172K, reserved 1048576K
}
2015-08-03T21:38:23.291-0200: 557.780: Total time for which application threads were stopped: 0.0475443 seconds, Stopping threads took: 0.0000670 seconds
{Heap before GC invocations=58 (full 1):
 par new generation   total 109248K, used 97239K [0x000000011d400000, 0x0000000125400000, 0x0000000125400000)
  eden space 87424K, 100% used [0x000000011d400000, 0x0000000122960000, 0x0000000122960000)
  from space 21824K,  44% used [0x0000000122960000, 0x00000001232f5f70, 0x0000000123eb0000)
  to   space 21824K,   0% used [0x0000000123eb0000, 0x0000000123eb0000, 0x0000000125400000)
 concurrent mark-sweep generation total 393216K, used 30784K [0x0000000125400000, 0x000000013d400000, 0x000000013d400000)
 Metaspace       used 34864K, capacity 35456K, committed 35660K, reserved 1081344K
  class space    used 3899K, capacity 4059K, committed 4172K, reserved 1048576K
2015-08-03T21:38:23.339-0200: 557.828: [GC (Allocation Failure) 557.828: [ParNew
Desired survivor size 20112992 bytes, new threshold 8 (max 8)
- age   1:    1076672 bytes,    1076672 total
- age   2:     122016 bytes,    1198688 total
- age   3:      60264 bytes,    1258952 total
- age   4:     237008 bytes,    1495960 total
- age   5:    4798184 bytes,    6294144 total
- age   6:     124240 bytes,    6418384 total
- age   7:      93128 bytes,    6511512 total
- age   8:      98328 bytes,    6609840 total
: 97239K->8583K(109248K), 0.0496738 secs] 128024K->39471K(502464K), 0.0497525 secs] [Times: user=0.05 sys=0.00, real=0.05 secs] 
Heap after GC invocations=59 (full 1):
 par new generation   total 109248K, used 8583K [0x000000011d400000, 0x0000000125400000, 0x0000000125400000)
  eden space 87424K,   0% used [0x000000011d400000, 0x000000011d400000, 0x0000000122960000)
  from space 21824K,  39% used [0x0000000123eb0000, 0x0000000124711de0, 0x0000000125400000)
  to   space 21824K,   0% used [0x0000000122960000, 0x0000000122960000, 0x0000000123eb0000)
 concurrent mark-sweep generation total 393216K, used 30887K [0x0000000125400000, 0x000000013d400000, 0x000000013d400000)
 Metaspace       used 34864K, capacity 35456K, committed 35660K, reserved 1081344K
  class space    used 3899K, capacity 4059K, committed 4172K, reserved 1048576K
}
2015-08-03T21:38:23.389-0200: 557.878: Total time for which application threads were stopped: 0.0502857 seconds, Stopping threads took: 0.0001637 seconds
{Heap before GC invocations=59 (full 1):
 par new generation   total 109248K, used 96007K [0x000000011d400000, 0x0000000125400000, 0x0000000125400000)
  eden space 87424K, 100% used [0x000000011d400000, 0x0000000122960000, 0x0000000122960000)
  from space 21824K,  39% used [0x0000000123eb0000, 0x0000000124711de0, 0x0000000125400000)
  to   space 21824K,   0% used [0x0000000122960000, 0x0000000122960000, 0x0000000123eb0000)
 concurrent mark-sweep generation total 393216K, used 30887K [0x0000000125400000, 0x000000013d400000, 0x000000013d400000)
 Metaspace       used 34864K, capacity 35456K, committed 35660K, reserved 1081344K
  class space    used 3899K, capacity 4059K, committed 4172K, reserved 1048576K
2015-08-03T21:38:23.476-0200: 557.965: [GC (Allocation Failure) 557.965: [ParNew
Desired survivor size 20112992 bytes, new threshold 8 (max 8)
- age   1:     628336 bytes,     628336 total
- age   2:      95072 bytes,     723408 total
- age   3:     122016 bytes,     845424 total
- age   4:      60264 bytes,     905688 total
- age   5:     237008 bytes,    1142696 total
- age   6:    4798184 bytes,    5940880 total
- age   7:     124240 bytes,    6065120 total
- age   8:      93128 bytes,    6158248 total
: 96007K->7839K(109248K), 0.0552598 secs] 126895K->38825K(502464K), 0.0553756 secs] [Times: user=0.04 sys=0.00, real=0.06 secs] 
Heap after GC invocations=60 (full 1):
 par new generation   total 109248K, used 7839K [0x000000011d400000, 0x0000000125400000, 0x0000000125400000)
  eden space 87424K,   0% used [0x000000011d400000, 0x000000011d400000, 0x0000000122960000)
  from space 21824K,  35% used [0x0000000122960000, 0x0000000123107ec0, 0x0000000123eb0000)
  to   space 21824K,   0% used [0x0000000123eb0000, 0x0000000123eb0000, 0x0000000125400000)
 concurrent mark-sweep generation total 393216K, used 30985K [0x0000000125400000, 0x000000013d400000, 0x000000013d400000)
 Metaspace       used 34864K, capacity 35456K, committed 35660K, reserved 1081344K
  class space    used 3899K, capacity 4059K, committed 4172K, reserved 1048576K
}
2015-08-03T21:38:23.532-0200: 558.021: Total time for which application threads were stopped: 0.0559788 seconds, Stopping threads took: 0.0001769 seconds
{Heap before GC invocations=60 (full 1):
 par new generation   total 109248K, used 95261K [0x000000011d400000, 0x0000000125400000, 0x0000000125400000)
  eden space 87424K,  99% used [0x000000011d400000, 0x000000012295f638, 0x0000000122960000)
  from space 21824K,  35% used [0x0000000122960000, 0x0000000123107ec0, 0x0000000123eb0000)
  to   space 21824K,   0% used [0x0000000123eb0000, 0x0000000123eb0000, 0x0000000125400000)
 concurrent mark-sweep generation total 393216K, used 30985K [0x0000000125400000, 0x000000013d400000, 0x000000013d400000)
 Metaspace       used 34866K, capacity 35456K, committed 35660K, reserved 1081344K
  class space    used 3899K, capacity 4059K, committed 4172K, reserved 1048576K
2015-08-03T21:38:23.733-0200: 558.222: [GC (Allocation Failure) 558.222: [ParNew
Desired survivor size 20112992 bytes, new threshold 8 (max 8)
- age   1:    1612400 bytes,    1612400 total
- age   2:      84944 bytes,    1697344 total
- age   3:      92984 bytes,    1790328 total
- age   4:     121128 bytes,    1911456 total
- age   5:      58944 bytes,    1970400 total
- age   6:     235248 bytes,    2205648 total
- age   7:    4796672 bytes,    7002320 total
- age   8:     124240 bytes,    7126560 total
: 95261K->8357K(109248K), 0.0345842 secs] 126246K->39436K(502464K), 0.0346721 secs] [Times: user=0.04 sys=0.00, real=0.03 secs] 
Heap after GC invocations=61 (full 1):
 par new generation   total 109248K, used 8357K [0x000000011d400000, 0x0000000125400000, 0x0000000125400000)
  eden space 87424K,   0% used [0x000000011d400000, 0x000000011d400000, 0x0000000122960000)
  from space 21824K,  38% used [0x0000000123eb0000, 0x00000001246d9710, 0x0000000125400000)
  to   space 21824K,   0% used [0x0000000122960000, 0x0000000122960000, 0x0000000123eb0000)
 concurrent mark-sweep generation total 393216K, used 31078K [0x0000000125400000, 0x000000013d400000, 0x000000013d400000)
 Metaspace       used 34866K, capacity 35456K, committed 35660K, reserved 1081344K
  class space    used 3899K, capacity 4059K, committed 4172K, reserved 1048576K
}
2015-08-03T21:38:23.768-0200: 558.257: Total time for which application threads were stopped: 0.0352443 seconds, Stopping threads took: 0.0000283 seconds
2015-08-03T21:38:23.902-0200: 558.391: Total time for which application threads were stopped: 0.0002647 seconds, Stopping threads took: 0.0000452 seconds
2015-08-03T21:38:23.903-0200: 558.392: Total time for which application threads were stopped: 0.0001322 seconds, Stopping threads took: 0.0000162 seconds
2015-08-03T21:38:23.903-0200: 558.392: Total time for which application threads were stopped: 0.0001075 seconds, Stopping threads took: 0.0000117 seconds
{Heap before GC invocations=61 (full 1):
 par new generation   total 109248K, used 95781K [0x000000011d400000, 0x0000000125400000, 0x0000000125400000)
  eden space 87424K, 100% used [0x000000011d400000, 0x0000000122960000, 0x0000000122960000)
  from space 21824K,  38% used [0x0000000123eb0000, 0x00000001246d9710, 0x0000000125400000)
  to   space 21824K,   0% used [0x0000000122960000, 0x0000000122960000, 0x0000000123eb0000)
 concurrent mark-sweep generation total 393216K, used 31078K [0x0000000125400000, 0x000000013d400000, 0x000000013d400000)
 Metaspace       used 34868K, capacity 35456K, committed 35660K, reserved 1081344K
  class space    used 3899K, capacity 4059K, committed 4172K, reserved 1048576K
2015-08-03T21:38:24.017-0200: 558.506: [GC (Allocation Failure) 558.506: [ParNew
Desired survivor size 20112992 bytes, new threshold 8 (max 8)
- age   1:    3664312 bytes,    3664312 total
- age   2:    1590176 bytes,    5254488 total
- age   3:      84944 bytes,    5339432 total
- age   4:      92984 bytes,    5432416 total
- age   5:     121128 bytes,    5553544 total
- age   6:      58944 bytes,    5612488 total
- age   7:      39792 bytes,    5652280 total
- age   8:    2315344 bytes,    7967624 total
: 95781K->11958K(109248K), 0.0304840 secs] 126860K->43162K(502464K), 0.0305989 secs] [Times: user=0.05 sys=0.00, real=0.03 secs] 
Heap after GC invocations=62 (full 1):
 par new generation   total 109248K, used 11958K [0x000000011d400000, 0x0000000125400000, 0x0000000125400000)
  eden space 87424K,   0% used [0x000000011d400000, 0x000000011d400000, 0x0000000122960000)
  from space 21824K,  54% used [0x0000000122960000, 0x000000012350dbc0, 0x0000000123eb0000)
  to   space 21824K,   0% used [0x0000000123eb0000, 0x0000000123eb0000, 0x0000000125400000)
 concurrent mark-sweep generation total 393216K, used 31203K [0x0000000125400000, 0x000000013d400000, 0x000000013d400000)
 Metaspace       used 34868K, capacity 35456K, committed 35660K, reserved 1081344K
  class space    used 3899K, capacity 4059K, committed 4172K, reserved 1048576K
}
2015-08-03T21:38:24.048-0200: 558.537: Total time for which application threads were stopped: 0.0352940 seconds, Stopping threads took: 0.0043174 seconds
{Heap before GC invocations=62 (full 1):
 par new generation   total 109248K, used 99382K [0x000000011d400000, 0x0000000125400000, 0x0000000125400000)
  eden space 87424K, 100% used [0x000000011d400000, 0x0000000122960000, 0x0000000122960000)
  from space 21824K,  54% used [0x0000000122960000, 0x000000012350dbc0, 0x0000000123eb0000)
  to   space 21824K,   0% used [0x0000000123eb0000, 0x0000000123eb0000, 0x0000000125400000)
 concurrent mark-sweep generation total 393216K, used 31203K [0x0000000125400000, 0x000000013d400000, 0x000000013d400000)
 Metaspace       used 34868K, capacity 35456K, committed 35660K, reserved 1081344K
  class space    used 3899K, capacity 4059K, committed 4172K, reserved 1048576K
2015-08-03T21:38:24.098-0200: 558.587: [GC (Allocation Failure) 558.587: [ParNew
Desired survivor size 20112992 bytes, new threshold 8 (max 8)
- age   1:     254448 bytes,     254448 total
- age   2:    3302952 bytes,    3557400 total
- age   3:    1590176 bytes,    5147576 total
- age   4:      84944 bytes,    5232520 total
- age   5:      92984 bytes,    5325504 total
- age   6:     121128 bytes,    5446632 total
- age   7:      58944 bytes,    5505576 total
- age   8:      39792 bytes,    5545368 total
: 99382K->7740K(109248K), 0.0407066 secs] 130586K->41214K(502464K), 0.0408009 secs] [Times: user=0.07 sys=0.00, real=0.04 secs] 
Heap after GC invocations=63 (full 1):
 par new generation   total 109248K, used 7740K [0x000000011d400000, 0x0000000125400000, 0x0000000125400000)
  eden space 87424K,   0% used [0x000000011d400000, 0x000000011d400000, 0x0000000122960000)
  from space 21824K,  35% used [0x0000000123eb0000, 0x000000012463f090, 0x0000000125400000)
  to   space 21824K,   0% used [0x0000000122960000, 0x0000000122960000, 0x0000000123eb0000)
 concurrent mark-sweep generation total 393216K, used 33474K [0x0000000125400000, 0x000000013d400000, 0x000000013d400000)
 Metaspace       used 34868K, capacity 35456K, committed 35660K, reserved 1081344K
  class space    used 3899K, capacity 4059K, committed 4172K, reserved 1048576K
}
2015-08-03T21:38:24.139-0200: 558.628: Total time for which application threads were stopped: 0.0579310 seconds, Stopping threads took: 0.0167253 seconds
{Heap before GC invocations=63 (full 1):
 par new generation   total 109248K, used 95150K [0x000000011d400000, 0x0000000125400000, 0x0000000125400000)
  eden space 87424K,  99% used [0x000000011d400000, 0x000000012295c908, 0x0000000122960000)
  from space 21824K,  35% used [0x0000000123eb0000, 0x000000012463f090, 0x0000000125400000)
  to   space 21824K,   0% used [0x0000000122960000, 0x0000000122960000, 0x0000000123eb0000)
 concurrent mark-sweep generation total 393216K, used 33474K [0x0000000125400000, 0x000000013d400000, 0x000000013d400000)
 Metaspace       used 34868K, capacity 35456K, committed 35660K, reserved 1081344K
  class space    used 3899K, capacity 4059K, committed 4172K, reserved 1048576K
2015-08-03T21:38:24.168-0200: 558.657: [GC (Allocation Failure) 558.657: [ParNew
Desired survivor size 20112992 bytes, new threshold 8 (max 8)
- age   1:    1033496 bytes,    1033496 total
- age   2:      42552 bytes,    1076048 total
- age   3:    3302808 bytes,    4378856 total
- age   4:    1590176 bytes,    5969032 total
- age   5:      84944 bytes,    6053976 total
- age   6:      92984 bytes,    6146960 total
- age   7:     121128 bytes,    6268088 total
- age   8:      58944 bytes,    6327032 total
: 95150K->7949K(109248K), 0.0260244 secs] 128624K->41465K(502464K), 0.0261488 secs] [Times: user=0.04 sys=0.01, real=0.03 secs] 
Heap after GC invocations=64 (full 1):
 par new generation   total 109248K, used 7949K [0x000000011d400000, 0x0000000125400000, 0x0000000125400000)
  eden space 87424K,   0% used [0x000000011d400000, 0x000000011d400000, 0x0000000122960000)
  from space 21824K,  36% used [0x0000000122960000, 0x0000000123123698, 0x0000000123eb0000)
  to   space 21824K,   0% used [0x0000000123eb0000, 0x0000000123eb0000, 0x0000000125400000)
 concurrent mark-sweep generation total 393216K, used 33515K [0x0000000125400000, 0x000000013d400000, 0x000000013d400000)
 Metaspace       used 34868K, capacity 35456K, committed 35660K, reserved 1081344K
  class space    used 3899K, capacity 4059K, committed 4172K, reserved 1048576K
}
2015-08-03T21:38:24.194-0200: 558.683: Total time for which application threads were stopped: 0.0266920 seconds, Stopping threads took: 0.0001386 seconds
{Heap before GC invocations=64 (full 1):
 par new generation   total 109248K, used 95373K [0x000000011d400000, 0x0000000125400000, 0x0000000125400000)
  eden space 87424K, 100% used [0x000000011d400000, 0x0000000122960000, 0x0000000122960000)
  from space 21824K,  36% used [0x0000000122960000, 0x0000000123123698, 0x0000000123eb0000)
  to   space 21824K,   0% used [0x0000000123eb0000, 0x0000000123eb0000, 0x0000000125400000)
 concurrent mark-sweep generation total 393216K, used 33515K [0x0000000125400000, 0x000000013d400000, 0x000000013d400000)
 Metaspace       used 34868K, capacity 35456K, committed 35660K, reserved 1081344K
  class space    used 3899K, capacity 4059K, committed 4172K, reserved 1048576K
2015-08-03T21:38:24.233-0200: 558.722: [GC (Allocation Failure) 558.722: [ParNew
Desired survivor size 20112992 bytes, new threshold 8 (max 8)
- age   1:     833592 bytes,     833592 total
- age   2:      93504 bytes,     927096 total
- age   3:      42552 bytes,     969648 total
- age   4:    3303088 bytes,    4272736 total
- age   5:    1590176 bytes,    5862912 total
- age   6:      84944 bytes,    5947856 total
- age   7:      92984 bytes,    6040840 total
- age   8:     121128 bytes,    6161968 total
: 95373K->9374K(109248K), 0.0463469 secs] 128889K->42949K(502464K), 0.0464492 secs] [Times: user=0.04 sys=0.00, real=0.05 secs] 
Heap after GC invocations=65 (full 1):
 par new generation   total 109248K, used 9374K [0x000000011d400000, 0x0000000125400000, 0x0000000125400000)
  eden space 87424K,   0% used [0x000000011d400000, 0x000000011d400000, 0x0000000122960000)
  from space 21824K,  42% used [0x0000000123eb0000, 0x00000001247d7978, 0x0000000125400000)
  to   space 21824K,   0% used [0x0000000122960000, 0x0000000122960000, 0x0000000123eb0000)
 concurrent mark-sweep generation total 393216K, used 33575K [0x0000000125400000, 0x000000013d400000, 0x000000013d400000)
 Metaspace       used 34868K, capacity 35456K, committed 35660K, reserved 1081344K
  class space    used 3899K, capacity 4059K, committed 4172K, reserved 1048576K
}
2015-08-03T21:38:24.280-0200: 558.769: Total time for which application threads were stopped: 0.0469473 seconds, Stopping threads took: 0.0001528 seconds
{Heap before GC invocations=65 (full 1):
 par new generation   total 109248K, used 96798K [0x000000011d400000, 0x0000000125400000, 0x0000000125400000)
  eden space 87424K, 100% used [0x000000011d400000, 0x0000000122960000, 0x0000000122960000)
  from space 21824K,  42% used [0x0000000123eb0000, 0x00000001247d7978, 0x0000000125400000)
  to   space 21824K,   0% used [0x0000000122960000, 0x0000000122960000, 0x0000000123eb0000)
 concurrent mark-sweep generation total 393216K, used 33575K [0x0000000125400000, 0x000000013d400000, 0x000000013d400000)
 Metaspace       used 34868K, capacity 35456K, committed 35660K, reserved 1081344K
  class space    used 3899K, capacity 4059K, committed 4172K, reserved 1048576K
2015-08-03T21:38:24.367-0200: 558.856: [GC (Allocation Failure) 558.856: [ParNew
Desired survivor size 20112992 bytes, new threshold 8 (max 8)
- age   1:     640320 bytes,     640320 total
- age   2:     113880 bytes,     754200 total
- age   3:      92368 bytes,     846568 total
- age   4:      41736 bytes,     888304 total
- age   5:    3302808 bytes,    4191112 total
- age   6:    1590176 bytes,    5781288 total
- age   7:      84944 bytes,    5866232 total
- age   8:      92984 bytes,    5959216 total
: 96798K->7819K(109248K), 0.0541022 secs] 130373K->41515K(502464K), 0.0541907 secs] [Times: user=0.06 sys=0.00, real=0.06 secs] 
Heap after GC invocations=66 (full 1):
 par new generation   total 109248K, used 7819K [0x000000011d400000, 0x0000000125400000, 0x0000000125400000)
  eden space 87424K,   0% used [0x000000011d400000, 0x000000011d400000, 0x0000000122960000)
  from space 21824K,  35% used [0x0000000122960000, 0x0000000123102e80, 0x0000000123eb0000)
  to   space 21824K,   0% used [0x0000000123eb0000, 0x0000000123eb0000, 0x0000000125400000)
 concurrent mark-sweep generation total 393216K, used 33695K [0x0000000125400000, 0x000000013d400000, 0x000000013d400000)
 Metaspace       used 34868K, capacity 35456K, committed 35660K, reserved 1081344K
  class space    used 3899K, capacity 4059K, committed 4172K, reserved 1048576K
}
2015-08-03T21:38:24.421-0200: 558.910: Total time for which application threads were stopped: 0.0547400 seconds, Stopping threads took: 0.0001911 seconds
{Heap before GC invocations=66 (full 1):
 par new generation   total 109248K, used 95243K [0x000000011d400000, 0x0000000125400000, 0x0000000125400000)
  eden space 87424K, 100% used [0x000000011d400000, 0x0000000122960000, 0x0000000122960000)
  from space 21824K,  35% used [0x0000000122960000, 0x0000000123102e80, 0x0000000123eb0000)
  to   space 21824K,   0% used [0x0000000123eb0000, 0x0000000123eb0000, 0x0000000125400000)
 concurrent mark-sweep generation total 393216K, used 33695K [0x0000000125400000, 0x000000013d400000, 0x000000013d400000)
 Metaspace       used 34868K, capacity 35456K, committed 35660K, reserved 1081344K
  class space    used 3899K, capacity 4059K, committed 4172K, reserved 1048576K
2015-08-03T21:38:24.515-0200: 559.004: [GC (Allocation Failure) 559.004: [ParNew
Desired survivor size 20112992 bytes, new threshold 8 (max 8)
- age   1:     735088 bytes,     735088 total
- age   2:      93832 bytes,     828920 total
- age   3:     113880 bytes,     942800 total
- age   4:      92368 bytes,    1035168 total
- age   5:      41736 bytes,    1076904 total
- age   6:    3302808 bytes,    4379712 total
- age   7:    1590176 bytes,    5969888 total
- age   8:      84944 bytes,    6054832 total
: 95243K->7956K(109248K), 0.0908918 secs] 128939K->41745K(502464K), 0.0910043 secs] [Times: user=0.09 sys=0.00, real=0.09 secs] 
Heap after GC invocations=67 (full 1):
 par new generation   total 109248K, used 7956K [0x000000011d400000, 0x0000000125400000, 0x0000000125400000)
  eden space 87424K,   0% used [0x000000011d400000, 0x000000011d400000, 0x0000000122960000)
  from space 21824K,  36% used [0x0000000123eb0000, 0x0000000124675110, 0x0000000125400000)
  to   space 21824K,   0% used [0x0000000122960000, 0x0000000122960000, 0x0000000123eb0000)
 concurrent mark-sweep generation total 393216K, used 33788K [0x0000000125400000, 0x000000013d400000, 0x000000013d400000)
 Metaspace       used 34868K, capacity 35456K, committed 35660K, reserved 1081344K
  class space    used 3899K, capacity 4059K, committed 4172K, reserved 1048576K
}
2015-08-03T21:38:24.606-0200: 559.096: Total time for which application threads were stopped: 0.1034087 seconds, Stopping threads took: 0.0120391 seconds
2015-08-03T21:38:24.845-0200: 559.334: Total time for which application threads were stopped: 0.0004778 seconds, Stopping threads took: 0.0001675 seconds
2015-08-03T21:38:24.847-0200: 559.336: Total time for which application threads were stopped: 0.0002660 seconds, Stopping threads took: 0.0000507 seconds
2015-08-03T21:38:24.848-0200: 559.337: Total time for which application threads were stopped: 0.0002927 seconds, Stopping threads took: 0.0000846 seconds
2015-08-03T21:38:24.856-0200: 559.345: Total time for which application threads were stopped: 0.0002592 seconds, Stopping threads took: 0.0000729 seconds
{Heap before GC invocations=67 (full 1):
 par new generation   total 109248K, used 95380K [0x000000011d400000, 0x0000000125400000, 0x0000000125400000)
  eden space 87424K, 100% used [0x000000011d400000, 0x0000000122960000, 0x0000000122960000)
  from space 21824K,  36% used [0x0000000123eb0000, 0x0000000124675110, 0x0000000125400000)
  to   space 21824K,   0% used [0x0000000122960000, 0x0000000122960000, 0x0000000123eb0000)
 concurrent mark-sweep generation total 393216K, used 33788K [0x0000000125400000, 0x000000013d400000, 0x000000013d400000)
 Metaspace       used 34877K, capacity 35456K, committed 35660K, reserved 1081344K
  class space    used 3899K, capacity 4059K, committed 4172K, reserved 1048576K
2015-08-03T21:38:25.075-0200: 559.565: [GC (Allocation Failure) 559.565: [ParNew
Desired survivor size 20112992 bytes, new threshold 8 (max 8)
- age   1:    4725728 bytes,    4725728 total
- age   2:      67216 bytes,    4792944 total
- age   3:      91696 bytes,    4884640 total
- age   4:     113016 bytes,    4997656 total
- age   5:      91360 bytes,    5089016 total
- age   6:      40176 bytes,    5129192 total
- age   7:     966888 bytes,    6096080 total
- age   8:    1238240 bytes,    7334320 total
: 95380K->8821K(109248K), 0.0379346 secs] 129169K->42695K(502464K), 0.0380310 secs] [Times: user=0.08 sys=0.01, real=0.04 secs] 
Heap after GC invocations=68 (full 1):
 par new generation   total 109248K, used 8821K [0x000000011d400000, 0x0000000125400000, 0x0000000125400000)
  eden space 87424K,   0% used [0x000000011d400000, 0x000000011d400000, 0x0000000122960000)
  from space 21824K,  40% used [0x0000000122960000, 0x00000001231fd780, 0x0000000123eb0000)
  to   space 21824K,   0% used [0x0000000123eb0000, 0x0000000123eb0000, 0x0000000125400000)
 concurrent mark-sweep generation total 393216K, used 33873K [0x0000000125400000, 0x000000013d400000, 0x000000013d400000)
 Metaspace       used 34877K, capacity 35456K, committed 35660K, reserved 1081344K
  class space    used 3899K, capacity 4059K, committed 4172K, reserved 1048576K
}
2015-08-03T21:38:25.114-0200: 559.603: Total time for which application threads were stopped: 0.0385889 seconds, Stopping threads took: 0.0001460 seconds
{Heap before GC invocations=68 (full 1):
 par new generation   total 109248K, used 96245K [0x000000011d400000, 0x0000000125400000, 0x0000000125400000)
  eden space 87424K, 100% used [0x000000011d400000, 0x0000000122960000, 0x0000000122960000)
  from space 21824K,  40% used [0x0000000122960000, 0x00000001231fd780, 0x0000000123eb0000)
  to   space 21824K,   0% used [0x0000000123eb0000, 0x0000000123eb0000, 0x0000000125400000)
 concurrent mark-sweep generation total 393216K, used 33873K [0x0000000125400000, 0x000000013d400000, 0x000000013d400000)
 Metaspace       used 34878K, capacity 35456K, committed 35660K, reserved 1081344K
  class space    used 3899K, capacity 4059K, committed 4172K, reserved 1048576K
2015-08-03T21:38:25.131-0200: 559.620: [GC (Allocation Failure) 559.621: [ParNew
Desired survivor size 20112992 bytes, new threshold 8 (max 8)
- age   1:    1079792 bytes,    1079792 total
- age   2:    4636160 bytes,    5715952 total
- age   3:      67216 bytes,    5783168 total
- age   4:      91696 bytes,    5874864 total
- age   5:     113016 bytes,    5987880 total
- age   6:      91360 bytes,    6079240 total
- age   7:      40176 bytes,    6119416 total
- age   8:     966888 bytes,    7086304 total
: 96245K->7633K(109248K), 0.0590524 secs] 130119K->42721K(502464K), 0.0591714 secs] [Times: user=0.08 sys=0.00, real=0.06 secs] 
Heap after GC invocations=69 (full 1):
 par new generation   total 109248K, used 7633K [0x000000011d400000, 0x0000000125400000, 0x0000000125400000)
  eden space 87424K,   0% used [0x000000011d400000, 0x000000011d400000, 0x0000000122960000)
  from space 21824K,  34% used [0x0000000123eb0000, 0x00000001246246d8, 0x0000000125400000)
  to   space 21824K,   0% used [0x0000000122960000, 0x0000000122960000, 0x0000000123eb0000)
 concurrent mark-sweep generation total 393216K, used 35088K [0x0000000125400000, 0x000000013d400000, 0x000000013d400000)
 Metaspace       used 34878K, capacity 35456K, committed 35660K, reserved 1081344K
  class space    used 3899K, capacity 4059K, committed 4172K, reserved 1048576K
}
2015-08-03T21:38:25.191-0200: 559.680: Total time for which application threads were stopped: 0.0596474 seconds, Stopping threads took: 0.0000627 seconds
{Heap before GC invocations=69 (full 1):
 par new generation   total 109248K, used 95057K [0x000000011d400000, 0x0000000125400000, 0x0000000125400000)
  eden space 87424K, 100% used [0x000000011d400000, 0x0000000122960000, 0x0000000122960000)
  from space 21824K,  34% used [0x0000000123eb0000, 0x00000001246246d8, 0x0000000125400000)
  to   space 21824K,   0% used [0x0000000122960000, 0x0000000122960000, 0x0000000123eb0000)
 concurrent mark-sweep generation total 393216K, used 35088K [0x0000000125400000, 0x000000013d400000, 0x000000013d400000)
 Metaspace       used 34878K, capacity 35456K, committed 35660K, reserved 1081344K
  class space    used 3899K, capacity 4059K, committed 4172K, reserved 1048576K
2015-08-03T21:38:25.208-0200: 559.697: [GC (Allocation Failure) 559.697: [ParNew
Desired survivor size 20112992 bytes, new threshold 8 (max 8)
- age   1:     611960 bytes,     611960 total
- age   2:     479128 bytes,    1091088 total
- age   3:    4636160 bytes,    5727248 total
- age   4:      67216 bytes,    5794464 total
- age   5:      91696 bytes,    5886160 total
- age   6:     113016 bytes,    5999176 total
- age   7:      91360 bytes,    6090536 total
- age   8:      40240 bytes,    6130776 total
: 95057K->10075K(109248K), 0.0421191 secs] 130145K->46115K(502464K), 0.0421975 secs] [Times: user=0.04 sys=0.00, real=0.05 secs] 
Heap after GC invocations=70 (full 1):
 par new generation   total 109248K, used 10075K [0x000000011d400000, 0x0000000125400000, 0x0000000125400000)
  eden space 87424K,   0% used [0x000000011d400000, 0x000000011d400000, 0x0000000122960000)
  from space 21824K,  46% used [0x0000000122960000, 0x0000000123336da0, 0x0000000123eb0000)
  to   space 21824K,   0% used [0x0000000123eb0000, 0x0000000123eb0000, 0x0000000125400000)
 concurrent mark-sweep generation total 393216K, used 36040K [0x0000000125400000, 0x000000013d400000, 0x000000013d400000)
 Metaspace       used 34878K, capacity 35456K, committed 35660K, reserved 1081344K
  class space    used 3899K, capacity 4059K, committed 4172K, reserved 1048576K
}
2015-08-03T21:38:25.250-0200: 559.739: Total time for which application threads were stopped: 0.0427649 seconds, Stopping threads took: 0.0002325 seconds
{Heap before GC invocations=70 (full 1):
 par new generation   total 109248K, used 97499K [0x000000011d400000, 0x0000000125400000, 0x0000000125400000)
  eden space 87424K, 100% used [0x000000011d400000, 0x0000000122960000, 0x0000000122960000)
  from space 21824K,  46% used [0x0000000122960000, 0x0000000123336da0, 0x0000000123eb0000)
  to   space 21824K,   0% used [0x0000000123eb0000, 0x0000000123eb0000, 0x0000000125400000)
 concurrent mark-sweep generation total 393216K, used 36040K [0x0000000125400000, 0x000000013d400000, 0x000000013d400000)
 Metaspace       used 34878K, capacity 35456K, committed 35660K, reserved 1081344K
  class space    used 3899K, capacity 4059K, committed 4172K, reserved 1048576K
2015-08-03T21:38:25.277-0200: 559.766: [GC (Allocation Failure) 559.766: [ParNew
Desired survivor size 20112992 bytes, new threshold 8 (max 8)
- age   1:     668856 bytes,     668856 total
- age   2:      55568 bytes,     724424 total
- age   3:     479128 bytes,    1203552 total
- age   4:    4636160 bytes,    5839712 total
- age   5:      67216 bytes,    5906928 total
- age   6:      91696 bytes,    5998624 total
- age   7:     113016 bytes,    6111640 total
- age   8:      91360 bytes,    6203000 total
: 97499K->7940K(109248K), 0.0518203 secs] 133539K->44021K(502464K), 0.0519247 secs] [Times: user=0.06 sys=0.01, real=0.05 secs] 
Heap after GC invocations=71 (full 1):
 par new generation   total 109248K, used 7940K [0x000000011d400000, 0x0000000125400000, 0x0000000125400000)
  eden space 87424K,   0% used [0x000000011d400000, 0x000000011d400000, 0x0000000122960000)
  from space 21824K,  36% used [0x0000000123eb0000, 0x0000000124671000, 0x0000000125400000)
  to   space 21824K,   0% used [0x0000000122960000, 0x0000000122960000, 0x0000000123eb0000)
 concurrent mark-sweep generation total 393216K, used 36081K [0x0000000125400000, 0x000000013d400000, 0x000000013d400000)
 Metaspace       used 34878K, capacity 35456K, committed 35660K, reserved 1081344K
  class space    used 3899K, capacity 4059K, committed 4172K, reserved 1048576K
}
2015-08-03T21:38:25.329-0200: 559.818: Total time for which application threads were stopped: 0.0527114 seconds, Stopping threads took: 0.0004347 seconds
{Heap before GC invocations=71 (full 1):
 par new generation   total 109248K, used 95344K [0x000000011d400000, 0x0000000125400000, 0x0000000125400000)
  eden space 87424K,  99% used [0x000000011d400000, 0x000000012295b180, 0x0000000122960000)
  from space 21824K,  36% used [0x0000000123eb0000, 0x0000000124671000, 0x0000000125400000)
  to   space 21824K,   0% used [0x0000000122960000, 0x0000000122960000, 0x0000000123eb0000)
 concurrent mark-sweep generation total 393216K, used 36081K [0x0000000125400000, 0x000000013d400000, 0x000000013d400000)
 Metaspace       used 34878K, capacity 35456K, committed 35660K, reserved 1081344K
  class space    used 3899K, capacity 4059K, committed 4172K, reserved 1048576K
2015-08-03T21:38:25.361-0200: 559.851: [GC (Allocation Failure) 559.851: [ParNew
Desired survivor size 20112992 bytes, new threshold 8 (max 8)
- age   1:    1165872 bytes,    1165872 total
- age   2:     117904 bytes,    1283776 total
- age   3:      54264 bytes,    1338040 total
- age   4:     479128 bytes,    1817168 total
- age   5:    4636160 bytes,    6453328 total
- age   6:      67216 bytes,    6520544 total
- age   7:      91696 bytes,    6612240 total
- age   8:     113016 bytes,    6725256 total
: 95344K->7663K(109248K), 0.0515448 secs] 131426K->43837K(502464K), 0.0516342 secs] [Times: user=0.05 sys=0.00, real=0.05 secs] 
Heap after GC invocations=72 (full 1):
 par new generation   total 109248K, used 7663K [0x000000011d400000, 0x0000000125400000, 0x0000000125400000)
  eden space 87424K,   0% used [0x000000011d400000, 0x000000011d400000, 0x0000000122960000)
  from space 21824K,  35% used [0x0000000122960000, 0x00000001230dbff0, 0x0000000123eb0000)
  to   space 21824K,   0% used [0x0000000123eb0000, 0x0000000123eb0000, 0x0000000125400000)
 concurrent mark-sweep generation total 393216K, used 36173K [0x0000000125400000, 0x000000013d400000, 0x000000013d400000)
 Metaspace       used 34878K, capacity 35456K, committed 35660K, reserved 1081344K
  class space    used 3899K, capacity 4059K, committed 4172K, reserved 1048576K
}
2015-08-03T21:38:25.413-0200: 559.902: Total time for which application threads were stopped: 0.0522486 seconds, Stopping threads took: 0.0001661 seconds
{Heap before GC invocations=72 (full 1):
 par new generation   total 109248K, used 95087K [0x000000011d400000, 0x0000000125400000, 0x0000000125400000)
  eden space 87424K, 100% used [0x000000011d400000, 0x0000000122960000, 0x0000000122960000)
  from space 21824K,  35% used [0x0000000122960000, 0x00000001230dbff0, 0x0000000123eb0000)
  to   space 21824K,   0% used [0x0000000123eb0000, 0x0000000123eb0000, 0x0000000125400000)
 concurrent mark-sweep generation total 393216K, used 36173K [0x0000000125400000, 0x000000013d400000, 0x000000013d400000)
 Metaspace       used 34878K, capacity 35456K, committed 35660K, reserved 1081344K
  class space    used 3899K, capacity 4059K, committed 4172K, reserved 1048576K
2015-08-03T21:38:25.454-0200: 559.943: [GC (Allocation Failure) 559.943: [ParNew
Desired survivor size 20112992 bytes, new threshold 8 (max 8)
- age   1:     701992 bytes,     701992 total
- age   2:      97560 bytes,     799552 total
- age   3:     117688 bytes,     917240 total
- age   4:      54264 bytes,     971504 total
- age   5:     479128 bytes,    1450632 total
- age   6:    4636160 bytes,    6086792 total
- age   7:      67216 bytes,    6154008 total
- age   8:      91696 bytes,    6245704 total
: 95087K->9961K(109248K), 0.0469453 secs] 131261K->46247K(502464K), 0.0470253 secs] [Times: user=0.04 sys=0.00, real=0.05 secs] 
Heap after GC invocations=73 (full 1):
 par new generation   total 109248K, used 9961K [0x000000011d400000, 0x0000000125400000, 0x0000000125400000)
  eden space 87424K,   0% used [0x000000011d400000, 0x000000011d400000, 0x0000000122960000)
  from space 21824K,  45% used [0x0000000123eb0000, 0x000000012486a518, 0x0000000125400000)
  to   space 21824K,   0% used [0x0000000122960000, 0x0000000122960000, 0x0000000123eb0000)
 concurrent mark-sweep generation total 393216K, used 36285K [0x0000000125400000, 0x000000013d400000, 0x000000013d400000)
 Metaspace       used 34878K, capacity 35456K, committed 35660K, reserved 1081344K
  class space    used 3899K, capacity 4059K, committed 4172K, reserved 1048576K
}
2015-08-03T21:38:25.501-0200: 559.990: Total time for which application threads were stopped: 0.0475892 seconds, Stopping threads took: 0.0002097 seconds
{Heap before GC invocations=73 (full 1):
 par new generation   total 109248K, used 97385K [0x000000011d400000, 0x0000000125400000, 0x0000000125400000)
  eden space 87424K, 100% used [0x000000011d400000, 0x0000000122960000, 0x0000000122960000)
  from space 21824K,  45% used [0x0000000123eb0000, 0x000000012486a518, 0x0000000125400000)
  to   space 21824K,   0% used [0x0000000122960000, 0x0000000122960000, 0x0000000123eb0000)
 concurrent mark-sweep generation total 393216K, used 36285K [0x0000000125400000, 0x000000013d400000, 0x000000013d400000)
 Metaspace       used 34885K, capacity 35456K, committed 35660K, reserved 1081344K
  class space    used 3899K, capacity 4059K, committed 4172K, reserved 1048576K
2015-08-03T21:38:25.647-0200: 560.136: [GC (Allocation Failure) 560.136: [ParNew
Desired survivor size 20112992 bytes, new threshold 8 (max 8)
- age   1:     429336 bytes,     429336 total
- age   2:      88584 bytes,     517920 total
- age   3:      95784 bytes,     613704 total
- age   4:     116776 bytes,     730480 total
- age   5:      52872 bytes,     783352 total
- age   6:     476856 bytes,    1260208 total
- age   7:    4635448 bytes,    5895656 total
- age   8:      67216 bytes,    5962872 total
: 97385K->8106K(109248K), 0.0252257 secs] 133671K->44484K(502464K), 0.0253519 secs] [Times: user=0.04 sys=0.00, real=0.03 secs] 
Heap after GC invocations=74 (full 1):
 par new generation   total 109248K, used 8106K [0x000000011d400000, 0x0000000125400000, 0x0000000125400000)
  eden space 87424K,   0% used [0x000000011d400000, 0x000000011d400000, 0x0000000122960000)
  from space 21824K,  37% used [0x0000000122960000, 0x000000012314aa48, 0x0000000123eb0000)
  to   space 21824K,   0% used [0x0000000123eb0000, 0x0000000123eb0000, 0x0000000125400000)
 concurrent mark-sweep generation total 393216K, used 36377K [0x0000000125400000, 0x000000013d400000, 0x000000013d400000)
 Metaspace       used 34885K, capacity 35456K, committed 35660K, reserved 1081344K
  class space    used 3899K, capacity 4059K, committed 4172K, reserved 1048576K
}
2015-08-03T21:38:25.672-0200: 560.161: Total time for which application threads were stopped: 0.0513043 seconds, Stopping threads took: 0.0255040 seconds
2015-08-03T21:38:25.924-0200: 560.413: Total time for which application threads were stopped: 0.0003355 seconds, Stopping threads took: 0.0000643 seconds
2015-08-03T21:38:26.028-0200: 560.517: Total time for which application threads were stopped: 0.0725303 seconds, Stopping threads took: 0.0722931 seconds
2015-08-03T21:38:27.031-0200: 561.520: Total time for which application threads were stopped: 0.0002105 seconds, Stopping threads took: 0.0000330 seconds
2015-08-03T21:39:26.207-0200: 620.698: Total time for which application threads were stopped: 0.0002448 seconds, Stopping threads took: 0.0000467 seconds
2015-08-03T21:39:27.851-0200: 622.342: Total time for which application threads were stopped: 0.0007396 seconds, Stopping threads took: 0.0000226 seconds
2015-08-03T21:39:28.851-0200: 623.342: Total time for which application threads were stopped: 0.0002058 seconds, Stopping threads took: 0.0000381 seconds
2015-08-03T21:39:56.915-0200: 651.407: Total time for which application threads were stopped: 0.0004044 seconds, Stopping threads took: 0.0001423 seconds
2015-08-03T21:39:56.918-0200: 651.410: Total time for which application threads were stopped: 0.0011323 seconds, Stopping threads took: 0.0000349 seconds
2015-08-03T21:39:56.918-0200: 651.410: Total time for which application threads were stopped: 0.0001097 seconds, Stopping threads took: 0.0000123 seconds
2015-08-03T21:39:56.927-0200: 651.419: Total time for which application threads were stopped: 0.0001606 seconds, Stopping threads took: 0.0000236 seconds
2015-08-03T21:39:56.942-0200: 651.434: Total time for which application threads were stopped: 0.0002613 seconds, Stopping threads took: 0.0000616 seconds
2015-08-03T21:39:56.944-0200: 651.436: Total time for which application threads were stopped: 0.0001599 seconds, Stopping threads took: 0.0000252 seconds
2015-08-03T21:39:56.945-0200: 651.437: Total time for which application threads were stopped: 0.0001567 seconds, Stopping threads took: 0.0000153 seconds
2015-08-03T21:39:56.947-0200: 651.439: Total time for which application threads were stopped: 0.0002071 seconds, Stopping threads took: 0.0000553 seconds
2015-08-03T21:39:56.953-0200: 651.445: Total time for which application threads were stopped: 0.0034635 seconds, Stopping threads took: 0.0031471 seconds
2015-08-03T21:39:56.954-0200: 651.446: Total time for which application threads were stopped: 0.0002505 seconds, Stopping threads took: 0.0000802 seconds
2015-08-03T21:40:07.985-0200: 662.478: Total time for which application threads were stopped: 0.0003690 seconds, Stopping threads took: 0.0000627 seconds
2015-08-03T21:40:22.678-0200: 677.171: Total time for which application threads were stopped: 0.0002254 seconds, Stopping threads took: 0.0000573 seconds
2015-08-03T21:40:22.680-0200: 677.173: Total time for which application threads were stopped: 0.0005021 seconds, Stopping threads took: 0.0000223 seconds
2015-08-03T21:40:22.781-0200: 677.274: Total time for which application threads were stopped: 0.0009074 seconds, Stopping threads took: 0.0002900 seconds
{Heap before GC invocations=74 (full 1):
 par new generation   total 109248K, used 95530K [0x000000011d400000, 0x0000000125400000, 0x0000000125400000)
  eden space 87424K, 100% used [0x000000011d400000, 0x0000000122960000, 0x0000000122960000)
  from space 21824K,  37% used [0x0000000122960000, 0x000000012314aa48, 0x0000000123eb0000)
  to   space 21824K,   0% used [0x0000000123eb0000, 0x0000000123eb0000, 0x0000000125400000)
 concurrent mark-sweep generation total 393216K, used 36377K [0x0000000125400000, 0x000000013d400000, 0x000000013d400000)
 Metaspace       used 35135K, capacity 35680K, committed 35916K, reserved 1081344K
  class space    used 3928K, capacity 4091K, committed 4172K, reserved 1048576K
2015-08-03T21:40:22.937-0200: 677.430: [GC (Allocation Failure) 677.430: [ParNew
Desired survivor size 20112992 bytes, new threshold 8 (max 8)
- age   1:    5842568 bytes,    5842568 total
- age   2:     397696 bytes,    6240264 total
- age   3:      88584 bytes,    6328848 total
- age   4:      95736 bytes,    6424584 total
- age   5:     116776 bytes,    6541360 total
- age   6:      52872 bytes,    6594232 total
- age   7:      36992 bytes,    6631224 total
- age   8:    2217328 bytes,    8848552 total
: 95530K->10222K(109248K), 0.2577299 secs] 131908K->46667K(502464K), 0.2578675 secs] [Times: user=0.09 sys=0.12, real=0.26 secs] 
Heap after GC invocations=75 (full 1):
 par new generation   total 109248K, used 10222K [0x000000011d400000, 0x0000000125400000, 0x0000000125400000)
  eden space 87424K,   0% used [0x000000011d400000, 0x000000011d400000, 0x0000000122960000)
  from space 21824K,  46% used [0x0000000123eb0000, 0x00000001248ab8c0, 0x0000000125400000)
  to   space 21824K,   0% used [0x0000000122960000, 0x0000000122960000, 0x0000000123eb0000)
 concurrent mark-sweep generation total 393216K, used 36445K [0x0000000125400000, 0x000000013d400000, 0x000000013d400000)
 Metaspace       used 35135K, capacity 35680K, committed 35916K, reserved 1081344K
  class space    used 3928K, capacity 4091K, committed 4172K, reserved 1048576K
}
2015-08-03T21:40:23.195-0200: 677.688: Total time for which application threads were stopped: 0.2612747 seconds, Stopping threads took: 0.0024141 seconds
{Heap before GC invocations=75 (full 1):
 par new generation   total 109248K, used 97646K [0x000000011d400000, 0x0000000125400000, 0x0000000125400000)
  eden space 87424K, 100% used [0x000000011d400000, 0x0000000122960000, 0x0000000122960000)
  from space 21824K,  46% used [0x0000000123eb0000, 0x00000001248ab8c0, 0x0000000125400000)
  to   space 21824K,   0% used [0x0000000122960000, 0x0000000122960000, 0x0000000123eb0000)
 concurrent mark-sweep generation total 393216K, used 36445K [0x0000000125400000, 0x000000013d400000, 0x000000013d400000)
 Metaspace       used 35136K, capacity 35680K, committed 35916K, reserved 1081344K
  class space    used 3928K, capacity 4091K, committed 4172K, reserved 1048576K
2015-08-03T21:40:23.271-0200: 677.764: [GC (Allocation Failure) 677.764: [ParNew
Desired survivor size 20112992 bytes, new threshold 8 (max 8)
- age   1:     862552 bytes,     862552 total
- age   2:    5018728 bytes,    5881280 total
- age   3:     397696 bytes,    6278976 total
- age   4:      88584 bytes,    6367560 total
- age   5:      95736 bytes,    6463296 total
- age   6:     116776 bytes,    6580072 total
- age   7:      52872 bytes,    6632944 total
- age   8:      36992 bytes,    6669936 total
: 97646K->9013K(109248K), 0.0636419 secs] 134091K->47636K(502464K), 0.0637240 secs] [Times: user=0.08 sys=0.02, real=0.06 secs] 
Heap after GC invocations=76 (full 1):
 par new generation   total 109248K, used 9013K [0x000000011d400000, 0x0000000125400000, 0x0000000125400000)
  eden space 87424K,   0% used [0x000000011d400000, 0x000000011d400000, 0x0000000122960000)
  from space 21824K,  41% used [0x0000000122960000, 0x000000012322d728, 0x0000000123eb0000)
  to   space 21824K,   0% used [0x0000000123eb0000, 0x0000000123eb0000, 0x0000000125400000)
 concurrent mark-sweep generation total 393216K, used 38622K [0x0000000125400000, 0x000000013d400000, 0x000000013d400000)
 Metaspace       used 35136K, capacity 35680K, committed 35916K, reserved 1081344K
  class space    used 3928K, capacity 4091K, committed 4172K, reserved 1048576K
}
2015-08-03T21:40:23.335-0200: 677.828: Total time for which application threads were stopped: 0.0642300 seconds, Stopping threads took: 0.0000583 seconds
{Heap before GC invocations=76 (full 1):
 par new generation   total 109248K, used 96437K [0x000000011d400000, 0x0000000125400000, 0x0000000125400000)
  eden space 87424K, 100% used [0x000000011d400000, 0x0000000122960000, 0x0000000122960000)
  from space 21824K,  41% used [0x0000000122960000, 0x000000012322d728, 0x0000000123eb0000)
  to   space 21824K,   0% used [0x0000000123eb0000, 0x0000000123eb0000, 0x0000000125400000)
 concurrent mark-sweep generation total 393216K, used 38622K [0x0000000125400000, 0x000000013d400000, 0x000000013d400000)
 Metaspace       used 35136K, capacity 35680K, committed 35916K, reserved 1081344K
  class space    used 3928K, capacity 4091K, committed 4172K, reserved 1048576K
2015-08-03T21:40:23.357-0200: 677.850: [GC (Allocation Failure) 677.850: [ParNew
Desired survivor size 20112992 bytes, new threshold 8 (max 8)
- age   1:     532800 bytes,     532800 total
- age   2:      39912 bytes,     572712 total
- age   3:    5018688 bytes,    5591400 total
- age   4:     397696 bytes,    5989096 total
- age   5:      88584 bytes,    6077680 total
- age   6:      95736 bytes,    6173416 total
- age   7:     116776 bytes,    6290192 total
- age   8:      52872 bytes,    6343064 total
: 96437K->7429K(109248K), 0.0454442 secs] 135060K->46090K(502464K), 0.0455524 secs] [Times: user=0.03 sys=0.00, real=0.05 secs] 
Heap after GC invocations=77 (full 1):
 par new generation   total 109248K, used 7429K [0x000000011d400000, 0x0000000125400000, 0x0000000125400000)
  eden space 87424K,   0% used [0x000000011d400000, 0x000000011d400000, 0x0000000122960000)
  from space 21824K,  34% used [0x0000000123eb0000, 0x00000001245f1568, 0x0000000125400000)
  to   space 21824K,   0% used [0x0000000122960000, 0x0000000122960000, 0x0000000123eb0000)
 concurrent mark-sweep generation total 393216K, used 38661K [0x0000000125400000, 0x000000013d400000, 0x000000013d400000)
 Metaspace       used 35136K, capacity 35680K, committed 35916K, reserved 1081344K
  class space    used 3928K, capacity 4091K, committed 4172K, reserved 1048576K
}
2015-08-03T21:40:23.402-0200: 677.895: Total time for which application threads were stopped: 0.0461892 seconds, Stopping threads took: 0.0001553 seconds
{Heap before GC invocations=77 (full 1):
 par new generation   total 109248K, used 94853K [0x000000011d400000, 0x0000000125400000, 0x0000000125400000)
  eden space 87424K, 100% used [0x000000011d400000, 0x0000000122960000, 0x0000000122960000)
  from space 21824K,  34% used [0x0000000123eb0000, 0x00000001245f1568, 0x0000000125400000)
  to   space 21824K,   0% used [0x0000000122960000, 0x0000000122960000, 0x0000000123eb0000)
 concurrent mark-sweep generation total 393216K, used 38661K [0x0000000125400000, 0x000000013d400000, 0x000000013d400000)
 Metaspace       used 35136K, capacity 35680K, committed 35916K, reserved 1081344K
  class space    used 3928K, capacity 4091K, committed 4172K, reserved 1048576K
2015-08-03T21:40:23.433-0200: 677.926: [GC (Allocation Failure) 677.926: [ParNew
Desired survivor size 20112992 bytes, new threshold 8 (max 8)
- age   1:     918152 bytes,     918152 total
- age   2:      72544 bytes,     990696 total
- age   3:      39912 bytes,    1030608 total
- age   4:    5018688 bytes,    6049296 total
- age   5:     397696 bytes,    6446992 total
- age   6:      88584 bytes,    6535576 total
- age   7:      95736 bytes,    6631312 total
- age   8:     116776 bytes,    6748088 total
: 94853K->11414K(109248K), 0.0546652 secs] 133514K->50129K(502464K), 0.0547440 secs] [Times: user=0.04 sys=0.01, real=0.05 secs] 
Heap after GC invocations=78 (full 1):
 par new generation   total 109248K, used 11414K [0x000000011d400000, 0x0000000125400000, 0x0000000125400000)
  eden space 87424K,   0% used [0x000000011d400000, 0x000000011d400000, 0x0000000122960000)
  from space 21824K,  52% used [0x0000000122960000, 0x0000000123485940, 0x0000000123eb0000)
  to   space 21824K,   0% used [0x0000000123eb0000, 0x0000000123eb0000, 0x0000000125400000)
 concurrent mark-sweep generation total 393216K, used 38714K [0x0000000125400000, 0x000000013d400000, 0x000000013d400000)
 Metaspace       used 35136K, capacity 35680K, committed 35916K, reserved 1081344K
  class space    used 3928K, capacity 4091K, committed 4172K, reserved 1048576K
}
2015-08-03T21:40:23.487-0200: 677.980: Total time for which application threads were stopped: 0.0552854 seconds, Stopping threads took: 0.0001571 seconds
{Heap before GC invocations=78 (full 1):
 par new generation   total 109248K, used 98838K [0x000000011d400000, 0x0000000125400000, 0x0000000125400000)
  eden space 87424K, 100% used [0x000000011d400000, 0x0000000122960000, 0x0000000122960000)
  from space 21824K,  52% used [0x0000000122960000, 0x0000000123485940, 0x0000000123eb0000)
  to   space 21824K,   0% used [0x0000000123eb0000, 0x0000000123eb0000, 0x0000000125400000)
 concurrent mark-sweep generation total 393216K, used 38714K [0x0000000125400000, 0x000000013d400000, 0x000000013d400000)
 Metaspace       used 35136K, capacity 35680K, committed 35916K, reserved 1081344K
  class space    used 3928K, capacity 4091K, committed 4172K, reserved 1048576K
2015-08-03T21:40:23.525-0200: 678.018: [GC (Allocation Failure) 678.018: [ParNew
Desired survivor size 20112992 bytes, new threshold 8 (max 8)
- age   1:    1241152 bytes,    1241152 total
- age   2:     117440 bytes,    1358592 total
- age   3:      70864 bytes,    1429456 total
- age   4:      39640 bytes,    1469096 total
- age   5:    5018744 bytes,    6487840 total
- age   6:     397696 bytes,    6885536 total
- age   7:      88584 bytes,    6974120 total
- age   8:      95736 bytes,    7069856 total
: 98838K->9222K(109248K), 0.0688771 secs] 137553K->48054K(502464K), 0.0689827 secs] [Times: user=0.05 sys=0.00, real=0.07 secs] 
Heap after GC invocations=79 (full 1):
 par new generation   total 109248K, used 9222K [0x000000011d400000, 0x0000000125400000, 0x0000000125400000)
  eden space 87424K,   0% used [0x000000011d400000, 0x000000011d400000, 0x0000000122960000)
  from space 21824K,  42% used [0x0000000123eb0000, 0x00000001247b1b60, 0x0000000125400000)
  to   space 21824K,   0% used [0x0000000122960000, 0x0000000122960000, 0x0000000123eb0000)
 concurrent mark-sweep generation total 393216K, used 38831K [0x0000000125400000, 0x000000013d400000, 0x000000013d400000)
 Metaspace       used 35136K, capacity 35680K, committed 35916K, reserved 1081344K
  class space    used 3928K, capacity 4091K, committed 4172K, reserved 1048576K
}
2015-08-03T21:40:23.594-0200: 678.087: Total time for which application threads were stopped: 0.0694911 seconds, Stopping threads took: 0.0001585 seconds
{Heap before GC invocations=79 (full 1):
 par new generation   total 109248K, used 96646K [0x000000011d400000, 0x0000000125400000, 0x0000000125400000)
  eden space 87424K, 100% used [0x000000011d400000, 0x0000000122960000, 0x0000000122960000)
  from space 21824K,  42% used [0x0000000123eb0000, 0x00000001247b1b60, 0x0000000125400000)
  to   space 21824K,   0% used [0x0000000122960000, 0x0000000122960000, 0x0000000123eb0000)
 concurrent mark-sweep generation total 393216K, used 38831K [0x0000000125400000, 0x000000013d400000, 0x000000013d400000)
 Metaspace       used 35136K, capacity 35680K, committed 35916K, reserved 1081344K
  class space    used 3928K, capacity 4091K, committed 4172K, reserved 1048576K
2015-08-03T21:40:23.644-0200: 678.137: [GC (Allocation Failure) 678.137: [ParNew
Desired survivor size 20112992 bytes, new threshold 8 (max 8)
- age   1:     621104 bytes,     621104 total
- age   2:      96992 bytes,     718096 total
- age   3:     117440 bytes,     835536 total
- age   4:      70864 bytes,     906400 total
- age   5:      39640 bytes,     946040 total
- age   6:    5018688 bytes,    5964728 total
- age   7:     397696 bytes,    6362424 total
- age   8:      88584 bytes,    6451008 total
: 96646K->6715K(109248K), 0.0584122 secs] 135478K->45642K(502464K), 0.0585210 secs] [Times: user=0.05 sys=0.00, real=0.06 secs] 
Heap after GC invocations=80 (full 1):
 par new generation   total 109248K, used 6715K [0x000000011d400000, 0x0000000125400000, 0x0000000125400000)
  eden space 87424K,   0% used [0x000000011d400000, 0x000000011d400000, 0x0000000122960000)
  from space 21824K,  30% used [0x0000000122960000, 0x0000000122feecc0, 0x0000000123eb0000)
  to   space 21824K,   0% used [0x0000000123eb0000, 0x0000000123eb0000, 0x0000000125400000)
 concurrent mark-sweep generation total 393216K, used 38926K [0x0000000125400000, 0x000000013d400000, 0x000000013d400000)
 Metaspace       used 35136K, capacity 35680K, committed 35916K, reserved 1081344K
  class space    used 3928K, capacity 4091K, committed 4172K, reserved 1048576K
}
2015-08-03T21:40:23.702-0200: 678.195: Total time for which application threads were stopped: 0.0591554 seconds, Stopping threads took: 0.0001484 seconds
{Heap before GC invocations=80 (full 1):
 par new generation   total 109248K, used 94139K [0x000000011d400000, 0x0000000125400000, 0x0000000125400000)
  eden space 87424K, 100% used [0x000000011d400000, 0x0000000122960000, 0x0000000122960000)
  from space 21824K,  30% used [0x0000000122960000, 0x0000000122feecc0, 0x0000000123eb0000)
  to   space 21824K,   0% used [0x0000000123eb0000, 0x0000000123eb0000, 0x0000000125400000)
 concurrent mark-sweep generation total 393216K, used 38926K [0x0000000125400000, 0x000000013d400000, 0x000000013d400000)
 Metaspace       used 35139K, capacity 35680K, committed 35916K, reserved 1081344K
  class space    used 3928K, capacity 4091K, committed 4172K, reserved 1048576K
2015-08-03T21:40:24.073-0200: 678.566: [GC (Allocation Failure) 678.566: [ParNew
Desired survivor size 20112992 bytes, new threshold 8 (max 8)
- age   1:    2144320 bytes,    2144320 total
- age   2:      83664 bytes,    2227984 total
- age   3:      94880 bytes,    2322864 total
- age   4:     116600 bytes,    2439464 total
- age   5:      69616 bytes,    2509080 total
- age   6:      38056 bytes,    2547136 total
- age   7:    2477688 bytes,    5024824 total
- age   8:     397696 bytes,    5422520 total
: 94139K->9737K(109248K), 0.0294131 secs] 133066K->48753K(502464K), 0.0294970 secs] [Times: user=0.04 sys=0.00, real=0.03 secs] 
Heap after GC invocations=81 (full 1):
 par new generation   total 109248K, used 9737K [0x000000011d400000, 0x0000000125400000, 0x0000000125400000)
  eden space 87424K,   0% used [0x000000011d400000, 0x000000011d400000, 0x0000000122960000)
  from space 21824K,  44% used [0x0000000123eb0000, 0x00000001248325f8, 0x0000000125400000)
  to   space 21824K,   0% used [0x0000000122960000, 0x0000000122960000, 0x0000000123eb0000)
 concurrent mark-sweep generation total 393216K, used 39015K [0x0000000125400000, 0x000000013d400000, 0x000000013d400000)
 Metaspace       used 35139K, capacity 35680K, committed 35916K, reserved 1081344K
  class space    used 3928K, capacity 4091K, committed 4172K, reserved 1048576K
}
2015-08-03T21:40:24.103-0200: 678.596: Total time for which application threads were stopped: 0.0300047 seconds, Stopping threads took: 0.0000259 seconds
2015-08-03T21:40:24.139-0200: 678.632: Total time for which application threads were stopped: 0.0002463 seconds, Stopping threads took: 0.0000471 seconds
2015-08-03T21:40:24.181-0200: 678.674: Total time for which application threads were stopped: 0.0001705 seconds, Stopping threads took: 0.0000223 seconds
2015-08-03T21:40:24.191-0200: 678.684: Total time for which application threads were stopped: 0.0002887 seconds, Stopping threads took: 0.0000233 seconds
2015-08-03T21:40:24.191-0200: 678.684: Total time for which application threads were stopped: 0.0001804 seconds, Stopping threads took: 0.0000648 seconds
2015-08-03T21:40:24.193-0200: 678.686: Total time for which application threads were stopped: 0.0002522 seconds, Stopping threads took: 0.0000523 seconds
2015-08-03T21:40:24.194-0200: 678.687: Total time for which application threads were stopped: 0.0007444 seconds, Stopping threads took: 0.0005897 seconds
2015-08-03T21:40:24.195-0200: 678.689: Total time for which application threads were stopped: 0.0002331 seconds, Stopping threads took: 0.0000240 seconds
2015-08-03T21:40:24.211-0200: 678.704: Total time for which application threads were stopped: 0.0109271 seconds, Stopping threads took: 0.0107144 seconds
2015-08-03T21:40:24.211-0200: 678.704: Total time for which application threads were stopped: 0.0001401 seconds, Stopping threads took: 0.0000152 seconds
2015-08-03T21:40:24.211-0200: 678.704: Total time for which application threads were stopped: 0.0001265 seconds, Stopping threads took: 0.0000117 seconds
2015-08-03T21:40:24.212-0200: 678.705: Total time for which application threads were stopped: 0.0001185 seconds, Stopping threads took: 0.0000115 seconds
2015-08-03T21:40:24.235-0200: 678.728: Total time for which application threads were stopped: 0.0003985 seconds, Stopping threads took: 0.0001255 seconds
2015-08-03T21:40:24.235-0200: 678.728: Total time for which application threads were stopped: 0.0003754 seconds, Stopping threads took: 0.0002435 seconds
2015-08-03T21:40:24.235-0200: 678.728: Total time for which application threads were stopped: 0.0001439 seconds, Stopping threads took: 0.0000272 seconds
2015-08-03T21:40:24.237-0200: 678.730: Total time for which application threads were stopped: 0.0004277 seconds, Stopping threads took: 0.0001972 seconds
2015-08-03T21:40:24.237-0200: 678.730: Total time for which application threads were stopped: 0.0002154 seconds, Stopping threads took: 0.0000725 seconds
2015-08-03T21:40:24.237-0200: 678.730: Total time for which application threads were stopped: 0.0001425 seconds, Stopping threads took: 0.0000212 seconds
2015-08-03T21:40:25.242-0200: 679.735: Total time for which application threads were stopped: 0.0004504 seconds, Stopping threads took: 0.0000799 seconds
2015-08-03T21:40:46.987-0200: 701.481: Total time for which application threads were stopped: 0.0003688 seconds, Stopping threads took: 0.0000418 seconds
2015-08-03T21:40:46.998-0200: 701.491: Total time for which application threads were stopped: 0.0002783 seconds, Stopping threads took: 0.0000463 seconds
2015-08-03T21:40:47.000-0200: 701.493: Total time for which application threads were stopped: 0.0002094 seconds, Stopping threads took: 0.0000285 seconds
2015-08-03T21:40:47.000-0200: 701.494: Total time for which application threads were stopped: 0.0001668 seconds, Stopping threads took: 0.0000362 seconds
2015-08-03T21:40:47.005-0200: 701.499: Total time for which application threads were stopped: 0.0002389 seconds, Stopping threads took: 0.0000544 seconds
2015-08-03T21:40:47.011-0200: 701.505: Total time for which application threads were stopped: 0.0002074 seconds, Stopping threads took: 0.0000240 seconds
2015-08-03T21:40:47.012-0200: 701.506: Total time for which application threads were stopped: 0.0001580 seconds, Stopping threads took: 0.0000203 seconds
2015-08-03T21:40:47.012-0200: 701.506: Total time for which application threads were stopped: 0.0003287 seconds, Stopping threads took: 0.0000093 seconds
2015-08-03T21:40:47.044-0200: 701.538: Total time for which application threads were stopped: 0.0002462 seconds, Stopping threads took: 0.0000491 seconds
2015-08-03T21:40:48.047-0200: 702.541: Total time for which application threads were stopped: 0.0004217 seconds, Stopping threads took: 0.0000972 seconds
2015-08-03T21:41:08.090-0200: 722.585: Total time for which application threads were stopped: 0.0003225 seconds, Stopping threads took: 0.0000560 seconds
2015-08-03T21:41:51.411-0200: 765.907: Total time for which application threads were stopped: 0.0001811 seconds, Stopping threads took: 0.0000208 seconds
2015-08-03T21:41:51.425-0200: 765.921: Total time for which application threads were stopped: 0.0002743 seconds, Stopping threads took: 0.0000357 seconds
2015-08-03T21:41:51.427-0200: 765.923: Total time for which application threads were stopped: 0.0002852 seconds, Stopping threads took: 0.0000405 seconds
2015-08-03T21:41:51.439-0200: 765.935: Total time for which application threads were stopped: 0.0003771 seconds, Stopping threads took: 0.0001721 seconds
2015-08-03T21:41:51.439-0200: 765.935: Total time for which application threads were stopped: 0.0003070 seconds, Stopping threads took: 0.0000586 seconds
2015-08-03T21:41:51.440-0200: 765.936: Total time for which application threads were stopped: 0.0002097 seconds, Stopping threads took: 0.0000450 seconds
2015-08-03T21:46:40.128-0200: 1054.634: Total time for which application threads were stopped: 0.0031668 seconds, Stopping threads took: 0.0009572 seconds
2015-08-03T21:47:02.183-0200: 1076.690: Total time for which application threads were stopped: 0.0003142 seconds, Stopping threads took: 0.0000653 seconds
2015-08-03T21:49:22.521-0200: 1217.032: Total time for which application threads were stopped: 0.0052272 seconds, Stopping threads took: 0.0003115 seconds
2015-08-03T22:22:08.368-0200: 3182.938: Total time for which application threads were stopped: 0.0031803 seconds, Stopping threads took: 0.0014707 seconds
2015-08-03T22:44:31.951-0200: 4526.558: Total time for which application threads were stopped: 0.0044513 seconds, Stopping threads took: 0.0023975 seconds
2015-08-03T23:37:38.487-0200: 7713.182: Total time for which application threads were stopped: 0.0035141 seconds, Stopping threads took: 0.0020577 seconds
2015-08-04T01:11:10.338-0200: 9124.359: Total time for which application threads were stopped: 0.0099799 seconds, Stopping threads took: 0.0019267 seconds
2015-08-04T01:11:10.349-0200: 9124.370: Total time for which application threads were stopped: 0.0097610 seconds, Stopping threads took: 0.0095079 seconds
2015-08-04T01:11:10.365-0200: 9124.386: Total time for which application threads were stopped: 0.0068038 seconds, Stopping threads took: 0.0065303 seconds
2015-08-04T01:11:10.384-0200: 9124.405: Total time for which application threads were stopped: 0.0071931 seconds, Stopping threads took: 0.0070018 seconds
2015-08-04T01:11:10.411-0200: 9124.432: Total time for which application threads were stopped: 0.0213475 seconds, Stopping threads took: 0.0111754 seconds
2015-08-04T01:11:10.615-0200: 9124.636: Total time for which application threads were stopped: 0.0051445 seconds, Stopping threads took: 0.0048587 seconds
2015-08-04T01:11:10.623-0200: 9124.644: Total time for which application threads were stopped: 0.0067419 seconds, Stopping threads took: 0.0065624 seconds
2015-08-04T01:11:10.647-0200: 9124.668: Total time for which application threads were stopped: 0.0017165 seconds, Stopping threads took: 0.0014941 seconds
2015-08-04T01:11:10.702-0200: 9124.723: Total time for which application threads were stopped: 0.0002753 seconds, Stopping threads took: 0.0000266 seconds
2015-08-04T01:11:10.810-0200: 9124.831: Total time for which application threads were stopped: 0.0032300 seconds, Stopping threads took: 0.0029355 seconds
2015-08-04T01:11:10.814-0200: 9124.835: Total time for which application threads were stopped: 0.0018865 seconds, Stopping threads took: 0.0016521 seconds
2015-08-04T01:11:10.814-0200: 9124.835: Total time for which application threads were stopped: 0.0006413 seconds, Stopping threads took: 0.0000265 seconds
2015-08-04T01:11:10.816-0200: 9124.837: Total time for which application threads were stopped: 0.0001811 seconds, Stopping threads took: 0.0000437 seconds
2015-08-04T01:11:10.867-0200: 9124.888: Total time for which application threads were stopped: 0.0135967 seconds, Stopping threads took: 0.0133506 seconds
2015-08-04T01:11:10.928-0200: 9124.949: Total time for which application threads were stopped: 0.0413553 seconds, Stopping threads took: 0.0411935 seconds
2015-08-04T20:42:25.137-0200: 9153.916: Total time for which application threads were stopped: 0.0716416 seconds, Stopping threads took: 0.0004536 seconds
2015-08-04T20:42:26.337-0200: 9155.116: Total time for which application threads were stopped: 0.0380160 seconds, Stopping threads took: 0.0008104 seconds
2015-08-04T20:42:26.585-0200: 9155.365: Total time for which application threads were stopped: 0.0044053 seconds, Stopping threads took: 0.0042538 seconds
2015-08-04T20:42:26.614-0200: 9155.393: Total time for which application threads were stopped: 0.0281210 seconds, Stopping threads took: 0.0279046 seconds
2015-08-04T20:42:27.629-0200: 9156.409: Total time for which application threads were stopped: 0.0054470 seconds, Stopping threads took: 0.0052604 seconds
2015-08-04T20:42:28.751-0200: 9157.530: Total time for which application threads were stopped: 0.1198137 seconds, Stopping threads took: 0.0842648 seconds
2015-08-04T20:42:29.129-0200: 9157.908: Total time for which application threads were stopped: 0.0002614 seconds, Stopping threads took: 0.0000284 seconds
2015-08-04T20:42:29.874-0200: 9158.653: Total time for which application threads were stopped: 0.0002327 seconds, Stopping threads took: 0.0000271 seconds
2015-08-04T20:42:29.986-0200: 9158.765: Total time for which application threads were stopped: 0.0339443 seconds, Stopping threads took: 0.0337984 seconds
2015-08-04T20:42:30.324-0200: 9159.103: Total time for which application threads were stopped: 0.0079607 seconds, Stopping threads took: 0.0077794 seconds
2015-08-04T20:42:30.351-0200: 9159.130: Total time for which application threads were stopped: 0.0097911 seconds, Stopping threads took: 0.0014072 seconds
2015-08-04T20:42:30.641-0200: 9159.421: Total time for which application threads were stopped: 0.0002106 seconds, Stopping threads took: 0.0000293 seconds
2015-08-04T20:42:30.642-0200: 9159.421: Total time for which application threads were stopped: 0.0001013 seconds, Stopping threads took: 0.0000111 seconds
2015-08-04T20:42:30.726-0200: 9159.505: Total time for which application threads were stopped: 0.0067562 seconds, Stopping threads took: 0.0000236 seconds
2015-08-04T20:42:30.745-0200: 9159.524: Total time for which application threads were stopped: 0.0002435 seconds, Stopping threads took: 0.0000333 seconds
2015-08-04T20:42:31.757-0200: 9160.536: Total time for which application threads were stopped: 0.0084535 seconds, Stopping threads took: 0.0082355 seconds
2015-08-04T20:42:31.941-0200: 9160.720: Total time for which application threads were stopped: 0.0002498 seconds, Stopping threads took: 0.0000616 seconds
2015-08-04T20:42:31.942-0200: 9160.721: Total time for which application threads were stopped: 0.0008293 seconds, Stopping threads took: 0.0006599 seconds
2015-08-04T20:42:31.945-0200: 9160.724: Total time for which application threads were stopped: 0.0003192 seconds, Stopping threads took: 0.0001404 seconds
2015-08-04T20:42:31.947-0200: 9160.726: Total time for which application threads were stopped: 0.0001768 seconds, Stopping threads took: 0.0000255 seconds
2015-08-04T20:42:31.952-0200: 9160.731: Total time for which application threads were stopped: 0.0046267 seconds, Stopping threads took: 0.0044498 seconds
2015-08-04T20:42:35.959-0200: 9164.739: Total time for which application threads were stopped: 0.0004123 seconds, Stopping threads took: 0.0001355 seconds
2015-08-04T20:42:37.964-0200: 9166.743: Total time for which application threads were stopped: 0.0001984 seconds, Stopping threads took: 0.0000308 seconds
2015-08-04T20:42:39.971-0200: 9168.750: Total time for which application threads were stopped: 0.0001933 seconds, Stopping threads took: 0.0000311 seconds
2015-08-04T20:42:41.970-0200: 9170.749: Total time for which application threads were stopped: 0.0001884 seconds, Stopping threads took: 0.0000287 seconds
2015-08-04T20:42:41.983-0200: 9170.763: Total time for which application threads were stopped: 0.0039203 seconds, Stopping threads took: 0.0037100 seconds
2015-08-04T20:42:41.986-0200: 9170.765: Total time for which application threads were stopped: 0.0002235 seconds, Stopping threads took: 0.0000559 seconds
2015-08-04T20:42:41.986-0200: 9170.766: Total time for which application threads were stopped: 0.0001434 seconds, Stopping threads took: 0.0000288 seconds
2015-08-04T20:42:42.036-0200: 9170.816: Total time for which application threads were stopped: 0.0002163 seconds, Stopping threads took: 0.0000241 seconds
2015-08-04T20:42:42.574-0200: 9171.353: Total time for which application threads were stopped: 0.0002166 seconds, Stopping threads took: 0.0000219 seconds
2015-08-04T20:42:43.574-0200: 9172.354: Total time for which application threads were stopped: 0.0002036 seconds, Stopping threads took: 0.0000319 seconds
2015-08-04T20:42:49.078-0200: 9177.858: Total time for which application threads were stopped: 0.0004886 seconds, Stopping threads took: 0.0001407 seconds
2015-08-04T20:42:49.206-0200: 9177.986: Total time for which application threads were stopped: 0.0002279 seconds, Stopping threads took: 0.0000471 seconds
2015-08-04T20:42:49.620-0200: 9178.400: Total time for which application threads were stopped: 0.0019474 seconds, Stopping threads took: 0.0015174 seconds
2015-08-04T20:42:49.683-0200: 9178.463: Total time for which application threads were stopped: 0.0003127 seconds, Stopping threads took: 0.0000538 seconds
2015-08-04T20:42:49.787-0200: 9178.567: Total time for which application threads were stopped: 0.0002813 seconds, Stopping threads took: 0.0000282 seconds
2015-08-04T20:42:50.789-0200: 9179.569: Total time for which application threads were stopped: 0.0002458 seconds, Stopping threads took: 0.0000431 seconds
2015-08-04T20:44:48.889-0200: 9297.672: Total time for which application threads were stopped: 0.0022130 seconds, Stopping threads took: 0.0008789 seconds
2015-08-04T20:44:48.890-0200: 9297.673: Total time for which application threads were stopped: 0.0001581 seconds, Stopping threads took: 0.0000182 seconds
2015-08-04T20:44:48.892-0200: 9297.675: Total time for which application threads were stopped: 0.0001479 seconds, Stopping threads took: 0.0000464 seconds
2015-08-04T20:44:48.895-0200: 9297.679: Total time for which application threads were stopped: 0.0017736 seconds, Stopping threads took: 0.0000196 seconds
2015-08-04T20:44:49.095-0200: 9297.878: Total time for which application threads were stopped: 0.0002428 seconds, Stopping threads took: 0.0000375 seconds
2015-08-04T20:44:49.097-0200: 9297.880: Total time for which application threads were stopped: 0.0003681 seconds, Stopping threads took: 0.0001135 seconds
2015-08-04T20:44:49.154-0200: 9297.937: Total time for which application threads were stopped: 0.0022851 seconds, Stopping threads took: 0.0020585 seconds
2015-08-04T20:44:49.154-0200: 9297.938: Total time for which application threads were stopped: 0.0001248 seconds, Stopping threads took: 0.0000384 seconds
2015-08-04T20:44:49.164-0200: 9297.947: Total time for which application threads were stopped: 0.0032288 seconds, Stopping threads took: 0.0030192 seconds
2015-08-04T20:44:49.195-0200: 9297.978: Total time for which application threads were stopped: 0.0002110 seconds, Stopping threads took: 0.0000432 seconds
2015-08-04T20:44:50.196-0200: 9298.979: Total time for which application threads were stopped: 0.0002065 seconds, Stopping threads took: 0.0000527 seconds
2015-08-04T20:44:51.616-0200: 9300.399: Total time for which application threads were stopped: 0.0004236 seconds, Stopping threads took: 0.0000426 seconds
2015-08-04T20:44:51.653-0200: 9300.436: Total time for which application threads were stopped: 0.0004858 seconds, Stopping threads took: 0.0000286 seconds
2015-08-04T20:44:51.663-0200: 9300.447: Total time for which application threads were stopped: 0.0030829 seconds, Stopping threads took: 0.0000253 seconds
2015-08-04T20:44:51.665-0200: 9300.448: Total time for which application threads were stopped: 0.0001837 seconds, Stopping threads took: 0.0000270 seconds
2015-08-04T20:44:52.104-0200: 9300.888: Total time for which application threads were stopped: 0.0002490 seconds, Stopping threads took: 0.0000277 seconds
2015-08-04T20:44:56.229-0200: 9305.013: Total time for which application threads were stopped: 0.0001384 seconds, Stopping threads took: 0.0000219 seconds
2015-08-04T21:06:26.141-0200: 10598.203: Total time for which application threads were stopped: 0.0014869 seconds, Stopping threads took: 0.0003827 seconds
2015-08-04T21:30:21.185-0200: 12033.296: Total time for which application threads were stopped: 0.0045686 seconds, Stopping threads took: 0.0022443 seconds
2015-08-04T22:03:33.696-0200: 14025.863: Total time for which application threads were stopped: 0.0031639 seconds, Stopping threads took: 0.0009523 seconds
2015-08-05T00:52:12.101-0200: 24144.543: Total time for which application threads were stopped: 0.0032980 seconds, Stopping threads took: 0.0010967 seconds
{Heap before GC invocations=81 (full 1):
 par new generation   total 109248K, used 97161K [0x000000011d400000, 0x0000000125400000, 0x0000000125400000)
  eden space 87424K, 100% used [0x000000011d400000, 0x0000000122960000, 0x0000000122960000)
  from space 21824K,  44% used [0x0000000123eb0000, 0x00000001248325f8, 0x0000000125400000)
  to   space 21824K,   0% used [0x0000000122960000, 0x0000000122960000, 0x0000000123eb0000)
 concurrent mark-sweep generation total 393216K, used 39015K [0x0000000125400000, 0x000000013d400000, 0x000000013d400000)
 Metaspace       used 35480K, capacity 36038K, committed 36172K, reserved 1081344K
  class space    used 3968K, capacity 4124K, committed 4172K, reserved 1048576K
2015-08-05T04:46:51.989-0200: 38224.822: [GC (Allocation Failure) 38224.856: [ParNew
Desired survivor size 20112992 bytes, new threshold 8 (max 8)
- age   1:    1334808 bytes,    1334808 total
- age   2:    2147056 bytes,    3481864 total
- age   3:      83664 bytes,    3565528 total
- age   4:      94880 bytes,    3660408 total
- age   5:     116600 bytes,    3777008 total
- age   6:      69616 bytes,    3846624 total
- age   7:      38056 bytes,    3884680 total
- age   8:    2067336 bytes,    5952016 total
: 97161K->6555K(109248K), 0.6311757 secs] 136177K->45964K(502464K), 0.6653910 secs] [Times: user=0.06 sys=0.29, real=0.67 secs] 
Heap after GC invocations=82 (full 1):
 par new generation   total 109248K, used 6555K [0x000000011d400000, 0x0000000125400000, 0x0000000125400000)
  eden space 87424K,   0% used [0x000000011d400000, 0x000000011d400000, 0x0000000122960000)
  from space 21824K,  30% used [0x0000000122960000, 0x0000000122fc6f50, 0x0000000123eb0000)
  to   space 21824K,   0% used [0x0000000123eb0000, 0x0000000123eb0000, 0x0000000125400000)
 concurrent mark-sweep generation total 393216K, used 39408K [0x0000000125400000, 0x000000013d400000, 0x000000013d400000)
 Metaspace       used 35480K, capacity 36038K, committed 36172K, reserved 1081344K
  class space    used 3968K, capacity 4124K, committed 4172K, reserved 1048576K
}
2015-08-05T04:46:52.657-0200: 38225.490: Total time for which application threads were stopped: 0.6772135 seconds, Stopping threads took: 0.0012240 seconds
2015-08-05T04:51:06.196-0200: 38479.037: Total time for which application threads were stopped: 0.0027936 seconds, Stopping threads took: 0.0007022 seconds
2015-08-05T08:48:39.059-0200: 48530.380: Total time for which application threads were stopped: 0.0140980 seconds, Stopping threads took: 0.0022515 seconds
2015-08-05T08:48:39.401-0200: 48530.722: Total time for which application threads were stopped: 0.0003380 seconds, Stopping threads took: 0.0000588 seconds
2015-08-05T08:48:39.415-0200: 48530.736: Total time for which application threads were stopped: 0.0134061 seconds, Stopping threads took: 0.0131520 seconds
2015-08-05T08:48:39.416-0200: 48530.736: Total time for which application threads were stopped: 0.0001516 seconds, Stopping threads took: 0.0000152 seconds
2015-08-05T08:48:39.416-0200: 48530.737: Total time for which application threads were stopped: 0.0001466 seconds, Stopping threads took: 0.0000591 seconds
2015-08-05T08:48:40.258-0200: 48531.579: Total time for which application threads were stopped: 0.0039590 seconds, Stopping threads took: 0.0020172 seconds
2015-08-05T08:48:40.280-0200: 48531.601: Total time for which application threads were stopped: 0.0033645 seconds, Stopping threads took: 0.0013479 seconds
2015-08-05T08:48:40.290-0200: 48531.610: Total time for which application threads were stopped: 0.0011246 seconds, Stopping threads took: 0.0009435 seconds
2015-08-05T08:48:40.298-0200: 48531.618: Total time for which application threads were stopped: 0.0006740 seconds, Stopping threads took: 0.0005448 seconds
2015-08-05T08:48:40.304-0200: 48531.625: Total time for which application threads were stopped: 0.0001951 seconds, Stopping threads took: 0.0000452 seconds
2015-08-05T08:48:40.304-0200: 48531.625: Total time for which application threads were stopped: 0.0001198 seconds, Stopping threads took: 0.0000288 seconds
2015-08-05T08:48:40.360-0200: 48531.681: Total time for which application threads were stopped: 0.0001737 seconds, Stopping threads took: 0.0000370 seconds
2015-08-05T08:48:40.360-0200: 48531.681: Total time for which application threads were stopped: 0.0000904 seconds, Stopping threads took: 0.0000127 seconds
2015-08-05T08:48:41.366-0200: 48532.686: Total time for which application threads were stopped: 0.0002363 seconds, Stopping threads took: 0.0000567 seconds
2015-08-05T22:32:59.734-0200: 48559.190: Total time for which application threads were stopped: 1.0067630 seconds, Stopping threads took: 0.7034087 seconds
2015-08-05T22:33:00.736-0200: 48560.192: Total time for which application threads were stopped: 0.0002235 seconds, Stopping threads took: 0.0000347 seconds
2015-08-05T22:33:01.741-0200: 48561.196: Total time for which application threads were stopped: 0.0003358 seconds, Stopping threads took: 0.0000268 seconds
2015-08-05T22:33:02.034-0200: 48561.490: Total time for which application threads were stopped: 0.0444661 seconds, Stopping threads took: 0.0000225 seconds
2015-08-05T22:33:02.610-0200: 48562.065: Total time for which application threads were stopped: 0.0026674 seconds, Stopping threads took: 0.0023210 seconds
2015-08-05T22:33:02.640-0200: 48562.095: Total time for which application threads were stopped: 0.0295244 seconds, Stopping threads took: 0.0292106 seconds
2015-08-05T22:33:04.237-0200: 48563.693: Total time for which application threads were stopped: 0.0001920 seconds, Stopping threads took: 0.0000272 seconds
2015-08-05T22:33:04.468-0200: 48563.924: Total time for which application threads were stopped: 0.0402186 seconds, Stopping threads took: 0.0132117 seconds
2015-08-05T22:33:04.480-0200: 48563.935: Total time for which application threads were stopped: 0.0046420 seconds, Stopping threads took: 0.0044794 seconds
2015-08-05T22:33:04.616-0200: 48564.072: Total time for which application threads were stopped: 0.0103402 seconds, Stopping threads took: 0.0000487 seconds
2015-08-05T22:33:04.643-0200: 48564.099: Total time for which application threads were stopped: 0.0002053 seconds, Stopping threads took: 0.0000280 seconds
2015-08-05T22:33:05.647-0200: 48565.103: Total time for which application threads were stopped: 0.0001942 seconds, Stopping threads took: 0.0000281 seconds
2015-08-05T22:33:06.772-0200: 48566.228: Total time for which application threads were stopped: 0.0052513 seconds, Stopping threads took: 0.0050375 seconds
2015-08-05T22:33:06.772-0200: 48566.228: Total time for which application threads were stopped: 0.0001068 seconds, Stopping threads took: 0.0000161 seconds
2015-08-05T22:33:06.778-0200: 48566.234: Total time for which application threads were stopped: 0.0052489 seconds, Stopping threads took: 0.0000118 seconds
2015-08-05T22:33:06.788-0200: 48566.244: Total time for which application threads were stopped: 0.0086876 seconds, Stopping threads took: 0.0085408 seconds
2015-08-05T22:33:06.803-0200: 48566.259: Total time for which application threads were stopped: 0.0089052 seconds, Stopping threads took: 0.0087603 seconds
2015-08-05T22:33:06.817-0200: 48566.272: Total time for which application threads were stopped: 0.0045492 seconds, Stopping threads took: 0.0043049 seconds
2015-08-05T22:33:06.817-0200: 48566.273: Total time for which application threads were stopped: 0.0001653 seconds, Stopping threads took: 0.0000388 seconds
2015-08-05T22:33:06.818-0200: 48566.273: Total time for which application threads were stopped: 0.0001631 seconds, Stopping threads took: 0.0000422 seconds
2015-08-05T22:33:06.824-0200: 48566.280: Total time for which application threads were stopped: 0.0034027 seconds, Stopping threads took: 0.0032662 seconds
2015-08-05T22:33:06.825-0200: 48566.280: Total time for which application threads were stopped: 0.0001225 seconds, Stopping threads took: 0.0000527 seconds
2015-08-05T22:33:16.894-0200: 48576.351: Total time for which application threads were stopped: 0.0034799 seconds, Stopping threads took: 0.0006489 seconds
2015-08-05T22:33:16.901-0200: 48576.357: Total time for which application threads were stopped: 0.0003610 seconds, Stopping threads took: 0.0000697 seconds
2015-08-05T22:33:16.914-0200: 48576.370: Total time for which application threads were stopped: 0.0125372 seconds, Stopping threads took: 0.0122728 seconds
2015-08-05T22:33:16.915-0200: 48576.371: Total time for which application threads were stopped: 0.0002948 seconds, Stopping threads took: 0.0000360 seconds
2015-08-05T22:33:16.916-0200: 48576.372: Total time for which application threads were stopped: 0.0001840 seconds, Stopping threads took: 0.0000396 seconds
2015-08-05T22:33:16.916-0200: 48576.372: Total time for which application threads were stopped: 0.0002601 seconds, Stopping threads took: 0.0000449 seconds
2015-08-05T22:33:16.923-0200: 48576.379: Total time for which application threads were stopped: 0.0043782 seconds, Stopping threads took: 0.0041741 seconds
2015-08-05T22:33:16.989-0200: 48576.445: Total time for which application threads were stopped: 0.0002446 seconds, Stopping threads took: 0.0000418 seconds
2015-08-05T22:33:17.037-0200: 48576.493: Total time for which application threads were stopped: 0.0001974 seconds, Stopping threads took: 0.0000297 seconds
2015-08-05T22:33:24.036-0200: 48583.493: Total time for which application threads were stopped: 0.0044979 seconds, Stopping threads took: 0.0006893 seconds
2015-08-05T22:33:24.056-0200: 48583.512: Total time for which application threads were stopped: 0.0145101 seconds, Stopping threads took: 0.0109303 seconds
2015-08-05T22:33:24.075-0200: 48583.531: Total time for which application threads were stopped: 0.0003272 seconds, Stopping threads took: 0.0000468 seconds
2015-08-05T22:33:24.320-0200: 48583.777: Total time for which application threads were stopped: 0.0092374 seconds, Stopping threads took: 0.0003784 seconds
2015-08-05T22:33:24.322-0200: 48583.779: Total time for which application threads were stopped: 0.0004217 seconds, Stopping threads took: 0.0000504 seconds
2015-08-05T22:33:24.323-0200: 48583.779: Total time for which application threads were stopped: 0.0001774 seconds, Stopping threads took: 0.0000115 seconds
2015-08-05T22:33:24.323-0200: 48583.779: Total time for which application threads were stopped: 0.0001786 seconds, Stopping threads took: 0.0000336 seconds
2015-08-05T22:33:24.323-0200: 48583.779: Total time for which application threads were stopped: 0.0001351 seconds, Stopping threads took: 0.0000195 seconds
2015-08-05T22:33:25.325-0200: 48584.782: Total time for which application threads were stopped: 0.0001986 seconds, Stopping threads took: 0.0000295 seconds
2015-08-05T22:35:24.627-0200: 48704.087: Total time for which application threads were stopped: 0.0047702 seconds, Stopping threads took: 0.0004782 seconds
2015-08-05T22:41:27.919-0200: 49067.390: Total time for which application threads were stopped: 0.0122301 seconds, Stopping threads took: 0.0004813 seconds
2015-08-05T22:47:34.799-0200: 49434.282: Total time for which application threads were stopped: 0.0028119 seconds, Stopping threads took: 0.0005442 seconds
2015-08-05T22:47:36.806-0200: 49436.288: Total time for which application threads were stopped: 0.0002656 seconds, Stopping threads took: 0.0000912 seconds
2015-08-05T22:47:41.169-0200: 49440.652: Total time for which application threads were stopped: 0.0029025 seconds, Stopping threads took: 0.0026807 seconds
2015-08-05T22:47:41.180-0200: 49440.662: Total time for which application threads were stopped: 0.0041089 seconds, Stopping threads took: 0.0038005 seconds
2015-08-05T22:47:41.189-0200: 49440.671: Total time for which application threads were stopped: 0.0086914 seconds, Stopping threads took: 0.0076471 seconds
2015-08-05T22:47:41.235-0200: 49440.717: Total time for which application threads were stopped: 0.0167090 seconds, Stopping threads took: 0.0165347 seconds
2015-08-05T22:47:41.321-0200: 49440.803: Total time for which application threads were stopped: 0.0849738 seconds, Stopping threads took: 0.0847992 seconds
2015-08-05T22:47:41.323-0200: 49440.806: Total time for which application threads were stopped: 0.0004409 seconds, Stopping threads took: 0.0002842 seconds
2015-08-05T22:47:41.334-0200: 49440.816: Total time for which application threads were stopped: 0.0053194 seconds, Stopping threads took: 0.0032013 seconds
2015-08-05T22:47:41.336-0200: 49440.819: Total time for which application threads were stopped: 0.0003579 seconds, Stopping threads took: 0.0001044 seconds
2015-08-05T22:47:41.394-0200: 49440.876: Total time for which application threads were stopped: 0.0082331 seconds, Stopping threads took: 0.0027105 seconds
2015-08-05T22:47:41.394-0200: 49440.876: Total time for which application threads were stopped: 0.0002340 seconds, Stopping threads took: 0.0000400 seconds
2015-08-05T22:47:41.394-0200: 49440.877: Total time for which application threads were stopped: 0.0001405 seconds, Stopping threads took: 0.0000320 seconds
2015-08-05T22:47:41.401-0200: 49440.884: Total time for which application threads were stopped: 0.0003068 seconds, Stopping threads took: 0.0000533 seconds
2015-08-05T22:47:41.436-0200: 49440.918: Total time for which application threads were stopped: 0.0052852 seconds, Stopping threads took: 0.0051340 seconds
2015-08-05T22:47:41.436-0200: 49440.919: Total time for which application threads were stopped: 0.0001258 seconds, Stopping threads took: 0.0000434 seconds
2015-08-05T22:47:48.446-0200: 49447.929: Total time for which application threads were stopped: 0.0096962 seconds, Stopping threads took: 0.0027052 seconds
2015-08-05T22:47:48.453-0200: 49447.936: Total time for which application threads were stopped: 0.0003199 seconds, Stopping threads took: 0.0001383 seconds
2015-08-05T22:47:48.457-0200: 49447.939: Total time for which application threads were stopped: 0.0020866 seconds, Stopping threads took: 0.0019668 seconds
2015-08-05T22:47:48.457-0200: 49447.940: Total time for which application threads were stopped: 0.0001474 seconds, Stopping threads took: 0.0000507 seconds
2015-08-05T22:47:48.523-0200: 49448.005: Total time for which application threads were stopped: 0.0004872 seconds, Stopping threads took: 0.0001656 seconds
2015-08-05T22:47:48.524-0200: 49448.006: Total time for which application threads were stopped: 0.0001848 seconds, Stopping threads took: 0.0000191 seconds
2015-08-06T23:41:48.879-0200: 52811.134: Total time for which application threads were stopped: 0.1055276 seconds, Stopping threads took: 0.0280457 seconds
2015-08-06T23:41:49.049-0200: 52811.283: Total time for which application threads were stopped: 0.1028713 seconds, Stopping threads took: 0.0726952 seconds
2015-08-06T23:41:49.162-0200: 52811.396: Total time for which application threads were stopped: 0.1118196 seconds, Stopping threads took: 0.1115688 seconds
2015-08-06T23:41:49.198-0200: 52811.432: Total time for which application threads were stopped: 0.0328592 seconds, Stopping threads took: 0.0326864 seconds
2015-08-06T23:41:49.265-0200: 52811.499: Total time for which application threads were stopped: 0.0495999 seconds, Stopping threads took: 0.0325452 seconds
2015-08-06T23:41:49.282-0200: 52811.516: Total time for which application threads were stopped: 0.0159292 seconds, Stopping threads took: 0.0156937 seconds
2015-08-06T23:41:49.318-0200: 52811.552: Total time for which application threads were stopped: 0.0156475 seconds, Stopping threads took: 0.0153317 seconds
2015-08-06T23:41:50.688-0200: 52812.922: Total time for which application threads were stopped: 0.0062236 seconds, Stopping threads took: 0.0059662 seconds
2015-08-06T23:41:50.740-0200: 52812.974: Total time for which application threads were stopped: 0.0027809 seconds, Stopping threads took: 0.0025566 seconds
2015-08-06T23:41:50.784-0200: 52813.019: Total time for which application threads were stopped: 0.0073955 seconds, Stopping threads took: 0.0071108 seconds
2015-08-06T23:41:50.826-0200: 52813.060: Total time for which application threads were stopped: 0.0074909 seconds, Stopping threads took: 0.0064971 seconds
2015-08-06T23:41:50.851-0200: 52813.085: Total time for which application threads were stopped: 0.0002379 seconds, Stopping threads took: 0.0000503 seconds
2015-08-06T23:41:50.879-0200: 52813.113: Total time for which application threads were stopped: 0.0005184 seconds, Stopping threads took: 0.0003582 seconds
2015-08-06T23:41:50.880-0200: 52813.114: Total time for which application threads were stopped: 0.0001552 seconds, Stopping threads took: 0.0000199 seconds
2015-08-06T23:41:50.890-0200: 52813.124: Total time for which application threads were stopped: 0.0002374 seconds, Stopping threads took: 0.0000282 seconds
2015-08-06T23:41:50.890-0200: 52813.124: Total time for which application threads were stopped: 0.0001278 seconds, Stopping threads took: 0.0000113 seconds
2015-08-06T23:41:51.447-0200: 52813.681: Total time for which application threads were stopped: 0.0002221 seconds, Stopping threads took: 0.0000515 seconds
2015-08-06T23:41:51.457-0200: 52813.691: Total time for which application threads were stopped: 0.0017213 seconds, Stopping threads took: 0.0000436 seconds
2015-08-06T23:41:51.655-0200: 52813.889: Total time for which application threads were stopped: 0.0003392 seconds, Stopping threads took: 0.0000322 seconds
2015-08-06T23:41:51.683-0200: 52813.917: Total time for which application threads were stopped: 0.0155106 seconds, Stopping threads took: 0.0152900 seconds
2015-08-06T23:41:51.782-0200: 52814.016: Total time for which application threads were stopped: 0.0077888 seconds, Stopping threads took: 0.0075501 seconds
2015-08-06T23:41:52.434-0200: 52814.668: Total time for which application threads were stopped: 0.0003362 seconds, Stopping threads took: 0.0000524 seconds
2015-08-06T23:41:52.440-0200: 52814.674: Total time for which application threads were stopped: 0.0003143 seconds, Stopping threads took: 0.0000274 seconds
2015-08-06T23:41:52.496-0200: 52814.731: Total time for which application threads were stopped: 0.0014039 seconds, Stopping threads took: 0.0011572 seconds
2015-08-06T23:41:53.003-0200: 52815.238: Total time for which application threads were stopped: 0.0002396 seconds, Stopping threads took: 0.0000503 seconds
2015-08-06T23:41:53.004-0200: 52815.238: Total time for which application threads were stopped: 0.0001543 seconds, Stopping threads took: 0.0000200 seconds
2015-08-06T23:41:53.039-0200: 52815.273: Total time for which application threads were stopped: 0.0034641 seconds, Stopping threads took: 0.0031915 seconds
2015-08-06T23:41:53.042-0200: 52815.276: Total time for which application threads were stopped: 0.0003001 seconds, Stopping threads took: 0.0001078 seconds
2015-08-06T23:41:53.042-0200: 52815.276: Total time for which application threads were stopped: 0.0002576 seconds, Stopping threads took: 0.0000901 seconds
2015-08-06T23:42:04.601-0200: 52826.836: Total time for which application threads were stopped: 0.0102390 seconds, Stopping threads took: 0.0033640 seconds
2015-08-06T23:42:04.614-0200: 52826.849: Total time for which application threads were stopped: 0.0121131 seconds, Stopping threads took: 0.0089686 seconds
2015-08-06T23:42:04.629-0200: 52826.863: Total time for which application threads were stopped: 0.0035516 seconds, Stopping threads took: 0.0028880 seconds
2015-08-06T23:42:05.629-0200: 52827.864: Total time for which application threads were stopped: 0.0002035 seconds, Stopping threads took: 0.0000554 seconds
2015-08-06T23:42:11.716-0200: 52833.950: Total time for which application threads were stopped: 0.0106262 seconds, Stopping threads took: 0.0102601 seconds
2015-08-06T23:42:11.723-0200: 52833.958: Total time for which application threads were stopped: 0.0026628 seconds, Stopping threads took: 0.0024013 seconds
2015-08-06T23:42:11.782-0200: 52834.017: Total time for which application threads were stopped: 0.0004331 seconds, Stopping threads took: 0.0000263 seconds
2015-08-06T23:42:11.968-0200: 52834.203: Total time for which application threads were stopped: 0.0002504 seconds, Stopping threads took: 0.0000324 seconds
2015-08-06T23:43:02.071-0200: 52884.308: Total time for which application threads were stopped: 0.0042370 seconds, Stopping threads took: 0.0023564 seconds
2015-08-06T23:57:58.222-0200: 53774.848: Total time for which application threads were stopped: 0.0037142 seconds, Stopping threads took: 0.0024160 seconds
2015-08-06T23:57:58.222-0200: 53774.848: Total time for which application threads were stopped: 0.0001824 seconds, Stopping threads took: 0.0000449 seconds
2015-08-06T23:57:58.225-0200: 53774.851: Total time for which application threads were stopped: 0.0009484 seconds, Stopping threads took: 0.0007754 seconds
2015-08-06T23:57:58.230-0200: 53774.856: Total time for which application threads were stopped: 0.0005905 seconds, Stopping threads took: 0.0002016 seconds
2015-08-06T23:57:58.705-0200: 53775.331: Total time for which application threads were stopped: 0.0034842 seconds, Stopping threads took: 0.0031708 seconds
2015-08-06T23:57:58.707-0200: 53775.333: Total time for which application threads were stopped: 0.0010326 seconds, Stopping threads took: 0.0009468 seconds
2015-08-07T02:24:43.279-0200: 58379.932: Total time for which application threads were stopped: 1.3255040 seconds, Stopping threads took: 1.2139912 seconds
2015-08-07T02:24:43.497-0200: 58380.150: Total time for which application threads were stopped: 0.0189602 seconds, Stopping threads took: 0.0166017 seconds
2015-08-07T02:24:43.840-0200: 58380.493: Total time for which application threads were stopped: 0.3420759 seconds, Stopping threads took: 0.0186066 seconds
2015-08-07T02:24:43.923-0200: 58380.575: Total time for which application threads were stopped: 0.0003727 seconds, Stopping threads took: 0.0001133 seconds
2015-08-07T02:24:43.928-0200: 58380.581: Total time for which application threads were stopped: 0.0051010 seconds, Stopping threads took: 0.0048298 seconds
2015-08-07T02:24:43.929-0200: 58380.581: Total time for which application threads were stopped: 0.0005583 seconds, Stopping threads took: 0.0003731 seconds
2015-08-07T02:24:44.059-0200: 58380.711: Total time for which application threads were stopped: 0.0110044 seconds, Stopping threads took: 0.0107632 seconds
2015-08-07T02:24:44.080-0200: 58380.733: Total time for which application threads were stopped: 0.0074040 seconds, Stopping threads took: 0.0070705 seconds
2015-08-07T02:24:44.127-0200: 58380.780: Total time for which application threads were stopped: 0.0004074 seconds, Stopping threads took: 0.0000454 seconds
2015-08-07T02:24:44.148-0200: 58380.801: Total time for which application threads were stopped: 0.0056815 seconds, Stopping threads took: 0.0039473 seconds
2015-08-07T02:24:44.149-0200: 58380.802: Total time for which application threads were stopped: 0.0004905 seconds, Stopping threads took: 0.0000159 seconds
2015-08-07T02:24:44.201-0200: 58380.854: Total time for which application threads were stopped: 0.0001952 seconds, Stopping threads took: 0.0000429 seconds
2015-08-07T02:24:44.201-0200: 58380.854: Total time for which application threads were stopped: 0.0000948 seconds, Stopping threads took: 0.0000091 seconds
2015-08-07T02:24:44.835-0200: 58381.487: Total time for which application threads were stopped: 0.0012110 seconds, Stopping threads took: 0.0010807 seconds
2015-08-07T02:24:44.838-0200: 58381.490: Total time for which application threads were stopped: 0.0029493 seconds, Stopping threads took: 0.0027843 seconds
2015-08-07T02:24:44.853-0200: 58381.506: Total time for which application threads were stopped: 0.0022577 seconds, Stopping threads took: 0.0001289 seconds
2015-08-07T02:24:44.857-0200: 58381.510: Total time for which application threads were stopped: 0.0003230 seconds, Stopping threads took: 0.0001767 seconds
2015-08-07T02:24:45.865-0200: 58382.518: Total time for which application threads were stopped: 0.0015804 seconds, Stopping threads took: 0.0012059 seconds
2015-08-07T02:24:45.909-0200: 58382.561: Total time for which application threads were stopped: 0.0019373 seconds, Stopping threads took: 0.0017743 seconds
2015-08-07T02:24:45.909-0200: 58382.562: Total time for which application threads were stopped: 0.0001609 seconds, Stopping threads took: 0.0000519 seconds
2015-08-07T02:24:45.910-0200: 58382.563: Total time for which application threads were stopped: 0.0002666 seconds, Stopping threads took: 0.0001047 seconds
2015-08-07T02:24:45.911-0200: 58382.563: Total time for which application threads were stopped: 0.0001620 seconds, Stopping threads took: 0.0000243 seconds
2015-08-07T02:24:45.913-0200: 58382.566: Total time for which application threads were stopped: 0.0023268 seconds, Stopping threads took: 0.0021669 seconds
2015-08-07T02:24:45.920-0200: 58382.572: Total time for which application threads were stopped: 0.0024977 seconds, Stopping threads took: 0.0023158 seconds
2015-08-07T02:24:45.920-0200: 58382.573: Total time for which application threads were stopped: 0.0005072 seconds, Stopping threads took: 0.0000170 seconds
2015-08-08T00:02:36.209-0200: 58413.845: Total time for which application threads were stopped: 0.1780337 seconds, Stopping threads took: 0.0937967 seconds
2015-08-08T00:02:36.543-0200: 58414.179: Total time for which application threads were stopped: 0.3044212 seconds, Stopping threads took: 0.0367051 seconds
2015-08-08T00:02:37.267-0200: 58414.902: Total time for which application threads were stopped: 0.2608641 seconds, Stopping threads took: 0.2586595 seconds
2015-08-08T00:02:37.323-0200: 58414.958: Total time for which application threads were stopped: 0.0099022 seconds, Stopping threads took: 0.0096782 seconds
2015-08-08T00:02:37.482-0200: 58415.117: Total time for which application threads were stopped: 0.1143476 seconds, Stopping threads took: 0.1141404 seconds
2015-08-08T00:02:37.598-0200: 58415.233: Total time for which application threads were stopped: 0.0201637 seconds, Stopping threads took: 0.0000937 seconds
2015-08-08T00:02:37.598-0200: 58415.234: Total time for which application threads were stopped: 0.0001540 seconds, Stopping threads took: 0.0000454 seconds
2015-08-08T00:02:37.598-0200: 58415.234: Total time for which application threads were stopped: 0.0001330 seconds, Stopping threads took: 0.0000676 seconds
2015-08-08T00:02:37.604-0200: 58415.239: Total time for which application threads were stopped: 0.0002895 seconds, Stopping threads took: 0.0000264 seconds
2015-08-08T00:02:37.711-0200: 58415.346: Total time for which application threads were stopped: 0.0274378 seconds, Stopping threads took: 0.0272454 seconds
2015-08-08T00:02:37.721-0200: 58415.356: Total time for which application threads were stopped: 0.0092082 seconds, Stopping threads took: 0.0090047 seconds
2015-08-08T00:02:37.745-0200: 58415.381: Total time for which application threads were stopped: 0.0163251 seconds, Stopping threads took: 0.0161358 seconds
2015-08-08T00:02:37.766-0200: 58415.401: Total time for which application threads were stopped: 0.0001807 seconds, Stopping threads took: 0.0000269 seconds
2015-08-08T00:02:37.767-0200: 58415.402: Total time for which application threads were stopped: 0.0001492 seconds, Stopping threads took: 0.0000160 seconds
2015-08-08T00:02:39.400-0200: 58417.036: Total time for which application threads were stopped: 0.0025060 seconds, Stopping threads took: 0.0023124 seconds
2015-08-08T00:02:39.405-0200: 58417.040: Total time for which application threads were stopped: 0.0040259 seconds, Stopping threads took: 0.0002334 seconds
2015-08-08T00:02:39.409-0200: 58417.045: Total time for which application threads were stopped: 0.0042957 seconds, Stopping threads took: 0.0039750 seconds
2015-08-08T00:02:39.410-0200: 58417.045: Total time for which application threads were stopped: 0.0001409 seconds, Stopping threads took: 0.0000165 seconds
2015-08-08T00:05:40.235-0200: 58597.875: Total time for which application threads were stopped: 0.0029460 seconds, Stopping threads took: 0.0005188 seconds
2015-08-08T00:05:40.241-0200: 58597.881: Total time for which application threads were stopped: 0.0023324 seconds, Stopping threads took: 0.0013981 seconds
2015-08-08T00:05:40.244-0200: 58597.884: Total time for which application threads were stopped: 0.0026602 seconds, Stopping threads took: 0.0019315 seconds
2015-08-08T00:05:40.330-0200: 58597.971: Total time for which application threads were stopped: 0.0076972 seconds, Stopping threads took: 0.0074319 seconds
2015-08-08T00:05:40.351-0200: 58597.991: Total time for which application threads were stopped: 0.0002446 seconds, Stopping threads took: 0.0000269 seconds
2015-08-08T00:05:40.395-0200: 58598.035: Total time for which application threads were stopped: 0.0019427 seconds, Stopping threads took: 0.0000440 seconds
2015-08-08T00:05:40.395-0200: 58598.035: Total time for which application threads were stopped: 0.0001537 seconds, Stopping threads took: 0.0000319 seconds
2015-08-08T00:05:40.399-0200: 58598.040: Total time for which application threads were stopped: 0.0020915 seconds, Stopping threads took: 0.0018362 seconds
2015-08-08T00:05:40.401-0200: 58598.041: Total time for which application threads were stopped: 0.0002030 seconds, Stopping threads took: 0.0000488 seconds
2015-08-08T00:05:40.401-0200: 58598.041: Total time for which application threads were stopped: 0.0001377 seconds, Stopping threads took: 0.0000522 seconds
2015-08-08T00:05:40.401-0200: 58598.041: Total time for which application threads were stopped: 0.0001233 seconds, Stopping threads took: 0.0000471 seconds
2015-08-08T00:05:40.437-0200: 58598.077: Total time for which application threads were stopped: 0.0003008 seconds, Stopping threads took: 0.0001513 seconds
2015-08-08T00:05:40.447-0200: 58598.087: Total time for which application threads were stopped: 0.0052456 seconds, Stopping threads took: 0.0000264 seconds
2015-08-08T00:05:47.443-0200: 58605.084: Total time for which application threads were stopped: 0.0002112 seconds, Stopping threads took: 0.0000541 seconds
2015-08-08T00:05:47.459-0200: 58605.100: Total time for which application threads were stopped: 0.0030173 seconds, Stopping threads took: 0.0027758 seconds
2015-08-08T00:05:47.532-0200: 58605.173: Total time for which application threads were stopped: 0.0006902 seconds, Stopping threads took: 0.0004068 seconds
2015-08-08T00:05:47.533-0200: 58605.174: Total time for which application threads were stopped: 0.0001554 seconds, Stopping threads took: 0.0000135 seconds
2015-08-08T01:47:03.573-0200: 60482.901: Total time for which application threads were stopped: 0.0064515 seconds, Stopping threads took: 0.0003760 seconds
2015-08-08T01:47:03.575-0200: 60482.902: Total time for which application threads were stopped: 0.0007616 seconds, Stopping threads took: 0.0005359 seconds
2015-08-08T01:47:03.727-0200: 60483.054: Total time for which application threads were stopped: 0.0004004 seconds, Stopping threads took: 0.0000435 seconds
2015-08-08T01:47:03.746-0200: 60483.073: Total time for which application threads were stopped: 0.0166204 seconds, Stopping threads took: 0.0112916 seconds
2015-08-08T01:47:03.750-0200: 60483.077: Total time for which application threads were stopped: 0.0034112 seconds, Stopping threads took: 0.0001499 seconds
2015-08-08T01:47:03.752-0200: 60483.078: Total time for which application threads were stopped: 0.0006379 seconds, Stopping threads took: 0.0002852 seconds
2015-08-08T01:47:03.764-0200: 60483.091: Total time for which application threads were stopped: 0.0002581 seconds, Stopping threads took: 0.0000275 seconds
2015-08-08T01:47:03.771-0200: 60483.098: Total time for which application threads were stopped: 0.0001832 seconds, Stopping threads took: 0.0000249 seconds
2015-08-08T01:47:03.826-0200: 60483.152: Total time for which application threads were stopped: 0.0274721 seconds, Stopping threads took: 0.0272516 seconds
2015-08-08T01:47:03.867-0200: 60483.194: Total time for which application threads were stopped: 0.0002373 seconds, Stopping threads took: 0.0000597 seconds
2015-08-08T01:47:03.869-0200: 60483.195: Total time for which application threads were stopped: 0.0002221 seconds, Stopping threads took: 0.0000539 seconds
2015-08-08T01:47:03.871-0200: 60483.198: Total time for which application threads were stopped: 0.0002453 seconds, Stopping threads took: 0.0000488 seconds
2015-08-08T01:47:03.871-0200: 60483.198: Total time for which application threads were stopped: 0.0001273 seconds, Stopping threads took: 0.0000412 seconds
2015-08-08T01:47:03.937-0200: 60483.263: Total time for which application threads were stopped: 0.0002296 seconds, Stopping threads took: 0.0000652 seconds
2015-08-08T01:47:03.937-0200: 60483.264: Total time for which application threads were stopped: 0.0002137 seconds, Stopping threads took: 0.0000882 seconds
2015-08-08T01:47:04.133-0200: 60483.460: Total time for which application threads were stopped: 0.0002848 seconds, Stopping threads took: 0.0000276 seconds
2015-08-08T01:47:04.172-0200: 60483.499: Total time for which application threads were stopped: 0.0052974 seconds, Stopping threads took: 0.0051265 seconds
2015-08-08T01:47:04.186-0200: 60483.512: Total time for which application threads were stopped: 0.0034584 seconds, Stopping threads took: 0.0027896 seconds
2015-08-08T01:47:04.198-0200: 60483.524: Total time for which application threads were stopped: 0.0083256 seconds, Stopping threads took: 0.0030755 seconds
2015-08-08T01:47:04.201-0200: 60483.528: Total time for which application threads were stopped: 0.0011782 seconds, Stopping threads took: 0.0000597 seconds
2015-08-08T01:47:04.248-0200: 60483.575: Total time for which application threads were stopped: 0.0003528 seconds, Stopping threads took: 0.0000788 seconds
2015-08-08T01:47:04.248-0200: 60483.575: Total time for which application threads were stopped: 0.0001982 seconds, Stopping threads took: 0.0000589 seconds
2015-08-08T01:47:04.258-0200: 60483.584: Total time for which application threads were stopped: 0.0003380 seconds, Stopping threads took: 0.0000570 seconds
2015-08-08T01:47:04.258-0200: 60483.585: Total time for which application threads were stopped: 0.0002049 seconds, Stopping threads took: 0.0000505 seconds
2015-08-08T01:47:04.281-0200: 60483.608: Total time for which application threads were stopped: 0.0010947 seconds, Stopping threads took: 0.0007171 seconds
2015-08-08T01:47:04.283-0200: 60483.610: Total time for which application threads were stopped: 0.0004553 seconds, Stopping threads took: 0.0002161 seconds
2015-08-08T01:47:05.284-0200: 60484.611: Total time for which application threads were stopped: 0.0004298 seconds, Stopping threads took: 0.0000487 seconds
2015-08-13T21:00:45.066-0200: 60508.530: Total time for which application threads were stopped: 0.1169087 seconds, Stopping threads took: 0.0018819 seconds
2015-08-13T21:00:46.141-0200: 60509.605: Total time for which application threads were stopped: 0.3724360 seconds, Stopping threads took: 0.1193110 seconds
2015-08-13T21:00:49.717-0200: 60513.181: Total time for which application threads were stopped: 0.0010247 seconds, Stopping threads took: 0.0001799 seconds
2015-08-13T21:00:49.759-0200: 60513.223: Total time for which application threads were stopped: 0.0102409 seconds, Stopping threads took: 0.0096360 seconds
2015-08-13T21:00:49.817-0200: 60513.281: Total time for which application threads were stopped: 0.0007663 seconds, Stopping threads took: 0.0001350 seconds
2015-08-13T21:00:49.818-0200: 60513.282: Total time for which application threads were stopped: 0.0006293 seconds, Stopping threads took: 0.0002193 seconds
2015-08-13T21:00:50.092-0200: 60513.556: Total time for which application threads were stopped: 0.0006031 seconds, Stopping threads took: 0.0001295 seconds
2015-08-13T21:00:50.715-0200: 60514.179: Total time for which application threads were stopped: 0.0136837 seconds, Stopping threads took: 0.0129568 seconds
2015-08-13T21:00:50.916-0200: 60514.380: Total time for which application threads were stopped: 0.0006110 seconds, Stopping threads took: 0.0000675 seconds
2015-08-13T21:00:50.939-0200: 60514.402: Total time for which application threads were stopped: 0.0012702 seconds, Stopping threads took: 0.0004933 seconds
2015-08-13T21:00:50.981-0200: 60514.445: Total time for which application threads were stopped: 0.0007964 seconds, Stopping threads took: 0.0001636 seconds
2015-08-13T21:00:51.070-0200: 60514.534: Total time for which application threads were stopped: 0.0005777 seconds, Stopping threads took: 0.0000712 seconds
2015-08-13T21:00:51.140-0200: 60514.603: Total time for which application threads were stopped: 0.0047091 seconds, Stopping threads took: 0.0042377 seconds
2015-08-13T21:00:52.146-0200: 60515.610: Total time for which application threads were stopped: 0.0005024 seconds, Stopping threads took: 0.0000603 seconds
2015-08-13T21:01:01.544-0200: 60525.008: Total time for which application threads were stopped: 0.0030301 seconds, Stopping threads took: 0.0006812 seconds
2015-08-13T21:02:00.697-0200: 60584.163: Total time for which application threads were stopped: 0.0018890 seconds, Stopping threads took: 0.0004302 seconds
2015-08-13T21:03:51.337-0200: 60694.805: Total time for which application threads were stopped: 0.0046009 seconds, Stopping threads took: 0.0025903 seconds
2015-08-13T21:05:12.030-0200: 60775.499: Total time for which application threads were stopped: 0.0162055 seconds, Stopping threads took: 0.0139760 seconds
2015-08-13T21:07:52.429-0200: 60935.902: Total time for which application threads were stopped: 0.0043373 seconds, Stopping threads took: 0.0005721 seconds
2015-08-13T21:09:42.562-0200: 61046.038: Total time for which application threads were stopped: 0.0084918 seconds, Stopping threads took: 0.0002919 seconds
2015-08-13T21:12:52.696-0200: 61236.176: Total time for which application threads were stopped: 0.0004263 seconds, Stopping threads took: 0.0000440 seconds
2015-08-13T21:16:52.429-0200: 61475.914: Total time for which application threads were stopped: 0.0035712 seconds, Stopping threads took: 0.0007135 seconds
2015-08-13T21:18:22.955-0200: 61566.442: Total time for which application threads were stopped: 0.0007845 seconds, Stopping threads took: 0.0000294 seconds
2015-08-13T21:18:23.958-0200: 61567.445: Total time for which application threads were stopped: 0.0004801 seconds, Stopping threads took: 0.0000626 seconds
2015-08-13T21:23:32.523-0200: 61896.695: Total time for which application threads were stopped: 0.0054091 seconds, Stopping threads took: 0.0024612 seconds
2015-08-13T21:23:32.587-0200: 61896.758: Total time for which application threads were stopped: 0.0023230 seconds, Stopping threads took: 0.0019714 seconds
2015-08-13T21:29:02.789-0200: 62226.968: Total time for which application threads were stopped: 0.0018049 seconds, Stopping threads took: 0.0003466 seconds
2015-08-13T21:34:33.050-0200: 62557.238: Total time for which application threads were stopped: 0.0017517 seconds, Stopping threads took: 0.0002573 seconds
2015-08-13T21:40:03.350-0200: 62887.546: Total time for which application threads were stopped: 0.0022854 seconds, Stopping threads took: 0.0003955 seconds
2015-08-13T21:40:04.355-0200: 62888.550: Total time for which application threads were stopped: 0.0002420 seconds, Stopping threads took: 0.0000522 seconds
2015-08-13T21:42:52.063-0200: 63056.263: Total time for which application threads were stopped: 0.0004584 seconds, Stopping threads took: 0.0000749 seconds
2015-08-13T21:43:22.196-0200: 63086.396: Total time for which application threads were stopped: 0.0002195 seconds, Stopping threads took: 0.0000335 seconds
2015-08-13T21:43:41.276-0200: 63105.477: Total time for which application threads were stopped: 0.0001653 seconds, Stopping threads took: 0.0000317 seconds
2015-08-13T21:45:33.643-0200: 63217.846: Total time for which application threads were stopped: 0.0065272 seconds, Stopping threads took: 0.0003565 seconds
2015-08-13T21:45:34.648-0200: 63218.852: Total time for which application threads were stopped: 0.0003105 seconds, Stopping threads took: 0.0000386 seconds
2015-08-13T21:49:27.629-0200: 63451.837: Total time for which application threads were stopped: 0.0002107 seconds, Stopping threads took: 0.0000615 seconds
2015-08-13T21:51:03.950-0200: 63548.160: Total time for which application threads were stopped: 0.0004462 seconds, Stopping threads took: 0.0000478 seconds
2015-08-13T21:51:04.954-0200: 63549.164: Total time for which application threads were stopped: 0.0003115 seconds, Stopping threads took: 0.0000378 seconds
2015-08-13T21:56:34.274-0200: 63878.490: Total time for which application threads were stopped: 0.0126482 seconds, Stopping threads took: 0.0023967 seconds
2015-08-13T21:57:26.491-0200: 63930.708: Total time for which application threads were stopped: 0.0004002 seconds, Stopping threads took: 0.0000536 seconds
2015-08-13T21:57:28.499-0200: 63932.717: Total time for which application threads were stopped: 0.0002795 seconds, Stopping threads took: 0.0000871 seconds
2015-08-13T22:00:31.278-0200: 64115.499: Total time for which application threads were stopped: 0.0003659 seconds, Stopping threads took: 0.0000530 seconds
2015-08-13T22:02:04.583-0200: 64208.806: Total time for which application threads were stopped: 0.0002187 seconds, Stopping threads took: 0.0000188 seconds
2015-08-13T22:07:34.943-0200: 64539.173: Total time for which application threads were stopped: 0.0025168 seconds, Stopping threads took: 0.0003703 seconds
2015-08-13T22:07:35.030-0200: 64539.260: Total time for which application threads were stopped: 0.0024354 seconds, Stopping threads took: 0.0009087 seconds
2015-08-13T22:13:05.184-0200: 64869.422: Total time for which application threads were stopped: 0.0033807 seconds, Stopping threads took: 0.0004947 seconds
2015-08-13T22:13:06.189-0200: 64870.427: Total time for which application threads were stopped: 0.0002826 seconds, Stopping threads took: 0.0000311 seconds
2015-08-13T22:18:35.437-0200: 65199.700: Total time for which application threads were stopped: 0.0202703 seconds, Stopping threads took: 0.0004425 seconds
2015-08-13T22:24:05.689-0200: 65529.942: Total time for which application threads were stopped: 0.0050173 seconds, Stopping threads took: 0.0023399 seconds
2015-08-13T22:29:35.917-0200: 65860.177: Total time for which application threads were stopped: 0.0090713 seconds, Stopping threads took: 0.0026804 seconds
2015-08-13T22:35:06.203-0200: 66190.470: Total time for which application threads were stopped: 0.0043752 seconds, Stopping threads took: 0.0005091 seconds
2015-08-13T22:35:06.371-0200: 66190.638: Total time for which application threads were stopped: 0.0013368 seconds, Stopping threads took: 0.0000373 seconds
2015-08-13T22:40:36.425-0200: 66520.699: Total time for which application threads were stopped: 0.0029871 seconds, Stopping threads took: 0.0003536 seconds
2015-08-13T22:40:36.534-0200: 66520.809: Total time for which application threads were stopped: 0.0005288 seconds, Stopping threads took: 0.0000795 seconds
2015-08-13T22:46:06.691-0200: 66850.973: Total time for which application threads were stopped: 0.0080616 seconds, Stopping threads took: 0.0029149 seconds
2015-08-13T22:51:07.545-0200: 67151.835: Total time for which application threads were stopped: 0.0065571 seconds, Stopping threads took: 0.0002120 seconds
2015-08-13T22:56:07.802-0200: 67452.102: Total time for which application threads were stopped: 0.0041571 seconds, Stopping threads took: 0.0004352 seconds
{Heap before GC invocations=82 (full 1):
 par new generation   total 109248K, used 93979K [0x000000011d400000, 0x0000000125400000, 0x0000000125400000)
  eden space 87424K, 100% used [0x000000011d400000, 0x0000000122960000, 0x0000000122960000)
  from space 21824K,  30% used [0x0000000122960000, 0x0000000122fc6f50, 0x0000000123eb0000)
  to   space 21824K,   0% used [0x0000000123eb0000, 0x0000000123eb0000, 0x0000000125400000)
 concurrent mark-sweep generation total 393216K, used 39408K [0x0000000125400000, 0x000000013d400000, 0x000000013d400000)
 Metaspace       used 35903K, capacity 36452K, committed 36684K, reserved 1081344K
  class space    used 3983K, capacity 4129K, committed 4172K, reserved 1048576K
2015-08-13T23:00:30.989-0200: 67715.297: [GC (Allocation Failure) 67715.322: [ParNew
Desired survivor size 20112992 bytes, new threshold 8 (max 8)
- age   1:     784712 bytes,     784712 total
- age   2:     807624 bytes,    1592336 total
- age   3:    2114272 bytes,    3706608 total
- age   4:      83664 bytes,    3790272 total
- age   5:      94880 bytes,    3885152 total
- age   6:     116600 bytes,    4001752 total
- age   7:      69616 bytes,    4071368 total
- age   8:      38056 bytes,    4109424 total
: 93979K->5984K(109248K), 0.8317945 secs] 133388K->47345K(502464K), 0.8568478 secs] [Times: user=0.20 sys=0.64, real=0.86 secs] 
Heap after GC invocations=83 (full 1):
 par new generation   total 109248K, used 5984K [0x000000011d400000, 0x0000000125400000, 0x0000000125400000)
  eden space 87424K,   0% used [0x000000011d400000, 0x000000011d400000, 0x0000000122960000)
  from space 21824K,  27% used [0x0000000123eb0000, 0x0000000124488090, 0x0000000125400000)
  to   space 21824K,   0% used [0x0000000122960000, 0x0000000122960000, 0x0000000123eb0000)
 concurrent mark-sweep generation total 393216K, used 41361K [0x0000000125400000, 0x000000013d400000, 0x000000013d400000)
 Metaspace       used 35903K, capacity 36452K, committed 36684K, reserved 1081344K
  class space    used 3983K, capacity 4129K, committed 4172K, reserved 1048576K
}
2015-08-13T23:00:31.846-0200: 67716.154: Total time for which application threads were stopped: 0.8766766 seconds, Stopping threads took: 0.0012976 seconds
2015-08-13T23:01:09.725-0200: 67754.035: Total time for which application threads were stopped: 0.0198530 seconds, Stopping threads took: 0.0136957 seconds
2015-08-13T23:02:36.939-0200: 67841.251: Total time for which application threads were stopped: 0.0006080 seconds, Stopping threads took: 0.0000956 seconds
2015-08-13T23:06:10.739-0200: 68055.058: Total time for which application threads were stopped: 0.0024555 seconds, Stopping threads took: 0.0008312 seconds
2015-08-13T23:11:12.091-0200: 68356.419: Total time for which application threads were stopped: 0.0045332 seconds, Stopping threads took: 0.0023136 seconds
2015-08-13T23:16:13.329-0200: 68657.665: Total time for which application threads were stopped: 0.0054454 seconds, Stopping threads took: 0.0018877 seconds
2015-08-13T23:21:43.580-0200: 68987.926: Total time for which application threads were stopped: 0.0031634 seconds, Stopping threads took: 0.0003978 seconds
2015-08-13T23:21:44.583-0200: 68988.929: Total time for which application threads were stopped: 0.0002938 seconds, Stopping threads took: 0.0000346 seconds
2015-08-13T23:21:54.611-0200: 68998.958: Total time for which application threads were stopped: 0.0001934 seconds, Stopping threads took: 0.0000362 seconds
2015-08-13T23:24:59.121-0200: 69183.473: Total time for which application threads were stopped: 0.0024684 seconds, Stopping threads took: 0.0004992 seconds
2015-08-13T23:27:13.825-0200: 69318.180: Total time for which application threads were stopped: 0.0003331 seconds, Stopping threads took: 0.0000306 seconds
2015-08-13T23:27:13.913-0200: 69318.268: Total time for which application threads were stopped: 0.0008777 seconds, Stopping threads took: 0.0002636 seconds
2015-08-13T23:32:14.166-0200: 69618.531: Total time for which application threads were stopped: 0.0031007 seconds, Stopping threads took: 0.0004856 seconds
2015-08-13T23:32:15.170-0200: 69619.534: Total time for which application threads were stopped: 0.0003981 seconds, Stopping threads took: 0.0000463 seconds
2015-08-13T23:35:44.718-0200: 69829.089: Total time for which application threads were stopped: 0.0008990 seconds, Stopping threads took: 0.0000866 seconds
2015-08-13T23:37:22.637-0200: 69927.010: Total time for which application threads were stopped: 0.0004915 seconds, Stopping threads took: 0.0000356 seconds
2015-08-13T23:42:28.142-0200: 70232.525: Total time for which application threads were stopped: 0.0038121 seconds, Stopping threads took: 0.0005646 seconds
2015-08-13T23:47:58.463-0200: 70562.855: Total time for which application threads were stopped: 0.0035504 seconds, Stopping threads took: 0.0005996 seconds
2015-08-13T23:50:40.910-0200: 70725.308: Total time for which application threads were stopped: 0.0004180 seconds, Stopping threads took: 0.0000600 seconds
2015-08-13T23:52:58.862-0200: 70863.264: Total time for which application threads were stopped: 0.0003637 seconds, Stopping threads took: 0.0000317 seconds
2015-08-13T23:58:01.131-0200: 71165.542: Total time for which application threads were stopped: 0.0045371 seconds, Stopping threads took: 0.0004781 seconds
2015-08-14T00:00:32.573-0200: 71316.989: Total time for which application threads were stopped: 0.0021029 seconds, Stopping threads took: 0.0004115 seconds
2015-08-14T00:03:03.516-0200: 71467.936: Total time for which application threads were stopped: 0.0041094 seconds, Stopping threads took: 0.0004000 seconds
2015-08-14T00:03:04.521-0200: 71468.941: Total time for which application threads were stopped: 0.0005967 seconds, Stopping threads took: 0.0001748 seconds
2015-08-14T00:04:16.685-0200: 71541.107: Total time for which application threads were stopped: 0.0002462 seconds, Stopping threads took: 0.0000407 seconds
2015-08-14T00:06:24.990-0200: 71669.416: Total time for which application threads were stopped: 0.0027418 seconds, Stopping threads took: 0.0006169 seconds
2015-08-14T00:08:04.823-0200: 71769.252: Total time for which application threads were stopped: 0.0017868 seconds, Stopping threads took: 0.0002866 seconds
2015-08-14T00:13:05.125-0200: 72069.563: Total time for which application threads were stopped: 0.0172553 seconds, Stopping threads took: 0.0054352 seconds
2015-08-14T00:18:05.487-0200: 72369.934: Total time for which application threads were stopped: 0.0085971 seconds, Stopping threads took: 0.0004255 seconds
2015-08-14T00:23:05.710-0200: 72670.165: Total time for which application threads were stopped: 0.0027958 seconds, Stopping threads took: 0.0004093 seconds
2015-08-14T00:28:06.044-0200: 72970.508: Total time for which application threads were stopped: 0.0113645 seconds, Stopping threads took: 0.0006545 seconds
2015-08-14T00:33:07.154-0200: 73271.627: Total time for which application threads were stopped: 0.0113683 seconds, Stopping threads took: 0.0042718 seconds
2015-08-14T01:45:09.961-0200: 73393.823: Total time for which application threads were stopped: 0.0622685 seconds, Stopping threads took: 0.0494954 seconds
2015-08-14T01:45:09.986-0200: 73393.848: Total time for which application threads were stopped: 0.0004814 seconds, Stopping threads took: 0.0000505 seconds
2015-08-14T01:45:10.018-0200: 73393.880: Total time for which application threads were stopped: 0.0062172 seconds, Stopping threads took: 0.0005832 seconds
2015-08-14T01:45:10.381-0200: 73394.242: Total time for which application threads were stopped: 0.0069225 seconds, Stopping threads took: 0.0009747 seconds
2015-08-14T01:45:10.393-0200: 73394.255: Total time for which application threads were stopped: 0.0042496 seconds, Stopping threads took: 0.0040875 seconds
2015-08-14T01:45:10.396-0200: 73394.257: Total time for which application threads were stopped: 0.0025478 seconds, Stopping threads took: 0.0024530 seconds
2015-08-14T01:45:10.400-0200: 73394.262: Total time for which application threads were stopped: 0.0009576 seconds, Stopping threads took: 0.0007390 seconds
2015-08-14T01:45:10.405-0200: 73394.266: Total time for which application threads were stopped: 0.0036489 seconds, Stopping threads took: 0.0034813 seconds
2015-08-14T01:45:10.434-0200: 73394.296: Total time for which application threads were stopped: 0.0095371 seconds, Stopping threads took: 0.0068763 seconds
2015-08-14T01:45:10.443-0200: 73394.304: Total time for which application threads were stopped: 0.0002326 seconds, Stopping threads took: 0.0000662 seconds
2015-08-14T01:45:10.448-0200: 73394.310: Total time for which application threads were stopped: 0.0026558 seconds, Stopping threads took: 0.0024659 seconds
2015-08-14T01:45:10.449-0200: 73394.310: Total time for which application threads were stopped: 0.0001220 seconds, Stopping threads took: 0.0000380 seconds
2015-08-14T01:45:10.495-0200: 73394.356: Total time for which application threads were stopped: 0.0002386 seconds, Stopping threads took: 0.0000452 seconds
2015-08-14T01:45:10.522-0200: 73394.383: Total time for which application threads were stopped: 0.0002515 seconds, Stopping threads took: 0.0000657 seconds
2015-08-14T01:45:10.527-0200: 73394.389: Total time for which application threads were stopped: 0.0002133 seconds, Stopping threads took: 0.0000227 seconds
2015-08-14T01:45:10.527-0200: 73394.389: Total time for which application threads were stopped: 0.0000859 seconds, Stopping threads took: 0.0000113 seconds
2015-08-14T01:45:10.672-0200: 73394.534: Total time for which application threads were stopped: 0.0025307 seconds, Stopping threads took: 0.0022626 seconds
2015-08-14T01:45:10.675-0200: 73394.537: Total time for which application threads were stopped: 0.0021592 seconds, Stopping threads took: 0.0019125 seconds
2015-08-14T01:45:10.747-0200: 73394.609: Total time for which application threads were stopped: 0.0006177 seconds, Stopping threads took: 0.0003698 seconds
2015-08-14T01:45:10.779-0200: 73394.641: Total time for which application threads were stopped: 0.0020689 seconds, Stopping threads took: 0.0000246 seconds
2015-08-18T12:53:33.498-0200: 73450.201: Total time for which application threads were stopped: 0.0665032 seconds, Stopping threads took: 0.0139238 seconds
2015-08-18T12:53:33.581-0200: 73450.284: Total time for which application threads were stopped: 0.0325786 seconds, Stopping threads took: 0.0228315 seconds
2015-08-18T12:53:33.595-0200: 73450.297: Total time for which application threads were stopped: 0.0129077 seconds, Stopping threads took: 0.0126938 seconds
2015-08-18T12:53:33.626-0200: 73450.328: Total time for which application threads were stopped: 0.0002398 seconds, Stopping threads took: 0.0000288 seconds
2015-08-18T12:53:33.735-0200: 73450.438: Total time for which application threads were stopped: 0.0105794 seconds, Stopping threads took: 0.0103960 seconds
2015-08-18T12:53:33.736-0200: 73450.438: Total time for which application threads were stopped: 0.0001407 seconds, Stopping threads took: 0.0000416 seconds
2015-08-18T12:53:33.736-0200: 73450.438: Total time for which application threads were stopped: 0.0001215 seconds, Stopping threads took: 0.0000607 seconds
2015-08-18T12:53:33.757-0200: 73450.459: Total time for which application threads were stopped: 0.0207596 seconds, Stopping threads took: 0.0094639 seconds
2015-08-18T12:53:33.757-0200: 73450.460: Total time for which application threads were stopped: 0.0001491 seconds, Stopping threads took: 0.0000599 seconds
2015-08-18T12:53:34.012-0200: 73450.715: Total time for which application threads were stopped: 0.0002550 seconds, Stopping threads took: 0.0000309 seconds
2015-08-18T12:53:34.054-0200: 73450.756: Total time for which application threads were stopped: 0.0063149 seconds, Stopping threads took: 0.0061785 seconds
2015-08-18T12:53:34.078-0200: 73450.780: Total time for which application threads were stopped: 0.0037777 seconds, Stopping threads took: 0.0035210 seconds
2015-08-18T12:53:34.078-0200: 73450.781: Total time for which application threads were stopped: 0.0001423 seconds, Stopping threads took: 0.0000343 seconds
2015-08-18T12:53:35.234-0200: 73451.937: Total time for which application threads were stopped: 0.0002668 seconds, Stopping threads took: 0.0000565 seconds
2015-08-18T12:53:35.280-0200: 73451.983: Total time for which application threads were stopped: 0.0003303 seconds, Stopping threads took: 0.0000260 seconds
2015-08-18T12:53:36.501-0200: 73453.204: Total time for which application threads were stopped: 0.0219752 seconds, Stopping threads took: 0.0127015 seconds
2015-08-18T12:53:36.516-0200: 73453.218: Total time for which application threads were stopped: 0.0101613 seconds, Stopping threads took: 0.0099634 seconds
2015-08-18T12:53:36.769-0200: 73453.472: Total time for which application threads were stopped: 0.0002577 seconds, Stopping threads took: 0.0000277 seconds
2015-08-18T12:53:36.769-0200: 73453.472: Total time for which application threads were stopped: 0.0000834 seconds, Stopping threads took: 0.0000102 seconds
2015-08-18T12:53:36.780-0200: 73453.483: Total time for which application threads were stopped: 0.0002127 seconds, Stopping threads took: 0.0000231 seconds
2015-08-18T12:53:36.824-0200: 73453.527: Total time for which application threads were stopped: 0.0002092 seconds, Stopping threads took: 0.0000287 seconds
2015-08-18T12:53:36.824-0200: 73453.527: Total time for which application threads were stopped: 0.0001535 seconds, Stopping threads took: 0.0000087 seconds
2015-08-18T12:54:29.019-0200: 73505.724: Total time for which application threads were stopped: 0.0025807 seconds, Stopping threads took: 0.0003752 seconds
2015-08-18T12:56:58.189-0200: 73654.898: Total time for which application threads were stopped: 0.0021197 seconds, Stopping threads took: 0.0002583 seconds
2015-08-18T12:56:59.190-0200: 73655.899: Total time for which application threads were stopped: 0.0004680 seconds, Stopping threads took: 0.0000552 seconds
2015-08-18T12:59:38.332-0200: 73815.046: Total time for which application threads were stopped: 0.0003301 seconds, Stopping threads took: 0.0000527 seconds
2015-08-18T13:02:12.845-0200: 73867.044: Total time for which application threads were stopped: 1.5656598 seconds, Stopping threads took: 1.5640313 seconds
2015-08-18T13:02:13.322-0200: 73867.521: Total time for which application threads were stopped: 0.4723484 seconds, Stopping threads took: 0.2713716 seconds
2015-08-18T13:02:13.325-0200: 73867.524: Total time for which application threads were stopped: 0.0003981 seconds, Stopping threads took: 0.0000624 seconds
2015-08-18T13:02:13.417-0200: 73867.617: Total time for which application threads were stopped: 0.0425195 seconds, Stopping threads took: 0.0420444 seconds
2015-08-18T13:02:13.429-0200: 73867.628: Total time for which application threads were stopped: 0.0091692 seconds, Stopping threads took: 0.0025963 seconds
2015-08-18T13:02:13.430-0200: 73867.629: Total time for which application threads were stopped: 0.0005098 seconds, Stopping threads took: 0.0001971 seconds
2015-08-18T13:02:13.430-0200: 73867.629: Total time for which application threads were stopped: 0.0002521 seconds, Stopping threads took: 0.0000554 seconds
2015-08-18T13:02:13.445-0200: 73867.644: Total time for which application threads were stopped: 0.0131395 seconds, Stopping threads took: 0.0123659 seconds
2015-08-18T13:02:13.493-0200: 73867.692: Total time for which application threads were stopped: 0.0452539 seconds, Stopping threads took: 0.0448080 seconds
2015-08-18T13:02:13.532-0200: 73867.731: Total time for which application threads were stopped: 0.0372805 seconds, Stopping threads took: 0.0369646 seconds
2015-08-18T13:02:13.590-0200: 73867.789: Total time for which application threads were stopped: 0.0121619 seconds, Stopping threads took: 0.0113470 seconds
2015-08-18T13:02:13.594-0200: 73867.793: Total time for which application threads were stopped: 0.0032198 seconds, Stopping threads took: 0.0030429 seconds
2015-08-18T13:02:13.642-0200: 73867.841: Total time for which application threads were stopped: 0.0002396 seconds, Stopping threads took: 0.0000278 seconds
2015-08-18T13:02:13.642-0200: 73867.841: Total time for which application threads were stopped: 0.0001008 seconds, Stopping threads took: 0.0000089 seconds
2015-08-18T13:02:13.869-0200: 73868.068: Total time for which application threads were stopped: 0.0130499 seconds, Stopping threads took: 0.0127874 seconds
2015-08-18T13:02:13.872-0200: 73868.071: Total time for which application threads were stopped: 0.0003570 seconds, Stopping threads took: 0.0001138 seconds
2015-08-18T13:02:14.086-0200: 73868.285: Total time for which application threads were stopped: 0.0275390 seconds, Stopping threads took: 0.0252576 seconds
2015-08-18T13:02:14.096-0200: 73868.295: Total time for which application threads were stopped: 0.0004350 seconds, Stopping threads took: 0.0000779 seconds
2015-08-18T13:05:14.322-0200: 74048.526: Total time for which application threads were stopped: 0.0036351 seconds, Stopping threads took: 0.0004349 seconds
2015-08-18T13:05:14.389-0200: 74048.593: Total time for which application threads were stopped: 0.0004525 seconds, Stopping threads took: 0.0000317 seconds
2015-08-18T13:08:49.002-0200: 74263.211: Total time for which application threads were stopped: 0.0037634 seconds, Stopping threads took: 0.0003945 seconds
2015-08-18T13:11:29.258-0200: 74423.472: Total time for which application threads were stopped: 0.0016053 seconds, Stopping threads took: 0.0003997 seconds
2015-08-18T13:13:19.362-0200: 74533.579: Total time for which application threads were stopped: 0.0007996 seconds, Stopping threads took: 0.0000747 seconds
2015-08-18T13:13:20.391-0200: 74534.608: Total time for which application threads were stopped: 0.0002396 seconds, Stopping threads took: 0.0000246 seconds
2015-08-18T13:16:29.573-0200: 74723.795: Total time for which application threads were stopped: 0.0167224 seconds, Stopping threads took: 0.0051166 seconds
2015-08-18T13:21:43.151-0200: 75054.148: Total time for which application threads were stopped: 0.0027129 seconds, Stopping threads took: 0.0006230 seconds
2015-08-18T13:21:43.244-0200: 75054.242: Total time for which application threads were stopped: 0.0002602 seconds, Stopping threads took: 0.0000451 seconds
2015-08-18T14:36:22.554-0200: 75333.621: Total time for which application threads were stopped: 0.0160110 seconds, Stopping threads took: 0.0071609 seconds
2015-08-18T14:36:22.568-0200: 75333.634: Total time for which application threads were stopped: 0.0117520 seconds, Stopping threads took: 0.0113725 seconds
2015-08-18T14:36:22.588-0200: 75333.655: Total time for which application threads were stopped: 0.0174723 seconds, Stopping threads took: 0.0170310 seconds
2015-08-18T14:36:22.632-0200: 75333.698: Total time for which application threads were stopped: 0.0323312 seconds, Stopping threads took: 0.0316516 seconds
2015-08-18T14:36:22.633-0200: 75333.700: Total time for which application threads were stopped: 0.0003204 seconds, Stopping threads took: 0.0000347 seconds
2015-08-18T14:36:22.634-0200: 75333.701: Total time for which application threads were stopped: 0.0004498 seconds, Stopping threads took: 0.0000333 seconds
2015-08-18T14:36:23.207-0200: 75334.273: Total time for which application threads were stopped: 0.0012283 seconds, Stopping threads took: 0.0000239 seconds
2015-08-18T14:36:23.252-0200: 75334.318: Total time for which application threads were stopped: 0.0050063 seconds, Stopping threads took: 0.0030113 seconds
2015-08-18T14:36:23.252-0200: 75334.318: Total time for which application threads were stopped: 0.0001771 seconds, Stopping threads took: 0.0000509 seconds
2015-08-18T14:36:23.257-0200: 75334.324: Total time for which application threads were stopped: 0.0002718 seconds, Stopping threads took: 0.0000427 seconds
2015-08-18T14:36:23.257-0200: 75334.324: Total time for which application threads were stopped: 0.0001096 seconds, Stopping threads took: 0.0000098 seconds
2015-08-18T14:36:23.258-0200: 75334.325: Total time for which application threads were stopped: 0.0006915 seconds, Stopping threads took: 0.0005674 seconds
2015-08-18T14:36:23.263-0200: 75334.330: Total time for which application threads were stopped: 0.0001791 seconds, Stopping threads took: 0.0000582 seconds
2015-08-18T14:36:23.273-0200: 75334.340: Total time for which application threads were stopped: 0.0002740 seconds, Stopping threads took: 0.0000288 seconds
2015-08-18T14:36:23.273-0200: 75334.340: Total time for which application threads were stopped: 0.0001072 seconds, Stopping threads took: 0.0000094 seconds
2015-08-18T14:36:23.312-0200: 75334.378: Total time for which application threads were stopped: 0.0005631 seconds, Stopping threads took: 0.0001152 seconds
2015-08-18T14:36:23.358-0200: 75334.425: Total time for which application threads were stopped: 0.0003326 seconds, Stopping threads took: 0.0001065 seconds
2015-08-18T14:36:23.360-0200: 75334.426: Total time for which application threads were stopped: 0.0007943 seconds, Stopping threads took: 0.0000414 seconds
2015-08-18T14:36:23.416-0200: 75334.482: Total time for which application threads were stopped: 0.0020164 seconds, Stopping threads took: 0.0016431 seconds
2015-08-18T14:36:23.452-0200: 75334.519: Total time for which application threads were stopped: 0.0020638 seconds, Stopping threads took: 0.0018233 seconds
2015-08-18T14:56:20.716-0200: 75365.168: Total time for which application threads were stopped: 0.3182291 seconds, Stopping threads took: 0.1782368 seconds
2015-08-18T14:56:21.232-0200: 75365.683: Total time for which application threads were stopped: 0.0325321 seconds, Stopping threads took: 0.0323243 seconds
2015-08-18T14:56:21.321-0200: 75365.772: Total time for which application threads were stopped: 0.0190146 seconds, Stopping threads took: 0.0188670 seconds
2015-08-18T14:56:21.411-0200: 75365.862: Total time for which application threads were stopped: 0.0153513 seconds, Stopping threads took: 0.0151709 seconds
2015-08-18T14:56:21.411-0200: 75365.862: Total time for which application threads were stopped: 0.0001245 seconds, Stopping threads took: 0.0000421 seconds
2015-08-18T14:56:21.470-0200: 75365.921: Total time for which application threads were stopped: 0.0319914 seconds, Stopping threads took: 0.0317839 seconds
2015-08-18T14:56:21.576-0200: 75366.027: Total time for which application threads were stopped: 0.1038589 seconds, Stopping threads took: 0.0404784 seconds
2015-08-18T14:56:21.661-0200: 75366.113: Total time for which application threads were stopped: 0.0263213 seconds, Stopping threads took: 0.0260710 seconds
2015-08-18T14:56:21.727-0200: 75366.179: Total time for which application threads were stopped: 0.0037614 seconds, Stopping threads took: 0.0035256 seconds
2015-08-18T14:56:21.812-0200: 75366.263: Total time for which application threads were stopped: 0.0002284 seconds, Stopping threads took: 0.0000264 seconds
2015-08-18T14:56:21.842-0200: 75366.294: Total time for which application threads were stopped: 0.0087140 seconds, Stopping threads took: 0.0085020 seconds
2015-08-18T14:56:21.867-0200: 75366.318: Total time for which application threads were stopped: 0.0095800 seconds, Stopping threads took: 0.0093750 seconds
2015-08-18T14:56:21.875-0200: 75366.326: Total time for which application threads were stopped: 0.0079772 seconds, Stopping threads took: 0.0078253 seconds
2015-08-18T14:56:23.389-0200: 75367.841: Total time for which application threads were stopped: 0.0042553 seconds, Stopping threads took: 0.0039740 seconds
2015-08-18T14:56:23.450-0200: 75367.902: Total time for which application threads were stopped: 0.0021635 seconds, Stopping threads took: 0.0020090 seconds
2015-08-18T14:56:24.037-0200: 75368.489: Total time for which application threads were stopped: 0.0114230 seconds, Stopping threads took: 0.0000334 seconds
2015-08-18T14:56:24.065-0200: 75368.517: Total time for which application threads were stopped: 0.0113416 seconds, Stopping threads took: 0.0110809 seconds
2015-08-18T14:56:24.716-0200: 75369.167: Total time for which application threads were stopped: 0.0002366 seconds, Stopping threads took: 0.0000264 seconds
2015-08-18T14:56:24.716-0200: 75369.168: Total time for which application threads were stopped: 0.0001527 seconds, Stopping threads took: 0.0000152 seconds
2015-08-18T14:56:24.865-0200: 75369.317: Total time for which application threads were stopped: 0.0068839 seconds, Stopping threads took: 0.0035391 seconds
2015-08-18T14:56:24.872-0200: 75369.324: Total time for which application threads were stopped: 0.0002949 seconds, Stopping threads took: 0.0000741 seconds
2015-08-18T14:56:24.909-0200: 75369.361: Total time for which application threads were stopped: 0.0068429 seconds, Stopping threads took: 0.0063120 seconds
2015-08-18T14:56:24.911-0200: 75369.362: Total time for which application threads were stopped: 0.0002843 seconds, Stopping threads took: 0.0000694 seconds
2015-08-18T14:56:24.921-0200: 75369.372: Total time for which application threads were stopped: 0.0064748 seconds, Stopping threads took: 0.0055285 seconds
2015-08-18T14:59:05.954-0200: 75530.412: Total time for which application threads were stopped: 0.0003542 seconds, Stopping threads took: 0.0000769 seconds
2015-08-18T14:59:06.004-0200: 75530.461: Total time for which application threads were stopped: 0.0001682 seconds, Stopping threads took: 0.0000428 seconds
2015-08-18T15:01:46.081-0200: 75690.545: Total time for which application threads were stopped: 0.0017128 seconds, Stopping threads took: 0.0002964 seconds
2015-08-18T15:06:46.314-0200: 75990.788: Total time for which application threads were stopped: 0.0036310 seconds, Stopping threads took: 0.0004587 seconds
2015-08-18T15:11:46.556-0200: 76291.039: Total time for which application threads were stopped: 0.0029223 seconds, Stopping threads took: 0.0003641 seconds
2015-08-18T15:16:46.804-0200: 76591.294: Total time for which application threads were stopped: 0.0101058 seconds, Stopping threads took: 0.0003315 seconds
2015-08-18T15:21:47.031-0200: 76891.529: Total time for which application threads were stopped: 0.0085668 seconds, Stopping threads took: 0.0060029 seconds
2015-08-18T15:26:47.251-0200: 77191.756: Total time for which application threads were stopped: 0.0002032 seconds, Stopping threads took: 0.0000233 seconds
2015-08-18T15:31:47.424-0200: 77491.935: Total time for which application threads were stopped: 0.0055646 seconds, Stopping threads took: 0.0003460 seconds
2015-08-18T15:36:47.626-0200: 77792.141: Total time for which application threads were stopped: 0.0061230 seconds, Stopping threads took: 0.0002934 seconds
2015-08-18T15:41:47.895-0200: 78092.410: Total time for which application threads were stopped: 0.0057894 seconds, Stopping threads took: 0.0002985 seconds
2015-08-18T15:46:48.139-0200: 78392.656: Total time for which application threads were stopped: 0.0079111 seconds, Stopping threads took: 0.0002825 seconds
2015-08-18T15:51:48.382-0200: 78692.905: Total time for which application threads were stopped: 0.0020515 seconds, Stopping threads took: 0.0003520 seconds
2015-08-18T15:56:48.621-0200: 78993.151: Total time for which application threads were stopped: 0.0039814 seconds, Stopping threads took: 0.0005872 seconds
2015-08-18T16:01:48.882-0200: 79293.420: Total time for which application threads were stopped: 0.0021403 seconds, Stopping threads took: 0.0002772 seconds
2015-08-18T16:06:49.108-0200: 79593.654: Total time for which application threads were stopped: 0.0028119 seconds, Stopping threads took: 0.0003051 seconds
2015-08-18T16:11:49.286-0200: 79893.841: Total time for which application threads were stopped: 0.0001935 seconds, Stopping threads took: 0.0000232 seconds
2015-08-18T16:16:49.476-0200: 80194.039: Total time for which application threads were stopped: 0.0003589 seconds, Stopping threads took: 0.0000484 seconds
2015-08-18T16:21:49.707-0200: 80494.280: Total time for which application threads were stopped: 0.0031169 seconds, Stopping threads took: 0.0002970 seconds
2015-08-18T16:26:49.927-0200: 80794.507: Total time for which application threads were stopped: 0.0002177 seconds, Stopping threads took: 0.0000226 seconds
2015-08-18T16:31:50.108-0200: 81094.697: Total time for which application threads were stopped: 0.0017910 seconds, Stopping threads took: 0.0002561 seconds
2015-08-18T17:43:43.550-0200: 81207.506: Total time for which application threads were stopped: 0.3211242 seconds, Stopping threads took: 0.3094722 seconds
2015-08-18T17:43:43.551-0200: 81207.508: Total time for which application threads were stopped: 0.0004062 seconds, Stopping threads took: 0.0000206 seconds
{Heap before GC invocations=83 (full 1):
 par new generation   total 109248K, used 93408K [0x000000011d400000, 0x0000000125400000, 0x0000000125400000)
  eden space 87424K, 100% used [0x000000011d400000, 0x0000000122960000, 0x0000000122960000)
  from space 21824K,  27% used [0x0000000123eb0000, 0x0000000124488090, 0x0000000125400000)
  to   space 21824K,   0% used [0x0000000122960000, 0x0000000122960000, 0x0000000123eb0000)
 concurrent mark-sweep generation total 393216K, used 41361K [0x0000000125400000, 0x000000013d400000, 0x000000013d400000)
 Metaspace       used 35969K, capacity 36516K, committed 36684K, reserved 1081344K
  class space    used 3983K, capacity 4129K, committed 4172K, reserved 1048576K
2015-08-18T17:43:43.576-0200: 81207.533: [GC (Allocation Failure) 81207.551: [ParNew
Desired survivor size 20112992 bytes, new threshold 8 (max 8)
- age   1:     549664 bytes,     549664 total
- age   2:     104392 bytes,     654056 total
- age   3:     805736 bytes,    1459792 total
- age   4:    2179840 bytes,    3639632 total
- age   5:      83664 bytes,    3723296 total
- age   6:      94880 bytes,    3818176 total
- age   7:     116600 bytes,    3934776 total
- age   8:      69616 bytes,    4004392 total
: 93408K->4727K(109248K), 0.5599678 secs] 134769K->46129K(502464K), 0.5786604 secs] [Times: user=0.04 sys=0.12, real=0.58 secs] 
Heap after GC invocations=84 (full 1):
 par new generation   total 109248K, used 4727K [0x000000011d400000, 0x0000000125400000, 0x0000000125400000)
  eden space 87424K,   0% used [0x000000011d400000, 0x000000011d400000, 0x0000000122960000)
  from space 21824K,  21% used [0x0000000122960000, 0x0000000122dfdfd0, 0x0000000123eb0000)
  to   space 21824K,   0% used [0x0000000123eb0000, 0x0000000123eb0000, 0x0000000125400000)
 concurrent mark-sweep generation total 393216K, used 41401K [0x0000000125400000, 0x000000013d400000, 0x000000013d400000)
 Metaspace       used 35969K, capacity 36516K, committed 36684K, reserved 1081344K
  class space    used 3983K, capacity 4129K, committed 4172K, reserved 1048576K
}
2015-08-18T17:43:44.161-0200: 81208.117: Total time for which application threads were stopped: 0.6052556 seconds, Stopping threads took: 0.0000352 seconds
2015-08-18T17:43:44.174-0200: 81208.130: Total time for which application threads were stopped: 0.0002788 seconds, Stopping threads took: 0.0000284 seconds
2015-08-18T17:43:44.246-0200: 81208.202: Total time for which application threads were stopped: 0.0019337 seconds, Stopping threads took: 0.0016458 seconds
2015-08-18T17:43:44.246-0200: 81208.202: Total time for which application threads were stopped: 0.0001731 seconds, Stopping threads took: 0.0000588 seconds
2015-08-18T17:43:44.254-0200: 81208.210: Total time for which application threads were stopped: 0.0035309 seconds, Stopping threads took: 0.0022588 seconds
2015-08-18T17:43:44.254-0200: 81208.210: Total time for which application threads were stopped: 0.0004750 seconds, Stopping threads took: 0.0000376 seconds
2015-08-18T17:43:44.274-0200: 81208.230: Total time for which application threads were stopped: 0.0051190 seconds, Stopping threads took: 0.0048795 seconds
2015-08-18T17:43:44.368-0200: 81208.324: Total time for which application threads were stopped: 0.0897094 seconds, Stopping threads took: 0.0801690 seconds
2015-08-18T17:43:44.379-0200: 81208.335: Total time for which application threads were stopped: 0.0109826 seconds, Stopping threads took: 0.0107974 seconds
2015-08-18T17:43:44.476-0200: 81208.432: Total time for which application threads were stopped: 0.0770798 seconds, Stopping threads took: 0.0768621 seconds
2015-08-18T17:43:44.508-0200: 81208.464: Total time for which application threads were stopped: 0.0002547 seconds, Stopping threads took: 0.0000298 seconds
2015-08-18T17:43:44.527-0200: 81208.483: Total time for which application threads were stopped: 0.0059544 seconds, Stopping threads took: 0.0009703 seconds
2015-08-18T17:43:44.532-0200: 81208.488: Total time for which application threads were stopped: 0.0002259 seconds, Stopping threads took: 0.0000446 seconds
2015-08-18T17:43:44.586-0200: 81208.542: Total time for which application threads were stopped: 0.0004125 seconds, Stopping threads took: 0.0000560 seconds
2015-08-18T17:43:44.621-0200: 81208.577: Total time for which application threads were stopped: 0.0003234 seconds, Stopping threads took: 0.0000362 seconds
2015-08-18T17:43:44.630-0200: 81208.587: Total time for which application threads were stopped: 0.0086716 seconds, Stopping threads took: 0.0001357 seconds
2015-08-19T21:42:30.164-0200: 81262.833: Total time for which application threads were stopped: 0.0153189 seconds, Stopping threads took: 0.0010756 seconds
2015-08-19T21:42:30.166-0200: 81262.834: Total time for which application threads were stopped: 0.0002694 seconds, Stopping threads took: 0.0000249 seconds
2015-08-19T21:42:30.176-0200: 81262.845: Total time for which application threads were stopped: 0.0100224 seconds, Stopping threads took: 0.0097676 seconds
2015-08-19T21:42:30.177-0200: 81262.845: Total time for which application threads were stopped: 0.0001571 seconds, Stopping threads took: 0.0000640 seconds
2015-08-19T21:42:30.231-0200: 81262.900: Total time for which application threads were stopped: 0.0193825 seconds, Stopping threads took: 0.0191543 seconds
2015-08-19T21:42:30.249-0200: 81262.917: Total time for which application threads were stopped: 0.0173157 seconds, Stopping threads took: 0.0171740 seconds
2015-08-19T21:42:30.388-0200: 81263.056: Total time for which application threads were stopped: 0.0098980 seconds, Stopping threads took: 0.0097068 seconds
2015-08-19T21:42:30.498-0200: 81263.166: Total time for which application threads were stopped: 0.0265541 seconds, Stopping threads took: 0.0263230 seconds
2015-08-19T21:42:30.649-0200: 81263.317: Total time for which application threads were stopped: 0.0002460 seconds, Stopping threads took: 0.0000493 seconds
2015-08-19T21:42:30.678-0200: 81263.346: Total time for which application threads were stopped: 0.0292681 seconds, Stopping threads took: 0.0000134 seconds
2015-08-19T21:42:30.687-0200: 81263.355: Total time for which application threads were stopped: 0.0002167 seconds, Stopping threads took: 0.0000280 seconds
2015-08-19T21:42:30.777-0200: 81263.446: Total time for which application threads were stopped: 0.0002507 seconds, Stopping threads took: 0.0000279 seconds
2015-08-19T21:42:30.777-0200: 81263.446: Total time for which application threads were stopped: 0.0000868 seconds, Stopping threads took: 0.0000101 seconds
2015-08-19T21:42:33.166-0200: 81265.834: Total time for which application threads were stopped: 0.0003347 seconds, Stopping threads took: 0.0000294 seconds
2015-08-19T21:42:33.214-0200: 81265.882: Total time for which application threads were stopped: 0.0028674 seconds, Stopping threads took: 0.0025349 seconds
2015-08-19T21:42:33.698-0200: 81266.366: Total time for which application threads were stopped: 0.0003668 seconds, Stopping threads took: 0.0000561 seconds
2015-08-19T21:42:33.897-0200: 81266.565: Total time for which application threads were stopped: 0.0026550 seconds, Stopping threads took: 0.0000495 seconds
2015-08-19T21:42:33.898-0200: 81266.566: Total time for which application threads were stopped: 0.0001983 seconds, Stopping threads took: 0.0000215 seconds
2015-08-19T21:42:33.908-0200: 81266.577: Total time for which application threads were stopped: 0.0020863 seconds, Stopping threads took: 0.0018282 seconds
2015-08-19T21:42:33.965-0200: 81266.633: Total time for which application threads were stopped: 0.0039172 seconds, Stopping threads took: 0.0000350 seconds
2015-08-19T21:42:33.973-0200: 81266.641: Total time for which application threads were stopped: 0.0060973 seconds, Stopping threads took: 0.0000332 seconds
2015-08-19T21:42:41.799-0200: 81274.468: Total time for which application threads were stopped: 0.0034246 seconds, Stopping threads took: 0.0007064 seconds
2015-08-19T21:42:46.039-0200: 81278.708: Total time for which application threads were stopped: 0.0178447 seconds, Stopping threads took: 0.0001448 seconds
2015-08-19T21:42:46.162-0200: 81278.831: Total time for which application threads were stopped: 0.0003859 seconds, Stopping threads took: 0.0000299 seconds
2015-08-19T21:42:53.412-0200: 81286.081: Total time for which application threads were stopped: 0.0012197 seconds, Stopping threads took: 0.0004924 seconds
2015-08-19T21:44:43.794-0200: 81396.466: Total time for which application threads were stopped: 0.0074770 seconds, Stopping threads took: 0.0002213 seconds
2015-08-19T21:44:44.796-0200: 81397.468: Total time for which application threads were stopped: 0.0003744 seconds, Stopping threads took: 0.0001420 seconds
2015-08-19T21:45:45.952-0200: 81458.626: Total time for which application threads were stopped: 0.0030458 seconds, Stopping threads took: 0.0005090 seconds
2015-08-19T21:46:45.815-0200: 81518.491: Total time for which application threads were stopped: 0.0003602 seconds, Stopping threads took: 0.0000308 seconds
2015-08-19T21:46:46.818-0200: 81519.493: Total time for which application threads were stopped: 0.0003334 seconds, Stopping threads took: 0.0000440 seconds
2015-08-19T21:47:47.980-0200: 81580.657: Total time for which application threads were stopped: 0.0034947 seconds, Stopping threads took: 0.0005666 seconds
2015-08-19T21:48:52.893-0200: 81645.573: Total time for which application threads were stopped: 0.0025850 seconds, Stopping threads took: 0.0003433 seconds
2015-08-19T21:50:54.910-0200: 81767.592: Total time for which application threads were stopped: 0.0021281 seconds, Stopping threads took: 0.0002929 seconds
2015-08-19T21:52:56.953-0200: 81889.639: Total time for which application threads were stopped: 0.0018182 seconds, Stopping threads took: 0.0002990 seconds
2015-08-19T21:54:58.963-0200: 82011.652: Total time for which application threads were stopped: 0.0003461 seconds, Stopping threads took: 0.0000381 seconds
2015-08-19T21:57:01.018-0200: 82133.710: Total time for which application threads were stopped: 0.0022057 seconds, Stopping threads took: 0.0002732 seconds
2015-08-19T21:58:30.288-0200: 82222.983: Total time for which application threads were stopped: 0.0025499 seconds, Stopping threads took: 0.0004421 seconds
2015-08-19T21:59:03.053-0200: 82255.749: Total time for which application threads were stopped: 0.0003589 seconds, Stopping threads took: 0.0000279 seconds
2015-08-19T21:59:03.064-0200: 82255.760: Total time for which application threads were stopped: 0.0002838 seconds, Stopping threads took: 0.0000233 seconds
2015-08-19T22:00:49.364-0200: 82362.063: Total time for which application threads were stopped: 0.0023352 seconds, Stopping threads took: 0.0003573 seconds
2015-08-19T22:01:10.120-0200: 82382.820: Total time for which application threads were stopped: 0.0004882 seconds, Stopping threads took: 0.0000592 seconds
2015-08-19T22:01:10.160-0200: 82382.860: Total time for which application threads were stopped: 0.0004579 seconds, Stopping threads took: 0.0000813 seconds
2015-08-19T22:01:10.418-0200: 82383.117: Total time for which application threads were stopped: 0.0007463 seconds, Stopping threads took: 0.0000324 seconds
2015-08-19T22:01:10.472-0200: 82383.171: Total time for which application threads were stopped: 0.0155952 seconds, Stopping threads took: 0.0023414 seconds
2015-08-19T22:01:17.527-0200: 82390.227: Total time for which application threads were stopped: 0.0015188 seconds, Stopping threads took: 0.0012846 seconds
2015-08-19T22:01:17.535-0200: 82390.235: Total time for which application threads were stopped: 0.0076469 seconds, Stopping threads took: 0.0022859 seconds
2015-08-20T00:50:40.466-0200: 88966.141: Total time for which application threads were stopped: 0.2844001 seconds, Stopping threads took: 0.0075031 seconds
2015-08-20T00:50:40.478-0200: 88966.153: Total time for which application threads were stopped: 0.0105285 seconds, Stopping threads took: 0.0044479 seconds
2015-08-20T00:50:40.485-0200: 88966.160: Total time for which application threads were stopped: 0.0056203 seconds, Stopping threads took: 0.0034154 seconds
2015-08-20T00:50:40.765-0200: 88966.440: Total time for which application threads were stopped: 0.0021311 seconds, Stopping threads took: 0.0018148 seconds
2015-08-20T00:50:40.775-0200: 88966.450: Total time for which application threads were stopped: 0.0031118 seconds, Stopping threads took: 0.0028533 seconds
2015-08-20T00:50:40.800-0200: 88966.475: Total time for which application threads were stopped: 0.0235413 seconds, Stopping threads took: 0.0044714 seconds
2015-08-20T00:50:40.823-0200: 88966.498: Total time for which application threads were stopped: 0.0175687 seconds, Stopping threads took: 0.0067122 seconds
2015-08-20T00:50:40.824-0200: 88966.499: Total time for which application threads were stopped: 0.0002476 seconds, Stopping threads took: 0.0000563 seconds
2015-08-20T00:50:40.838-0200: 88966.513: Total time for which application threads were stopped: 0.0038938 seconds, Stopping threads took: 0.0034099 seconds
2015-08-20T00:50:40.841-0200: 88966.517: Total time for which application threads were stopped: 0.0002647 seconds, Stopping threads took: 0.0000408 seconds
2015-08-20T00:50:40.842-0200: 88966.517: Total time for which application threads were stopped: 0.0001151 seconds, Stopping threads took: 0.0000314 seconds
2015-08-20T00:50:40.858-0200: 88966.533: Total time for which application threads were stopped: 0.0022582 seconds, Stopping threads took: 0.0000586 seconds
2015-08-20T00:50:40.869-0200: 88966.545: Total time for which application threads were stopped: 0.0186470 seconds, Stopping threads took: 0.0010274 seconds
2015-08-20T00:50:40.902-0200: 88966.577: Total time for which application threads were stopped: 0.0094659 seconds, Stopping threads took: 0.0091913 seconds
2015-08-20T00:50:40.916-0200: 88966.592: Total time for which application threads were stopped: 0.0009055 seconds, Stopping threads took: 0.0005268 seconds
2015-08-20T00:50:40.917-0200: 88966.592: Total time for which application threads were stopped: 0.0001464 seconds, Stopping threads took: 0.0000120 seconds
2015-08-20T00:51:12.109-0200: 88997.785: Total time for which application threads were stopped: 0.0105055 seconds, Stopping threads took: 0.0050852 seconds
2015-08-20T01:51:25.574-0200: 89019.250: Total time for which application threads were stopped: 0.0023125 seconds, Stopping threads took: 0.0018900 seconds
2015-08-20T01:51:25.683-0200: 89019.358: Total time for which application threads were stopped: 0.0060760 seconds, Stopping threads took: 0.0055996 seconds
2015-08-20T01:51:25.683-0200: 89019.359: Total time for which application threads were stopped: 0.0001968 seconds, Stopping threads took: 0.0000333 seconds
2015-08-20T01:51:26.478-0200: 89020.153: Total time for which application threads were stopped: 0.0053449 seconds, Stopping threads took: 0.0047985 seconds
2015-08-20T01:51:26.482-0200: 89020.158: Total time for which application threads were stopped: 0.0003216 seconds, Stopping threads took: 0.0000545 seconds
2015-08-20T01:51:26.588-0200: 89020.264: Total time for which application threads were stopped: 0.0022427 seconds, Stopping threads took: 0.0001552 seconds
2015-08-20T01:51:26.597-0200: 89020.273: Total time for which application threads were stopped: 0.0003050 seconds, Stopping threads took: 0.0000277 seconds
2015-08-20T01:51:27.703-0200: 89021.379: Total time for which application threads were stopped: 0.0090964 seconds, Stopping threads took: 0.0025552 seconds
2015-08-20T01:51:27.707-0200: 89021.383: Total time for which application threads were stopped: 0.0035799 seconds, Stopping threads took: 0.0033448 seconds
2015-08-20T01:51:27.711-0200: 89021.386: Total time for which application threads were stopped: 0.0027169 seconds, Stopping threads took: 0.0023886 seconds
2015-08-20T01:51:27.717-0200: 89021.392: Total time for which application threads were stopped: 0.0023727 seconds, Stopping threads took: 0.0000839 seconds
2015-08-20T01:51:27.720-0200: 89021.395: Total time for which application threads were stopped: 0.0024532 seconds, Stopping threads took: 0.0021483 seconds
2015-08-20T01:51:27.741-0200: 89021.416: Total time for which application threads were stopped: 0.0003053 seconds, Stopping threads took: 0.0000537 seconds
2015-08-20T01:51:27.742-0200: 89021.417: Total time for which application threads were stopped: 0.0002585 seconds, Stopping threads took: 0.0000407 seconds
2015-08-20T01:51:29.766-0200: 89023.442: Total time for which application threads were stopped: 0.0129522 seconds, Stopping threads took: 0.0007732 seconds
2015-08-20T01:51:32.776-0200: 89026.452: Total time for which application threads were stopped: 0.0002821 seconds, Stopping threads took: 0.0000340 seconds
2015-08-20T01:51:37.767-0200: 89031.442: Total time for which application threads were stopped: 0.0003296 seconds, Stopping threads took: 0.0000589 seconds
2015-08-20T01:51:37.767-0200: 89031.443: Total time for which application threads were stopped: 0.0002171 seconds, Stopping threads took: 0.0000470 seconds
2015-08-20T01:51:37.787-0200: 89031.463: Total time for which application threads were stopped: 0.0092319 seconds, Stopping threads took: 0.0053902 seconds
2015-08-20T01:51:37.788-0200: 89031.464: Total time for which application threads were stopped: 0.0002164 seconds, Stopping threads took: 0.0000162 seconds
2015-08-20T01:51:37.792-0200: 89031.468: Total time for which application threads were stopped: 0.0010741 seconds, Stopping threads took: 0.0008559 seconds
2015-08-20T01:51:37.793-0200: 89031.469: Total time for which application threads were stopped: 0.0001619 seconds, Stopping threads took: 0.0000352 seconds
2015-08-20T01:51:37.800-0200: 89031.476: Total time for which application threads were stopped: 0.0003156 seconds, Stopping threads took: 0.0001023 seconds
2015-08-20T01:51:37.874-0200: 89031.550: Total time for which application threads were stopped: 0.0002715 seconds, Stopping threads took: 0.0000619 seconds
2015-08-20T01:51:44.914-0200: 89038.590: Total time for which application threads were stopped: 0.0049332 seconds, Stopping threads took: 0.0046310 seconds
2015-08-20T01:51:44.918-0200: 89038.594: Total time for which application threads were stopped: 0.0039417 seconds, Stopping threads took: 0.0000486 seconds
2015-08-20T01:51:45.183-0200: 89038.859: Total time for which application threads were stopped: 0.0095255 seconds, Stopping threads took: 0.0034434 seconds
2015-08-20T01:51:45.191-0200: 89038.867: Total time for which application threads were stopped: 0.0003023 seconds, Stopping threads took: 0.0000322 seconds
2015-08-20T01:51:46.193-0200: 89039.869: Total time for which application threads were stopped: 0.0002398 seconds, Stopping threads took: 0.0000620 seconds
2015-08-20T02:52:22.515-0200: 89084.202: Total time for which application threads were stopped: 0.0155825 seconds, Stopping threads took: 0.0114196 seconds
2015-08-20T02:52:22.537-0200: 89084.224: Total time for which application threads were stopped: 0.0111790 seconds, Stopping threads took: 0.0108578 seconds
2015-08-20T02:52:22.556-0200: 89084.243: Total time for which application threads were stopped: 0.0128237 seconds, Stopping threads took: 0.0086422 seconds
2015-08-20T02:52:22.563-0200: 89084.250: Total time for which application threads were stopped: 0.0002988 seconds, Stopping threads took: 0.0000266 seconds
2015-08-20T02:52:22.675-0200: 89084.362: Total time for which application threads were stopped: 0.0111292 seconds, Stopping threads took: 0.0107896 seconds
2015-08-20T02:52:22.683-0200: 89084.370: Total time for which application threads were stopped: 0.0078630 seconds, Stopping threads took: 0.0075326 seconds
2015-08-20T02:52:22.690-0200: 89084.377: Total time for which application threads were stopped: 0.0036243 seconds, Stopping threads took: 0.0032845 seconds
2015-08-20T02:52:22.694-0200: 89084.381: Total time for which application threads were stopped: 0.0002986 seconds, Stopping threads took: 0.0000295 seconds
2015-08-20T02:52:22.695-0200: 89084.382: Total time for which application threads were stopped: 0.0002057 seconds, Stopping threads took: 0.0000173 seconds
2015-08-20T02:52:22.706-0200: 89084.393: Total time for which application threads were stopped: 0.0112526 seconds, Stopping threads took: 0.0107963 seconds
2015-08-20T02:52:22.707-0200: 89084.394: Total time for which application threads were stopped: 0.0002753 seconds, Stopping threads took: 0.0000753 seconds
2015-08-20T02:52:22.707-0200: 89084.394: Total time for which application threads were stopped: 0.0001878 seconds, Stopping threads took: 0.0000341 seconds
2015-08-20T02:52:22.737-0200: 89084.424: Total time for which application threads were stopped: 0.0003425 seconds, Stopping threads took: 0.0000507 seconds
2015-08-20T02:52:22.759-0200: 89084.446: Total time for which application threads were stopped: 0.0002483 seconds, Stopping threads took: 0.0000492 seconds
2015-08-20T02:52:22.759-0200: 89084.446: Total time for which application threads were stopped: 0.0001267 seconds, Stopping threads took: 0.0000319 seconds
2015-08-20T02:52:22.760-0200: 89084.447: Total time for which application threads were stopped: 0.0001636 seconds, Stopping threads took: 0.0000147 seconds
2015-08-20T02:52:22.763-0200: 89084.450: Total time for which application threads were stopped: 0.0026738 seconds, Stopping threads took: 0.0025162 seconds
2015-08-20T02:52:22.766-0200: 89084.453: Total time for which application threads were stopped: 0.0002230 seconds, Stopping threads took: 0.0000437 seconds
2015-08-20T02:52:22.882-0200: 89084.569: Total time for which application threads were stopped: 0.0217064 seconds, Stopping threads took: 0.0094401 seconds
2015-08-20T02:52:22.903-0200: 89084.590: Total time for which application threads were stopped: 0.0096455 seconds, Stopping threads took: 0.0034419 seconds
2015-08-20T02:52:22.964-0200: 89084.651: Total time for which application threads were stopped: 0.0003222 seconds, Stopping threads took: 0.0000373 seconds
2015-08-20T02:52:22.973-0200: 89084.660: Total time for which application threads were stopped: 0.0004102 seconds, Stopping threads took: 0.0000329 seconds
2015-08-20T03:53:09.308-0200: 89138.617: Total time for which application threads were stopped: 0.0801132 seconds, Stopping threads took: 0.0793206 seconds
2015-08-20T03:53:09.320-0200: 89138.628: Total time for which application threads were stopped: 0.0015605 seconds, Stopping threads took: 0.0000704 seconds
2015-08-20T03:53:09.323-0200: 89138.631: Total time for which application threads were stopped: 0.0012617 seconds, Stopping threads took: 0.0006328 seconds
2015-08-20T03:53:09.339-0200: 89138.647: Total time for which application threads were stopped: 0.0137236 seconds, Stopping threads took: 0.0132420 seconds
2015-08-20T03:53:09.349-0200: 89138.657: Total time for which application threads were stopped: 0.0074126 seconds, Stopping threads took: 0.0038902 seconds
2015-08-20T03:53:09.670-0200: 89138.979: Total time for which application threads were stopped: 0.0005393 seconds, Stopping threads took: 0.0000547 seconds
2015-08-20T03:53:09.776-0200: 89139.085: Total time for which application threads were stopped: 0.0002742 seconds, Stopping threads took: 0.0000256 seconds
2015-08-20T03:53:09.778-0200: 89139.086: Total time for which application threads were stopped: 0.0004631 seconds, Stopping threads took: 0.0000236 seconds
2015-08-20T03:53:09.778-0200: 89139.086: Total time for which application threads were stopped: 0.0004776 seconds, Stopping threads took: 0.0000105 seconds
2015-08-20T03:53:09.778-0200: 89139.087: Total time for which application threads were stopped: 0.0001806 seconds, Stopping threads took: 0.0000130 seconds
2015-08-20T03:53:09.779-0200: 89139.087: Total time for which application threads were stopped: 0.0001576 seconds, Stopping threads took: 0.0000109 seconds
2015-08-20T03:53:10.074-0200: 89139.382: Total time for which application threads were stopped: 0.0005700 seconds, Stopping threads took: 0.0000262 seconds
2015-08-20T03:53:10.077-0200: 89139.385: Total time for which application threads were stopped: 0.0003301 seconds, Stopping threads took: 0.0000264 seconds
2015-08-20T03:53:10.588-0200: 89139.896: Total time for which application threads were stopped: 0.0004342 seconds, Stopping threads took: 0.0001297 seconds
2015-08-20T03:53:10.594-0200: 89139.902: Total time for which application threads were stopped: 0.0019844 seconds, Stopping threads took: 0.0017367 seconds
2015-08-20T03:53:11.600-0200: 89140.908: Total time for which application threads were stopped: 0.0004035 seconds, Stopping threads took: 0.0000484 seconds
2015-08-20T03:53:18.134-0200: 89147.443: Total time for which application threads were stopped: 0.0003358 seconds, Stopping threads took: 0.0000527 seconds
2015-08-20T03:53:18.135-0200: 89147.443: Total time for which application threads were stopped: 0.0001969 seconds, Stopping threads took: 0.0000159 seconds
2015-08-20T03:53:18.163-0200: 89147.471: Total time for which application threads were stopped: 0.0107105 seconds, Stopping threads took: 0.0104156 seconds
2015-08-20T03:53:18.222-0200: 89147.530: Total time for which application threads were stopped: 0.0007641 seconds, Stopping threads took: 0.0000525 seconds
2015-08-20T03:53:18.223-0200: 89147.531: Total time for which application threads were stopped: 0.0004117 seconds, Stopping threads took: 0.0001667 seconds
2015-08-20T03:53:18.421-0200: 89147.729: Total time for which application threads were stopped: 0.0002901 seconds, Stopping threads took: 0.0000221 seconds
2015-08-20T03:53:18.470-0200: 89147.778: Total time for which application threads were stopped: 0.0002417 seconds, Stopping threads took: 0.0000300 seconds
2015-08-20T03:53:18.479-0200: 89147.788: Total time for which application threads were stopped: 0.0002145 seconds, Stopping threads took: 0.0000249 seconds
2015-08-20T03:53:21.198-0200: 89150.507: Total time for which application threads were stopped: 0.0002932 seconds, Stopping threads took: 0.0000285 seconds
2015-08-20T03:53:21.203-0200: 89150.512: Total time for which application threads were stopped: 0.0034147 seconds, Stopping threads took: 0.0000246 seconds
2015-08-20T03:53:21.239-0200: 89150.548: Total time for which application threads were stopped: 0.0025664 seconds, Stopping threads took: 0.0022589 seconds
2015-08-20T03:53:21.246-0200: 89150.555: Total time for which application threads were stopped: 0.0061740 seconds, Stopping threads took: 0.0048514 seconds
2015-08-20T03:53:21.489-0200: 89150.798: Total time for which application threads were stopped: 0.0045882 seconds, Stopping threads took: 0.0042632 seconds
2015-08-20T03:53:21.492-0200: 89150.800: Total time for which application threads were stopped: 0.0020074 seconds, Stopping threads took: 0.0016806 seconds
2015-08-20T03:53:24.172-0200: 89153.481: Total time for which application threads were stopped: 0.0020180 seconds, Stopping threads took: 0.0017981 seconds
{Heap before GC invocations=84 (full 1):
 par new generation   total 109248K, used 92151K [0x000000011d400000, 0x0000000125400000, 0x0000000125400000)
  eden space 87424K, 100% used [0x000000011d400000, 0x0000000122960000, 0x0000000122960000)
  from space 21824K,  21% used [0x0000000122960000, 0x0000000122dfdfd0, 0x0000000123eb0000)
  to   space 21824K,   0% used [0x0000000123eb0000, 0x0000000123eb0000, 0x0000000125400000)
 concurrent mark-sweep generation total 393216K, used 41401K [0x0000000125400000, 0x000000013d400000, 0x000000013d400000)
 Metaspace       used 36058K, capacity 36586K, committed 36684K, reserved 1081344K
  class space    used 3984K, capacity 4130K, committed 4172K, reserved 1048576K
2015-08-20T03:53:24.190-0200: 89153.499: [GC (Allocation Failure) 89153.504: [ParNew
Desired survivor size 20112992 bytes, new threshold 8 (max 8)
- age   1:     547752 bytes,     547752 total
- age   2:      36392 bytes,     584144 total
- age   3:      56312 bytes,     640456 total
- age   4:     805432 bytes,    1445888 total
- age   5:    2114272 bytes,    3560160 total
- age   6:      83664 bytes,    3643824 total
- age   7:      94880 bytes,    3738704 total
- age   8:     116600 bytes,    3855304 total
: 92151K->5340K(109248K), 0.1927253 secs] 133553K->46811K(502464K), 0.1979183 secs] [Times: user=0.04 sys=0.09, real=0.19 secs] 
Heap after GC invocations=85 (full 1):
 par new generation   total 109248K, used 5340K [0x000000011d400000, 0x0000000125400000, 0x0000000125400000)
  eden space 87424K,   0% used [0x000000011d400000, 0x000000011d400000, 0x0000000122960000)
  from space 21824K,  24% used [0x0000000123eb0000, 0x00000001243e7210, 0x0000000125400000)
  to   space 21824K,   0% used [0x0000000122960000, 0x0000000122960000, 0x0000000123eb0000)
 concurrent mark-sweep generation total 393216K, used 41471K [0x0000000125400000, 0x000000013d400000, 0x000000013d400000)
 Metaspace       used 36058K, capacity 36586K, committed 36684K, reserved 1081344K
  class space    used 3984K, capacity 4130K, committed 4172K, reserved 1048576K
}
2015-08-20T03:53:24.388-0200: 89153.697: Total time for which application threads were stopped: 0.2006176 seconds, Stopping threads took: 0.0021495 seconds
2015-08-20T04:53:56.569-0200: 89193.385: Total time for which application threads were stopped: 0.0426169 seconds, Stopping threads took: 0.0027364 seconds
2015-08-20T04:54:04.631-0200: 89201.448: Total time for which application threads were stopped: 0.0006033 seconds, Stopping threads took: 0.0000680 seconds
2015-08-20T04:54:04.962-0200: 89201.779: Total time for which application threads were stopped: 0.0015530 seconds, Stopping threads took: 0.0012998 seconds
2015-08-20T04:54:04.970-0200: 89201.786: Total time for which application threads were stopped: 0.0017909 seconds, Stopping threads took: 0.0013010 seconds
2015-08-20T04:54:04.981-0200: 89201.797: Total time for which application threads were stopped: 0.0023038 seconds, Stopping threads took: 0.0020768 seconds
2015-08-20T04:54:04.981-0200: 89201.798: Total time for which application threads were stopped: 0.0001776 seconds, Stopping threads took: 0.0000571 seconds
2015-08-20T04:54:04.993-0200: 89201.810: Total time for which application threads were stopped: 0.0116665 seconds, Stopping threads took: 0.0114420 seconds
2015-08-20T04:54:04.996-0200: 89201.812: Total time for which application threads were stopped: 0.0021612 seconds, Stopping threads took: 0.0000688 seconds
2015-08-20T04:54:04.996-0200: 89201.812: Total time for which application threads were stopped: 0.0001573 seconds, Stopping threads took: 0.0000171 seconds
2015-08-20T04:54:05.000-0200: 89201.816: Total time for which application threads were stopped: 0.0002817 seconds, Stopping threads took: 0.0000593 seconds
2015-08-20T04:54:05.001-0200: 89201.817: Total time for which application threads were stopped: 0.0003655 seconds, Stopping threads took: 0.0001652 seconds
2015-08-20T04:54:05.009-0200: 89201.825: Total time for which application threads were stopped: 0.0020464 seconds, Stopping threads took: 0.0017338 seconds
2015-08-20T04:54:05.009-0200: 89201.826: Total time for which application threads were stopped: 0.0002263 seconds, Stopping threads took: 0.0000359 seconds
2015-08-20T04:54:06.335-0200: 89203.151: Total time for which application threads were stopped: 0.0003293 seconds, Stopping threads took: 0.0000837 seconds
2015-08-20T04:54:06.335-0200: 89203.152: Total time for which application threads were stopped: 0.0001419 seconds, Stopping threads took: 0.0000398 seconds
2015-08-20T04:54:35.492-0200: 89232.309: Total time for which application threads were stopped: 0.0004689 seconds, Stopping threads took: 0.0000958 seconds
2015-08-20T05:54:43.945-0200: 89248.555: Total time for which application threads were stopped: 0.0022615 seconds, Stopping threads took: 0.0016444 seconds
2015-08-20T05:54:43.973-0200: 89248.584: Total time for which application threads were stopped: 0.0004213 seconds, Stopping threads took: 0.0000268 seconds
2015-08-20T05:54:43.973-0200: 89248.584: Total time for which application threads were stopped: 0.0001503 seconds, Stopping threads took: 0.0000104 seconds
2015-08-20T05:54:44.066-0200: 89248.677: Total time for which application threads were stopped: 0.0112265 seconds, Stopping threads took: 0.0109138 seconds
2015-08-20T05:54:44.068-0200: 89248.678: Total time for which application threads were stopped: 0.0004031 seconds, Stopping threads took: 0.0000425 seconds
2015-08-20T05:54:44.219-0200: 89248.829: Total time for which application threads were stopped: 0.0009624 seconds, Stopping threads took: 0.0006227 seconds
2015-08-20T05:54:44.243-0200: 89248.853: Total time for which application threads were stopped: 0.0003121 seconds, Stopping threads took: 0.0000519 seconds
2015-08-20T05:54:44.251-0200: 89248.861: Total time for which application threads were stopped: 0.0012064 seconds, Stopping threads took: 0.0009188 seconds
2015-08-20T05:54:44.272-0200: 89248.883: Total time for which application threads were stopped: 0.0020388 seconds, Stopping threads took: 0.0000443 seconds
2015-08-20T05:54:52.491-0200: 89257.102: Total time for which application threads were stopped: 0.0007210 seconds, Stopping threads took: 0.0000516 seconds
2015-08-20T05:54:52.521-0200: 89257.132: Total time for which application threads were stopped: 0.0022942 seconds, Stopping threads took: 0.0017714 seconds
2015-08-20T05:54:52.532-0200: 89257.143: Total time for which application threads were stopped: 0.0106313 seconds, Stopping threads took: 0.0047032 seconds
2015-08-20T05:54:52.579-0200: 89257.190: Total time for which application threads were stopped: 0.0003141 seconds, Stopping threads took: 0.0000515 seconds
2015-08-20T05:54:52.580-0200: 89257.191: Total time for which application threads were stopped: 0.0014751 seconds, Stopping threads took: 0.0000291 seconds
2015-08-20T05:54:52.599-0200: 89257.210: Total time for which application threads were stopped: 0.0180936 seconds, Stopping threads took: 0.0040208 seconds
2015-08-20T05:54:52.618-0200: 89257.229: Total time for which application threads were stopped: 0.0003430 seconds, Stopping threads took: 0.0000558 seconds
2015-08-20T05:54:52.619-0200: 89257.230: Total time for which application threads were stopped: 0.0002206 seconds, Stopping threads took: 0.0000412 seconds
2015-08-20T05:54:52.625-0200: 89257.236: Total time for which application threads were stopped: 0.0021598 seconds, Stopping threads took: 0.0019241 seconds
2015-08-20T05:54:52.642-0200: 89257.253: Total time for which application threads were stopped: 0.0029241 seconds, Stopping threads took: 0.0007257 seconds
2015-08-20T05:54:52.642-0200: 89257.253: Total time for which application threads were stopped: 0.0002867 seconds, Stopping threads took: 0.0000385 seconds
2015-08-20T05:54:53.296-0200: 89257.907: Total time for which application threads were stopped: 0.0004319 seconds, Stopping threads took: 0.0000344 seconds
2015-08-20T05:54:53.297-0200: 89257.907: Total time for which application threads were stopped: 0.0002776 seconds, Stopping threads took: 0.0000245 seconds
2015-08-20T05:54:53.666-0200: 89258.277: Total time for which application threads were stopped: 0.0003804 seconds, Stopping threads took: 0.0000359 seconds
2015-08-20T05:54:58.604-0200: 89263.215: Total time for which application threads were stopped: 0.0002978 seconds, Stopping threads took: 0.0000308 seconds
2015-08-20T05:54:58.604-0200: 89263.215: Total time for which application threads were stopped: 0.0003080 seconds, Stopping threads took: 0.0000336 seconds
2015-08-20T05:54:58.616-0200: 89263.227: Total time for which application threads were stopped: 0.0003918 seconds, Stopping threads took: 0.0000281 seconds
2015-08-20T05:54:58.619-0200: 89263.230: Total time for which application threads were stopped: 0.0002093 seconds, Stopping threads took: 0.0000318 seconds
2015-08-20T05:54:58.665-0200: 89263.276: Total time for which application threads were stopped: 0.0004110 seconds, Stopping threads took: 0.0000260 seconds
2015-08-20T05:54:58.730-0200: 89263.341: Total time for which application threads were stopped: 0.0003737 seconds, Stopping threads took: 0.0000237 seconds
2015-08-20T05:55:00.698-0200: 89265.309: Total time for which application threads were stopped: 0.0002560 seconds, Stopping threads took: 0.0000271 seconds
2015-08-20T05:55:02.547-0200: 89267.159: Total time for which application threads were stopped: 0.0012224 seconds, Stopping threads took: 0.0009538 seconds
2015-08-20T05:55:02.548-0200: 89267.159: Total time for which application threads were stopped: 0.0003406 seconds, Stopping threads took: 0.0001121 seconds
2015-08-20T05:55:02.549-0200: 89267.160: Total time for which application threads were stopped: 0.0002064 seconds, Stopping threads took: 0.0000392 seconds
2015-08-20T05:55:02.572-0200: 89267.184: Total time for which application threads were stopped: 0.0002190 seconds, Stopping threads took: 0.0000205 seconds
2015-08-20T05:55:09.583-0200: 89274.194: Total time for which application threads were stopped: 0.0003437 seconds, Stopping threads took: 0.0000662 seconds
2015-08-20T05:55:09.586-0200: 89274.197: Total time for which application threads were stopped: 0.0019764 seconds, Stopping threads took: 0.0016047 seconds
2015-08-20T05:55:09.599-0200: 89274.210: Total time for which application threads were stopped: 0.0004864 seconds, Stopping threads took: 0.0000208 seconds
2015-08-20T05:55:13.813-0200: 89278.424: Total time for which application threads were stopped: 0.0002729 seconds, Stopping threads took: 0.0000282 seconds
2015-08-20T05:55:13.826-0200: 89278.438: Total time for which application threads were stopped: 0.0010901 seconds, Stopping threads took: 0.0008121 seconds
2015-08-20T05:55:13.828-0200: 89278.440: Total time for which application threads were stopped: 0.0021253 seconds, Stopping threads took: 0.0018893 seconds
2015-08-20T05:55:13.831-0200: 89278.443: Total time for which application threads were stopped: 0.0026897 seconds, Stopping threads took: 0.0025091 seconds
2015-08-20T05:55:13.853-0200: 89278.465: Total time for which application threads were stopped: 0.0007411 seconds, Stopping threads took: 0.0004417 seconds
2015-08-20T05:55:13.899-0200: 89278.510: Total time for which application threads were stopped: 0.0005182 seconds, Stopping threads took: 0.0000259 seconds
2015-08-20T05:55:13.907-0200: 89278.518: Total time for which application threads were stopped: 0.0002030 seconds, Stopping threads took: 0.0000230 seconds
2015-08-20T05:55:16.334-0200: 89280.945: Total time for which application threads were stopped: 0.0003020 seconds, Stopping threads took: 0.0000309 seconds
2015-08-20T05:55:16.356-0200: 89280.968: Total time for which application threads were stopped: 0.0001977 seconds, Stopping threads took: 0.0000212 seconds
2015-08-20T05:55:16.362-0200: 89280.973: Total time for which application threads were stopped: 0.0018466 seconds, Stopping threads took: 0.0016046 seconds
2015-08-20T05:55:16.456-0200: 89281.068: Total time for which application threads were stopped: 0.0020492 seconds, Stopping threads took: 0.0018247 seconds
2015-08-20T05:55:23.827-0200: 89288.438: Total time for which application threads were stopped: 0.0030992 seconds, Stopping threads took: 0.0028100 seconds
2015-08-20T05:55:23.829-0200: 89288.441: Total time for which application threads were stopped: 0.0022501 seconds, Stopping threads took: 0.0019679 seconds
2015-08-20T05:55:23.830-0200: 89288.441: Total time for which application threads were stopped: 0.0002222 seconds, Stopping threads took: 0.0000241 seconds
2015-08-20T05:55:23.845-0200: 89288.456: Total time for which application threads were stopped: 0.0002607 seconds, Stopping threads took: 0.0000243 seconds
2015-08-20T05:55:30.855-0200: 89295.467: Total time for which application threads were stopped: 0.0008707 seconds, Stopping threads took: 0.0000334 seconds
2015-08-20T05:55:30.865-0200: 89295.476: Total time for which application threads were stopped: 0.0002641 seconds, Stopping threads took: 0.0000546 seconds
2015-08-20T05:55:33.943-0200: 89298.555: Total time for which application threads were stopped: 0.0003002 seconds, Stopping threads took: 0.0000280 seconds
2015-08-20T05:55:34.947-0200: 89299.559: Total time for which application threads were stopped: 0.0002184 seconds, Stopping threads took: 0.0000398 seconds
2015-08-20T06:55:30.501-0200: 89303.145: Total time for which application threads were stopped: 0.0004170 seconds, Stopping threads took: 0.0001073 seconds
2015-08-20T06:55:30.540-0200: 89303.184: Total time for which application threads were stopped: 0.0829436 seconds, Stopping threads took: 0.0382533 seconds
2015-08-20T06:55:31.125-0200: 89303.769: Total time for which application threads were stopped: 0.0005220 seconds, Stopping threads took: 0.0001281 seconds
2015-08-20T06:55:31.130-0200: 89303.774: Total time for which application threads were stopped: 0.0003725 seconds, Stopping threads took: 0.0000901 seconds
2015-08-20T06:55:31.131-0200: 89303.775: Total time for which application threads were stopped: 0.0003665 seconds, Stopping threads took: 0.0000169 seconds
2015-08-20T06:55:31.135-0200: 89303.779: Total time for which application threads were stopped: 0.0002818 seconds, Stopping threads took: 0.0000252 seconds
2015-08-20T06:55:31.136-0200: 89303.780: Total time for which application threads were stopped: 0.0003610 seconds, Stopping threads took: 0.0000185 seconds
2015-08-20T06:55:31.136-0200: 89303.780: Total time for which application threads were stopped: 0.0001662 seconds, Stopping threads took: 0.0000117 seconds
2015-08-20T06:55:31.209-0200: 89303.853: Total time for which application threads were stopped: 0.0003433 seconds, Stopping threads took: 0.0000507 seconds
2015-08-20T06:55:31.262-0200: 89303.906: Total time for which application threads were stopped: 0.0003148 seconds, Stopping threads took: 0.0000311 seconds
2015-08-20T06:55:35.295-0200: 89307.939: Total time for which application threads were stopped: 0.0002197 seconds, Stopping threads took: 0.0000260 seconds
2015-08-20T07:09:25.018-0200: 89372.538: Total time for which application threads were stopped: 1.3273022 seconds, Stopping threads took: 1.3241518 seconds
2015-08-20T07:09:25.229-0200: 89372.750: Total time for which application threads were stopped: 0.2110652 seconds, Stopping threads took: 0.0001371 seconds
2015-08-20T07:09:25.244-0200: 89372.764: Total time for which application threads were stopped: 0.0118224 seconds, Stopping threads took: 0.0009594 seconds
2015-08-20T07:09:25.703-0200: 89373.223: Total time for which application threads were stopped: 0.0098596 seconds, Stopping threads took: 0.0094623 seconds
2015-08-20T07:09:25.721-0200: 89373.241: Total time for which application threads were stopped: 0.0003687 seconds, Stopping threads took: 0.0000517 seconds
2015-08-20T07:09:25.728-0200: 89373.248: Total time for which application threads were stopped: 0.0032772 seconds, Stopping threads took: 0.0000699 seconds
2015-08-20T07:09:25.730-0200: 89373.250: Total time for which application threads were stopped: 0.0002554 seconds, Stopping threads took: 0.0000230 seconds
2015-08-20T07:09:25.759-0200: 89373.279: Total time for which application threads were stopped: 0.0092020 seconds, Stopping threads took: 0.0089328 seconds
2015-08-20T07:09:25.765-0200: 89373.285: Total time for which application threads were stopped: 0.0002982 seconds, Stopping threads took: 0.0000250 seconds
2015-08-20T07:09:25.766-0200: 89373.286: Total time for which application threads were stopped: 0.0002012 seconds, Stopping threads took: 0.0000134 seconds
2015-08-20T07:09:25.767-0200: 89373.287: Total time for which application threads were stopped: 0.0002008 seconds, Stopping threads took: 0.0000181 seconds
2015-08-20T07:09:25.791-0200: 89373.311: Total time for which application threads were stopped: 0.0023802 seconds, Stopping threads took: 0.0020429 seconds
2015-08-20T07:09:25.799-0200: 89373.319: Total time for which application threads were stopped: 0.0074049 seconds, Stopping threads took: 0.0071492 seconds
2015-08-20T07:09:26.092-0200: 89373.612: Total time for which application threads were stopped: 0.0036138 seconds, Stopping threads took: 0.0032890 seconds
2015-08-20T07:09:26.097-0200: 89373.617: Total time for which application threads were stopped: 0.0002457 seconds, Stopping threads took: 0.0000545 seconds
2015-08-20T08:19:48.035-0200: 89395.098: Total time for which application threads were stopped: 0.0034581 seconds, Stopping threads took: 0.0030664 seconds
2015-08-20T08:19:48.036-0200: 89395.099: Total time for which application threads were stopped: 0.0003004 seconds, Stopping threads took: 0.0001394 seconds
2015-08-20T08:19:48.054-0200: 89395.117: Total time for which application threads were stopped: 0.0015193 seconds, Stopping threads took: 0.0012004 seconds
2015-08-20T08:19:48.061-0200: 89395.125: Total time for which application threads were stopped: 0.0047171 seconds, Stopping threads took: 0.0024595 seconds
2015-08-20T08:19:48.063-0200: 89395.126: Total time for which application threads were stopped: 0.0005944 seconds, Stopping threads took: 0.0000203 seconds
2015-08-20T08:19:48.067-0200: 89395.131: Total time for which application threads were stopped: 0.0003042 seconds, Stopping threads took: 0.0000593 seconds
2015-08-20T08:19:48.072-0200: 89395.135: Total time for which application threads were stopped: 0.0002594 seconds, Stopping threads took: 0.0000210 seconds
2015-08-20T08:19:48.072-0200: 89395.135: Total time for which application threads were stopped: 0.0001010 seconds, Stopping threads took: 0.0000074 seconds
2015-08-20T08:19:48.143-0200: 89395.207: Total time for which application threads were stopped: 0.0003306 seconds, Stopping threads took: 0.0000917 seconds
2015-08-20T08:19:48.144-0200: 89395.207: Total time for which application threads were stopped: 0.0002733 seconds, Stopping threads took: 0.0000548 seconds
2015-08-20T08:19:48.214-0200: 89395.277: Total time for which application threads were stopped: 0.0076138 seconds, Stopping threads took: 0.0069373 seconds
2015-08-20T08:19:48.229-0200: 89395.292: Total time for which application threads were stopped: 0.0002666 seconds, Stopping threads took: 0.0000573 seconds
2015-08-20T08:19:49.197-0200: 89396.260: Total time for which application threads were stopped: 0.0014545 seconds, Stopping threads took: 0.0000357 seconds
2015-08-20T21:00:00.293-0200: 89442.463: Total time for which application threads were stopped: 0.4106592 seconds, Stopping threads took: 0.0527617 seconds
2015-08-20T21:00:00.436-0200: 89442.606: Total time for which application threads were stopped: 0.1413682 seconds, Stopping threads took: 0.0461880 seconds
2015-08-20T21:00:00.538-0200: 89442.709: Total time for which application threads were stopped: 0.0781047 seconds, Stopping threads took: 0.0777957 seconds
2015-08-20T21:00:00.697-0200: 89442.868: Total time for which application threads were stopped: 0.0003959 seconds, Stopping threads took: 0.0001305 seconds
2015-08-20T21:00:00.710-0200: 89442.880: Total time for which application threads were stopped: 0.0125738 seconds, Stopping threads took: 0.0123201 seconds
2015-08-20T21:00:00.710-0200: 89442.881: Total time for which application threads were stopped: 0.0001705 seconds, Stopping threads took: 0.0000702 seconds
2015-08-20T21:00:00.730-0200: 89442.900: Total time for which application threads were stopped: 0.0193414 seconds, Stopping threads took: 0.0191128 seconds
2015-08-20T21:00:00.730-0200: 89442.901: Total time for which application threads were stopped: 0.0002324 seconds, Stopping threads took: 0.0001205 seconds
2015-08-20T21:00:00.763-0200: 89442.933: Total time for which application threads were stopped: 0.0002650 seconds, Stopping threads took: 0.0000276 seconds
2015-08-20T21:00:00.913-0200: 89443.084: Total time for which application threads were stopped: 0.0322626 seconds, Stopping threads took: 0.0318393 seconds
2015-08-20T21:00:00.998-0200: 89443.169: Total time for which application threads were stopped: 0.0845547 seconds, Stopping threads took: 0.0835416 seconds
2015-08-20T21:00:04.027-0200: 89446.197: Total time for which application threads were stopped: 0.0003207 seconds, Stopping threads took: 0.0000294 seconds
2015-08-20T21:00:04.146-0200: 89446.316: Total time for which application threads were stopped: 0.0065159 seconds, Stopping threads took: 0.0000269 seconds
2015-08-20T21:00:04.214-0200: 89446.385: Total time for which application threads were stopped: 0.0003541 seconds, Stopping threads took: 0.0000267 seconds
2015-08-20T21:00:05.335-0200: 89447.506: Total time for which application threads were stopped: 0.0008015 seconds, Stopping threads took: 0.0000736 seconds
2015-08-20T21:00:05.342-0200: 89447.513: Total time for which application threads were stopped: 0.0003100 seconds, Stopping threads took: 0.0000609 seconds
2015-08-20T21:00:05.350-0200: 89447.521: Total time for which application threads were stopped: 0.0003561 seconds, Stopping threads took: 0.0000562 seconds
2015-08-20T21:00:05.359-0200: 89447.529: Total time for which application threads were stopped: 0.0003729 seconds, Stopping threads took: 0.0000493 seconds
2015-08-20T21:00:05.359-0200: 89447.530: Total time for which application threads were stopped: 0.0001943 seconds, Stopping threads took: 0.0000159 seconds
2015-08-20T21:00:15.402-0200: 89457.573: Total time for which application threads were stopped: 0.0004462 seconds, Stopping threads took: 0.0000347 seconds
2015-08-20T21:00:15.408-0200: 89457.579: Total time for which application threads were stopped: 0.0003064 seconds, Stopping threads took: 0.0000698 seconds
2015-08-20T21:00:15.408-0200: 89457.579: Total time for which application threads were stopped: 0.0002175 seconds, Stopping threads took: 0.0000894 seconds
2015-08-20T21:00:15.408-0200: 89457.579: Total time for which application threads were stopped: 0.0001638 seconds, Stopping threads took: 0.0000400 seconds
2015-08-20T21:00:15.478-0200: 89457.649: Total time for which application threads were stopped: 0.0002974 seconds, Stopping threads took: 0.0000287 seconds
2015-08-20T21:00:18.981-0200: 89461.152: Total time for which application threads were stopped: 0.0007525 seconds, Stopping threads took: 0.0000366 seconds
2015-08-20T21:00:19.001-0200: 89461.172: Total time for which application threads were stopped: 0.0005173 seconds, Stopping threads took: 0.0000648 seconds
2015-08-20T21:00:19.235-0200: 89461.406: Total time for which application threads were stopped: 0.0003989 seconds, Stopping threads took: 0.0000248 seconds
2015-08-20T21:00:19.236-0200: 89461.407: Total time for which application threads were stopped: 0.0002891 seconds, Stopping threads took: 0.0000172 seconds
2015-08-20T21:00:19.236-0200: 89461.407: Total time for which application threads were stopped: 0.0002152 seconds, Stopping threads took: 0.0000143 seconds
2015-08-20T21:00:19.355-0200: 89461.526: Total time for which application threads were stopped: 0.0003126 seconds, Stopping threads took: 0.0000287 seconds
2015-08-20T21:00:19.356-0200: 89461.527: Total time for which application threads were stopped: 0.0002291 seconds, Stopping threads took: 0.0000161 seconds
2015-08-20T21:00:19.367-0200: 89461.538: Total time for which application threads were stopped: 0.0003475 seconds, Stopping threads took: 0.0000272 seconds
2015-08-20T21:00:19.370-0200: 89461.541: Total time for which application threads were stopped: 0.0035063 seconds, Stopping threads took: 0.0000146 seconds
2015-08-20T21:00:19.403-0200: 89461.574: Total time for which application threads were stopped: 0.0005046 seconds, Stopping threads took: 0.0001034 seconds
2015-08-20T21:00:19.406-0200: 89461.577: Total time for which application threads were stopped: 0.0003277 seconds, Stopping threads took: 0.0000303 seconds
2015-08-20T21:00:19.406-0200: 89461.577: Total time for which application threads were stopped: 0.0001948 seconds, Stopping threads took: 0.0000175 seconds
2015-08-20T21:00:21.934-0200: 89464.105: Total time for which application threads were stopped: 0.0004146 seconds, Stopping threads took: 0.0000334 seconds
2015-08-20T21:00:21.960-0200: 89464.131: Total time for which application threads were stopped: 0.0003167 seconds, Stopping threads took: 0.0000289 seconds
2015-08-20T21:00:21.968-0200: 89464.139: Total time for which application threads were stopped: 0.0021847 seconds, Stopping threads took: 0.0018640 seconds
2015-08-20T21:00:21.991-0200: 89464.162: Total time for which application threads were stopped: 0.0120126 seconds, Stopping threads took: 0.0116267 seconds
2015-08-20T21:00:22.000-0200: 89464.171: Total time for which application threads were stopped: 0.0004455 seconds, Stopping threads took: 0.0000801 seconds
2015-08-20T21:00:22.001-0200: 89464.173: Total time for which application threads were stopped: 0.0003257 seconds, Stopping threads took: 0.0000525 seconds
2015-08-20T21:00:22.514-0200: 89464.685: Total time for which application threads were stopped: 0.0003987 seconds, Stopping threads took: 0.0000574 seconds
2015-08-20T21:00:22.514-0200: 89464.685: Total time for which application threads were stopped: 0.0002150 seconds, Stopping threads took: 0.0000595 seconds
2015-08-20T21:00:22.515-0200: 89464.686: Total time for which application threads were stopped: 0.0001864 seconds, Stopping threads took: 0.0000151 seconds
2015-08-20T21:00:23.517-0200: 89465.688: Total time for which application threads were stopped: 0.0003720 seconds, Stopping threads took: 0.0000471 seconds
2015-08-20T21:00:23.528-0200: 89465.699: Total time for which application threads were stopped: 0.0002902 seconds, Stopping threads took: 0.0000277 seconds
2015-08-20T21:00:24.393-0200: 89466.564: Total time for which application threads were stopped: 0.0004904 seconds, Stopping threads took: 0.0000369 seconds
2015-08-20T21:00:24.397-0200: 89466.568: Total time for which application threads were stopped: 0.0020941 seconds, Stopping threads took: 0.0017970 seconds
2015-08-20T21:00:24.405-0200: 89466.576: Total time for which application threads were stopped: 0.0003391 seconds, Stopping threads took: 0.0000300 seconds
2015-08-20T21:00:29.509-0200: 89471.680: Total time for which application threads were stopped: 0.0059797 seconds, Stopping threads took: 0.0052492 seconds
2015-08-20T21:00:29.514-0200: 89471.686: Total time for which application threads were stopped: 0.0003937 seconds, Stopping threads took: 0.0001116 seconds
2015-08-20T21:00:30.540-0200: 89472.711: Total time for which application threads were stopped: 0.0003319 seconds, Stopping threads took: 0.0000736 seconds
2015-08-20T21:00:39.689-0200: 89481.861: Total time for which application threads were stopped: 0.0013901 seconds, Stopping threads took: 0.0011195 seconds
2015-08-20T21:00:42.200-0200: 89484.372: Total time for which application threads were stopped: 0.0015815 seconds, Stopping threads took: 0.0012277 seconds
2015-08-20T21:00:57.271-0200: 89499.443: Total time for which application threads were stopped: 0.0064513 seconds, Stopping threads took: 0.0003200 seconds
2015-08-20T21:00:58.273-0200: 89500.445: Total time for which application threads were stopped: 0.0004656 seconds, Stopping threads took: 0.0000596 seconds
2015-08-20T21:01:01.330-0200: 89503.502: Total time for which application threads were stopped: 0.0007224 seconds, Stopping threads took: 0.0001108 seconds
2015-08-20T21:01:01.331-0200: 89503.503: Total time for which application threads were stopped: 0.0001968 seconds, Stopping threads took: 0.0000191 seconds
2015-08-20T21:01:01.331-0200: 89503.504: Total time for which application threads were stopped: 0.0002694 seconds, Stopping threads took: 0.0000174 seconds
2015-08-20T21:01:01.338-0200: 89503.511: Total time for which application threads were stopped: 0.0002337 seconds, Stopping threads took: 0.0000434 seconds
2015-08-20T21:01:08.358-0200: 89510.531: Total time for which application threads were stopped: 0.0092022 seconds, Stopping threads took: 0.0089595 seconds
2015-08-20T21:01:08.374-0200: 89510.547: Total time for which application threads were stopped: 0.0004497 seconds, Stopping threads took: 0.0000521 seconds
2015-08-20T21:01:09.602-0200: 89511.775: Total time for which application threads were stopped: 0.0002865 seconds, Stopping threads took: 0.0000216 seconds
2015-08-20T21:06:26.671-0200: 89828.852: Total time for which application threads were stopped: 0.0102478 seconds, Stopping threads took: 0.0004634 seconds
2015-08-20T21:10:33.416-0200: 90075.605: Total time for which application threads were stopped: 0.0038610 seconds, Stopping threads took: 0.0006406 seconds
2015-08-20T21:12:37.882-0200: 90202.013: Total time for which application threads were stopped: 0.0056884 seconds, Stopping threads took: 0.0013365 seconds
2015-08-20T21:12:37.887-0200: 90202.018: Total time for which application threads were stopped: 0.0158402 seconds, Stopping threads took: 0.0036693 seconds
2015-08-20T21:12:37.900-0200: 90202.031: Total time for which application threads were stopped: 0.0003235 seconds, Stopping threads took: 0.0000213 seconds
2015-08-20T21:12:37.901-0200: 90202.032: Total time for which application threads were stopped: 0.0003064 seconds, Stopping threads took: 0.0001159 seconds
2015-08-20T21:12:37.914-0200: 90202.045: Total time for which application threads were stopped: 0.0002549 seconds, Stopping threads took: 0.0000487 seconds
2015-08-20T21:12:37.929-0200: 90202.060: Total time for which application threads were stopped: 0.0004786 seconds, Stopping threads took: 0.0001560 seconds
2015-08-20T21:12:37.936-0200: 90202.067: Total time for which application threads were stopped: 0.0049308 seconds, Stopping threads took: 0.0045400 seconds
2015-08-20T21:12:37.937-0200: 90202.068: Total time for which application threads were stopped: 0.0005962 seconds, Stopping threads took: 0.0001010 seconds
2015-08-20T21:12:37.938-0200: 90202.069: Total time for which application threads were stopped: 0.0008169 seconds, Stopping threads took: 0.0000937 seconds
2015-08-20T21:12:37.961-0200: 90202.092: Total time for which application threads were stopped: 0.0012946 seconds, Stopping threads took: 0.0008521 seconds
2015-08-20T21:12:37.969-0200: 90202.100: Total time for which application threads were stopped: 0.0022649 seconds, Stopping threads took: 0.0001279 seconds
2015-08-20T21:12:38.023-0200: 90202.154: Total time for which application threads were stopped: 0.0009611 seconds, Stopping threads took: 0.0004656 seconds
2015-08-20T21:12:38.029-0200: 90202.160: Total time for which application threads were stopped: 0.0058693 seconds, Stopping threads took: 0.0001127 seconds
2015-08-20T21:12:38.030-0200: 90202.161: Total time for which application threads were stopped: 0.0002690 seconds, Stopping threads took: 0.0000229 seconds
2015-08-20T21:12:38.057-0200: 90202.188: Total time for which application threads were stopped: 0.0003000 seconds, Stopping threads took: 0.0001138 seconds
2015-08-20T21:12:45.061-0200: 90209.192: Total time for which application threads were stopped: 0.0020573 seconds, Stopping threads took: 0.0018056 seconds
2015-08-20T21:12:45.123-0200: 90209.254: Total time for which application threads were stopped: 0.0003374 seconds, Stopping threads took: 0.0000232 seconds
2015-08-21T01:50:49.335-0200: 102694.095: Total time for which application threads were stopped: 0.0440496 seconds, Stopping threads took: 0.0075190 seconds
2015-08-21T01:50:49.474-0200: 102694.233: Total time for which application threads were stopped: 0.0907212 seconds, Stopping threads took: 0.0894469 seconds
2015-08-21T01:50:49.474-0200: 102694.234: Total time for which application threads were stopped: 0.0005797 seconds, Stopping threads took: 0.0003193 seconds
2015-08-21T01:50:49.475-0200: 102694.235: Total time for which application threads were stopped: 0.0003057 seconds, Stopping threads took: 0.0000490 seconds
2015-08-21T01:50:49.520-0200: 102694.279: Total time for which application threads were stopped: 0.0443870 seconds, Stopping threads took: 0.0367653 seconds
2015-08-21T01:50:49.676-0200: 102694.436: Total time for which application threads were stopped: 0.0065425 seconds, Stopping threads took: 0.0060258 seconds
2015-08-21T01:50:49.688-0200: 102694.448: Total time for which application threads were stopped: 0.0003947 seconds, Stopping threads took: 0.0000961 seconds
2015-08-21T01:50:49.734-0200: 102694.494: Total time for which application threads were stopped: 0.0296474 seconds, Stopping threads took: 0.0231942 seconds
2015-08-21T01:50:49.795-0200: 102694.555: Total time for which application threads were stopped: 0.0003185 seconds, Stopping threads took: 0.0000505 seconds
2015-08-21T01:50:49.828-0200: 102694.588: Total time for which application threads were stopped: 0.0041222 seconds, Stopping threads took: 0.0037177 seconds
2015-08-21T01:50:49.829-0200: 102694.589: Total time for which application threads were stopped: 0.0003386 seconds, Stopping threads took: 0.0000392 seconds
2015-08-21T01:50:49.928-0200: 102694.688: Total time for which application threads were stopped: 0.0003396 seconds, Stopping threads took: 0.0000334 seconds
2015-08-21T01:50:49.948-0200: 102694.708: Total time for which application threads were stopped: 0.0004626 seconds, Stopping threads took: 0.0000357 seconds
2015-08-21T01:50:50.006-0200: 102694.765: Total time for which application threads were stopped: 0.0461483 seconds, Stopping threads took: 0.0456290 seconds
2015-08-21T01:50:50.011-0200: 102694.771: Total time for which application threads were stopped: 0.0029291 seconds, Stopping threads took: 0.0001143 seconds
2015-08-21T01:50:50.187-0200: 102694.947: Total time for which application threads were stopped: 0.0075285 seconds, Stopping threads took: 0.0070570 seconds
2015-08-21T01:50:50.194-0200: 102694.954: Total time for which application threads were stopped: 0.0052736 seconds, Stopping threads took: 0.0018608 seconds
2015-08-21T01:50:50.226-0200: 102694.986: Total time for which application threads were stopped: 0.0004327 seconds, Stopping threads took: 0.0001021 seconds
2015-08-21T01:50:50.238-0200: 102694.998: Total time for which application threads were stopped: 0.0003129 seconds, Stopping threads took: 0.0000273 seconds
2015-08-21T01:50:51.309-0200: 102696.069: Total time for which application threads were stopped: 0.0012533 seconds, Stopping threads took: 0.0010209 seconds
2015-08-21T01:50:51.315-0200: 102696.075: Total time for which application threads were stopped: 0.0053650 seconds, Stopping threads took: 0.0015631 seconds
2015-08-21T01:50:51.320-0200: 102696.080: Total time for which application threads were stopped: 0.0039328 seconds, Stopping threads took: 0.0019449 seconds
2015-08-21T01:50:51.324-0200: 102696.083: Total time for which application threads were stopped: 0.0003289 seconds, Stopping threads took: 0.0000765 seconds
2015-08-21T01:50:51.326-0200: 102696.085: Total time for which application threads were stopped: 0.0018468 seconds, Stopping threads took: 0.0016495 seconds
2015-08-21T01:50:51.328-0200: 102696.088: Total time for which application threads were stopped: 0.0023329 seconds, Stopping threads took: 0.0000599 seconds
2015-08-21T01:50:51.333-0200: 102696.093: Total time for which application threads were stopped: 0.0014710 seconds, Stopping threads took: 0.0012591 seconds
2015-08-21T01:50:51.334-0200: 102696.094: Total time for which application threads were stopped: 0.0001121 seconds, Stopping threads took: 0.0000136 seconds
2015-08-21T01:50:51.337-0200: 102696.096: Total time for which application threads were stopped: 0.0021226 seconds, Stopping threads took: 0.0019150 seconds
2015-08-21T01:50:51.339-0200: 102696.098: Total time for which application threads were stopped: 0.0017995 seconds, Stopping threads took: 0.0016732 seconds
2015-08-22T22:10:27.058-0200: 102719.297: Total time for which application threads were stopped: 0.1011842 seconds, Stopping threads took: 0.0191214 seconds
2015-08-22T22:10:27.220-0200: 102719.459: Total time for which application threads were stopped: 0.0208211 seconds, Stopping threads took: 0.0012967 seconds
2015-08-22T22:10:27.221-0200: 102719.460: Total time for which application threads were stopped: 0.0002837 seconds, Stopping threads took: 0.0000543 seconds
2015-08-22T22:10:27.242-0200: 102719.481: Total time for which application threads were stopped: 0.0206987 seconds, Stopping threads took: 0.0204294 seconds
2015-08-22T22:10:27.286-0200: 102719.525: Total time for which application threads were stopped: 0.0427731 seconds, Stopping threads took: 0.0182951 seconds
2015-08-22T22:10:27.311-0200: 102719.550: Total time for which application threads were stopped: 0.0086461 seconds, Stopping threads took: 0.0082856 seconds
2015-08-22T22:10:27.385-0200: 102719.625: Total time for which application threads were stopped: 0.0170826 seconds, Stopping threads took: 0.0167910 seconds
2015-08-22T22:10:27.407-0200: 102719.646: Total time for which application threads were stopped: 0.0193751 seconds, Stopping threads took: 0.0190964 seconds
2015-08-22T22:10:27.638-0200: 102719.877: Total time for which application threads were stopped: 0.0257104 seconds, Stopping threads took: 0.0253961 seconds
2015-08-22T22:10:27.659-0200: 102719.898: Total time for which application threads were stopped: 0.0210957 seconds, Stopping threads took: 0.0208006 seconds
2015-08-22T22:10:27.776-0200: 102720.016: Total time for which application threads were stopped: 0.0002706 seconds, Stopping threads took: 0.0000270 seconds
2015-08-22T22:10:27.777-0200: 102720.016: Total time for which application threads were stopped: 0.0001970 seconds, Stopping threads took: 0.0000164 seconds
2015-08-22T22:10:29.464-0200: 102721.703: Total time for which application threads were stopped: 0.0003137 seconds, Stopping threads took: 0.0000557 seconds
2015-08-22T22:10:29.465-0200: 102721.704: Total time for which application threads were stopped: 0.0002851 seconds, Stopping threads took: 0.0000188 seconds
2015-08-22T22:10:29.465-0200: 102721.704: Total time for which application threads were stopped: 0.0001502 seconds, Stopping threads took: 0.0000103 seconds
2015-08-22T22:15:41.241-0200: 102793.542: Total time for which application threads were stopped: 0.0036036 seconds, Stopping threads took: 0.0000539 seconds
2015-08-22T22:15:41.255-0200: 102793.556: Total time for which application threads were stopped: 0.0002910 seconds, Stopping threads took: 0.0000218 seconds
2015-08-22T22:15:41.255-0200: 102793.556: Total time for which application threads were stopped: 0.0001141 seconds, Stopping threads took: 0.0000084 seconds
2015-08-22T22:15:59.483-0200: 102818.012: Total time for which application threads were stopped: 0.0073683 seconds, Stopping threads took: 0.0004286 seconds
2015-08-22T22:17:35.851-0200: 102914.383: Total time for which application threads were stopped: 0.0062170 seconds, Stopping threads took: 0.0005772 seconds
2015-08-22T22:18:33.169-0200: 102971.701: Total time for which application threads were stopped: 0.0016932 seconds, Stopping threads took: 0.0013705 seconds
2015-08-22T22:18:33.169-0200: 102971.702: Total time for which application threads were stopped: 0.0001556 seconds, Stopping threads took: 0.0000627 seconds
2015-08-22T22:18:33.169-0200: 102971.702: Total time for which application threads were stopped: 0.0002637 seconds, Stopping threads took: 0.0000589 seconds
2015-08-22T22:18:33.180-0200: 102971.713: Total time for which application threads were stopped: 0.0029443 seconds, Stopping threads took: 0.0001111 seconds
2015-08-22T22:18:33.195-0200: 102971.728: Total time for which application threads were stopped: 0.0011785 seconds, Stopping threads took: 0.0008946 seconds
2015-08-22T22:18:33.246-0200: 102971.779: Total time for which application threads were stopped: 0.0019137 seconds, Stopping threads took: 0.0015767 seconds
2015-08-22T22:18:33.248-0200: 102971.781: Total time for which application threads were stopped: 0.0022598 seconds, Stopping threads took: 0.0000681 seconds
2015-08-22T22:18:33.255-0200: 102971.788: Total time for which application threads were stopped: 0.0060537 seconds, Stopping threads took: 0.0056224 seconds
2015-08-22T22:18:33.257-0200: 102971.790: Total time for which application threads were stopped: 0.0005126 seconds, Stopping threads took: 0.0000493 seconds
2015-08-22T22:18:33.258-0200: 102971.791: Total time for which application threads were stopped: 0.0005547 seconds, Stopping threads took: 0.0000570 seconds
2015-08-22T22:18:33.264-0200: 102971.797: Total time for which application threads were stopped: 0.0020273 seconds, Stopping threads took: 0.0017679 seconds
2015-08-22T22:18:33.273-0200: 102971.806: Total time for which application threads were stopped: 0.0024122 seconds, Stopping threads took: 0.0015617 seconds
2015-08-22T22:18:34.275-0200: 102972.808: Total time for which application threads were stopped: 0.0004785 seconds, Stopping threads took: 0.0000689 seconds
2015-08-22T22:18:40.289-0200: 102978.822: Total time for which application threads were stopped: 0.0018968 seconds, Stopping threads took: 0.0016428 seconds
2015-08-22T22:18:40.297-0200: 102978.830: Total time for which application threads were stopped: 0.0025768 seconds, Stopping threads took: 0.0022589 seconds
2015-08-22T22:18:40.380-0200: 102978.913: Total time for which application threads were stopped: 0.0007168 seconds, Stopping threads took: 0.0000636 seconds
2015-08-22T22:18:40.381-0200: 102978.914: Total time for which application threads were stopped: 0.0003086 seconds, Stopping threads took: 0.0000235 seconds
2015-08-22T22:26:39.797-0200: 103458.344: Total time for which application threads were stopped: 0.0045501 seconds, Stopping threads took: 0.0005271 seconds
2015-08-22T22:30:43.783-0200: 103702.336: Total time for which application threads were stopped: 0.0012101 seconds, Stopping threads took: 0.0000200 seconds
2015-08-22T22:30:51.811-0200: 103710.364: Total time for which application threads were stopped: 0.0003300 seconds, Stopping threads took: 0.0000400 seconds
2015-08-22T22:32:53.141-0200: 103831.697: Total time for which application threads were stopped: 0.0044172 seconds, Stopping threads took: 0.0004957 seconds
2015-08-22T22:34:53.441-0200: 103952.000: Total time for which application threads were stopped: 0.0035753 seconds, Stopping threads took: 0.0005456 seconds
2015-08-22T22:36:55.790-0200: 104074.352: Total time for which application threads were stopped: 0.0052340 seconds, Stopping threads took: 0.0007779 seconds
2015-08-22T22:43:03.774-0200: 104442.343: Total time for which application threads were stopped: 0.0054764 seconds, Stopping threads took: 0.0007022 seconds
2015-08-22T22:43:08.017-0200: 104446.587: Total time for which application threads were stopped: 0.0021125 seconds, Stopping threads took: 0.0013961 seconds
2015-08-22T22:43:08.018-0200: 104446.588: Total time for which application threads were stopped: 0.0005854 seconds, Stopping threads took: 0.0000296 seconds
2015-08-22T22:43:08.029-0200: 104446.599: Total time for which application threads were stopped: 0.0004235 seconds, Stopping threads took: 0.0000513 seconds
2015-08-22T22:43:08.030-0200: 104446.600: Total time for which application threads were stopped: 0.0005176 seconds, Stopping threads took: 0.0000587 seconds
2015-08-22T22:43:08.052-0200: 104446.621: Total time for which application threads were stopped: 0.0004126 seconds, Stopping threads took: 0.0001486 seconds
2015-08-22T22:43:08.053-0200: 104446.623: Total time for which application threads were stopped: 0.0003934 seconds, Stopping threads took: 0.0001677 seconds
2015-08-22T22:43:08.054-0200: 104446.623: Total time for which application threads were stopped: 0.0002775 seconds, Stopping threads took: 0.0000628 seconds
2015-08-22T22:43:08.054-0200: 104446.624: Total time for which application threads were stopped: 0.0002410 seconds, Stopping threads took: 0.0000781 seconds
2015-08-22T22:43:08.107-0200: 104446.677: Total time for which application threads were stopped: 0.0003981 seconds, Stopping threads took: 0.0000510 seconds
2015-08-22T22:43:08.108-0200: 104446.677: Total time for which application threads were stopped: 0.0002777 seconds, Stopping threads took: 0.0000433 seconds
2015-08-22T22:43:08.108-0200: 104446.678: Total time for which application threads were stopped: 0.0002860 seconds, Stopping threads took: 0.0000463 seconds
2015-08-22T22:43:08.110-0200: 104446.679: Total time for which application threads were stopped: 0.0002915 seconds, Stopping threads took: 0.0000386 seconds
2015-08-22T22:43:08.141-0200: 104446.711: Total time for which application threads were stopped: 0.0003415 seconds, Stopping threads took: 0.0000611 seconds
2015-08-22T22:43:08.142-0200: 104446.712: Total time for which application threads were stopped: 0.0002750 seconds, Stopping threads took: 0.0000499 seconds
2015-08-22T22:43:15.149-0200: 104453.719: Total time for which application threads were stopped: 0.0006018 seconds, Stopping threads took: 0.0001846 seconds
2015-08-22T22:43:15.150-0200: 104453.719: Total time for which application threads were stopped: 0.0003511 seconds, Stopping threads took: 0.0001850 seconds
2015-08-22T22:43:15.158-0200: 104453.727: Total time for which application threads were stopped: 0.0042147 seconds, Stopping threads took: 0.0001965 seconds
2015-08-22T22:43:15.228-0200: 104453.797: Total time for which application threads were stopped: 0.0049713 seconds, Stopping threads took: 0.0000430 seconds
2015-08-22T22:43:15.230-0200: 104453.799: Total time for which application threads were stopped: 0.0003120 seconds, Stopping threads took: 0.0000535 seconds
2015-08-23T01:26:03.992-0200: 110022.432: Total time for which application threads were stopped: 0.0167072 seconds, Stopping threads took: 0.0065045 seconds
2015-08-23T01:26:04.017-0200: 110022.457: Total time for which application threads were stopped: 0.0244630 seconds, Stopping threads took: 0.0241477 seconds
2015-08-23T01:26:04.058-0200: 110022.498: Total time for which application threads were stopped: 0.0404229 seconds, Stopping threads took: 0.0065124 seconds
2015-08-23T01:26:04.098-0200: 110022.537: Total time for which application threads were stopped: 0.0115282 seconds, Stopping threads took: 0.0111609 seconds
2015-08-23T01:26:04.751-0200: 110023.190: Total time for which application threads were stopped: 0.0026191 seconds, Stopping threads took: 0.0023929 seconds
2015-08-23T01:26:04.760-0200: 110023.199: Total time for which application threads were stopped: 0.0026815 seconds, Stopping threads took: 0.0012926 seconds
2015-08-23T01:26:04.781-0200: 110023.220: Total time for which application threads were stopped: 0.0024823 seconds, Stopping threads took: 0.0006060 seconds
2015-08-23T01:26:04.791-0200: 110023.231: Total time for which application threads were stopped: 0.0003181 seconds, Stopping threads took: 0.0000255 seconds
2015-08-23T01:26:04.810-0200: 110023.249: Total time for which application threads were stopped: 0.0012701 seconds, Stopping threads took: 0.0009952 seconds
2015-08-23T01:26:04.811-0200: 110023.250: Total time for which application threads were stopped: 0.0002442 seconds, Stopping threads took: 0.0000205 seconds
2015-08-23T01:26:04.818-0200: 110023.258: Total time for which application threads were stopped: 0.0007267 seconds, Stopping threads took: 0.0004183 seconds
2015-08-23T01:26:04.819-0200: 110023.258: Total time for which application threads were stopped: 0.0001486 seconds, Stopping threads took: 0.0000140 seconds
2015-08-23T01:26:04.863-0200: 110023.303: Total time for which application threads were stopped: 0.0014996 seconds, Stopping threads took: 0.0011768 seconds
2015-08-23T01:26:04.864-0200: 110023.304: Total time for which application threads were stopped: 0.0006212 seconds, Stopping threads took: 0.0003940 seconds
2015-08-23T01:26:04.915-0200: 110023.354: Total time for which application threads were stopped: 0.0011344 seconds, Stopping threads took: 0.0008602 seconds
2015-08-23T01:26:04.920-0200: 110023.360: Total time for which application threads were stopped: 0.0048506 seconds, Stopping threads took: 0.0045621 seconds
2015-08-23T01:26:04.949-0200: 110023.389: Total time for which application threads were stopped: 0.0070733 seconds, Stopping threads took: 0.0001243 seconds
2015-08-23T01:26:04.957-0200: 110023.396: Total time for which application threads were stopped: 0.0003099 seconds, Stopping threads took: 0.0000252 seconds
2015-08-23T16:28:41.057-0200: 110076.645: Total time for which application threads were stopped: 0.5625397 seconds, Stopping threads took: 0.0426789 seconds
2015-08-23T16:28:42.077-0200: 110077.665: Total time for which application threads were stopped: 0.0116409 seconds, Stopping threads took: 0.0113711 seconds
2015-08-23T16:28:42.163-0200: 110077.751: Total time for which application threads were stopped: 0.0041971 seconds, Stopping threads took: 0.0038350 seconds
2015-08-23T16:28:42.214-0200: 110077.803: Total time for which application threads were stopped: 0.0012146 seconds, Stopping threads took: 0.0008874 seconds
2015-08-23T16:28:42.241-0200: 110077.829: Total time for which application threads were stopped: 0.0256889 seconds, Stopping threads took: 0.0254649 seconds
2015-08-23T16:28:42.557-0200: 110078.146: Total time for which application threads were stopped: 0.0095922 seconds, Stopping threads took: 0.0093830 seconds
2015-08-23T16:28:42.586-0200: 110078.175: Total time for which application threads were stopped: 0.0288296 seconds, Stopping threads took: 0.0285339 seconds
2015-08-23T16:28:42.620-0200: 110078.209: Total time for which application threads were stopped: 0.0313279 seconds, Stopping threads took: 0.0309141 seconds
2015-08-23T16:28:42.689-0200: 110078.277: Total time for which application threads were stopped: 0.0376762 seconds, Stopping threads took: 0.0275316 seconds
2015-08-23T16:28:42.689-0200: 110078.277: Total time for which application threads were stopped: 0.0002774 seconds, Stopping threads took: 0.0000419 seconds
2015-08-23T16:28:42.791-0200: 110078.379: Total time for which application threads were stopped: 0.0382757 seconds, Stopping threads took: 0.0361244 seconds
2015-08-23T16:28:42.831-0200: 110078.420: Total time for which application threads were stopped: 0.0111568 seconds, Stopping threads took: 0.0108709 seconds
2015-08-23T16:28:42.865-0200: 110078.453: Total time for which application threads were stopped: 0.0083390 seconds, Stopping threads took: 0.0079433 seconds
2015-08-23T16:28:42.872-0200: 110078.460: Total time for which application threads were stopped: 0.0065767 seconds, Stopping threads took: 0.0063569 seconds
2015-08-23T16:28:45.302-0200: 110080.890: Total time for which application threads were stopped: 0.0006412 seconds, Stopping threads took: 0.0000291 seconds
2015-08-23T16:28:45.309-0200: 110080.897: Total time for which application threads were stopped: 0.0006207 seconds, Stopping threads took: 0.0003889 seconds
2015-08-23T16:28:46.405-0200: 110081.993: Total time for which application threads were stopped: 0.0003272 seconds, Stopping threads took: 0.0000297 seconds
2015-08-23T16:28:46.405-0200: 110081.993: Total time for which application threads were stopped: 0.0002507 seconds, Stopping threads took: 0.0000183 seconds
2015-08-23T16:28:46.406-0200: 110081.995: Total time for which application threads were stopped: 0.0003106 seconds, Stopping threads took: 0.0000245 seconds
2015-08-23T16:28:46.419-0200: 110082.007: Total time for which application threads were stopped: 0.0002801 seconds, Stopping threads took: 0.0000272 seconds
2015-08-23T16:28:46.419-0200: 110082.007: Total time for which application threads were stopped: 0.0002098 seconds, Stopping threads took: 0.0000169 seconds
2015-08-23T16:28:46.463-0200: 110082.052: Total time for which application threads were stopped: 0.0027957 seconds, Stopping threads took: 0.0023302 seconds
2015-08-23T16:28:46.464-0200: 110082.052: Total time for which application threads were stopped: 0.0003262 seconds, Stopping threads took: 0.0001171 seconds
2015-08-23T16:28:46.465-0200: 110082.053: Total time for which application threads were stopped: 0.0001978 seconds, Stopping threads took: 0.0000161 seconds
2015-08-23T16:28:46.475-0200: 110082.064: Total time for which application threads were stopped: 0.0002531 seconds, Stopping threads took: 0.0000250 seconds
2015-08-23T16:28:46.479-0200: 110082.067: Total time for which application threads were stopped: 0.0002516 seconds, Stopping threads took: 0.0000284 seconds
2015-08-23T16:28:46.820-0200: 110082.408: Total time for which application threads were stopped: 0.0003032 seconds, Stopping threads took: 0.0000280 seconds
2015-08-23T16:28:46.828-0200: 110082.416: Total time for which application threads were stopped: 0.0065211 seconds, Stopping threads took: 0.0061786 seconds
2015-08-23T16:28:46.847-0200: 110082.435: Total time for which application threads were stopped: 0.0187512 seconds, Stopping threads took: 0.0108750 seconds
2015-08-23T16:28:46.848-0200: 110082.436: Total time for which application threads were stopped: 0.0002993 seconds, Stopping threads took: 0.0000154 seconds
2015-08-23T16:29:34.409-0200: 110129.999: Total time for which application threads were stopped: 0.0033149 seconds, Stopping threads took: 0.0005420 seconds
2015-08-23T16:29:34.411-0200: 110130.000: Total time for which application threads were stopped: 0.0004928 seconds, Stopping threads took: 0.0000470 seconds
2015-08-23T16:29:34.412-0200: 110130.002: Total time for which application threads were stopped: 0.0002485 seconds, Stopping threads took: 0.0000190 seconds
2015-08-23T16:29:34.768-0200: 110130.358: Total time for which application threads were stopped: 0.0005294 seconds, Stopping threads took: 0.0001686 seconds
2015-08-23T16:29:34.769-0200: 110130.358: Total time for which application threads were stopped: 0.0003935 seconds, Stopping threads took: 0.0000302 seconds
2015-08-23T16:29:34.769-0200: 110130.359: Total time for which application threads were stopped: 0.0002657 seconds, Stopping threads took: 0.0000214 seconds
2015-08-23T16:30:03.019-0200: 110158.609: Total time for which application threads were stopped: 0.0018833 seconds, Stopping threads took: 0.0000688 seconds
2015-08-23T16:30:03.020-0200: 110158.610: Total time for which application threads were stopped: 0.0002226 seconds, Stopping threads took: 0.0000234 seconds
2015-08-23T16:30:04.429-0200: 110160.019: Total time for which application threads were stopped: 0.0002548 seconds, Stopping threads took: 0.0000273 seconds
2015-08-23T16:30:04.430-0200: 110160.020: Total time for which application threads were stopped: 0.0002922 seconds, Stopping threads took: 0.0001226 seconds
2015-08-23T16:30:43.215-0200: 110198.806: Total time for which application threads were stopped: 0.0147826 seconds, Stopping threads took: 0.0044898 seconds
2015-08-23T16:30:43.232-0200: 110198.823: Total time for which application threads were stopped: 0.0053082 seconds, Stopping threads took: 0.0004639 seconds
2015-08-23T16:30:43.268-0200: 110198.859: Total time for which application threads were stopped: 0.0004359 seconds, Stopping threads took: 0.0000280 seconds
2015-08-23T16:30:43.269-0200: 110198.860: Total time for which application threads were stopped: 0.0002006 seconds, Stopping threads took: 0.0000146 seconds
2015-08-23T16:30:43.289-0200: 110198.880: Total time for which application threads were stopped: 0.0111516 seconds, Stopping threads took: 0.0107696 seconds
2015-08-23T16:30:44.464-0200: 110200.055: Total time for which application threads were stopped: 0.0034988 seconds, Stopping threads took: 0.0032415 seconds
2015-08-23T16:30:44.485-0200: 110200.076: Total time for which application threads were stopped: 0.0126801 seconds, Stopping threads took: 0.0123350 seconds
2015-08-23T16:30:44.486-0200: 110200.077: Total time for which application threads were stopped: 0.0001809 seconds, Stopping threads took: 0.0000546 seconds
2015-08-23T16:30:44.498-0200: 110200.089: Total time for which application threads were stopped: 0.0112775 seconds, Stopping threads took: 0.0109144 seconds
2015-08-23T16:31:07.663-0200: 110223.257: Total time for which application threads were stopped: 0.0091734 seconds, Stopping threads took: 0.0004878 seconds
2015-08-23T16:31:07.671-0200: 110223.263: Total time for which application threads were stopped: 0.0002359 seconds, Stopping threads took: 0.0000450 seconds
2015-08-23T16:31:07.692-0200: 110223.283: Total time for which application threads were stopped: 0.0057579 seconds, Stopping threads took: 0.0050344 seconds
2015-08-23T16:32:27.783-0200: 110303.376: Total time for which application threads were stopped: 0.0105383 seconds, Stopping threads took: 0.0062785 seconds
2015-08-23T16:32:27.789-0200: 110303.383: Total time for which application threads were stopped: 0.0031975 seconds, Stopping threads took: 0.0027336 seconds
2015-08-23T16:32:27.813-0200: 110303.407: Total time for which application threads were stopped: 0.0140873 seconds, Stopping threads took: 0.0013451 seconds
2015-08-23T16:32:27.835-0200: 110303.428: Total time for which application threads were stopped: 0.0058980 seconds, Stopping threads took: 0.0028311 seconds
2015-08-23T16:32:27.847-0200: 110303.440: Total time for which application threads were stopped: 0.0108781 seconds, Stopping threads took: 0.0021469 seconds
2015-08-23T16:32:27.868-0200: 110303.462: Total time for which application threads were stopped: 0.0194066 seconds, Stopping threads took: 0.0066014 seconds
2015-08-23T16:32:47.925-0200: 110323.519: Total time for which application threads were stopped: 0.0025605 seconds, Stopping threads took: 0.0000764 seconds
2015-08-23T16:32:53.297-0200: 110328.891: Total time for which application threads were stopped: 0.0032460 seconds, Stopping threads took: 0.0030293 seconds
2015-08-23T16:32:53.297-0200: 110328.892: Total time for which application threads were stopped: 0.0002813 seconds, Stopping threads took: 0.0000883 seconds
2015-08-23T16:32:53.299-0200: 110328.893: Total time for which application threads were stopped: 0.0003123 seconds, Stopping threads took: 0.0000352 seconds
2015-08-23T16:32:53.301-0200: 110328.895: Total time for which application threads were stopped: 0.0020184 seconds, Stopping threads took: 0.0018512 seconds
2015-08-23T16:32:53.301-0200: 110328.896: Total time for which application threads were stopped: 0.0002188 seconds, Stopping threads took: 0.0000464 seconds
2015-08-23T16:34:03.523-0200: 110399.119: Total time for which application threads were stopped: 0.0003179 seconds, Stopping threads took: 0.0000354 seconds
2015-08-23T16:35:33.382-0200: 110488.980: Total time for which application threads were stopped: 0.0024300 seconds, Stopping threads took: 0.0020181 seconds
2015-08-23T16:35:33.384-0200: 110488.982: Total time for which application threads were stopped: 0.0006537 seconds, Stopping threads took: 0.0003740 seconds
2015-08-23T16:35:33.385-0200: 110488.983: Total time for which application threads were stopped: 0.0002073 seconds, Stopping threads took: 0.0000261 seconds
2015-08-23T16:35:33.394-0200: 110488.992: Total time for which application threads were stopped: 0.0084448 seconds, Stopping threads took: 0.0082726 seconds
2015-08-23T16:35:33.394-0200: 110488.992: Total time for which application threads were stopped: 0.0001960 seconds, Stopping threads took: 0.0000657 seconds
2015-08-23T16:35:33.397-0200: 110488.995: Total time for which application threads were stopped: 0.0004597 seconds, Stopping threads took: 0.0000449 seconds
2015-08-23T16:35:33.397-0200: 110488.995: Total time for which application threads were stopped: 0.0001395 seconds, Stopping threads took: 0.0000289 seconds
2015-08-23T16:35:33.397-0200: 110488.995: Total time for which application threads were stopped: 0.0000947 seconds, Stopping threads took: 0.0000084 seconds
2015-08-23T16:35:57.631-0200: 110513.230: Total time for which application threads were stopped: 0.0003881 seconds, Stopping threads took: 0.0000355 seconds
2015-08-23T16:35:57.631-0200: 110513.230: Total time for which application threads were stopped: 0.0002593 seconds, Stopping threads took: 0.0001055 seconds
2015-08-23T16:35:57.632-0200: 110513.230: Total time for which application threads were stopped: 0.0001593 seconds, Stopping threads took: 0.0000390 seconds
2015-08-23T16:35:57.632-0200: 110513.231: Total time for which application threads were stopped: 0.0002583 seconds, Stopping threads took: 0.0001167 seconds
2015-08-23T16:35:57.632-0200: 110513.231: Total time for which application threads were stopped: 0.0001239 seconds, Stopping threads took: 0.0000365 seconds
2015-08-23T16:40:57.792-0200: 110813.397: Total time for which application threads were stopped: 0.0036985 seconds, Stopping threads took: 0.0004002 seconds
2015-08-23T16:40:57.794-0200: 110813.400: Total time for which application threads were stopped: 0.0005099 seconds, Stopping threads took: 0.0000374 seconds
2015-08-23T16:40:57.796-0200: 110813.402: Total time for which application threads were stopped: 0.0005881 seconds, Stopping threads took: 0.0002147 seconds
2015-08-23T16:40:57.807-0200: 110813.413: Total time for which application threads were stopped: 0.0004570 seconds, Stopping threads took: 0.0001642 seconds
2015-08-23T16:40:57.818-0200: 110813.424: Total time for which application threads were stopped: 0.0104742 seconds, Stopping threads took: 0.0026447 seconds
2015-08-23T16:40:57.820-0200: 110813.426: Total time for which application threads were stopped: 0.0024612 seconds, Stopping threads took: 0.0017397 seconds
2015-08-23T16:40:57.822-0200: 110813.428: Total time for which application threads were stopped: 0.0002909 seconds, Stopping threads took: 0.0000319 seconds
2015-08-23T16:41:22.269-0200: 110837.876: Total time for which application threads were stopped: 0.0010535 seconds, Stopping threads took: 0.0007191 seconds
2015-08-23T16:41:22.270-0200: 110837.876: Total time for which application threads were stopped: 0.0001359 seconds, Stopping threads took: 0.0000165 seconds
2015-08-23T16:41:22.270-0200: 110837.877: Total time for which application threads were stopped: 0.0001957 seconds, Stopping threads took: 0.0000495 seconds
2015-08-23T16:46:22.471-0200: 111138.085: Total time for which application threads were stopped: 0.0045042 seconds, Stopping threads took: 0.0015395 seconds
2015-08-23T16:46:22.480-0200: 111138.094: Total time for which application threads were stopped: 0.0036442 seconds, Stopping threads took: 0.0034015 seconds
2015-08-23T16:46:22.488-0200: 111138.101: Total time for which application threads were stopped: 0.0070681 seconds, Stopping threads took: 0.0000458 seconds
2015-08-23T16:46:22.502-0200: 111138.115: Total time for which application threads were stopped: 0.0020505 seconds, Stopping threads took: 0.0016841 seconds
2015-08-23T16:46:22.502-0200: 111138.116: Total time for which application threads were stopped: 0.0002056 seconds, Stopping threads took: 0.0000581 seconds
2015-08-23T16:46:22.507-0200: 111138.120: Total time for which application threads were stopped: 0.0020106 seconds, Stopping threads took: 0.0015939 seconds
2015-08-23T16:46:22.507-0200: 111138.121: Total time for which application threads were stopped: 0.0002030 seconds, Stopping threads took: 0.0000729 seconds
2015-08-23T16:46:46.782-0200: 111162.396: Total time for which application threads were stopped: 0.0023191 seconds, Stopping threads took: 0.0018256 seconds
2015-08-23T16:46:46.784-0200: 111162.398: Total time for which application threads were stopped: 0.0017031 seconds, Stopping threads took: 0.0015611 seconds
2015-08-23T16:46:46.784-0200: 111162.398: Total time for which application threads were stopped: 0.0002267 seconds, Stopping threads took: 0.0000532 seconds
2015-08-23T16:46:46.784-0200: 111162.398: Total time for which application threads were stopped: 0.0001771 seconds, Stopping threads took: 0.0000624 seconds
2015-08-23T16:51:46.990-0200: 111462.611: Total time for which application threads were stopped: 0.0044636 seconds, Stopping threads took: 0.0016410 seconds
2015-08-23T16:51:46.990-0200: 111462.611: Total time for which application threads were stopped: 0.0002504 seconds, Stopping threads took: 0.0000483 seconds
2015-08-23T16:51:46.996-0200: 111462.617: Total time for which application threads were stopped: 0.0023824 seconds, Stopping threads took: 0.0001234 seconds
2015-08-23T16:51:47.011-0200: 111462.632: Total time for which application threads were stopped: 0.0011557 seconds, Stopping threads took: 0.0008525 seconds
2015-08-23T16:51:47.014-0200: 111462.635: Total time for which application threads were stopped: 0.0018995 seconds, Stopping threads took: 0.0016113 seconds
2015-08-23T16:51:47.017-0200: 111462.638: Total time for which application threads were stopped: 0.0016599 seconds, Stopping threads took: 0.0012155 seconds
2015-08-23T16:51:47.019-0200: 111462.640: Total time for which application threads were stopped: 0.0021799 seconds, Stopping threads took: 0.0001331 seconds
2015-08-23T16:51:47.025-0200: 111462.646: Total time for which application threads were stopped: 0.0056717 seconds, Stopping threads took: 0.0001695 seconds
2015-08-23T16:51:47.030-0200: 111462.651: Total time for which application threads were stopped: 0.0002695 seconds, Stopping threads took: 0.0000395 seconds
2015-08-23T16:52:11.153-0200: 111486.775: Total time for which application threads were stopped: 0.0004494 seconds, Stopping threads took: 0.0000468 seconds
2015-08-23T16:52:11.156-0200: 111486.779: Total time for which application threads were stopped: 0.0036053 seconds, Stopping threads took: 0.0022045 seconds
2015-08-23T16:52:11.158-0200: 111486.779: Total time for which application threads were stopped: 0.0002818 seconds, Stopping threads took: 0.0000462 seconds
{Heap before GC invocations=85 (full 1):
 par new generation   total 109248K, used 92764K [0x000000011d400000, 0x0000000125400000, 0x0000000125400000)
  eden space 87424K, 100% used [0x000000011d400000, 0x0000000122960000, 0x0000000122960000)
  from space 21824K,  24% used [0x0000000123eb0000, 0x00000001243e7210, 0x0000000125400000)
  to   space 21824K,   0% used [0x0000000122960000, 0x0000000122960000, 0x0000000123eb0000)
 concurrent mark-sweep generation total 393216K, used 41471K [0x0000000125400000, 0x000000013d400000, 0x000000013d400000)
 Metaspace       used 36237K, capacity 36842K, committed 36940K, reserved 1081344K
  class space    used 3986K, capacity 4130K, committed 4172K, reserved 1048576K
2015-08-23T16:52:37.678-0200: 111513.301: [GC (Allocation Failure) 111513.314: [ParNew
Desired survivor size 20112992 bytes, new threshold 8 (max 8)
- age   1:     744608 bytes,     744608 total
- age   2:      44960 bytes,     789568 total
- age   3:      35664 bytes,     825232 total
- age   4:      56104 bytes,     881336 total
- age   5:     870904 bytes,    1752240 total
- age   6:    2179840 bytes,    3932080 total
- age   7:      83664 bytes,    4015744 total
- age   8:      94880 bytes,    4110624 total
: 92764K->5179K(109248K), 0.3390966 secs] 134235K->46766K(502464K), 0.3525205 secs] [Times: user=0.05 sys=0.17, real=0.36 secs] 
Heap after GC invocations=86 (full 1):
 par new generation   total 109248K, used 5179K [0x000000011d400000, 0x0000000125400000, 0x0000000125400000)
  eden space 87424K,   0% used [0x000000011d400000, 0x000000011d400000, 0x0000000122960000)
  from space 21824K,  23% used [0x0000000122960000, 0x0000000122e6ed70, 0x0000000123eb0000)
  to   space 21824K,   0% used [0x0000000123eb0000, 0x0000000123eb0000, 0x0000000125400000)
 concurrent mark-sweep generation total 393216K, used 41587K [0x0000000125400000, 0x000000013d400000, 0x000000013d400000)
 Metaspace       used 36237K, capacity 36842K, committed 36940K, reserved 1081344K
  class space    used 3986K, capacity 4130K, committed 4172K, reserved 1048576K
}
2015-08-23T16:52:38.031-0200: 111513.653: Total time for which application threads were stopped: 0.3585057 seconds, Stopping threads took: 0.0000338 seconds
2015-08-23T16:52:39.034-0200: 111514.657: Total time for which application threads were stopped: 0.0002989 seconds, Stopping threads took: 0.0000380 seconds
2015-08-23T16:57:11.328-0200: 111786.957: Total time for which application threads were stopped: 0.0031793 seconds, Stopping threads took: 0.0003309 seconds
2015-08-23T16:57:11.333-0200: 111786.962: Total time for which application threads were stopped: 0.0005071 seconds, Stopping threads took: 0.0001261 seconds
2015-08-23T16:57:11.353-0200: 111786.982: Total time for which application threads were stopped: 0.0016727 seconds, Stopping threads took: 0.0012638 seconds
2015-08-23T16:57:11.356-0200: 111786.984: Total time for which application threads were stopped: 0.0021412 seconds, Stopping threads took: 0.0000435 seconds
2015-08-23T16:57:11.359-0200: 111786.988: Total time for which application threads were stopped: 0.0021822 seconds, Stopping threads took: 0.0011514 seconds
2015-08-23T16:57:11.362-0200: 111786.991: Total time for which application threads were stopped: 0.0013832 seconds, Stopping threads took: 0.0009896 seconds
2015-08-23T16:57:11.364-0200: 111786.992: Total time for which application threads were stopped: 0.0003808 seconds, Stopping threads took: 0.0000698 seconds
2015-08-23T16:57:35.595-0200: 111811.224: Total time for which application threads were stopped: 0.0002788 seconds, Stopping threads took: 0.0000245 seconds
2015-08-23T16:57:35.597-0200: 111811.226: Total time for which application threads were stopped: 0.0011518 seconds, Stopping threads took: 0.0000416 seconds
2015-08-23T17:02:35.768-0200: 112111.404: Total time for which application threads were stopped: 0.0005293 seconds, Stopping threads took: 0.0002245 seconds
2015-08-23T17:02:35.769-0200: 112111.404: Total time for which application threads were stopped: 0.0003291 seconds, Stopping threads took: 0.0001194 seconds
2015-08-23T17:02:35.769-0200: 112111.405: Total time for which application threads were stopped: 0.0002727 seconds, Stopping threads took: 0.0000483 seconds
2015-08-23T17:02:35.771-0200: 112111.407: Total time for which application threads were stopped: 0.0003995 seconds, Stopping threads took: 0.0000826 seconds
2015-08-23T17:02:35.771-0200: 112111.407: Total time for which application threads were stopped: 0.0002207 seconds, Stopping threads took: 0.0000437 seconds
2015-08-23T17:02:35.772-0200: 112111.408: Total time for which application threads were stopped: 0.0002168 seconds, Stopping threads took: 0.0000281 seconds
2015-08-23T17:03:01.001-0200: 112136.637: Total time for which application threads were stopped: 0.0002802 seconds, Stopping threads took: 0.0000297 seconds
2015-08-23T17:03:01.001-0200: 112136.638: Total time for which application threads were stopped: 0.0001763 seconds, Stopping threads took: 0.0000205 seconds
2015-08-23T17:08:01.164-0200: 112436.808: Total time for which application threads were stopped: 0.0035444 seconds, Stopping threads took: 0.0004021 seconds
2015-08-23T17:08:01.172-0200: 112436.815: Total time for which application threads were stopped: 0.0034757 seconds, Stopping threads took: 0.0030614 seconds
2015-08-23T17:08:01.195-0200: 112436.838: Total time for which application threads were stopped: 0.0033684 seconds, Stopping threads took: 0.0004169 seconds
2015-08-23T17:08:01.203-0200: 112436.846: Total time for which application threads were stopped: 0.0010865 seconds, Stopping threads took: 0.0004824 seconds
2015-08-23T17:08:01.206-0200: 112436.849: Total time for which application threads were stopped: 0.0021163 seconds, Stopping threads took: 0.0016954 seconds
2015-08-23T17:08:01.207-0200: 112436.850: Total time for which application threads were stopped: 0.0002745 seconds, Stopping threads took: 0.0000436 seconds
2015-08-23T17:08:01.208-0200: 112436.851: Total time for which application threads were stopped: 0.0002641 seconds, Stopping threads took: 0.0000156 seconds
2015-08-23T17:08:25.743-0200: 112461.386: Total time for which application threads were stopped: 0.0002179 seconds, Stopping threads took: 0.0000179 seconds
2015-08-23T17:08:25.745-0200: 112461.389: Total time for which application threads were stopped: 0.0019346 seconds, Stopping threads took: 0.0017559 seconds
2015-08-23T17:08:25.745-0200: 112461.389: Total time for which application threads were stopped: 0.0002122 seconds, Stopping threads took: 0.0000520 seconds
2015-08-23T17:13:24.012-0200: 112761.561: Total time for which application threads were stopped: 0.0031482 seconds, Stopping threads took: 0.0003881 seconds
2015-08-23T17:13:24.013-0200: 112761.562: Total time for which application threads were stopped: 0.0003843 seconds, Stopping threads took: 0.0000570 seconds
2015-08-23T17:13:24.016-0200: 112761.564: Total time for which application threads were stopped: 0.0006848 seconds, Stopping threads took: 0.0001616 seconds
2015-08-23T17:13:24.028-0200: 112761.576: Total time for which application threads were stopped: 0.0021446 seconds, Stopping threads took: 0.0000481 seconds
2015-08-23T17:13:24.044-0200: 112761.593: Total time for which application threads were stopped: 0.0157879 seconds, Stopping threads took: 0.0046046 seconds
2015-08-23T17:13:24.048-0200: 112761.597: Total time for which application threads were stopped: 0.0011010 seconds, Stopping threads took: 0.0008226 seconds
2015-08-23T17:13:24.049-0200: 112761.597: Total time for which application threads were stopped: 0.0004481 seconds, Stopping threads took: 0.0002586 seconds
2015-08-23T17:13:24.050-0200: 112761.599: Total time for which application threads were stopped: 0.0002209 seconds, Stopping threads took: 0.0000175 seconds
2015-08-23T17:13:48.354-0200: 112785.903: Total time for which application threads were stopped: 0.0071275 seconds, Stopping threads took: 0.0014281 seconds
2015-08-23T17:13:48.355-0200: 112785.904: Total time for which application threads were stopped: 0.0004271 seconds, Stopping threads took: 0.0000695 seconds
2015-08-23T17:13:48.358-0200: 112785.907: Total time for which application threads were stopped: 0.0020822 seconds, Stopping threads took: 0.0017726 seconds
2015-08-23T17:13:48.358-0200: 112785.907: Total time for which application threads were stopped: 0.0001963 seconds, Stopping threads took: 0.0000798 seconds
2015-08-23T17:18:48.540-0200: 113086.097: Total time for which application threads were stopped: 0.0074571 seconds, Stopping threads took: 0.0017169 seconds
2015-08-23T17:18:48.546-0200: 113086.102: Total time for which application threads were stopped: 0.0021833 seconds, Stopping threads took: 0.0018335 seconds
2015-08-23T17:18:48.562-0200: 113086.118: Total time for which application threads were stopped: 0.0043260 seconds, Stopping threads took: 0.0037666 seconds
2015-08-23T17:18:48.563-0200: 113086.119: Total time for which application threads were stopped: 0.0003522 seconds, Stopping threads took: 0.0001402 seconds
2015-08-23T17:18:48.564-0200: 113086.121: Total time for which application threads were stopped: 0.0017430 seconds, Stopping threads took: 0.0000134 seconds
2015-08-23T17:18:48.571-0200: 113086.128: Total time for which application threads were stopped: 0.0004196 seconds, Stopping threads took: 0.0000303 seconds
2015-08-23T17:19:12.749-0200: 113110.306: Total time for which application threads were stopped: 0.0005682 seconds, Stopping threads took: 0.0002985 seconds
2015-08-23T17:19:12.751-0200: 113110.308: Total time for which application threads were stopped: 0.0005011 seconds, Stopping threads took: 0.0000161 seconds
2015-08-23T17:19:12.751-0200: 113110.308: Total time for which application threads were stopped: 0.0001499 seconds, Stopping threads took: 0.0000158 seconds
2015-08-23T17:24:12.919-0200: 113410.483: Total time for which application threads were stopped: 0.0077383 seconds, Stopping threads took: 0.0032174 seconds
2015-08-23T17:24:12.932-0200: 113410.496: Total time for which application threads were stopped: 0.0081500 seconds, Stopping threads took: 0.0019502 seconds
2015-08-23T17:24:12.988-0200: 113410.553: Total time for which application threads were stopped: 0.0377166 seconds, Stopping threads took: 0.0372290 seconds
2015-08-23T17:24:12.989-0200: 113410.553: Total time for which application threads were stopped: 0.0004217 seconds, Stopping threads took: 0.0000626 seconds
2015-08-23T17:24:12.991-0200: 113410.556: Total time for which application threads were stopped: 0.0018417 seconds, Stopping threads took: 0.0015301 seconds
2015-08-23T17:24:13.003-0200: 113410.568: Total time for which application threads were stopped: 0.0048429 seconds, Stopping threads took: 0.0040409 seconds
2015-08-23T17:24:13.011-0200: 113410.575: Total time for which application threads were stopped: 0.0028747 seconds, Stopping threads took: 0.0019643 seconds
2015-08-23T17:24:13.019-0200: 113410.583: Total time for which application threads were stopped: 0.0068856 seconds, Stopping threads took: 0.0066149 seconds
2015-08-23T17:24:13.027-0200: 113410.591: Total time for which application threads were stopped: 0.0049780 seconds, Stopping threads took: 0.0041792 seconds
2015-08-23T17:24:37.584-0200: 113435.149: Total time for which application threads were stopped: 0.0028674 seconds, Stopping threads took: 0.0017975 seconds
2015-08-23T17:24:37.584-0200: 113435.149: Total time for which application threads were stopped: 0.0001671 seconds, Stopping threads took: 0.0000222 seconds
2015-08-23T17:24:37.586-0200: 113435.151: Total time for which application threads were stopped: 0.0018955 seconds, Stopping threads took: 0.0017669 seconds
2015-08-23T17:24:37.587-0200: 113435.151: Total time for which application threads were stopped: 0.0002087 seconds, Stopping threads took: 0.0000867 seconds
2015-08-23T17:28:01.052-0200: 113638.622: Total time for which application threads were stopped: 0.0046510 seconds, Stopping threads took: 0.0005583 seconds
2015-08-23T17:29:37.962-0200: 113735.534: Total time for which application threads were stopped: 0.0071189 seconds, Stopping threads took: 0.0004042 seconds
2015-08-23T17:29:37.976-0200: 113735.548: Total time for which application threads were stopped: 0.0077942 seconds, Stopping threads took: 0.0000235 seconds
2015-08-23T17:29:38.042-0200: 113735.614: Total time for which application threads were stopped: 0.0193523 seconds, Stopping threads took: 0.0187533 seconds
2015-08-23T17:29:38.045-0200: 113735.617: Total time for which application threads were stopped: 0.0003189 seconds, Stopping threads took: 0.0000828 seconds
2015-08-23T17:29:38.052-0200: 113735.624: Total time for which application threads were stopped: 0.0060928 seconds, Stopping threads took: 0.0055762 seconds
2015-08-23T17:29:38.055-0200: 113735.627: Total time for which application threads were stopped: 0.0005784 seconds, Stopping threads took: 0.0001820 seconds
2015-08-23T17:29:38.055-0200: 113735.627: Total time for which application threads were stopped: 0.0001588 seconds, Stopping threads took: 0.0000419 seconds
2015-08-23T17:29:38.057-0200: 113735.629: Total time for which application threads were stopped: 0.0004691 seconds, Stopping threads took: 0.0001508 seconds
2015-08-23T17:30:02.391-0200: 113759.964: Total time for which application threads were stopped: 0.0022213 seconds, Stopping threads took: 0.0016924 seconds
2015-08-23T17:30:02.394-0200: 113759.966: Total time for which application threads were stopped: 0.0023569 seconds, Stopping threads took: 0.0018863 seconds
2015-08-23T17:30:02.395-0200: 113759.967: Total time for which application threads were stopped: 0.0001910 seconds, Stopping threads took: 0.0000188 seconds
2015-08-23T17:30:02.402-0200: 113759.975: Total time for which application threads were stopped: 0.0042613 seconds, Stopping threads took: 0.0040652 seconds
2015-08-23T17:31:21.577-0200: 113839.151: Total time for which application threads were stopped: 0.0005758 seconds, Stopping threads took: 0.0001371 seconds
2015-08-23T17:35:02.623-0200: 114060.203: Total time for which application threads were stopped: 0.0176928 seconds, Stopping threads took: 0.0048825 seconds
2015-08-23T17:35:02.650-0200: 114060.229: Total time for which application threads were stopped: 0.0107832 seconds, Stopping threads took: 0.0000995 seconds
2015-08-23T17:35:02.691-0200: 114060.270: Total time for which application threads were stopped: 0.0126717 seconds, Stopping threads took: 0.0020607 seconds
2015-08-23T17:35:02.700-0200: 114060.279: Total time for which application threads were stopped: 0.0069207 seconds, Stopping threads took: 0.0001900 seconds
2015-08-23T17:35:02.705-0200: 114060.285: Total time for which application threads were stopped: 0.0048616 seconds, Stopping threads took: 0.0039323 seconds
2015-08-23T17:35:02.706-0200: 114060.286: Total time for which application threads were stopped: 0.0006263 seconds, Stopping threads took: 0.0002949 seconds
2015-08-23T17:35:02.708-0200: 114060.288: Total time for which application threads were stopped: 0.0008193 seconds, Stopping threads took: 0.0000459 seconds
2015-08-23T17:35:27.200-0200: 114084.780: Total time for which application threads were stopped: 0.0063428 seconds, Stopping threads took: 0.0010499 seconds
2015-08-23T17:35:27.202-0200: 114084.782: Total time for which application threads were stopped: 0.0018657 seconds, Stopping threads took: 0.0016574 seconds
2015-08-23T17:35:27.204-0200: 114084.784: Total time for which application threads were stopped: 0.0018292 seconds, Stopping threads took: 0.0016946 seconds
2015-08-23T17:35:27.204-0200: 114084.784: Total time for which application threads were stopped: 0.0001425 seconds, Stopping threads took: 0.0000633 seconds
2015-08-23T17:40:27.419-0200: 114385.006: Total time for which application threads were stopped: 0.0122187 seconds, Stopping threads took: 0.0015316 seconds
2015-08-23T17:40:27.422-0200: 114385.010: Total time for which application threads were stopped: 0.0019060 seconds, Stopping threads took: 0.0015484 seconds
2015-08-23T17:40:27.443-0200: 114385.030: Total time for which application threads were stopped: 0.0028315 seconds, Stopping threads took: 0.0024332 seconds
2015-08-23T17:40:27.444-0200: 114385.031: Total time for which application threads were stopped: 0.0004923 seconds, Stopping threads took: 0.0001476 seconds
2015-08-23T17:40:27.444-0200: 114385.031: Total time for which application threads were stopped: 0.0003312 seconds, Stopping threads took: 0.0000247 seconds
2015-08-23T17:40:27.454-0200: 114385.041: Total time for which application threads were stopped: 0.0065866 seconds, Stopping threads took: 0.0062580 seconds
2015-08-23T17:40:27.458-0200: 114385.045: Total time for which application threads were stopped: 0.0042199 seconds, Stopping threads took: 0.0028796 seconds
2015-08-23T17:40:28.464-0200: 114386.051: Total time for which application threads were stopped: 0.0004181 seconds, Stopping threads took: 0.0000303 seconds
2015-08-23T17:40:51.834-0200: 114409.421: Total time for which application threads were stopped: 0.0063208 seconds, Stopping threads took: 0.0059619 seconds
2015-08-23T17:40:51.834-0200: 114409.422: Total time for which application threads were stopped: 0.0001550 seconds, Stopping threads took: 0.0000195 seconds
2015-08-23T17:40:51.834-0200: 114409.422: Total time for which application threads were stopped: 0.0001770 seconds, Stopping threads took: 0.0000503 seconds
2015-08-23T17:40:51.835-0200: 114409.422: Total time for which application threads were stopped: 0.0002055 seconds, Stopping threads took: 0.0000927 seconds
2015-08-23T17:45:52.010-0200: 114709.604: Total time for which application threads were stopped: 0.0085866 seconds, Stopping threads took: 0.0004274 seconds
2015-08-23T17:45:52.036-0200: 114709.631: Total time for which application threads were stopped: 0.0009171 seconds, Stopping threads took: 0.0000478 seconds
2015-08-23T17:45:52.041-0200: 114709.636: Total time for which application threads were stopped: 0.0031269 seconds, Stopping threads took: 0.0025462 seconds
2015-08-23T17:45:52.043-0200: 114709.638: Total time for which application threads were stopped: 0.0018287 seconds, Stopping threads took: 0.0014920 seconds
2015-08-23T17:45:52.044-0200: 114709.638: Total time for which application threads were stopped: 0.0002382 seconds, Stopping threads took: 0.0000564 seconds
2015-08-23T17:45:52.046-0200: 114709.640: Total time for which application threads were stopped: 0.0020972 seconds, Stopping threads took: 0.0017556 seconds
2015-08-23T17:45:52.053-0200: 114709.647: Total time for which application threads were stopped: 0.0019857 seconds, Stopping threads took: 0.0016991 seconds
2015-08-23T17:46:16.449-0200: 114734.045: Total time for which application threads were stopped: 0.0042522 seconds, Stopping threads took: 0.0005895 seconds
2015-08-23T17:46:16.450-0200: 114734.045: Total time for which application threads were stopped: 0.0001833 seconds, Stopping threads took: 0.0000742 seconds
2015-08-23T17:46:16.453-0200: 114734.048: Total time for which application threads were stopped: 0.0009974 seconds, Stopping threads took: 0.0007902 seconds
2015-08-23T17:46:16.453-0200: 114734.048: Total time for which application threads were stopped: 0.0001350 seconds, Stopping threads took: 0.0000396 seconds
2015-08-23T17:51:16.634-0200: 115034.236: Total time for which application threads were stopped: 0.0117154 seconds, Stopping threads took: 0.0022967 seconds
2015-08-23T17:51:16.636-0200: 115034.239: Total time for which application threads were stopped: 0.0018817 seconds, Stopping threads took: 0.0017206 seconds
2015-08-23T17:51:16.644-0200: 115034.247: Total time for which application threads were stopped: 0.0026700 seconds, Stopping threads took: 0.0000735 seconds
2015-08-23T17:51:16.682-0200: 115034.284: Total time for which application threads were stopped: 0.0040139 seconds, Stopping threads took: 0.0002858 seconds
2015-08-23T17:51:16.682-0200: 115034.285: Total time for which application threads were stopped: 0.0003788 seconds, Stopping threads took: 0.0000381 seconds
2015-08-23T17:51:16.685-0200: 115034.287: Total time for which application threads were stopped: 0.0021085 seconds, Stopping threads took: 0.0013516 seconds
2015-08-23T17:51:16.692-0200: 115034.295: Total time for which application threads were stopped: 0.0039114 seconds, Stopping threads took: 0.0035779 seconds
2015-08-23T17:51:16.693-0200: 115034.295: Total time for which application threads were stopped: 0.0001897 seconds, Stopping threads took: 0.0000397 seconds
2015-08-23T17:51:41.443-0200: 115059.046: Total time for which application threads were stopped: 0.0018546 seconds, Stopping threads took: 0.0014800 seconds
2015-08-23T17:51:41.446-0200: 115059.048: Total time for which application threads were stopped: 0.0021285 seconds, Stopping threads took: 0.0019282 seconds
2015-08-23T17:51:41.450-0200: 115059.053: Total time for which application threads were stopped: 0.0046223 seconds, Stopping threads took: 0.0013510 seconds
2015-08-23T17:56:41.623-0200: 115359.233: Total time for which application threads were stopped: 0.0031907 seconds, Stopping threads took: 0.0003395 seconds
2015-08-23T17:56:41.624-0200: 115359.234: Total time for which application threads were stopped: 0.0003045 seconds, Stopping threads took: 0.0001326 seconds
2015-08-23T17:56:41.627-0200: 115359.236: Total time for which application threads were stopped: 0.0003418 seconds, Stopping threads took: 0.0000464 seconds
2015-08-23T17:56:41.646-0200: 115359.256: Total time for which application threads were stopped: 0.0012434 seconds, Stopping threads took: 0.0009026 seconds
2015-08-23T17:56:41.652-0200: 115359.261: Total time for which application threads were stopped: 0.0045659 seconds, Stopping threads took: 0.0024965 seconds
2015-08-23T17:56:41.658-0200: 115359.268: Total time for which application threads were stopped: 0.0053359 seconds, Stopping threads took: 0.0032507 seconds
2015-08-23T17:56:41.661-0200: 115359.270: Total time for which application threads were stopped: 0.0018531 seconds, Stopping threads took: 0.0015053 seconds
2015-08-23T17:56:41.663-0200: 115359.272: Total time for which application threads were stopped: 0.0017665 seconds, Stopping threads took: 0.0015777 seconds
2015-08-23T17:56:41.665-0200: 115359.274: Total time for which application threads were stopped: 0.0019079 seconds, Stopping threads took: 0.0017033 seconds
2015-08-23T17:57:05.853-0200: 115383.464: Total time for which application threads were stopped: 0.0018443 seconds, Stopping threads took: 0.0015830 seconds
2015-08-23T17:57:05.855-0200: 115383.466: Total time for which application threads were stopped: 0.0020268 seconds, Stopping threads took: 0.0016745 seconds
2015-08-23T17:57:05.860-0200: 115383.470: Total time for which application threads were stopped: 0.0033534 seconds, Stopping threads took: 0.0031731 seconds
2015-08-23T17:57:05.864-0200: 115383.475: Total time for which application threads were stopped: 0.0003912 seconds, Stopping threads took: 0.0000857 seconds
2015-08-23T18:02:06.017-0200: 115683.635: Total time for which application threads were stopped: 0.0028109 seconds, Stopping threads took: 0.0003389 seconds
2015-08-23T18:02:06.019-0200: 115683.637: Total time for which application threads were stopped: 0.0016158 seconds, Stopping threads took: 0.0001218 seconds
2015-08-23T18:02:06.037-0200: 115683.654: Total time for which application threads were stopped: 0.0009423 seconds, Stopping threads took: 0.0003118 seconds
2015-08-23T18:02:06.038-0200: 115683.655: Total time for which application threads were stopped: 0.0005716 seconds, Stopping threads took: 0.0001666 seconds
2015-08-23T18:02:06.038-0200: 115683.656: Total time for which application threads were stopped: 0.0004260 seconds, Stopping threads took: 0.0001197 seconds
2015-08-23T18:02:06.039-0200: 115683.657: Total time for which application threads were stopped: 0.0004866 seconds, Stopping threads took: 0.0002547 seconds
2015-08-23T18:02:06.040-0200: 115683.658: Total time for which application threads were stopped: 0.0002100 seconds, Stopping threads took: 0.0000133 seconds
2015-08-23T18:02:34.153-0200: 115711.771: Total time for which application threads were stopped: 0.0002992 seconds, Stopping threads took: 0.0000301 seconds
2015-08-23T18:02:34.153-0200: 115711.771: Total time for which application threads were stopped: 0.0003090 seconds, Stopping threads took: 0.0001834 seconds
2015-08-23T18:02:34.153-0200: 115711.772: Total time for which application threads were stopped: 0.0002767 seconds, Stopping threads took: 0.0001557 seconds
2015-08-23T18:02:34.154-0200: 115711.772: Total time for which application threads were stopped: 0.0001637 seconds, Stopping threads took: 0.0000467 seconds
2015-08-23T18:07:34.326-0200: 116011.951: Total time for which application threads were stopped: 0.0035951 seconds, Stopping threads took: 0.0008114 seconds
2015-08-23T18:07:34.331-0200: 116011.956: Total time for which application threads were stopped: 0.0029547 seconds, Stopping threads took: 0.0003630 seconds
2015-08-23T18:07:34.363-0200: 116011.988: Total time for which application threads were stopped: 0.0048747 seconds, Stopping threads took: 0.0026931 seconds
2015-08-23T18:07:34.365-0200: 116011.990: Total time for which application threads were stopped: 0.0016800 seconds, Stopping threads took: 0.0013552 seconds
2015-08-23T18:07:34.371-0200: 116011.997: Total time for which application threads were stopped: 0.0054884 seconds, Stopping threads took: 0.0025972 seconds
2015-08-23T18:07:34.373-0200: 116011.998: Total time for which application threads were stopped: 0.0003354 seconds, Stopping threads took: 0.0000642 seconds
2015-08-23T18:07:34.373-0200: 116011.999: Total time for which application threads were stopped: 0.0006237 seconds, Stopping threads took: 0.0000615 seconds
2015-08-23T18:07:34.374-0200: 116012.000: Total time for which application threads were stopped: 0.0003091 seconds, Stopping threads took: 0.0000784 seconds
2015-08-23T18:07:35.379-0200: 116013.004: Total time for which application threads were stopped: 0.0007627 seconds, Stopping threads took: 0.0000773 seconds
2015-08-23T18:07:41.390-0200: 116019.015: Total time for which application threads were stopped: 0.0025477 seconds, Stopping threads took: 0.0000467 seconds
2015-08-23T18:07:58.600-0200: 116036.226: Total time for which application threads were stopped: 0.0043745 seconds, Stopping threads took: 0.0040603 seconds
2015-08-23T18:07:58.602-0200: 116036.228: Total time for which application threads were stopped: 0.0017376 seconds, Stopping threads took: 0.0015868 seconds
2015-08-23T18:07:58.603-0200: 116036.228: Total time for which application threads were stopped: 0.0001939 seconds, Stopping threads took: 0.0000769 seconds
2015-08-23T18:07:58.603-0200: 116036.229: Total time for which application threads were stopped: 0.0001699 seconds, Stopping threads took: 0.0000524 seconds
2015-08-23T18:12:58.800-0200: 116336.433: Total time for which application threads were stopped: 0.0041274 seconds, Stopping threads took: 0.0015074 seconds
2015-08-23T18:12:58.801-0200: 116336.434: Total time for which application threads were stopped: 0.0002789 seconds, Stopping threads took: 0.0001250 seconds
2015-08-23T18:12:58.813-0200: 116336.447: Total time for which application threads were stopped: 0.0091453 seconds, Stopping threads took: 0.0017652 seconds
2015-08-23T18:12:58.846-0200: 116336.479: Total time for which application threads were stopped: 0.0169549 seconds, Stopping threads took: 0.0115950 seconds
2015-08-23T18:12:58.849-0200: 116336.482: Total time for which application threads were stopped: 0.0021225 seconds, Stopping threads took: 0.0016975 seconds
2015-08-23T18:12:58.853-0200: 116336.486: Total time for which application threads were stopped: 0.0030107 seconds, Stopping threads took: 0.0027659 seconds
2015-08-23T18:12:58.859-0200: 116336.492: Total time for which application threads were stopped: 0.0054154 seconds, Stopping threads took: 0.0001026 seconds
2015-08-23T18:12:58.860-0200: 116336.493: Total time for which application threads were stopped: 0.0003001 seconds, Stopping threads took: 0.0000301 seconds
2015-08-23T18:13:23.226-0200: 116360.860: Total time for which application threads were stopped: 0.0005156 seconds, Stopping threads took: 0.0002543 seconds
2015-08-23T18:13:23.230-0200: 116360.863: Total time for which application threads were stopped: 0.0021951 seconds, Stopping threads took: 0.0019418 seconds
2015-08-23T18:13:23.233-0200: 116360.867: Total time for which application threads were stopped: 0.0030927 seconds, Stopping threads took: 0.0019455 seconds
2015-08-23T18:13:23.235-0200: 116360.869: Total time for which application threads were stopped: 0.0021787 seconds, Stopping threads took: 0.0019511 seconds
2015-08-23T18:13:23.236-0200: 116360.869: Total time for which application threads were stopped: 0.0002415 seconds, Stopping threads took: 0.0000568 seconds
2015-08-23T18:18:23.437-0200: 116661.078: Total time for which application threads were stopped: 0.0039937 seconds, Stopping threads took: 0.0005389 seconds
2015-08-23T18:18:23.441-0200: 116661.082: Total time for which application threads were stopped: 0.0014658 seconds, Stopping threads took: 0.0008327 seconds
2015-08-23T18:18:23.471-0200: 116661.112: Total time for which application threads were stopped: 0.0046469 seconds, Stopping threads took: 0.0042154 seconds
2015-08-23T18:18:23.474-0200: 116661.114: Total time for which application threads were stopped: 0.0017139 seconds, Stopping threads took: 0.0015316 seconds
2015-08-23T18:18:23.477-0200: 116661.118: Total time for which application threads were stopped: 0.0005973 seconds, Stopping threads took: 0.0001850 seconds
2015-08-23T18:18:23.486-0200: 116661.127: Total time for which application threads were stopped: 0.0080995 seconds, Stopping threads took: 0.0001672 seconds
2015-08-23T18:18:23.495-0200: 116661.136: Total time for which application threads were stopped: 0.0039155 seconds, Stopping threads took: 0.0003590 seconds
2015-08-23T18:18:47.810-0200: 116685.451: Total time for which application threads were stopped: 0.0011737 seconds, Stopping threads took: 0.0008953 seconds
2015-08-23T18:18:47.813-0200: 116685.454: Total time for which application threads were stopped: 0.0012853 seconds, Stopping threads took: 0.0010321 seconds
2015-08-23T18:18:47.813-0200: 116685.455: Total time for which application threads were stopped: 0.0002039 seconds, Stopping threads took: 0.0000581 seconds
2015-08-23T18:18:47.813-0200: 116685.455: Total time for which application threads were stopped: 0.0001949 seconds, Stopping threads took: 0.0000186 seconds
2015-08-23T18:23:48.015-0200: 116985.664: Total time for which application threads were stopped: 0.0194168 seconds, Stopping threads took: 0.0071043 seconds
2015-08-23T18:23:48.019-0200: 116985.668: Total time for which application threads were stopped: 0.0003862 seconds, Stopping threads took: 0.0001071 seconds
2015-08-23T18:23:48.042-0200: 116985.691: Total time for which application threads were stopped: 0.0077437 seconds, Stopping threads took: 0.0023372 seconds
2015-08-23T18:23:48.050-0200: 116985.699: Total time for which application threads were stopped: 0.0072470 seconds, Stopping threads took: 0.0034468 seconds
2015-08-23T18:23:48.053-0200: 116985.703: Total time for which application threads were stopped: 0.0011361 seconds, Stopping threads took: 0.0004318 seconds
2015-08-23T18:23:48.057-0200: 116985.706: Total time for which application threads were stopped: 0.0024791 seconds, Stopping threads took: 0.0021892 seconds
2015-08-23T18:23:48.059-0200: 116985.708: Total time for which application threads were stopped: 0.0018487 seconds, Stopping threads took: 0.0017160 seconds
2015-08-23T18:23:55.078-0200: 116992.727: Total time for which application threads were stopped: 0.0004443 seconds, Stopping threads took: 0.0000503 seconds
2015-08-23T18:24:12.339-0200: 117009.989: Total time for which application threads were stopped: 0.0003890 seconds, Stopping threads took: 0.0000564 seconds
2015-08-23T18:24:12.341-0200: 117009.991: Total time for which application threads were stopped: 0.0017845 seconds, Stopping threads took: 0.0016557 seconds
2015-08-23T18:24:12.341-0200: 117009.991: Total time for which application threads were stopped: 0.0001131 seconds, Stopping threads took: 0.0000141 seconds
2015-08-23T18:24:12.341-0200: 117009.991: Total time for which application threads were stopped: 0.0000955 seconds, Stopping threads took: 0.0000107 seconds
2015-08-23T18:29:12.535-0200: 117310.194: Total time for which application threads were stopped: 0.0055121 seconds, Stopping threads took: 0.0021658 seconds
2015-08-23T18:29:12.536-0200: 117310.194: Total time for which application threads were stopped: 0.0003428 seconds, Stopping threads took: 0.0001370 seconds
2015-08-23T18:29:12.543-0200: 117310.201: Total time for which application threads were stopped: 0.0013896 seconds, Stopping threads took: 0.0010151 seconds
2015-08-23T18:29:12.614-0200: 117310.272: Total time for which application threads were stopped: 0.0046707 seconds, Stopping threads took: 0.0024784 seconds
2015-08-23T18:29:12.619-0200: 117310.278: Total time for which application threads were stopped: 0.0052037 seconds, Stopping threads took: 0.0049117 seconds
2015-08-23T18:29:12.620-0200: 117310.278: Total time for which application threads were stopped: 0.0002966 seconds, Stopping threads took: 0.0001241 seconds
2015-08-23T18:29:12.624-0200: 117310.283: Total time for which application threads were stopped: 0.0030881 seconds, Stopping threads took: 0.0026719 seconds
2015-08-23T18:29:25.646-0200: 117323.305: Total time for which application threads were stopped: 0.0003097 seconds, Stopping threads took: 0.0000315 seconds
2015-08-23T18:29:31.664-0200: 117329.323: Total time for which application threads were stopped: 0.0008036 seconds, Stopping threads took: 0.0000406 seconds
2015-08-23T18:29:37.050-0200: 117334.709: Total time for which application threads were stopped: 0.0016129 seconds, Stopping threads took: 0.0013406 seconds
2015-08-23T18:29:37.050-0200: 117334.709: Total time for which application threads were stopped: 0.0003163 seconds, Stopping threads took: 0.0001869 seconds
2015-08-23T18:29:37.052-0200: 117334.711: Total time for which application threads were stopped: 0.0018869 seconds, Stopping threads took: 0.0017346 seconds
2015-08-23T18:29:37.056-0200: 117334.715: Total time for which application threads were stopped: 0.0013270 seconds, Stopping threads took: 0.0010854 seconds
2015-08-23T18:34:37.246-0200: 117634.913: Total time for which application threads were stopped: 0.0098806 seconds, Stopping threads took: 0.0014801 seconds
2015-08-23T18:34:37.252-0200: 117634.919: Total time for which application threads were stopped: 0.0017072 seconds, Stopping threads took: 0.0003763 seconds
2015-08-23T18:34:37.292-0200: 117634.959: Total time for which application threads were stopped: 0.0073997 seconds, Stopping threads took: 0.0029105 seconds
2015-08-23T18:34:37.296-0200: 117634.963: Total time for which application threads were stopped: 0.0034598 seconds, Stopping threads took: 0.0024485 seconds
2015-08-23T18:34:37.300-0200: 117634.967: Total time for which application threads were stopped: 0.0022979 seconds, Stopping threads took: 0.0019838 seconds
2015-08-23T18:34:37.303-0200: 117634.970: Total time for which application threads were stopped: 0.0004439 seconds, Stopping threads took: 0.0000833 seconds
2015-08-23T18:35:01.555-0200: 117659.222: Total time for which application threads were stopped: 0.0009997 seconds, Stopping threads took: 0.0006522 seconds
2015-08-23T18:35:01.556-0200: 117659.223: Total time for which application threads were stopped: 0.0001570 seconds, Stopping threads took: 0.0000171 seconds
2015-08-23T18:40:01.754-0200: 117959.430: Total time for which application threads were stopped: 0.0078685 seconds, Stopping threads took: 0.0044750 seconds
2015-08-23T18:40:01.756-0200: 117959.432: Total time for which application threads were stopped: 0.0021696 seconds, Stopping threads took: 0.0001226 seconds
2015-08-23T18:40:01.791-0200: 117959.466: Total time for which application threads were stopped: 0.0012762 seconds, Stopping threads took: 0.0008023 seconds
2015-08-23T18:40:01.792-0200: 117959.467: Total time for which application threads were stopped: 0.0004963 seconds, Stopping threads took: 0.0001746 seconds
2015-08-23T18:40:01.798-0200: 117959.473: Total time for which application threads were stopped: 0.0036808 seconds, Stopping threads took: 0.0026126 seconds
2015-08-23T18:40:01.803-0200: 117959.478: Total time for which application threads were stopped: 0.0020313 seconds, Stopping threads took: 0.0017282 seconds
2015-08-23T18:40:26.263-0200: 117983.939: Total time for which application threads were stopped: 0.0002929 seconds, Stopping threads took: 0.0000243 seconds
2015-08-23T18:40:26.263-0200: 117983.939: Total time for which application threads were stopped: 0.0001508 seconds, Stopping threads took: 0.0000227 seconds
2015-08-23T18:45:26.445-0200: 118284.130: Total time for which application threads were stopped: 0.0056215 seconds, Stopping threads took: 0.0021361 seconds
2015-08-23T18:45:26.446-0200: 118284.131: Total time for which application threads were stopped: 0.0003172 seconds, Stopping threads took: 0.0001498 seconds
2015-08-23T18:45:26.448-0200: 118284.133: Total time for which application threads were stopped: 0.0004143 seconds, Stopping threads took: 0.0000812 seconds
2015-08-23T18:45:26.464-0200: 118284.149: Total time for which application threads were stopped: 0.0002940 seconds, Stopping threads took: 0.0000246 seconds
2015-08-23T18:45:26.465-0200: 118284.150: Total time for which application threads were stopped: 0.0001596 seconds, Stopping threads took: 0.0000355 seconds
2015-08-23T18:45:26.469-0200: 118284.154: Total time for which application threads were stopped: 0.0019755 seconds, Stopping threads took: 0.0016756 seconds
2015-08-23T18:45:26.473-0200: 118284.158: Total time for which application threads were stopped: 0.0019358 seconds, Stopping threads took: 0.0016266 seconds
2015-08-23T18:45:26.473-0200: 118284.159: Total time for which application threads were stopped: 0.0001902 seconds, Stopping threads took: 0.0000568 seconds
2015-08-23T18:45:26.477-0200: 118284.162: Total time for which application threads were stopped: 0.0003057 seconds, Stopping threads took: 0.0000258 seconds
2015-08-23T18:45:50.850-0200: 118308.536: Total time for which application threads were stopped: 0.0003288 seconds, Stopping threads took: 0.0000498 seconds
2015-08-23T18:45:50.853-0200: 118308.539: Total time for which application threads were stopped: 0.0021719 seconds, Stopping threads took: 0.0000141 seconds
2015-08-23T18:50:51.045-0200: 118608.741: Total time for which application threads were stopped: 0.0061927 seconds, Stopping threads took: 0.0034962 seconds
2015-08-23T18:50:51.046-0200: 118608.741: Total time for which application threads were stopped: 0.0002908 seconds, Stopping threads took: 0.0001460 seconds
2015-08-23T18:50:51.067-0200: 118608.762: Total time for which application threads were stopped: 0.0059209 seconds, Stopping threads took: 0.0020580 seconds
2015-08-23T18:50:51.093-0200: 118608.788: Total time for which application threads were stopped: 0.0060883 seconds, Stopping threads took: 0.0010515 seconds
2015-08-23T18:50:51.095-0200: 118608.790: Total time for which application threads were stopped: 0.0020026 seconds, Stopping threads took: 0.0017255 seconds
2015-08-23T18:50:51.096-0200: 118608.791: Total time for which application threads were stopped: 0.0003952 seconds, Stopping threads took: 0.0001454 seconds
2015-08-23T18:50:51.103-0200: 118608.798: Total time for which application threads were stopped: 0.0070549 seconds, Stopping threads took: 0.0066941 seconds
2015-08-23T18:50:51.107-0200: 118608.802: Total time for which application threads were stopped: 0.0024800 seconds, Stopping threads took: 0.0022376 seconds
2015-08-23T18:50:51.108-0200: 118608.803: Total time for which application threads were stopped: 0.0002741 seconds, Stopping threads took: 0.0000516 seconds
2015-08-23T18:51:15.476-0200: 118633.172: Total time for which application threads were stopped: 0.0021841 seconds, Stopping threads took: 0.0018498 seconds
2015-08-23T18:51:15.476-0200: 118633.172: Total time for which application threads were stopped: 0.0002582 seconds, Stopping threads took: 0.0000983 seconds
2015-08-23T18:51:15.481-0200: 118633.176: Total time for which application threads were stopped: 0.0001896 seconds, Stopping threads took: 0.0000212 seconds
2015-08-23T18:56:15.644-0200: 118933.350: Total time for which application threads were stopped: 0.0057252 seconds, Stopping threads took: 0.0004260 seconds
2015-08-23T18:56:15.662-0200: 118933.368: Total time for which application threads were stopped: 0.0007275 seconds, Stopping threads took: 0.0001507 seconds
2015-08-23T18:56:15.688-0200: 118933.393: Total time for which application threads were stopped: 0.0023334 seconds, Stopping threads took: 0.0018896 seconds
2015-08-23T18:56:15.697-0200: 118933.402: Total time for which application threads were stopped: 0.0075307 seconds, Stopping threads took: 0.0054882 seconds
2015-08-23T18:56:15.703-0200: 118933.408: Total time for which application threads were stopped: 0.0054256 seconds, Stopping threads took: 0.0015869 seconds
2015-08-23T18:56:15.709-0200: 118933.414: Total time for which application threads were stopped: 0.0047548 seconds, Stopping threads took: 0.0042257 seconds
2015-08-23T18:56:15.711-0200: 118933.417: Total time for which application threads were stopped: 0.0019080 seconds, Stopping threads took: 0.0017141 seconds
2015-08-23T18:56:15.713-0200: 118933.419: Total time for which application threads were stopped: 0.0020602 seconds, Stopping threads took: 0.0001240 seconds
2015-08-23T18:56:15.714-0200: 118933.419: Total time for which application threads were stopped: 0.0002396 seconds, Stopping threads took: 0.0000483 seconds
2015-08-23T18:56:39.854-0200: 118957.561: Total time for which application threads were stopped: 0.0038034 seconds, Stopping threads took: 0.0005376 seconds
2015-08-23T18:56:39.857-0200: 118957.563: Total time for which application threads were stopped: 0.0017829 seconds, Stopping threads took: 0.0015806 seconds
2015-08-23T18:56:39.857-0200: 118957.563: Total time for which application threads were stopped: 0.0001376 seconds, Stopping threads took: 0.0000315 seconds
2015-08-23T19:01:40.102-0200: 119257.819: Total time for which application threads were stopped: 0.0062419 seconds, Stopping threads took: 0.0004705 seconds
2015-08-23T19:01:40.108-0200: 119257.824: Total time for which application threads were stopped: 0.0004456 seconds, Stopping threads took: 0.0000590 seconds
2015-08-23T19:01:40.121-0200: 119257.837: Total time for which application threads were stopped: 0.0106358 seconds, Stopping threads took: 0.0080491 seconds
2015-08-23T19:01:40.158-0200: 119257.874: Total time for which application threads were stopped: 0.0054123 seconds, Stopping threads took: 0.0002369 seconds
2015-08-23T19:01:40.159-0200: 119257.875: Total time for which application threads were stopped: 0.0004439 seconds, Stopping threads took: 0.0000523 seconds
2015-08-23T19:01:40.174-0200: 119257.890: Total time for which application threads were stopped: 0.0124561 seconds, Stopping threads took: 0.0075176 seconds
2015-08-23T19:01:40.178-0200: 119257.895: Total time for which application threads were stopped: 0.0022001 seconds, Stopping threads took: 0.0017337 seconds
2015-08-23T19:01:40.181-0200: 119257.897: Total time for which application threads were stopped: 0.0022782 seconds, Stopping threads took: 0.0000183 seconds
2015-08-23T19:01:40.199-0200: 119257.915: Total time for which application threads were stopped: 0.0156396 seconds, Stopping threads took: 0.0152229 seconds
2015-08-23T19:01:59.251-0200: 119276.967: Total time for which application threads were stopped: 0.0006569 seconds, Stopping threads took: 0.0001836 seconds
2015-08-23T19:02:04.685-0200: 119282.401: Total time for which application threads were stopped: 0.0002963 seconds, Stopping threads took: 0.0000235 seconds
2015-08-23T19:02:04.685-0200: 119282.402: Total time for which application threads were stopped: 0.0001462 seconds, Stopping threads took: 0.0000151 seconds
2015-08-23T19:07:04.893-0200: 119582.619: Total time for which application threads were stopped: 0.0052643 seconds, Stopping threads took: 0.0025184 seconds
2015-08-23T19:07:04.895-0200: 119582.621: Total time for which application threads were stopped: 0.0020005 seconds, Stopping threads took: 0.0018364 seconds
2015-08-23T19:07:04.904-0200: 119582.630: Total time for which application threads were stopped: 0.0007090 seconds, Stopping threads took: 0.0001823 seconds
2015-08-23T19:07:04.922-0200: 119582.648: Total time for which application threads were stopped: 0.0025147 seconds, Stopping threads took: 0.0014015 seconds
2015-08-23T19:07:04.926-0200: 119582.652: Total time for which application threads were stopped: 0.0025491 seconds, Stopping threads took: 0.0020698 seconds
2015-08-23T19:07:04.929-0200: 119582.655: Total time for which application threads were stopped: 0.0019489 seconds, Stopping threads took: 0.0014915 seconds
2015-08-23T19:07:04.933-0200: 119582.659: Total time for which application threads were stopped: 0.0036284 seconds, Stopping threads took: 0.0024199 seconds
2015-08-23T19:07:04.940-0200: 119582.666: Total time for which application threads were stopped: 0.0059196 seconds, Stopping threads took: 0.0014312 seconds
2015-08-23T19:07:04.944-0200: 119582.670: Total time for which application threads were stopped: 0.0024509 seconds, Stopping threads took: 0.0021606 seconds
2015-08-23T19:07:29.297-0200: 119607.024: Total time for which application threads were stopped: 0.0002893 seconds, Stopping threads took: 0.0000280 seconds
2015-08-23T19:07:29.299-0200: 119607.025: Total time for which application threads were stopped: 0.0008510 seconds, Stopping threads took: 0.0000637 seconds
2015-08-23T19:07:29.301-0200: 119607.028: Total time for which application threads were stopped: 0.0003760 seconds, Stopping threads took: 0.0000771 seconds
2015-08-23T19:07:29.302-0200: 119607.028: Total time for which application threads were stopped: 0.0001636 seconds, Stopping threads took: 0.0000751 seconds
2015-08-23T19:11:07.866-0200: 119825.599: Total time for which application threads were stopped: 0.0044719 seconds, Stopping threads took: 0.0004944 seconds
2015-08-23T19:12:29.507-0200: 119907.243: Total time for which application threads were stopped: 0.0032440 seconds, Stopping threads took: 0.0015597 seconds
2015-08-23T19:12:29.521-0200: 119907.256: Total time for which application threads were stopped: 0.0006087 seconds, Stopping threads took: 0.0000289 seconds
2015-08-23T19:12:29.548-0200: 119907.284: Total time for which application threads were stopped: 0.0063799 seconds, Stopping threads took: 0.0047796 seconds
2015-08-23T19:12:29.551-0200: 119907.287: Total time for which application threads were stopped: 0.0028436 seconds, Stopping threads took: 0.0015953 seconds
2015-08-23T19:12:29.557-0200: 119907.293: Total time for which application threads were stopped: 0.0028564 seconds, Stopping threads took: 0.0013338 seconds
2015-08-23T19:12:29.564-0200: 119907.300: Total time for which application threads were stopped: 0.0016905 seconds, Stopping threads took: 0.0013992 seconds
2015-08-23T19:12:29.573-0200: 119907.309: Total time for which application threads were stopped: 0.0090003 seconds, Stopping threads took: 0.0000782 seconds
2015-08-23T19:12:30.577-0200: 119908.312: Total time for which application threads were stopped: 0.0006239 seconds, Stopping threads took: 0.0001472 seconds
2015-08-23T19:12:53.740-0200: 119931.476: Total time for which application threads were stopped: 0.0022733 seconds, Stopping threads took: 0.0020592 seconds
2015-08-23T19:12:53.740-0200: 119931.477: Total time for which application threads were stopped: 0.0001762 seconds, Stopping threads took: 0.0000761 seconds
2015-08-23T19:12:53.743-0200: 119931.480: Total time for which application threads were stopped: 0.0010779 seconds, Stopping threads took: 0.0009063 seconds
2015-08-23T19:12:53.743-0200: 119931.480: Total time for which application threads were stopped: 0.0001652 seconds, Stopping threads took: 0.0000488 seconds
2015-08-23T19:17:53.964-0200: 120231.710: Total time for which application threads were stopped: 0.0064789 seconds, Stopping threads took: 0.0015398 seconds
2015-08-23T19:17:53.968-0200: 120231.713: Total time for which application threads were stopped: 0.0036645 seconds, Stopping threads took: 0.0001627 seconds
2015-08-23T19:17:53.970-0200: 120231.716: Total time for which application threads were stopped: 0.0005744 seconds, Stopping threads took: 0.0000592 seconds
2015-08-23T19:17:53.996-0200: 120231.742: Total time for which application threads were stopped: 0.0042612 seconds, Stopping threads took: 0.0038531 seconds
2015-08-23T19:17:53.997-0200: 120231.743: Total time for which application threads were stopped: 0.0003922 seconds, Stopping threads took: 0.0001635 seconds
2015-08-23T19:17:54.000-0200: 120231.746: Total time for which application threads were stopped: 0.0017512 seconds, Stopping threads took: 0.0015025 seconds
2015-08-23T19:17:54.000-0200: 120231.746: Total time for which application threads were stopped: 0.0003801 seconds, Stopping threads took: 0.0002398 seconds
2015-08-23T19:17:54.001-0200: 120231.746: Total time for which application threads were stopped: 0.0002591 seconds, Stopping threads took: 0.0000501 seconds
2015-08-23T19:17:54.001-0200: 120231.747: Total time for which application threads were stopped: 0.0002474 seconds, Stopping threads took: 0.0001379 seconds
2015-08-23T19:18:18.506-0200: 120256.252: Total time for which application threads were stopped: 0.0014880 seconds, Stopping threads took: 0.0002814 seconds
2015-08-23T19:18:18.506-0200: 120256.252: Total time for which application threads were stopped: 0.0003255 seconds, Stopping threads took: 0.0002138 seconds
2015-08-23T19:18:18.507-0200: 120256.253: Total time for which application threads were stopped: 0.0001548 seconds, Stopping threads took: 0.0000354 seconds
2015-08-23T19:23:18.724-0200: 120556.481: Total time for which application threads were stopped: 0.0091623 seconds, Stopping threads took: 0.0019079 seconds
2015-08-23T19:23:18.729-0200: 120556.484: Total time for which application threads were stopped: 0.0004878 seconds, Stopping threads took: 0.0000568 seconds
2015-08-23T19:23:18.788-0200: 120556.543: Total time for which application threads were stopped: 0.0213925 seconds, Stopping threads took: 0.0178118 seconds
2015-08-23T19:23:18.791-0200: 120556.546: Total time for which application threads were stopped: 0.0026379 seconds, Stopping threads took: 0.0009942 seconds
2015-08-23T19:23:18.808-0200: 120556.563: Total time for which application threads were stopped: 0.0138375 seconds, Stopping threads took: 0.0124700 seconds
2015-08-23T19:23:18.809-0200: 120556.564: Total time for which application threads were stopped: 0.0005844 seconds, Stopping threads took: 0.0002915 seconds
2015-08-23T19:23:18.814-0200: 120556.569: Total time for which application threads were stopped: 0.0048605 seconds, Stopping threads took: 0.0044583 seconds
2015-08-23T19:23:19.817-0200: 120557.573: Total time for which application threads were stopped: 0.0003396 seconds, Stopping threads took: 0.0000342 seconds
2015-08-23T19:23:42.912-0200: 120580.668: Total time for which application threads were stopped: 0.0018912 seconds, Stopping threads took: 0.0016486 seconds
2015-08-23T19:23:42.913-0200: 120580.669: Total time for which application threads were stopped: 0.0001771 seconds, Stopping threads took: 0.0000621 seconds
2015-08-23T19:23:42.915-0200: 120580.671: Total time for which application threads were stopped: 0.0018236 seconds, Stopping threads took: 0.0016773 seconds
2015-08-23T19:23:42.918-0200: 120580.674: Total time for which application threads were stopped: 0.0003994 seconds, Stopping threads took: 0.0001673 seconds
2015-08-23T19:28:43.151-0200: 120880.916: Total time for which application threads were stopped: 0.0081222 seconds, Stopping threads took: 0.0013108 seconds
2015-08-23T19:28:43.162-0200: 120880.927: Total time for which application threads were stopped: 0.0004330 seconds, Stopping threads took: 0.0000254 seconds
2015-08-23T19:28:43.169-0200: 120880.934: Total time for which application threads were stopped: 0.0028080 seconds, Stopping threads took: 0.0000978 seconds
2015-08-23T19:28:43.196-0200: 120880.960: Total time for which application threads were stopped: 0.0066898 seconds, Stopping threads took: 0.0044910 seconds
2015-08-23T19:28:43.200-0200: 120880.965: Total time for which application threads were stopped: 0.0032427 seconds, Stopping threads took: 0.0029276 seconds
2015-08-23T19:28:43.209-0200: 120880.973: Total time for which application threads were stopped: 0.0025696 seconds, Stopping threads took: 0.0022404 seconds
2015-08-23T19:28:43.212-0200: 120880.976: Total time for which application threads were stopped: 0.0022535 seconds, Stopping threads took: 0.0019154 seconds
2015-08-23T19:28:43.220-0200: 120880.984: Total time for which application threads were stopped: 0.0070997 seconds, Stopping threads took: 0.0028566 seconds
2015-08-23T19:28:47.231-0200: 120884.996: Total time for which application threads were stopped: 0.0007695 seconds, Stopping threads took: 0.0000614 seconds
2015-08-23T19:29:07.609-0200: 120905.374: Total time for which application threads were stopped: 0.0021208 seconds, Stopping threads took: 0.0018073 seconds
2015-08-23T19:29:07.611-0200: 120905.376: Total time for which application threads were stopped: 0.0017933 seconds, Stopping threads took: 0.0016570 seconds
2015-08-23T19:29:07.611-0200: 120905.376: Total time for which application threads were stopped: 0.0001589 seconds, Stopping threads took: 0.0000650 seconds
2015-08-23T19:29:07.611-0200: 120905.376: Total time for which application threads were stopped: 0.0001448 seconds, Stopping threads took: 0.0000553 seconds
2015-08-23T19:34:07.856-0200: 121205.630: Total time for which application threads were stopped: 0.0086665 seconds, Stopping threads took: 0.0002966 seconds
2015-08-23T19:34:07.859-0200: 121205.633: Total time for which application threads were stopped: 0.0020107 seconds, Stopping threads took: 0.0017572 seconds
2015-08-23T19:34:07.859-0200: 121205.633: Total time for which application threads were stopped: 0.0004296 seconds, Stopping threads took: 0.0001259 seconds
2015-08-23T19:34:07.905-0200: 121205.679: Total time for which application threads were stopped: 0.0181712 seconds, Stopping threads took: 0.0079264 seconds
2015-08-23T19:34:07.905-0200: 121205.679: Total time for which application threads were stopped: 0.0004180 seconds, Stopping threads took: 0.0000890 seconds
2015-08-23T19:34:07.908-0200: 121205.682: Total time for which application threads were stopped: 0.0022471 seconds, Stopping threads took: 0.0001320 seconds
2015-08-23T19:34:07.927-0200: 121205.701: Total time for which application threads were stopped: 0.0057135 seconds, Stopping threads took: 0.0051088 seconds
2015-08-23T19:34:07.935-0200: 121205.709: Total time for which application threads were stopped: 0.0079527 seconds, Stopping threads took: 0.0001564 seconds
2015-08-23T19:34:32.301-0200: 121230.076: Total time for which application threads were stopped: 0.0004984 seconds, Stopping threads took: 0.0002548 seconds
2015-08-23T19:34:32.302-0200: 121230.076: Total time for which application threads were stopped: 0.0002424 seconds, Stopping threads took: 0.0000372 seconds
2015-08-23T19:34:32.302-0200: 121230.077: Total time for which application threads were stopped: 0.0003014 seconds, Stopping threads took: 0.0001246 seconds
2015-08-23T19:39:32.504-0200: 121530.288: Total time for which application threads were stopped: 0.0044104 seconds, Stopping threads took: 0.0003060 seconds
2015-08-23T19:39:32.511-0200: 121530.294: Total time for which application threads were stopped: 0.0017185 seconds, Stopping threads took: 0.0015005 seconds
2015-08-23T19:39:32.511-0200: 121530.295: Total time for which application threads were stopped: 0.0002049 seconds, Stopping threads took: 0.0000500 seconds
2015-08-23T19:39:32.534-0200: 121530.317: Total time for which application threads were stopped: 0.0059173 seconds, Stopping threads took: 0.0038923 seconds
2015-08-23T19:39:32.540-0200: 121530.323: Total time for which application threads were stopped: 0.0059920 seconds, Stopping threads took: 0.0024767 seconds
2015-08-23T19:39:32.544-0200: 121530.327: Total time for which application threads were stopped: 0.0024537 seconds, Stopping threads took: 0.0021303 seconds
2015-08-23T19:39:32.551-0200: 121530.335: Total time for which application threads were stopped: 0.0013880 seconds, Stopping threads took: 0.0009809 seconds
2015-08-23T19:39:32.555-0200: 121530.339: Total time for which application threads were stopped: 0.0036010 seconds, Stopping threads took: 0.0000558 seconds
2015-08-23T19:39:32.557-0200: 121530.341: Total time for which application threads were stopped: 0.0019889 seconds, Stopping threads took: 0.0000761 seconds
2015-08-23T19:39:57.134-0200: 121554.918: Total time for which application threads were stopped: 0.0012201 seconds, Stopping threads took: 0.0008203 seconds
2015-08-23T19:39:57.134-0200: 121554.918: Total time for which application threads were stopped: 0.0002546 seconds, Stopping threads took: 0.0000954 seconds
2015-08-23T19:39:57.136-0200: 121554.920: Total time for which application threads were stopped: 0.0017678 seconds, Stopping threads took: 0.0000168 seconds
2015-08-23T19:44:57.373-0200: 121855.166: Total time for which application threads were stopped: 0.0042544 seconds, Stopping threads took: 0.0003986 seconds
2015-08-23T19:44:57.377-0200: 121855.170: Total time for which application threads were stopped: 0.0033606 seconds, Stopping threads took: 0.0013317 seconds
2015-08-23T19:44:57.389-0200: 121855.182: Total time for which application threads were stopped: 0.0027166 seconds, Stopping threads took: 0.0023979 seconds
2015-08-23T19:44:57.418-0200: 121855.210: Total time for which application threads were stopped: 0.0075051 seconds, Stopping threads took: 0.0019126 seconds
2015-08-23T19:44:57.422-0200: 121855.214: Total time for which application threads were stopped: 0.0028041 seconds, Stopping threads took: 0.0023490 seconds
2015-08-23T19:44:57.422-0200: 121855.215: Total time for which application threads were stopped: 0.0003255 seconds, Stopping threads took: 0.0000900 seconds
2015-08-23T19:44:57.426-0200: 121855.218: Total time for which application threads were stopped: 0.0022484 seconds, Stopping threads took: 0.0019342 seconds
2015-08-23T19:45:21.689-0200: 121879.482: Total time for which application threads were stopped: 0.0003710 seconds, Stopping threads took: 0.0000498 seconds
2015-08-23T19:45:21.689-0200: 121879.482: Total time for which application threads were stopped: 0.0001098 seconds, Stopping threads took: 0.0000123 seconds
2015-08-23T19:50:21.946-0200: 122179.748: Total time for which application threads were stopped: 0.0094609 seconds, Stopping threads took: 0.0018069 seconds
2015-08-23T19:50:21.947-0200: 122179.750: Total time for which application threads were stopped: 0.0007297 seconds, Stopping threads took: 0.0000577 seconds
2015-08-23T19:50:21.956-0200: 122179.758: Total time for which application threads were stopped: 0.0068130 seconds, Stopping threads took: 0.0013223 seconds
2015-08-23T19:50:22.011-0200: 122179.813: Total time for which application threads were stopped: 0.0120505 seconds, Stopping threads took: 0.0098341 seconds
2015-08-23T19:50:22.015-0200: 122179.818: Total time for which application threads were stopped: 0.0043920 seconds, Stopping threads took: 0.0001368 seconds
2015-08-23T19:50:22.019-0200: 122179.822: Total time for which application threads were stopped: 0.0031029 seconds, Stopping threads took: 0.0027851 seconds
2015-08-23T19:50:22.020-0200: 122179.822: Total time for which application threads were stopped: 0.0001627 seconds, Stopping threads took: 0.0000639 seconds
2015-08-23T19:50:22.031-0200: 122179.833: Total time for which application threads were stopped: 0.0098427 seconds, Stopping threads took: 0.0092983 seconds
2015-08-23T19:50:22.034-0200: 122179.836: Total time for which application threads were stopped: 0.0020688 seconds, Stopping threads took: 0.0016954 seconds
2015-08-23T19:50:46.421-0200: 122204.224: Total time for which application threads were stopped: 0.0022148 seconds, Stopping threads took: 0.0018747 seconds
2015-08-23T19:50:46.424-0200: 122204.226: Total time for which application threads were stopped: 0.0021726 seconds, Stopping threads took: 0.0000337 seconds
2015-08-23T19:50:46.424-0200: 122204.227: Total time for which application threads were stopped: 0.0001893 seconds, Stopping threads took: 0.0000182 seconds
2015-08-23T19:55:46.648-0200: 122504.460: Total time for which application threads were stopped: 0.0077346 seconds, Stopping threads took: 0.0003694 seconds
2015-08-23T19:55:46.667-0200: 122504.478: Total time for which application threads were stopped: 0.0111347 seconds, Stopping threads took: 0.0017416 seconds
2015-08-23T19:55:46.697-0200: 122504.509: Total time for which application threads were stopped: 0.0085076 seconds, Stopping threads took: 0.0014868 seconds
2015-08-23T19:55:46.703-0200: 122504.514: Total time for which application threads were stopped: 0.0048894 seconds, Stopping threads took: 0.0025259 seconds
2015-08-23T19:55:46.714-0200: 122504.526: Total time for which application threads were stopped: 0.0082413 seconds, Stopping threads took: 0.0018058 seconds
2015-08-23T19:55:46.715-0200: 122504.526: Total time for which application threads were stopped: 0.0005186 seconds, Stopping threads took: 0.0001238 seconds
2015-08-23T19:55:46.717-0200: 122504.529: Total time for which application threads were stopped: 0.0016732 seconds, Stopping threads took: 0.0013654 seconds
2015-08-23T19:55:46.720-0200: 122504.532: Total time for which application threads were stopped: 0.0024874 seconds, Stopping threads took: 0.0001020 seconds
2015-08-23T19:56:11.158-0200: 122528.970: Total time for which application threads were stopped: 0.0024019 seconds, Stopping threads took: 0.0020158 seconds
2015-08-23T19:56:11.158-0200: 122528.970: Total time for which application threads were stopped: 0.0001986 seconds, Stopping threads took: 0.0000332 seconds
2015-08-23T19:56:11.162-0200: 122528.974: Total time for which application threads were stopped: 0.0035208 seconds, Stopping threads took: 0.0033706 seconds
2015-08-23T19:56:11.169-0200: 122528.981: Total time for which application threads were stopped: 0.0019323 seconds, Stopping threads took: 0.0016791 seconds
2015-08-23T20:01:11.405-0200: 122829.226: Total time for which application threads were stopped: 0.0045276 seconds, Stopping threads took: 0.0015509 seconds
2015-08-23T20:01:11.412-0200: 122829.233: Total time for which application threads were stopped: 0.0011729 seconds, Stopping threads took: 0.0007824 seconds
2015-08-23T20:01:11.442-0200: 122829.263: Total time for which application threads were stopped: 0.0003733 seconds, Stopping threads took: 0.0000560 seconds
2015-08-23T20:01:11.448-0200: 122829.268: Total time for which application threads were stopped: 0.0045930 seconds, Stopping threads took: 0.0042334 seconds
2015-08-23T20:01:11.468-0200: 122829.288: Total time for which application threads were stopped: 0.0199342 seconds, Stopping threads took: 0.0072863 seconds
2015-08-23T20:01:11.489-0200: 122829.310: Total time for which application threads were stopped: 0.0215163 seconds, Stopping threads took: 0.0001465 seconds
2015-08-23T20:01:11.495-0200: 122829.316: Total time for which application threads were stopped: 0.0016668 seconds, Stopping threads took: 0.0012682 seconds
2015-08-23T20:01:11.505-0200: 122829.325: Total time for which application threads were stopped: 0.0091884 seconds, Stopping threads took: 0.0089926 seconds
2015-08-23T20:01:36.750-0200: 122854.571: Total time for which application threads were stopped: 0.0004477 seconds, Stopping threads took: 0.0000714 seconds
2015-08-23T20:01:36.751-0200: 122854.572: Total time for which application threads were stopped: 0.0005823 seconds, Stopping threads took: 0.0000117 seconds
2015-08-23T20:01:36.751-0200: 122854.572: Total time for which application threads were stopped: 0.0001090 seconds, Stopping threads took: 0.0000116 seconds
2015-08-23T20:06:36.994-0200: 123154.824: Total time for which application threads were stopped: 0.0040840 seconds, Stopping threads took: 0.0007348 seconds
2015-08-23T20:06:37.004-0200: 123154.834: Total time for which application threads were stopped: 0.0078097 seconds, Stopping threads took: 0.0033483 seconds
2015-08-23T20:06:37.063-0200: 123154.893: Total time for which application threads were stopped: 0.0054226 seconds, Stopping threads took: 0.0029807 seconds
2015-08-23T20:06:37.067-0200: 123154.897: Total time for which application threads were stopped: 0.0039402 seconds, Stopping threads took: 0.0001500 seconds
2015-08-23T20:06:37.069-0200: 123154.899: Total time for which application threads were stopped: 0.0018320 seconds, Stopping threads took: 0.0016172 seconds
2015-08-23T20:06:37.079-0200: 123154.908: Total time for which application threads were stopped: 0.0068152 seconds, Stopping threads took: 0.0009019 seconds
2015-08-23T20:07:01.396-0200: 123179.226: Total time for which application threads were stopped: 0.0008847 seconds, Stopping threads took: 0.0002725 seconds
2015-08-23T20:07:01.401-0200: 123179.231: Total time for which application threads were stopped: 0.0027692 seconds, Stopping threads took: 0.0006908 seconds
2015-08-23T20:07:01.401-0200: 123179.232: Total time for which application threads were stopped: 0.0001449 seconds, Stopping threads took: 0.0000146 seconds
2015-08-23T20:12:01.630-0200: 123479.469: Total time for which application threads were stopped: 0.0089114 seconds, Stopping threads took: 0.0003210 seconds
2015-08-23T20:12:01.632-0200: 123479.472: Total time for which application threads were stopped: 0.0022093 seconds, Stopping threads took: 0.0001695 seconds
2015-08-23T20:12:01.636-0200: 123479.475: Total time for which application threads were stopped: 0.0003667 seconds, Stopping threads took: 0.0000478 seconds
2015-08-23T20:12:01.667-0200: 123479.506: Total time for which application threads were stopped: 0.0167573 seconds, Stopping threads took: 0.0147571 seconds
2015-08-23T20:12:01.670-0200: 123479.509: Total time for which application threads were stopped: 0.0026937 seconds, Stopping threads took: 0.0023567 seconds
2015-08-23T20:12:01.677-0200: 123479.516: Total time for which application threads were stopped: 0.0052776 seconds, Stopping threads took: 0.0048740 seconds
2015-08-23T20:12:01.678-0200: 123479.517: Total time for which application threads were stopped: 0.0003792 seconds, Stopping threads took: 0.0000699 seconds
2015-08-23T20:12:01.680-0200: 123479.519: Total time for which application threads were stopped: 0.0017489 seconds, Stopping threads took: 0.0015708 seconds
2015-08-23T20:12:01.683-0200: 123479.522: Total time for which application threads were stopped: 0.0013383 seconds, Stopping threads took: 0.0010375 seconds
2015-08-23T20:12:26.923-0200: 123504.762: Total time for which application threads were stopped: 0.0017779 seconds, Stopping threads took: 0.0011482 seconds
2015-08-23T20:12:26.925-0200: 123504.765: Total time for which application threads were stopped: 0.0018234 seconds, Stopping threads took: 0.0016739 seconds
2015-08-23T20:12:26.925-0200: 123504.765: Total time for which application threads were stopped: 0.0002242 seconds, Stopping threads took: 0.0000529 seconds
2015-08-23T20:12:26.925-0200: 123504.765: Total time for which application threads were stopped: 0.0001867 seconds, Stopping threads took: 0.0000740 seconds
2015-08-23T20:17:27.143-0200: 123804.992: Total time for which application threads were stopped: 0.0117299 seconds, Stopping threads took: 0.0018529 seconds
2015-08-23T20:17:27.147-0200: 123804.995: Total time for which application threads were stopped: 0.0012220 seconds, Stopping threads took: 0.0009486 seconds
2015-08-23T20:17:27.186-0200: 123805.034: Total time for which application threads were stopped: 0.0004129 seconds, Stopping threads took: 0.0000270 seconds
2015-08-23T20:17:27.188-0200: 123805.037: Total time for which application threads were stopped: 0.0022289 seconds, Stopping threads took: 0.0019253 seconds
2015-08-23T20:17:27.191-0200: 123805.039: Total time for which application threads were stopped: 0.0012150 seconds, Stopping threads took: 0.0008580 seconds
2015-08-23T20:17:27.191-0200: 123805.039: Total time for which application threads were stopped: 0.0001401 seconds, Stopping threads took: 0.0000412 seconds
2015-08-23T20:17:52.552-0200: 123830.401: Total time for which application threads were stopped: 0.0023146 seconds, Stopping threads took: 0.0000587 seconds
2015-08-23T20:17:52.552-0200: 123830.402: Total time for which application threads were stopped: 0.0002217 seconds, Stopping threads took: 0.0000149 seconds
2015-08-23T20:17:52.556-0200: 123830.405: Total time for which application threads were stopped: 0.0030896 seconds, Stopping threads took: 0.0028432 seconds
2015-08-23T20:17:52.559-0200: 123830.408: Total time for which application threads were stopped: 0.0018582 seconds, Stopping threads took: 0.0016233 seconds
2015-08-23T20:22:52.796-0200: 124130.655: Total time for which application threads were stopped: 0.0088903 seconds, Stopping threads took: 0.0016125 seconds
2015-08-23T20:22:52.807-0200: 124130.664: Total time for which application threads were stopped: 0.0005535 seconds, Stopping threads took: 0.0001325 seconds
2015-08-23T20:22:52.835-0200: 124130.692: Total time for which application threads were stopped: 0.0003874 seconds, Stopping threads took: 0.0000442 seconds
2015-08-23T20:22:52.835-0200: 124130.693: Total time for which application threads were stopped: 0.0002156 seconds, Stopping threads took: 0.0000150 seconds
2015-08-23T20:22:52.836-0200: 124130.693: Total time for which application threads were stopped: 0.0002649 seconds, Stopping threads took: 0.0001138 seconds
2015-08-23T20:22:52.843-0200: 124130.700: Total time for which application threads were stopped: 0.0047470 seconds, Stopping threads took: 0.0034115 seconds
2015-08-23T20:22:52.848-0200: 124130.705: Total time for which application threads were stopped: 0.0004136 seconds, Stopping threads took: 0.0000655 seconds
2015-08-23T20:23:17.240-0200: 124155.099: Total time for which application threads were stopped: 0.0021631 seconds, Stopping threads took: 0.0018474 seconds
2015-08-23T20:23:17.241-0200: 124155.099: Total time for which application threads were stopped: 0.0001906 seconds, Stopping threads took: 0.0000434 seconds
2015-08-23T20:23:17.241-0200: 124155.099: Total time for which application threads were stopped: 0.0001754 seconds, Stopping threads took: 0.0000162 seconds
2015-08-23T20:28:17.478-0200: 124455.345: Total time for which application threads were stopped: 0.0058820 seconds, Stopping threads took: 0.0003416 seconds
2015-08-23T20:28:17.482-0200: 124455.349: Total time for which application threads were stopped: 0.0004720 seconds, Stopping threads took: 0.0000761 seconds
2015-08-23T20:28:17.501-0200: 124455.368: Total time for which application threads were stopped: 0.0089345 seconds, Stopping threads took: 0.0002095 seconds
2015-08-23T20:28:17.506-0200: 124455.373: Total time for which application threads were stopped: 0.0028066 seconds, Stopping threads took: 0.0004875 seconds
2015-08-23T20:28:17.511-0200: 124455.377: Total time for which application threads were stopped: 0.0025372 seconds, Stopping threads took: 0.0021763 seconds
2015-08-23T20:28:17.511-0200: 124455.378: Total time for which application threads were stopped: 0.0003013 seconds, Stopping threads took: 0.0001382 seconds
2015-08-23T20:28:17.520-0200: 124455.386: Total time for which application threads were stopped: 0.0060124 seconds, Stopping threads took: 0.0038660 seconds
2015-08-23T20:28:42.813-0200: 124480.680: Total time for which application threads were stopped: 0.0006312 seconds, Stopping threads took: 0.0000717 seconds
2015-08-23T20:28:42.820-0200: 124480.687: Total time for which application threads were stopped: 0.0002703 seconds, Stopping threads took: 0.0000293 seconds
2015-08-23T20:33:43.030-0200: 124780.907: Total time for which application threads were stopped: 0.0048857 seconds, Stopping threads took: 0.0016296 seconds
2015-08-23T20:33:43.031-0200: 124780.907: Total time for which application threads were stopped: 0.0003355 seconds, Stopping threads took: 0.0001269 seconds
2015-08-23T20:33:43.043-0200: 124780.919: Total time for which application threads were stopped: 0.0071294 seconds, Stopping threads took: 0.0028624 seconds
2015-08-23T20:33:43.075-0200: 124780.951: Total time for which application threads were stopped: 0.0020417 seconds, Stopping threads took: 0.0017558 seconds
2015-08-23T20:33:43.075-0200: 124780.951: Total time for which application threads were stopped: 0.0002349 seconds, Stopping threads took: 0.0000492 seconds
2015-08-23T20:33:43.083-0200: 124780.959: Total time for which application threads were stopped: 0.0027479 seconds, Stopping threads took: 0.0023129 seconds
2015-08-23T20:33:43.085-0200: 124780.961: Total time for which application threads were stopped: 0.0003074 seconds, Stopping threads took: 0.0000466 seconds
2015-08-23T20:33:50.116-0200: 124787.992: Total time for which application threads were stopped: 0.0027377 seconds, Stopping threads took: 0.0003035 seconds
2015-08-23T20:33:56.135-0200: 124794.011: Total time for which application threads were stopped: 0.0004617 seconds, Stopping threads took: 0.0000332 seconds
2015-08-23T20:34:07.499-0200: 124805.376: Total time for which application threads were stopped: 0.0019756 seconds, Stopping threads took: 0.0016972 seconds
2015-08-23T20:34:07.499-0200: 124805.376: Total time for which application threads were stopped: 0.0001436 seconds, Stopping threads took: 0.0000321 seconds
2015-08-23T20:34:07.501-0200: 124805.378: Total time for which application threads were stopped: 0.0016922 seconds, Stopping threads took: 0.0015891 seconds
2015-08-23T20:34:07.507-0200: 124805.384: Total time for which application threads were stopped: 0.0042870 seconds, Stopping threads took: 0.0027491 seconds
2015-08-23T20:39:07.764-0200: 125105.649: Total time for which application threads were stopped: 0.0152819 seconds, Stopping threads took: 0.0019233 seconds
2015-08-23T20:39:07.767-0200: 125105.652: Total time for which application threads were stopped: 0.0004587 seconds, Stopping threads took: 0.0000635 seconds
2015-08-23T20:39:07.797-0200: 125105.683: Total time for which application threads were stopped: 0.0041649 seconds, Stopping threads took: 0.0014728 seconds
2015-08-23T20:39:07.800-0200: 125105.685: Total time for which application threads were stopped: 0.0020143 seconds, Stopping threads took: 0.0016459 seconds
2015-08-23T20:39:07.800-0200: 125105.685: Total time for which application threads were stopped: 0.0002121 seconds, Stopping threads took: 0.0000456 seconds
2015-08-23T20:39:07.801-0200: 125105.686: Total time for which application threads were stopped: 0.0003027 seconds, Stopping threads took: 0.0001169 seconds
2015-08-23T20:39:07.808-0200: 125105.693: Total time for which application threads were stopped: 0.0037124 seconds, Stopping threads took: 0.0015759 seconds
2015-08-23T20:39:07.811-0200: 125105.696: Total time for which application threads were stopped: 0.0032124 seconds, Stopping threads took: 0.0001927 seconds
2015-08-23T20:39:32.520-0200: 125130.406: Total time for which application threads were stopped: 0.0067855 seconds, Stopping threads took: 0.0044907 seconds
2015-08-23T20:39:32.523-0200: 125130.409: Total time for which application threads were stopped: 0.0024224 seconds, Stopping threads took: 0.0022094 seconds
2015-08-23T20:39:32.533-0200: 125130.418: Total time for which application threads were stopped: 0.0063752 seconds, Stopping threads took: 0.0059759 seconds
2015-08-23T20:39:32.537-0200: 125130.423: Total time for which application threads were stopped: 0.0042161 seconds, Stopping threads took: 0.0040476 seconds
2015-08-23T20:44:32.762-0200: 125430.656: Total time for which application threads were stopped: 0.0135649 seconds, Stopping threads took: 0.0112024 seconds
2015-08-23T20:44:32.771-0200: 125430.665: Total time for which application threads were stopped: 0.0031465 seconds, Stopping threads took: 0.0004841 seconds
2015-08-23T20:44:32.772-0200: 125430.666: Total time for which application threads were stopped: 0.0004426 seconds, Stopping threads took: 0.0000444 seconds
2015-08-23T20:44:32.799-0200: 125430.694: Total time for which application threads were stopped: 0.0029105 seconds, Stopping threads took: 0.0024593 seconds
2015-08-23T20:44:32.804-0200: 125430.698: Total time for which application threads were stopped: 0.0037318 seconds, Stopping threads took: 0.0034329 seconds
2015-08-23T20:44:32.804-0200: 125430.698: Total time for which application threads were stopped: 0.0001896 seconds, Stopping threads took: 0.0000965 seconds
2015-08-23T20:44:32.806-0200: 125430.700: Total time for which application threads were stopped: 0.0020703 seconds, Stopping threads took: 0.0001053 seconds
2015-08-23T20:44:32.809-0200: 125430.703: Total time for which application threads were stopped: 0.0014693 seconds, Stopping threads took: 0.0011726 seconds
2015-08-23T20:44:58.349-0200: 125456.244: Total time for which application threads were stopped: 0.0003926 seconds, Stopping threads took: 0.0000296 seconds
2015-08-23T20:44:58.349-0200: 125456.244: Total time for which application threads were stopped: 0.0001198 seconds, Stopping threads took: 0.0000122 seconds
2015-08-23T20:49:58.599-0200: 125756.502: Total time for which application threads were stopped: 0.0045576 seconds, Stopping threads took: 0.0016795 seconds
2015-08-23T20:49:58.599-0200: 125756.503: Total time for which application threads were stopped: 0.0002684 seconds, Stopping threads took: 0.0001304 seconds
2015-08-23T20:49:58.613-0200: 125756.517: Total time for which application threads were stopped: 0.0038756 seconds, Stopping threads took: 0.0034466 seconds
2015-08-23T20:49:58.644-0200: 125756.548: Total time for which application threads were stopped: 0.0107970 seconds, Stopping threads took: 0.0082854 seconds
2015-08-23T20:49:58.648-0200: 125756.551: Total time for which application threads were stopped: 0.0028894 seconds, Stopping threads took: 0.0024746 seconds
2015-08-23T20:49:58.650-0200: 125756.553: Total time for which application threads were stopped: 0.0017369 seconds, Stopping threads took: 0.0014499 seconds
2015-08-23T20:49:58.653-0200: 125756.557: Total time for which application threads were stopped: 0.0024287 seconds, Stopping threads took: 0.0020569 seconds
2015-08-23T20:50:23.961-0200: 125781.865: Total time for which application threads were stopped: 0.0004323 seconds, Stopping threads took: 0.0000240 seconds
2015-08-23T20:50:23.965-0200: 125781.869: Total time for which application threads were stopped: 0.0002681 seconds, Stopping threads took: 0.0000216 seconds
2015-08-23T20:50:27.156-0200: 125785.060: Total time for which application threads were stopped: 0.0002922 seconds, Stopping threads took: 0.0000350 seconds
2015-08-23T20:50:27.166-0200: 125785.071: Total time for which application threads were stopped: 0.0002481 seconds, Stopping threads took: 0.0000301 seconds
2015-08-23T20:55:24.201-0200: 126082.114: Total time for which application threads were stopped: 0.0103748 seconds, Stopping threads took: 0.0012794 seconds
2015-08-23T20:55:24.215-0200: 126082.128: Total time for which application threads were stopped: 0.0055962 seconds, Stopping threads took: 0.0051130 seconds
2015-08-23T20:55:24.256-0200: 126082.169: Total time for which application threads were stopped: 0.0025828 seconds, Stopping threads took: 0.0021619 seconds
2015-08-23T20:55:24.257-0200: 126082.170: Total time for which application threads were stopped: 0.0009897 seconds, Stopping threads took: 0.0000150 seconds
2015-08-23T20:55:24.269-0200: 126082.182: Total time for which application threads were stopped: 0.0018808 seconds, Stopping threads took: 0.0016094 seconds
2015-08-23T20:55:27.382-0200: 126085.295: Total time for which application threads were stopped: 0.0007426 seconds, Stopping threads took: 0.0000385 seconds
2015-08-23T20:55:27.395-0200: 126085.308: Total time for which application threads were stopped: 0.0022310 seconds, Stopping threads took: 0.0018660 seconds
2015-08-23T20:55:27.395-0200: 126085.308: Total time for which application threads were stopped: 0.0002019 seconds, Stopping threads took: 0.0000443 seconds
2015-08-23T20:55:27.396-0200: 126085.308: Total time for which application threads were stopped: 0.0001776 seconds, Stopping threads took: 0.0000135 seconds
2015-08-23T20:55:48.364-0200: 126106.277: Total time for which application threads were stopped: 0.0002237 seconds, Stopping threads took: 0.0000199 seconds
2015-08-23T20:55:48.370-0200: 126106.284: Total time for which application threads were stopped: 0.0002649 seconds, Stopping threads took: 0.0000230 seconds
2015-08-23T20:55:48.371-0200: 126106.284: Total time for which application threads were stopped: 0.0000988 seconds, Stopping threads took: 0.0000096 seconds
2015-08-23T20:55:52.378-0200: 126110.292: Total time for which application threads were stopped: 0.0005112 seconds, Stopping threads took: 0.0000293 seconds
2015-08-23T20:55:52.382-0200: 126110.295: Total time for which application threads were stopped: 0.0002172 seconds, Stopping threads took: 0.0000251 seconds
2015-08-23T21:00:48.599-0200: 126406.522: Total time for which application threads were stopped: 0.0081188 seconds, Stopping threads took: 0.0006214 seconds
2015-08-23T21:00:48.605-0200: 126406.527: Total time for which application threads were stopped: 0.0017855 seconds, Stopping threads took: 0.0013378 seconds
2015-08-23T21:00:48.640-0200: 126406.562: Total time for which application threads were stopped: 0.0025919 seconds, Stopping threads took: 0.0008706 seconds
2015-08-23T21:00:48.643-0200: 126406.566: Total time for which application threads were stopped: 0.0025776 seconds, Stopping threads took: 0.0015724 seconds
2015-08-23T21:00:48.653-0200: 126406.575: Total time for which application threads were stopped: 0.0030191 seconds, Stopping threads took: 0.0016391 seconds
2015-08-23T21:00:52.606-0200: 126410.528: Total time for which application threads were stopped: 0.0054852 seconds, Stopping threads took: 0.0019760 seconds
2015-08-23T21:00:52.629-0200: 126410.551: Total time for which application threads were stopped: 0.0026289 seconds, Stopping threads took: 0.0022364 seconds
2015-08-23T21:00:52.629-0200: 126410.552: Total time for which application threads were stopped: 0.0004391 seconds, Stopping threads took: 0.0001224 seconds
2015-08-23T21:00:52.639-0200: 126410.562: Total time for which application threads were stopped: 0.0045775 seconds, Stopping threads took: 0.0019376 seconds
2015-08-23T21:01:12.761-0200: 126430.684: Total time for which application threads were stopped: 0.0007749 seconds, Stopping threads took: 0.0000505 seconds
2015-08-23T21:01:12.762-0200: 126430.684: Total time for which application threads were stopped: 0.0001776 seconds, Stopping threads took: 0.0000202 seconds
2015-08-23T21:01:15.767-0200: 126433.690: Total time for which application threads were stopped: 0.0002329 seconds, Stopping threads took: 0.0000238 seconds
2015-08-23T21:01:15.767-0200: 126433.690: Total time for which application threads were stopped: 0.0001384 seconds, Stopping threads took: 0.0000156 seconds
{Heap before GC invocations=86 (full 1):
 par new generation   total 109248K, used 92603K [0x000000011d400000, 0x0000000125400000, 0x0000000125400000)
  eden space 87424K, 100% used [0x000000011d400000, 0x0000000122960000, 0x0000000122960000)
  from space 21824K,  23% used [0x0000000122960000, 0x0000000122e6ed70, 0x0000000123eb0000)
  to   space 21824K,   0% used [0x0000000123eb0000, 0x0000000123eb0000, 0x0000000125400000)
 concurrent mark-sweep generation total 393216K, used 41587K [0x0000000125400000, 0x000000013d400000, 0x000000013d400000)
 Metaspace       used 36407K, capacity 37034K, committed 37156K, reserved 1083392K
  class space    used 3987K, capacity 4130K, committed 4172K, reserved 1048576K
2015-08-23T21:06:03.181-0200: 126721.112: [GC (Allocation Failure) 126721.116: [ParNew
Desired survivor size 20112992 bytes, new threshold 8 (max 8)
- age   1:     912328 bytes,     912328 total
- age   2:     263024 bytes,    1175352 total
- age   3:      41080 bytes,    1216432 total
- age   4:      35664 bytes,    1252096 total
- age   5:      56104 bytes,    1308200 total
- age   6:     805352 bytes,    2113552 total
- age   7:    2179840 bytes,    4293392 total
- age   8:      83664 bytes,    4377056 total
: 92603K->5654K(109248K), 0.5353444 secs] 134190K->47336K(502464K), 0.5388451 secs] [Times: user=0.22 sys=0.25, real=0.54 secs] 
Heap after GC invocations=87 (full 1):
 par new generation   total 109248K, used 5654K [0x000000011d400000, 0x0000000125400000, 0x0000000125400000)
  eden space 87424K,   0% used [0x000000011d400000, 0x000000011d400000, 0x0000000122960000)
  from space 21824K,  25% used [0x0000000123eb0000, 0x0000000124435900, 0x0000000125400000)
  to   space 21824K,   0% used [0x0000000122960000, 0x0000000122960000, 0x0000000123eb0000)
 concurrent mark-sweep generation total 393216K, used 41682K [0x0000000125400000, 0x000000013d400000, 0x000000013d400000)
 Metaspace       used 36407K, capacity 37034K, committed 37156K, reserved 1083392K
  class space    used 3987K, capacity 4130K, committed 4172K, reserved 1048576K
}
2015-08-23T21:06:03.722-0200: 126721.653: Total time for which application threads were stopped: 0.5570916 seconds, Stopping threads took: 0.0007038 seconds
2015-08-23T21:06:12.966-0200: 126730.898: Total time for which application threads were stopped: 0.0114575 seconds, Stopping threads took: 0.0111206 seconds
2015-08-23T21:06:12.970-0200: 126730.902: Total time for which application threads were stopped: 0.0026392 seconds, Stopping threads took: 0.0023705 seconds
2015-08-23T21:06:12.984-0200: 126730.915: Total time for which application threads were stopped: 0.0039098 seconds, Stopping threads took: 0.0035061 seconds
2015-08-23T21:06:12.992-0200: 126730.923: Total time for which application threads were stopped: 0.0072426 seconds, Stopping threads took: 0.0068445 seconds
2015-08-23T21:06:12.996-0200: 126730.928: Total time for which application threads were stopped: 0.0005882 seconds, Stopping threads took: 0.0003005 seconds
2015-08-23T21:06:15.992-0200: 126733.924: Total time for which application threads were stopped: 0.0036394 seconds, Stopping threads took: 0.0027837 seconds
2015-08-23T21:06:16.015-0200: 126733.947: Total time for which application threads were stopped: 0.0066923 seconds, Stopping threads took: 0.0039197 seconds
2015-08-23T21:06:16.019-0200: 126733.950: Total time for which application threads were stopped: 0.0029962 seconds, Stopping threads took: 0.0026767 seconds
2015-08-23T21:06:16.022-0200: 126733.953: Total time for which application threads were stopped: 0.0028809 seconds, Stopping threads took: 0.0025477 seconds
2015-08-23T21:06:37.087-0200: 126755.019: Total time for which application threads were stopped: 0.0002508 seconds, Stopping threads took: 0.0000236 seconds
2015-08-23T21:06:37.089-0200: 126755.021: Total time for which application threads were stopped: 0.0002150 seconds, Stopping threads took: 0.0000240 seconds
2015-08-23T21:06:40.152-0200: 126758.084: Total time for which application threads were stopped: 0.0002796 seconds, Stopping threads took: 0.0000284 seconds
2015-08-23T21:06:40.153-0200: 126758.085: Total time for which application threads were stopped: 0.0001667 seconds, Stopping threads took: 0.0000164 seconds
2015-08-23T21:11:37.289-0200: 127055.229: Total time for which application threads were stopped: 0.0032745 seconds, Stopping threads took: 0.0003426 seconds
2015-08-23T21:11:37.293-0200: 127055.234: Total time for which application threads were stopped: 0.0015498 seconds, Stopping threads took: 0.0001152 seconds
2015-08-23T21:11:37.311-0200: 127055.251: Total time for which application threads were stopped: 0.0003217 seconds, Stopping threads took: 0.0000226 seconds
2015-08-23T21:11:37.311-0200: 127055.251: Total time for which application threads were stopped: 0.0001489 seconds, Stopping threads took: 0.0000092 seconds
2015-08-23T21:11:37.313-0200: 127055.253: Total time for which application threads were stopped: 0.0005319 seconds, Stopping threads took: 0.0001877 seconds
2015-08-23T21:11:40.327-0200: 127058.268: Total time for which application threads were stopped: 0.0003880 seconds, Stopping threads took: 0.0000255 seconds
2015-08-23T21:11:40.335-0200: 127058.275: Total time for which application threads were stopped: 0.0023247 seconds, Stopping threads took: 0.0017320 seconds
2015-08-23T21:11:40.335-0200: 127058.275: Total time for which application threads were stopped: 0.0002221 seconds, Stopping threads took: 0.0001058 seconds
2015-08-23T21:11:40.336-0200: 127058.276: Total time for which application threads were stopped: 0.0001909 seconds, Stopping threads took: 0.0000328 seconds
2015-08-23T21:12:01.412-0200: 127079.353: Total time for which application threads were stopped: 0.0005039 seconds, Stopping threads took: 0.0000345 seconds
2015-08-23T21:12:01.415-0200: 127079.356: Total time for which application threads were stopped: 0.0003683 seconds, Stopping threads took: 0.0000419 seconds
2015-08-23T21:12:04.553-0200: 127082.495: Total time for which application threads were stopped: 0.0001751 seconds, Stopping threads took: 0.0000199 seconds
2015-08-23T21:12:04.554-0200: 127082.495: Total time for which application threads were stopped: 0.0001035 seconds, Stopping threads took: 0.0000103 seconds
2015-08-23T21:17:01.626-0200: 127379.576: Total time for which application threads were stopped: 0.0108418 seconds, Stopping threads took: 0.0058364 seconds
2015-08-23T21:17:01.628-0200: 127379.578: Total time for which application threads were stopped: 0.0003322 seconds, Stopping threads took: 0.0000433 seconds
2015-08-23T21:17:01.663-0200: 127379.612: Total time for which application threads were stopped: 0.0060757 seconds, Stopping threads took: 0.0056744 seconds
2015-08-23T21:17:01.665-0200: 127379.614: Total time for which application threads were stopped: 0.0018406 seconds, Stopping threads took: 0.0015701 seconds
2015-08-23T21:17:01.683-0200: 127379.633: Total time for which application threads were stopped: 0.0076445 seconds, Stopping threads took: 0.0014783 seconds
2015-08-23T21:17:04.755-0200: 127382.705: Total time for which application threads were stopped: 0.0031216 seconds, Stopping threads took: 0.0019628 seconds
2015-08-23T21:17:04.756-0200: 127382.706: Total time for which application threads were stopped: 0.0005152 seconds, Stopping threads took: 0.0001542 seconds
2015-08-23T21:17:04.758-0200: 127382.708: Total time for which application threads were stopped: 0.0018680 seconds, Stopping threads took: 0.0016936 seconds
2015-08-23T21:17:25.829-0200: 127403.779: Total time for which application threads were stopped: 0.0017308 seconds, Stopping threads took: 0.0000262 seconds
2015-08-23T21:17:25.830-0200: 127403.780: Total time for which application threads were stopped: 0.0002000 seconds, Stopping threads took: 0.0000151 seconds
2015-08-23T21:17:25.830-0200: 127403.780: Total time for which application threads were stopped: 0.0001443 seconds, Stopping threads took: 0.0000135 seconds
2015-08-23T21:17:28.955-0200: 127406.906: Total time for which application threads were stopped: 0.0003148 seconds, Stopping threads took: 0.0000983 seconds
2015-08-23T21:17:28.956-0200: 127406.906: Total time for which application threads were stopped: 0.0003264 seconds, Stopping threads took: 0.0002287 seconds
2015-08-23T21:22:26.060-0200: 127704.019: Total time for which application threads were stopped: 0.0100257 seconds, Stopping threads took: 0.0003998 seconds
2015-08-23T21:22:26.075-0200: 127704.034: Total time for which application threads were stopped: 0.0048235 seconds, Stopping threads took: 0.0008468 seconds
2015-08-23T21:22:26.087-0200: 127704.046: Total time for which application threads were stopped: 0.0037332 seconds, Stopping threads took: 0.0016260 seconds
2015-08-23T21:22:26.088-0200: 127704.046: Total time for which application threads were stopped: 0.0003554 seconds, Stopping threads took: 0.0000154 seconds
2015-08-23T21:22:26.094-0200: 127704.053: Total time for which application threads were stopped: 0.0022103 seconds, Stopping threads took: 0.0014296 seconds
2015-08-23T21:22:29.153-0200: 127707.112: Total time for which application threads were stopped: 0.0005084 seconds, Stopping threads took: 0.0000314 seconds
2015-08-23T21:22:29.277-0200: 127707.235: Total time for which application threads were stopped: 0.0060324 seconds, Stopping threads took: 0.0056618 seconds
2015-08-23T21:22:29.277-0200: 127707.236: Total time for which application threads were stopped: 0.0003448 seconds, Stopping threads took: 0.0000498 seconds
2015-08-23T21:22:29.278-0200: 127707.237: Total time for which application threads were stopped: 0.0003368 seconds, Stopping threads took: 0.0001091 seconds
2015-08-23T21:22:50.205-0200: 127728.165: Total time for which application threads were stopped: 0.0093936 seconds, Stopping threads took: 0.0004764 seconds
2015-08-23T21:22:50.206-0200: 127728.165: Total time for which application threads were stopped: 0.0001952 seconds, Stopping threads took: 0.0000143 seconds
2015-08-23T21:22:53.260-0200: 127731.220: Total time for which application threads were stopped: 0.0002428 seconds, Stopping threads took: 0.0000325 seconds
2015-08-23T21:22:53.264-0200: 127731.224: Total time for which application threads were stopped: 0.0001851 seconds, Stopping threads took: 0.0000193 seconds
2015-08-23T21:27:50.413-0200: 128028.381: Total time for which application threads were stopped: 0.0068975 seconds, Stopping threads took: 0.0004485 seconds
2015-08-23T21:27:50.419-0200: 128028.387: Total time for which application threads were stopped: 0.0021953 seconds, Stopping threads took: 0.0016498 seconds
2015-08-23T21:27:50.449-0200: 128028.416: Total time for which application threads were stopped: 0.0008029 seconds, Stopping threads took: 0.0000310 seconds
2015-08-23T21:27:50.450-0200: 128028.418: Total time for which application threads were stopped: 0.0008108 seconds, Stopping threads took: 0.0004149 seconds
2015-08-23T21:27:50.458-0200: 128028.426: Total time for which application threads were stopped: 0.0029552 seconds, Stopping threads took: 0.0000287 seconds
2015-08-23T21:27:53.480-0200: 128031.448: Total time for which application threads were stopped: 0.0023974 seconds, Stopping threads took: 0.0019594 seconds
2015-08-23T21:27:53.493-0200: 128031.461: Total time for which application threads were stopped: 0.0002984 seconds, Stopping threads took: 0.0000243 seconds
2015-08-23T21:27:53.493-0200: 128031.461: Total time for which application threads were stopped: 0.0003008 seconds, Stopping threads took: 0.0000984 seconds
2015-08-23T21:27:53.494-0200: 128031.461: Total time for which application threads were stopped: 0.0001272 seconds, Stopping threads took: 0.0000244 seconds
2015-08-23T21:28:14.579-0200: 128052.547: Total time for which application threads were stopped: 0.0003758 seconds, Stopping threads took: 0.0000316 seconds
2015-08-23T21:28:14.581-0200: 128052.550: Total time for which application threads were stopped: 0.0002737 seconds, Stopping threads took: 0.0000430 seconds
2015-08-23T21:28:17.759-0200: 128055.727: Total time for which application threads were stopped: 0.0003123 seconds, Stopping threads took: 0.0000345 seconds
2015-08-23T21:28:17.760-0200: 128055.729: Total time for which application threads were stopped: 0.0012352 seconds, Stopping threads took: 0.0000149 seconds
2015-08-23T21:33:14.789-0200: 128352.766: Total time for which application threads were stopped: 0.0048064 seconds, Stopping threads took: 0.0015064 seconds
2015-08-23T21:33:14.791-0200: 128352.768: Total time for which application threads were stopped: 0.0004235 seconds, Stopping threads took: 0.0000424 seconds
2015-08-23T21:33:14.834-0200: 128352.811: Total time for which application threads were stopped: 0.0099406 seconds, Stopping threads took: 0.0087250 seconds
2015-08-23T21:33:14.846-0200: 128352.823: Total time for which application threads were stopped: 0.0007010 seconds, Stopping threads took: 0.0001849 seconds
2015-08-23T21:33:14.849-0200: 128352.826: Total time for which application threads were stopped: 0.0006334 seconds, Stopping threads took: 0.0000637 seconds
2015-08-23T21:33:17.953-0200: 128355.930: Total time for which application threads were stopped: 0.0004710 seconds, Stopping threads took: 0.0000566 seconds
2015-08-23T21:33:17.958-0200: 128355.935: Total time for which application threads were stopped: 0.0030031 seconds, Stopping threads took: 0.0026780 seconds
2015-08-23T21:33:17.958-0200: 128355.935: Total time for which application threads were stopped: 0.0003522 seconds, Stopping threads took: 0.0001321 seconds
2015-08-23T21:33:17.961-0200: 128355.938: Total time for which application threads were stopped: 0.0021695 seconds, Stopping threads took: 0.0000277 seconds
2015-08-23T21:33:39.094-0200: 128377.072: Total time for which application threads were stopped: 0.0034242 seconds, Stopping threads took: 0.0004528 seconds
2015-08-23T21:33:39.100-0200: 128377.077: Total time for which application threads were stopped: 0.0002132 seconds, Stopping threads took: 0.0000232 seconds
2015-08-23T21:33:42.125-0200: 128380.103: Total time for which application threads were stopped: 0.0003110 seconds, Stopping threads took: 0.0000694 seconds
2015-08-23T21:33:42.128-0200: 128380.106: Total time for which application threads were stopped: 0.0032174 seconds, Stopping threads took: 0.0029875 seconds
2015-08-23T22:44:41.741-0200: 128440.110: Total time for which application threads were stopped: 0.0560887 seconds, Stopping threads took: 0.0123825 seconds
2015-08-23T22:44:41.750-0200: 128440.119: Total time for which application threads were stopped: 0.0080505 seconds, Stopping threads took: 0.0077558 seconds
2015-08-23T22:44:41.760-0200: 128440.128: Total time for which application threads were stopped: 0.0005076 seconds, Stopping threads took: 0.0001099 seconds
2015-08-23T22:44:41.760-0200: 128440.129: Total time for which application threads were stopped: 0.0002530 seconds, Stopping threads took: 0.0000459 seconds
2015-08-23T22:44:42.723-0200: 128441.092: Total time for which application threads were stopped: 0.0054342 seconds, Stopping threads took: 0.0008668 seconds
2015-08-23T22:44:42.777-0200: 128441.146: Total time for which application threads were stopped: 0.0217210 seconds, Stopping threads took: 0.0110271 seconds
2015-08-23T22:44:42.786-0200: 128441.155: Total time for which application threads were stopped: 0.0073401 seconds, Stopping threads took: 0.0070640 seconds
2015-08-23T22:44:42.794-0200: 128441.163: Total time for which application threads were stopped: 0.0075259 seconds, Stopping threads took: 0.0070246 seconds
2015-08-23T22:44:42.801-0200: 128441.170: Total time for which application threads were stopped: 0.0054719 seconds, Stopping threads took: 0.0051326 seconds
2015-08-23T22:44:42.801-0200: 128441.170: Total time for which application threads were stopped: 0.0002199 seconds, Stopping threads took: 0.0000538 seconds
2015-08-23T22:44:42.829-0200: 128441.198: Total time for which application threads were stopped: 0.0011008 seconds, Stopping threads took: 0.0007993 seconds
2015-08-23T22:44:42.830-0200: 128441.199: Total time for which application threads were stopped: 0.0003974 seconds, Stopping threads took: 0.0002099 seconds
2015-08-23T22:44:42.845-0200: 128441.214: Total time for which application threads were stopped: 0.0114121 seconds, Stopping threads took: 0.0110011 seconds
2015-08-23T22:44:42.891-0200: 128441.260: Total time for which application threads were stopped: 0.0076812 seconds, Stopping threads took: 0.0072312 seconds
2015-08-23T22:44:42.908-0200: 128441.277: Total time for which application threads were stopped: 0.0061337 seconds, Stopping threads took: 0.0058783 seconds
2015-08-23T22:44:42.935-0200: 128441.304: Total time for which application threads were stopped: 0.0058703 seconds, Stopping threads took: 0.0055085 seconds
2015-08-23T22:44:42.941-0200: 128441.310: Total time for which application threads were stopped: 0.0003301 seconds, Stopping threads took: 0.0000691 seconds
2015-08-23T22:44:43.783-0200: 128442.152: Total time for which application threads were stopped: 0.0004148 seconds, Stopping threads took: 0.0000418 seconds
2015-08-23T22:44:43.784-0200: 128442.153: Total time for which application threads were stopped: 0.0001786 seconds, Stopping threads took: 0.0000168 seconds
2015-08-23T22:44:46.872-0200: 128445.241: Total time for which application threads were stopped: 0.0004290 seconds, Stopping threads took: 0.0000263 seconds
2015-08-23T22:44:46.872-0200: 128445.241: Total time for which application threads were stopped: 0.0001111 seconds, Stopping threads took: 0.0000092 seconds
2015-08-24T04:51:55.029-0200: 128476.128: Total time for which application threads were stopped: 0.0232185 seconds, Stopping threads took: 0.0205946 seconds
2015-08-24T04:51:55.776-0200: 128476.875: Total time for which application threads were stopped: 0.0165605 seconds, Stopping threads took: 0.0159843 seconds
2015-08-24T04:51:55.810-0200: 128476.910: Total time for which application threads were stopped: 0.0341233 seconds, Stopping threads took: 0.0337680 seconds
2015-08-24T04:52:01.000-0200: 128482.099: Total time for which application threads were stopped: 0.0212451 seconds, Stopping threads took: 0.0110264 seconds
2015-08-24T04:52:01.234-0200: 128482.333: Total time for which application threads were stopped: 0.0003618 seconds, Stopping threads took: 0.0000281 seconds
2015-08-24T04:52:01.287-0200: 128482.386: Total time for which application threads were stopped: 0.0009690 seconds, Stopping threads took: 0.0004265 seconds
2015-08-24T04:52:02.971-0200: 128484.071: Total time for which application threads were stopped: 0.0006696 seconds, Stopping threads took: 0.0000273 seconds
2015-08-24T04:52:02.972-0200: 128484.071: Total time for which application threads were stopped: 0.0004062 seconds, Stopping threads took: 0.0000205 seconds
2015-08-24T04:52:02.984-0200: 128484.084: Total time for which application threads were stopped: 0.0113471 seconds, Stopping threads took: 0.0109375 seconds
2015-08-24T04:52:02.993-0200: 128484.092: Total time for which application threads were stopped: 0.0067627 seconds, Stopping threads took: 0.0062130 seconds
2015-08-24T04:52:02.995-0200: 128484.094: Total time for which application threads were stopped: 0.0003042 seconds, Stopping threads took: 0.0000267 seconds
2015-08-24T04:52:03.007-0200: 128484.106: Total time for which application threads were stopped: 0.0113649 seconds, Stopping threads took: 0.0109641 seconds
2015-08-24T04:52:03.014-0200: 128484.113: Total time for which application threads were stopped: 0.0061439 seconds, Stopping threads took: 0.0058082 seconds
2015-08-24T04:52:03.015-0200: 128484.115: Total time for which application threads were stopped: 0.0011492 seconds, Stopping threads took: 0.0000476 seconds
2015-08-24T04:52:03.040-0200: 128484.140: Total time for which application threads were stopped: 0.0233907 seconds, Stopping threads took: 0.0200635 seconds
2015-08-24T04:52:03.057-0200: 128484.156: Total time for which application threads were stopped: 0.0115357 seconds, Stopping threads took: 0.0112273 seconds
2015-08-24T04:52:09.087-0200: 128490.187: Total time for which application threads were stopped: 0.0057461 seconds, Stopping threads took: 0.0008424 seconds
2015-08-24T04:52:13.114-0200: 128494.215: Total time for which application threads were stopped: 0.0098163 seconds, Stopping threads took: 0.0045383 seconds
2015-08-24T04:52:13.132-0200: 128494.232: Total time for which application threads were stopped: 0.0007607 seconds, Stopping threads took: 0.0001851 seconds
2015-08-24T04:52:13.134-0200: 128494.234: Total time for which application threads were stopped: 0.0008256 seconds, Stopping threads took: 0.0000562 seconds
2015-08-24T04:52:13.142-0200: 128494.242: Total time for which application threads were stopped: 0.0005336 seconds, Stopping threads took: 0.0000329 seconds
2015-08-24T04:52:13.316-0200: 128494.416: Total time for which application threads were stopped: 0.0004968 seconds, Stopping threads took: 0.0000385 seconds
2015-08-24T04:52:13.316-0200: 128494.416: Total time for which application threads were stopped: 0.0002226 seconds, Stopping threads took: 0.0000175 seconds
2015-08-24T04:52:20.389-0200: 128501.489: Total time for which application threads were stopped: 0.0149321 seconds, Stopping threads took: 0.0005781 seconds
2015-08-24T04:52:20.433-0200: 128501.533: Total time for which application threads were stopped: 0.0004454 seconds, Stopping threads took: 0.0000298 seconds
2015-08-24T04:52:20.965-0200: 128502.066: Total time for which application threads were stopped: 0.0006313 seconds, Stopping threads took: 0.0000870 seconds
2015-08-24T04:52:21.009-0200: 128502.109: Total time for which application threads were stopped: 0.0006271 seconds, Stopping threads took: 0.0000306 seconds
2015-08-24T04:54:08.893-0200: 128609.997: Total time for which application threads were stopped: 0.0052877 seconds, Stopping threads took: 0.0003264 seconds
2015-08-24T05:10:37.535-0200: 129598.665: Total time for which application threads were stopped: 0.0226809 seconds, Stopping threads took: 0.0108785 seconds
2015-08-24T05:10:37.541-0200: 129598.671: Total time for which application threads were stopped: 0.0054237 seconds, Stopping threads took: 0.0047657 seconds
2015-08-24T05:10:37.542-0200: 129598.672: Total time for which application threads were stopped: 0.0002765 seconds, Stopping threads took: 0.0000215 seconds
2015-08-24T05:10:37.545-0200: 129598.675: Total time for which application threads were stopped: 0.0022164 seconds, Stopping threads took: 0.0018004 seconds
2015-08-24T05:10:37.546-0200: 129598.676: Total time for which application threads were stopped: 0.0002733 seconds, Stopping threads took: 0.0000763 seconds
2015-08-24T05:10:37.562-0200: 129598.692: Total time for which application threads were stopped: 0.0067732 seconds, Stopping threads took: 0.0000504 seconds
2015-08-24T05:10:37.586-0200: 129598.716: Total time for which application threads were stopped: 0.0021721 seconds, Stopping threads took: 0.0017558 seconds
2015-08-24T05:10:37.587-0200: 129598.717: Total time for which application threads were stopped: 0.0002432 seconds, Stopping threads took: 0.0000155 seconds
2015-08-24T05:10:37.590-0200: 129598.720: Total time for which application threads were stopped: 0.0003402 seconds, Stopping threads took: 0.0000477 seconds
2015-08-24T05:10:37.596-0200: 129598.726: Total time for which application threads were stopped: 0.0019772 seconds, Stopping threads took: 0.0016698 seconds
2015-08-24T05:10:37.640-0200: 129598.770: Total time for which application threads were stopped: 0.0003324 seconds, Stopping threads took: 0.0000352 seconds
2015-08-24T05:10:37.648-0200: 129598.778: Total time for which application threads were stopped: 0.0055120 seconds, Stopping threads took: 0.0051209 seconds
2015-08-24T05:10:37.670-0200: 129598.800: Total time for which application threads were stopped: 0.0076210 seconds, Stopping threads took: 0.0037371 seconds
2015-08-24T05:10:37.739-0200: 129598.869: Total time for which application threads were stopped: 0.0080040 seconds, Stopping threads took: 0.0004258 seconds
2015-08-24T05:10:37.747-0200: 129598.877: Total time for which application threads were stopped: 0.0066421 seconds, Stopping threads took: 0.0038963 seconds
2015-08-24T05:10:37.757-0200: 129598.887: Total time for which application threads were stopped: 0.0081936 seconds, Stopping threads took: 0.0060991 seconds
2015-08-24T05:10:37.771-0200: 129598.901: Total time for which application threads were stopped: 0.0003424 seconds, Stopping threads took: 0.0001031 seconds
2015-08-24T05:10:37.774-0200: 129598.904: Total time for which application threads were stopped: 0.0025171 seconds, Stopping threads took: 0.0000446 seconds
2015-08-24T05:10:37.780-0200: 129598.909: Total time for which application threads were stopped: 0.0044136 seconds, Stopping threads took: 0.0040734 seconds
2015-08-24T05:10:37.846-0200: 129598.976: Total time for which application threads were stopped: 0.0004826 seconds, Stopping threads took: 0.0000253 seconds
2015-08-24T05:10:37.846-0200: 129598.976: Total time for which application threads were stopped: 0.0001792 seconds, Stopping threads took: 0.0000654 seconds
2015-08-24T05:10:37.846-0200: 129598.976: Total time for which application threads were stopped: 0.0001119 seconds, Stopping threads took: 0.0000127 seconds
2015-08-24T05:10:44.853-0200: 129605.983: Total time for which application threads were stopped: 0.0027620 seconds, Stopping threads took: 0.0024771 seconds
2015-08-24T05:10:44.866-0200: 129605.996: Total time for which application threads were stopped: 0.0134700 seconds, Stopping threads took: 0.0014297 seconds
2015-08-24T05:10:44.870-0200: 129606.000: Total time for which application threads were stopped: 0.0027434 seconds, Stopping threads took: 0.0021016 seconds
2015-08-24T05:10:44.871-0200: 129606.001: Total time for which application threads were stopped: 0.0002919 seconds, Stopping threads took: 0.0000185 seconds
2015-08-24T05:10:44.980-0200: 129606.110: Total time for which application threads were stopped: 0.0020082 seconds, Stopping threads took: 0.0000278 seconds
2015-08-24T05:10:44.993-0200: 129606.123: Total time for which application threads were stopped: 0.0038608 seconds, Stopping threads took: 0.0030856 seconds
2015-08-24T06:55:17.432-0200: 135864.679: Total time for which application threads were stopped: 0.0705152 seconds, Stopping threads took: 0.0040719 seconds
2015-08-24T06:55:17.454-0200: 135864.698: Total time for which application threads were stopped: 0.0111334 seconds, Stopping threads took: 0.0049320 seconds
2015-08-24T06:55:17.616-0200: 135864.860: Total time for which application threads were stopped: 0.0739760 seconds, Stopping threads took: 0.0014928 seconds
2015-08-24T06:55:17.641-0200: 135864.885: Total time for which application threads were stopped: 0.0049731 seconds, Stopping threads took: 0.0045936 seconds
2015-08-24T06:55:18.120-0200: 135865.364: Total time for which application threads were stopped: 0.0166373 seconds, Stopping threads took: 0.0162917 seconds
2015-08-24T06:55:18.138-0200: 135865.382: Total time for which application threads were stopped: 0.0160527 seconds, Stopping threads took: 0.0154277 seconds
2015-08-24T06:55:18.176-0200: 135865.420: Total time for which application threads were stopped: 0.0164315 seconds, Stopping threads took: 0.0154449 seconds
2015-08-24T06:55:18.205-0200: 135865.449: Total time for which application threads were stopped: 0.0201369 seconds, Stopping threads took: 0.0127530 seconds
2015-08-24T06:55:18.205-0200: 135865.449: Total time for which application threads were stopped: 0.0002556 seconds, Stopping threads took: 0.0000224 seconds
2015-08-24T06:55:18.241-0200: 135865.486: Total time for which application threads were stopped: 0.0014840 seconds, Stopping threads took: 0.0011934 seconds
2015-08-24T06:55:18.247-0200: 135865.491: Total time for which application threads were stopped: 0.0040226 seconds, Stopping threads took: 0.0037444 seconds
2015-08-24T06:55:18.260-0200: 135865.504: Total time for which application threads were stopped: 0.0051665 seconds, Stopping threads took: 0.0048867 seconds
2015-08-24T06:55:18.278-0200: 135865.522: Total time for which application threads were stopped: 0.0151289 seconds, Stopping threads took: 0.0146778 seconds
2015-08-24T06:55:18.281-0200: 135865.525: Total time for which application threads were stopped: 0.0026032 seconds, Stopping threads took: 0.0023148 seconds
2015-08-24T06:55:18.485-0200: 135865.729: Total time for which application threads were stopped: 0.0003205 seconds, Stopping threads took: 0.0000252 seconds
2015-08-24T06:55:18.553-0200: 135865.797: Total time for which application threads were stopped: 0.0034642 seconds, Stopping threads took: 0.0030320 seconds
2015-08-24T06:55:18.620-0200: 135865.864: Total time for which application threads were stopped: 0.0003221 seconds, Stopping threads took: 0.0000285 seconds
2015-08-24T06:55:19.768-0200: 135867.013: Total time for which application threads were stopped: 0.0149256 seconds, Stopping threads took: 0.0125279 seconds
2015-08-24T06:55:19.769-0200: 135867.013: Total time for which application threads were stopped: 0.0003348 seconds, Stopping threads took: 0.0000259 seconds
2015-08-24T06:55:19.797-0200: 135867.042: Total time for which application threads were stopped: 0.0272348 seconds, Stopping threads took: 0.0268555 seconds
2015-08-24T06:55:19.859-0200: 135867.104: Total time for which application threads were stopped: 0.0120578 seconds, Stopping threads took: 0.0117107 seconds
2015-08-24T06:55:19.860-0200: 135867.105: Total time for which application threads were stopped: 0.0009487 seconds, Stopping threads took: 0.0000159 seconds
2015-08-24T06:55:19.873-0200: 135867.118: Total time for which application threads were stopped: 0.0128321 seconds, Stopping threads took: 0.0111378 seconds
2015-08-24T06:55:19.896-0200: 135867.140: Total time for which application threads were stopped: 0.0134711 seconds, Stopping threads took: 0.0129629 seconds
2015-08-24T06:55:19.897-0200: 135867.141: Total time for which application threads were stopped: 0.0003067 seconds, Stopping threads took: 0.0000543 seconds
2015-08-24T06:55:26.955-0200: 135874.199: Total time for which application threads were stopped: 0.0316805 seconds, Stopping threads took: 0.0128049 seconds
2015-08-24T06:55:26.966-0200: 135874.210: Total time for which application threads were stopped: 0.0021700 seconds, Stopping threads took: 0.0007137 seconds
2015-08-24T06:55:26.984-0200: 135874.228: Total time for which application threads were stopped: 0.0027440 seconds, Stopping threads took: 0.0000319 seconds
2015-08-24T06:55:27.284-0200: 135874.528: Total time for which application threads were stopped: 0.0032226 seconds, Stopping threads took: 0.0026399 seconds
2015-08-24T06:55:27.312-0200: 135874.556: Total time for which application threads were stopped: 0.0004528 seconds, Stopping threads took: 0.0000758 seconds
2015-08-24T08:11:15.843-0200: 136222.893: Total time for which application threads were stopped: 0.0583958 seconds, Stopping threads took: 0.0100731 seconds
2015-08-24T08:11:15.869-0200: 136222.915: Total time for which application threads were stopped: 0.0149831 seconds, Stopping threads took: 0.0119084 seconds
2015-08-24T08:11:15.869-0200: 136222.915: Total time for which application threads were stopped: 0.0003427 seconds, Stopping threads took: 0.0000604 seconds
2015-08-24T08:11:15.894-0200: 136222.940: Total time for which application threads were stopped: 0.0235054 seconds, Stopping threads took: 0.0100578 seconds
2015-08-24T08:11:16.708-0200: 136223.753: Total time for which application threads were stopped: 0.0128546 seconds, Stopping threads took: 0.0000375 seconds
2015-08-24T08:11:16.726-0200: 136223.771: Total time for which application threads were stopped: 0.0002514 seconds, Stopping threads took: 0.0000235 seconds
2015-08-24T08:11:16.744-0200: 136223.790: Total time for which application threads were stopped: 0.0041989 seconds, Stopping threads took: 0.0037941 seconds
2015-08-24T08:11:16.745-0200: 136223.791: Total time for which application threads were stopped: 0.0002848 seconds, Stopping threads took: 0.0000479 seconds
2015-08-24T08:11:16.745-0200: 136223.791: Total time for which application threads were stopped: 0.0001655 seconds, Stopping threads took: 0.0000129 seconds
2015-08-24T08:11:16.747-0200: 136223.792: Total time for which application threads were stopped: 0.0003452 seconds, Stopping threads took: 0.0001293 seconds
2015-08-24T08:11:16.755-0200: 136223.801: Total time for which application threads were stopped: 0.0002953 seconds, Stopping threads took: 0.0000248 seconds
2015-08-24T08:11:16.885-0200: 136223.931: Total time for which application threads were stopped: 0.0035746 seconds, Stopping threads took: 0.0008773 seconds
2015-08-24T08:11:16.895-0200: 136223.941: Total time for which application threads were stopped: 0.0080291 seconds, Stopping threads took: 0.0008206 seconds
2015-08-24T08:11:16.995-0200: 136224.040: Total time for which application threads were stopped: 0.0067086 seconds, Stopping threads took: 0.0045493 seconds
2015-08-24T08:11:17.026-0200: 136224.072: Total time for which application threads were stopped: 0.0029659 seconds, Stopping threads took: 0.0025649 seconds
2015-08-25T22:14:36.187-0200: 136255.648: Total time for which application threads were stopped: 0.6145891 seconds, Stopping threads took: 0.0016604 seconds
2015-08-25T22:14:36.369-0200: 136255.841: Total time for which application threads were stopped: 0.0642516 seconds, Stopping threads took: 0.0132995 seconds
2015-08-25T22:14:36.479-0200: 136255.940: Total time for which application threads were stopped: 0.0016485 seconds, Stopping threads took: 0.0001810 seconds
2015-08-25T22:14:36.717-0200: 136256.202: Total time for which application threads were stopped: 0.1577726 seconds, Stopping threads took: 0.1137376 seconds
2015-08-25T22:14:36.941-0200: 136256.401: Total time for which application threads were stopped: 0.0014043 seconds, Stopping threads took: 0.0007814 seconds
2015-08-25T22:14:36.954-0200: 136256.415: Total time for which application threads were stopped: 0.0134641 seconds, Stopping threads took: 0.0128198 seconds
2015-08-25T22:14:37.066-0200: 136256.527: Total time for which application threads were stopped: 0.0045884 seconds, Stopping threads took: 0.0038781 seconds
2015-08-25T22:14:37.249-0200: 136256.710: Total time for which application threads were stopped: 0.0012150 seconds, Stopping threads took: 0.0000608 seconds
2015-08-25T22:14:37.249-0200: 136256.710: Total time for which application threads were stopped: 0.0004821 seconds, Stopping threads took: 0.0000327 seconds
2015-08-25T22:14:38.952-0200: 136258.413: Total time for which application threads were stopped: 0.0060740 seconds, Stopping threads took: 0.0000651 seconds
2015-08-25T22:14:38.973-0200: 136258.434: Total time for which application threads were stopped: 0.0008162 seconds, Stopping threads took: 0.0000577 seconds
2015-08-25T22:14:39.071-0200: 136258.532: Total time for which application threads were stopped: 0.0631485 seconds, Stopping threads took: 0.0485169 seconds
2015-08-25T22:17:39.296-0200: 136438.762: Total time for which application threads were stopped: 0.0089387 seconds, Stopping threads took: 0.0003159 seconds
2015-08-25T22:17:39.474-0200: 136438.940: Total time for which application threads were stopped: 0.0003374 seconds, Stopping threads took: 0.0000627 seconds
2015-08-25T22:18:59.843-0200: 136519.311: Total time for which application threads were stopped: 0.0035311 seconds, Stopping threads took: 0.0003116 seconds
2015-08-25T22:21:40.257-0200: 136679.729: Total time for which application threads were stopped: 0.0041758 seconds, Stopping threads took: 0.0007537 seconds
2015-08-25T22:23:30.403-0200: 136789.879: Total time for which application threads were stopped: 0.0081628 seconds, Stopping threads took: 0.0005494 seconds
2015-08-25T22:26:40.606-0200: 136980.088: Total time for which application threads were stopped: 0.0079907 seconds, Stopping threads took: 0.0022229 seconds
2015-08-25T22:32:10.894-0200: 137310.384: Total time for which application threads were stopped: 0.0099243 seconds, Stopping threads took: 0.0003287 seconds
2015-08-25T22:32:10.994-0200: 137310.483: Total time for which application threads were stopped: 0.0011214 seconds, Stopping threads took: 0.0007970 seconds
2015-08-25T22:32:32.067-0200: 137331.557: Total time for which application threads were stopped: 0.0003739 seconds, Stopping threads took: 0.0000369 seconds
2015-08-25T22:37:41.193-0200: 137640.692: Total time for which application threads were stopped: 0.0100373 seconds, Stopping threads took: 0.0003781 seconds
2015-08-25T22:43:11.507-0200: 137971.014: Total time for which application threads were stopped: 0.0043528 seconds, Stopping threads took: 0.0004940 seconds
2015-08-25T22:43:11.674-0200: 137971.182: Total time for which application threads were stopped: 0.0003342 seconds, Stopping threads took: 0.0000609 seconds
2015-08-25T22:48:36.434-0200: 138301.335: Total time for which application threads were stopped: 0.0116534 seconds, Stopping threads took: 0.0002691 seconds
2015-08-25T22:54:06.793-0200: 138631.704: Total time for which application threads were stopped: 0.0085731 seconds, Stopping threads took: 0.0003960 seconds
2015-08-25T22:59:37.081-0200: 138962.002: Total time for which application threads were stopped: 0.0102175 seconds, Stopping threads took: 0.0004115 seconds
2015-08-25T22:59:37.184-0200: 138962.105: Total time for which application threads were stopped: 0.0021174 seconds, Stopping threads took: 0.0011267 seconds
2015-08-25T23:05:07.389-0200: 139292.320: Total time for which application threads were stopped: 0.0043003 seconds, Stopping threads took: 0.0003773 seconds
2015-08-25T23:10:37.701-0200: 139622.641: Total time for which application threads were stopped: 0.0068654 seconds, Stopping threads took: 0.0002819 seconds
2015-08-25T23:16:08.048-0200: 139952.998: Total time for which application threads were stopped: 0.0113899 seconds, Stopping threads took: 0.0003069 seconds
2015-08-25T23:21:38.354-0200: 140283.314: Total time for which application threads were stopped: 0.0039547 seconds, Stopping threads took: 0.0003368 seconds
2015-08-25T23:27:08.692-0200: 140613.661: Total time for which application threads were stopped: 0.0040809 seconds, Stopping threads took: 0.0003770 seconds
2015-08-25T23:27:08.861-0200: 140613.830: Total time for which application threads were stopped: 0.0109475 seconds, Stopping threads took: 0.0016165 seconds
2015-08-25T23:32:38.981-0200: 140943.961: Total time for which application threads were stopped: 0.0082135 seconds, Stopping threads took: 0.0005626 seconds
2015-08-25T23:38:09.476-0200: 141274.465: Total time for which application threads were stopped: 0.0095011 seconds, Stopping threads took: 0.0002716 seconds
2015-08-25T23:43:40.000-0200: 141604.998: Total time for which application threads were stopped: 0.0089489 seconds, Stopping threads took: 0.0002810 seconds
2015-08-25T23:49:10.518-0200: 141935.525: Total time for which application threads were stopped: 0.0079000 seconds, Stopping threads took: 0.0003014 seconds
2015-08-25T23:54:41.066-0200: 142266.083: Total time for which application threads were stopped: 0.0031145 seconds, Stopping threads took: 0.0002431 seconds
2015-08-26T00:00:11.555-0200: 142596.581: Total time for which application threads were stopped: 0.0074701 seconds, Stopping threads took: 0.0004132 seconds
2015-08-26T00:05:42.117-0200: 142927.152: Total time for which application threads were stopped: 0.0039470 seconds, Stopping threads took: 0.0003382 seconds
2015-08-26T00:11:12.482-0200: 143257.527: Total time for which application threads were stopped: 0.0114653 seconds, Stopping threads took: 0.0004035 seconds
2015-08-26T00:16:42.806-0200: 143587.862: Total time for which application threads were stopped: 0.0092216 seconds, Stopping threads took: 0.0003950 seconds
2015-08-26T00:22:13.155-0200: 143918.219: Total time for which application threads were stopped: 0.0051470 seconds, Stopping threads took: 0.0003102 seconds
2015-08-26T00:27:43.481-0200: 144248.554: Total time for which application threads were stopped: 0.0110416 seconds, Stopping threads took: 0.0002819 seconds
2015-08-26T00:33:13.806-0200: 144578.890: Total time for which application threads were stopped: 0.0090245 seconds, Stopping threads took: 0.0004433 seconds
2015-08-26T00:38:44.178-0200: 144909.272: Total time for which application threads were stopped: 0.0042561 seconds, Stopping threads took: 0.0002738 seconds
2015-08-26T00:44:14.510-0200: 145239.613: Total time for which application threads were stopped: 0.0054759 seconds, Stopping threads took: 0.0003285 seconds
2015-08-26T00:49:44.822-0200: 145569.935: Total time for which application threads were stopped: 0.0141040 seconds, Stopping threads took: 0.0038028 seconds
2015-08-26T00:55:15.125-0200: 145900.247: Total time for which application threads were stopped: 0.0151558 seconds, Stopping threads took: 0.0045561 seconds
2015-08-26T01:00:45.447-0200: 146230.577: Total time for which application threads were stopped: 0.0074543 seconds, Stopping threads took: 0.0005339 seconds
2015-08-26T02:00:54.742-0200: 146247.159: Total time for which application threads were stopped: 0.0263441 seconds, Stopping threads took: 0.0109607 seconds
2015-08-26T02:00:54.776-0200: 146247.193: Total time for which application threads were stopped: 0.0196485 seconds, Stopping threads took: 0.0123437 seconds
2015-08-26T02:00:54.847-0200: 146247.265: Total time for which application threads were stopped: 0.0585487 seconds, Stopping threads took: 0.0581453 seconds
2015-08-26T02:00:55.251-0200: 146247.668: Total time for which application threads were stopped: 0.0112843 seconds, Stopping threads took: 0.0107793 seconds
2015-08-26T02:00:55.266-0200: 146247.683: Total time for which application threads were stopped: 0.0146126 seconds, Stopping threads took: 0.0110471 seconds
2015-08-26T02:00:55.391-0200: 146247.808: Total time for which application threads were stopped: 0.0573238 seconds, Stopping threads took: 0.0237746 seconds
2015-08-26T02:00:55.415-0200: 146247.832: Total time for which application threads were stopped: 0.0236490 seconds, Stopping threads took: 0.0075933 seconds
2015-08-26T02:00:55.444-0200: 146247.862: Total time for which application threads were stopped: 0.0087784 seconds, Stopping threads took: 0.0085433 seconds
2015-08-26T02:00:55.451-0200: 146247.869: Total time for which application threads were stopped: 0.0061653 seconds, Stopping threads took: 0.0058452 seconds
2015-08-26T02:00:55.467-0200: 146247.884: Total time for which application threads were stopped: 0.0146645 seconds, Stopping threads took: 0.0047372 seconds
2015-08-26T02:00:55.493-0200: 146247.911: Total time for which application threads were stopped: 0.0254827 seconds, Stopping threads took: 0.0251290 seconds
2015-08-26T02:00:55.494-0200: 146247.912: Total time for which application threads were stopped: 0.0004690 seconds, Stopping threads took: 0.0002637 seconds
2015-08-26T02:00:55.523-0200: 146247.940: Total time for which application threads were stopped: 0.0002655 seconds, Stopping threads took: 0.0000279 seconds
2015-08-26T02:00:55.539-0200: 146247.956: Total time for which application threads were stopped: 0.0002908 seconds, Stopping threads took: 0.0000211 seconds
2015-08-26T02:00:55.539-0200: 146247.956: Total time for which application threads were stopped: 0.0000937 seconds, Stopping threads took: 0.0000076 seconds
2015-08-26T02:00:55.689-0200: 146248.107: Total time for which application threads were stopped: 0.0002920 seconds, Stopping threads took: 0.0000263 seconds
{Heap before GC invocations=87 (full 1):
 par new generation   total 109248K, used 93078K [0x000000011d400000, 0x0000000125400000, 0x0000000125400000)
  eden space 87424K, 100% used [0x000000011d400000, 0x0000000122960000, 0x0000000122960000)
  from space 21824K,  25% used [0x0000000123eb0000, 0x0000000124435900, 0x0000000125400000)
  to   space 21824K,   0% used [0x0000000122960000, 0x0000000122960000, 0x0000000123eb0000)
 concurrent mark-sweep generation total 393216K, used 41682K [0x0000000125400000, 0x000000013d400000, 0x000000013d400000)
 Metaspace       used 36445K, capacity 37034K, committed 37156K, reserved 1083392K
  class space    used 3987K, capacity 4130K, committed 4172K, reserved 1048576K
2015-08-26T02:00:55.804-0200: 146248.221: [GC (Allocation Failure) 146248.225: [ParNew
Desired survivor size 20112992 bytes, new threshold 8 (max 8)
- age   1:     690264 bytes,     690264 total
- age   2:       8136 bytes,     698400 total
- age   3:     105888 bytes,     804288 total
- age   4:      40808 bytes,     845096 total
- age   5:      35664 bytes,     880760 total
- age   6:      56104 bytes,     936864 total
- age   7:     805352 bytes,    1742216 total
- age   8:    2147056 bytes,    3889272 total
: 93078K->4769K(109248K), 0.6303642 secs] 134760K->46536K(502464K), 0.6345518 secs] [Times: user=0.04 sys=0.17, real=0.63 secs] 
Heap after GC invocations=88 (full 1):
 par new generation   total 109248K, used 4769K [0x000000011d400000, 0x0000000125400000, 0x0000000125400000)
  eden space 87424K,   0% used [0x000000011d400000, 0x000000011d400000, 0x0000000122960000)
  from space 21824K,  21% used [0x0000000122960000, 0x0000000122e087f8, 0x0000000123eb0000)
  to   space 21824K,   0% used [0x0000000123eb0000, 0x0000000123eb0000, 0x0000000125400000)
 concurrent mark-sweep generation total 393216K, used 41766K [0x0000000125400000, 0x000000013d400000, 0x000000013d400000)
 Metaspace       used 36445K, capacity 37034K, committed 37156K, reserved 1083392K
  class space    used 3987K, capacity 4130K, committed 4172K, reserved 1048576K
}
2015-08-26T02:00:56.439-0200: 146248.856: Total time for which application threads were stopped: 0.6456560 seconds, Stopping threads took: 0.0001057 seconds
2015-08-26T02:00:56.455-0200: 146248.872: Total time for which application threads were stopped: 0.0115497 seconds, Stopping threads took: 0.0107958 seconds
2015-08-26T02:00:56.461-0200: 146248.879: Total time for which application threads were stopped: 0.0003459 seconds, Stopping threads took: 0.0000665 seconds
2015-08-26T02:00:56.484-0200: 146248.901: Total time for which application threads were stopped: 0.0024164 seconds, Stopping threads took: 0.0018383 seconds
2015-08-26T02:00:56.513-0200: 146248.931: Total time for which application threads were stopped: 0.0130921 seconds, Stopping threads took: 0.0109763 seconds
2015-08-26T02:00:56.528-0200: 146248.945: Total time for which application threads were stopped: 0.0123457 seconds, Stopping threads took: 0.0107777 seconds
2015-08-26T02:00:56.566-0200: 146248.984: Total time for which application threads were stopped: 0.0003054 seconds, Stopping threads took: 0.0000266 seconds
2015-08-26T02:00:56.567-0200: 146248.984: Total time for which application threads were stopped: 0.0001861 seconds, Stopping threads took: 0.0000164 seconds
2015-08-26T02:00:56.567-0200: 146248.985: Total time for which application threads were stopped: 0.0002822 seconds, Stopping threads took: 0.0000528 seconds
2015-08-26T02:00:56.568-0200: 146248.985: Total time for which application threads were stopped: 0.0001822 seconds, Stopping threads took: 0.0000389 seconds
2015-08-26T02:00:56.590-0200: 146249.008: Total time for which application threads were stopped: 0.0005179 seconds, Stopping threads took: 0.0001714 seconds
2015-08-26T02:00:56.602-0200: 146249.019: Total time for which application threads were stopped: 0.0102768 seconds, Stopping threads took: 0.0039730 seconds
2015-08-26T03:02:31.373-0200: 146351.149: Total time for which application threads were stopped: 0.0741345 seconds, Stopping threads took: 0.0589601 seconds
2015-08-26T03:02:31.421-0200: 146351.196: Total time for which application threads were stopped: 0.0134683 seconds, Stopping threads took: 0.0131966 seconds
2015-08-26T03:02:31.555-0200: 146351.331: Total time for which application threads were stopped: 0.0155919 seconds, Stopping threads took: 0.0151843 seconds
2015-08-26T03:02:31.618-0200: 146351.393: Total time for which application threads were stopped: 0.0124622 seconds, Stopping threads took: 0.0120332 seconds
2015-08-26T03:02:31.710-0200: 146351.486: Total time for which application threads were stopped: 0.0219620 seconds, Stopping threads took: 0.0215561 seconds
2015-08-26T03:02:31.720-0200: 146351.495: Total time for which application threads were stopped: 0.0003243 seconds, Stopping threads took: 0.0000465 seconds
2015-08-26T03:02:31.725-0200: 146351.501: Total time for which application threads were stopped: 0.0005024 seconds, Stopping threads took: 0.0000267 seconds
2015-08-26T03:02:31.725-0200: 146351.501: Total time for which application threads were stopped: 0.0001779 seconds, Stopping threads took: 0.0000144 seconds
2015-08-26T03:02:31.898-0200: 146351.674: Total time for which application threads were stopped: 0.0118046 seconds, Stopping threads took: 0.0039685 seconds
2015-08-26T03:02:31.899-0200: 146351.675: Total time for which application threads were stopped: 0.0004623 seconds, Stopping threads took: 0.0000484 seconds
2015-08-26T03:02:32.019-0200: 146351.794: Total time for which application threads were stopped: 0.0036360 seconds, Stopping threads took: 0.0027006 seconds
2015-08-26T03:02:32.024-0200: 146351.800: Total time for which application threads were stopped: 0.0042772 seconds, Stopping threads took: 0.0039932 seconds
2015-08-26T04:03:26.949-0200: 146414.320: Total time for which application threads were stopped: 0.0170325 seconds, Stopping threads took: 0.0114606 seconds
2015-08-26T04:03:26.950-0200: 146414.321: Total time for which application threads were stopped: 0.0003706 seconds, Stopping threads took: 0.0001221 seconds
2015-08-26T04:03:26.951-0200: 146414.322: Total time for which application threads were stopped: 0.0003980 seconds, Stopping threads took: 0.0000959 seconds
2015-08-26T04:03:26.951-0200: 146414.322: Total time for which application threads were stopped: 0.0002849 seconds, Stopping threads took: 0.0000394 seconds
2015-08-26T04:03:26.986-0200: 146414.356: Total time for which application threads were stopped: 0.0112819 seconds, Stopping threads took: 0.0109694 seconds
2015-08-26T04:03:26.995-0200: 146414.366: Total time for which application threads were stopped: 0.0093303 seconds, Stopping threads took: 0.0089622 seconds
2015-08-26T04:03:26.998-0200: 146414.369: Total time for which application threads were stopped: 0.0029073 seconds, Stopping threads took: 0.0000431 seconds
2015-08-26T04:03:27.002-0200: 146414.373: Total time for which application threads were stopped: 0.0029375 seconds, Stopping threads took: 0.0024853 seconds
2015-08-26T04:03:27.023-0200: 146414.393: Total time for which application threads were stopped: 0.0034726 seconds, Stopping threads took: 0.0007461 seconds
2015-08-26T04:03:27.025-0200: 146414.396: Total time for which application threads were stopped: 0.0024743 seconds, Stopping threads took: 0.0000655 seconds
2015-08-26T04:03:27.050-0200: 146414.420: Total time for which application threads were stopped: 0.0026369 seconds, Stopping threads took: 0.0023884 seconds
2015-08-26T05:04:21.115-0200: 146476.649: Total time for which application threads were stopped: 0.0053438 seconds, Stopping threads took: 0.0012366 seconds
2015-08-26T05:04:21.121-0200: 146476.655: Total time for which application threads were stopped: 0.0003848 seconds, Stopping threads took: 0.0000195 seconds
2015-08-26T05:04:21.121-0200: 146476.655: Total time for which application threads were stopped: 0.0000881 seconds, Stopping threads took: 0.0000068 seconds
2015-08-26T05:04:21.217-0200: 146476.751: Total time for which application threads were stopped: 0.0035969 seconds, Stopping threads took: 0.0031031 seconds
2015-08-26T05:04:21.220-0200: 146476.754: Total time for which application threads were stopped: 0.0022257 seconds, Stopping threads took: 0.0016809 seconds
2015-08-26T05:04:21.221-0200: 146476.755: Total time for which application threads were stopped: 0.0004210 seconds, Stopping threads took: 0.0001173 seconds
2015-08-26T05:04:21.269-0200: 146476.804: Total time for which application threads were stopped: 0.0037203 seconds, Stopping threads took: 0.0033523 seconds
2015-08-26T05:04:21.275-0200: 146476.809: Total time for which application threads were stopped: 0.0048221 seconds, Stopping threads took: 0.0040213 seconds
2015-08-26T06:05:07.410-0200: 146530.532: Total time for which application threads were stopped: 0.0887706 seconds, Stopping threads took: 0.0884071 seconds
2015-08-26T06:05:07.466-0200: 146530.588: Total time for which application threads were stopped: 0.0060087 seconds, Stopping threads took: 0.0054581 seconds
2015-08-26T06:05:07.536-0200: 146530.657: Total time for which application threads were stopped: 0.0182364 seconds, Stopping threads took: 0.0114056 seconds
2015-08-26T06:05:07.614-0200: 146530.736: Total time for which application threads were stopped: 0.0635816 seconds, Stopping threads took: 0.0176841 seconds
2015-08-26T06:05:07.651-0200: 146530.773: Total time for which application threads were stopped: 0.0121426 seconds, Stopping threads took: 0.0109319 seconds
2015-08-26T06:05:07.659-0200: 146530.780: Total time for which application threads were stopped: 0.0015666 seconds, Stopping threads took: 0.0000368 seconds
2015-08-26T06:05:07.678-0200: 146530.799: Total time for which application threads were stopped: 0.0185664 seconds, Stopping threads took: 0.0181065 seconds
2015-08-26T06:05:07.716-0200: 146530.837: Total time for which application threads were stopped: 0.0301569 seconds, Stopping threads took: 0.0000290 seconds
2015-08-26T06:05:07.790-0200: 146530.912: Total time for which application threads were stopped: 0.0133775 seconds, Stopping threads took: 0.0114562 seconds
2015-08-26T06:05:07.818-0200: 146530.939: Total time for which application threads were stopped: 0.0109459 seconds, Stopping threads took: 0.0106785 seconds
2015-08-26T06:05:07.864-0200: 146530.985: Total time for which application threads were stopped: 0.0002960 seconds, Stopping threads took: 0.0000297 seconds
2015-08-26T06:05:07.893-0200: 146531.015: Total time for which application threads were stopped: 0.0003199 seconds, Stopping threads took: 0.0000481 seconds
2015-08-26T06:05:07.910-0200: 146531.032: Total time for which application threads were stopped: 0.0004273 seconds, Stopping threads took: 0.0000273 seconds
2015-08-26T06:05:07.910-0200: 146531.032: Total time for which application threads were stopped: 0.0001628 seconds, Stopping threads took: 0.0000124 seconds
2015-08-26T06:05:08.197-0200: 146531.319: Total time for which application threads were stopped: 0.0108864 seconds, Stopping threads took: 0.0000455 seconds
2015-08-26T06:05:08.236-0200: 146531.358: Total time for which application threads were stopped: 0.0388170 seconds, Stopping threads took: 0.0090199 seconds
2015-08-26T06:05:08.524-0200: 146531.645: Total time for which application threads were stopped: 0.0207867 seconds, Stopping threads took: 0.0059315 seconds
2015-08-26T06:05:08.601-0200: 146531.722: Total time for which application threads were stopped: 0.0023326 seconds, Stopping threads took: 0.0000647 seconds
2015-08-26T07:03:38.576-0200: 146585.363: Total time for which application threads were stopped: 0.0277110 seconds, Stopping threads took: 0.0123058 seconds
2015-08-26T07:03:38.711-0200: 146585.498: Total time for which application threads were stopped: 0.0055838 seconds, Stopping threads took: 0.0051295 seconds
2015-08-26T07:03:38.758-0200: 146585.545: Total time for which application threads were stopped: 0.0284509 seconds, Stopping threads took: 0.0143961 seconds
2015-08-26T07:03:38.767-0200: 146585.554: Total time for which application threads were stopped: 0.0051500 seconds, Stopping threads took: 0.0047467 seconds
2015-08-26T07:03:38.771-0200: 146585.558: Total time for which application threads were stopped: 0.0004487 seconds, Stopping threads took: 0.0001584 seconds
2015-08-26T07:03:38.772-0200: 146585.559: Total time for which application threads were stopped: 0.0003633 seconds, Stopping threads took: 0.0001104 seconds
2015-08-26T07:03:38.791-0200: 146585.578: Total time for which application threads were stopped: 0.0116397 seconds, Stopping threads took: 0.0112868 seconds
2015-08-26T07:03:38.818-0200: 146585.604: Total time for which application threads were stopped: 0.0004282 seconds, Stopping threads took: 0.0000278 seconds
2015-08-26T07:03:38.818-0200: 146585.604: Total time for which application threads were stopped: 0.0001574 seconds, Stopping threads took: 0.0000104 seconds
2015-08-26T07:03:38.982-0200: 146585.769: Total time for which application threads were stopped: 0.0004438 seconds, Stopping threads took: 0.0000532 seconds
2015-08-26T07:03:38.990-0200: 146585.777: Total time for which application threads were stopped: 0.0060837 seconds, Stopping threads took: 0.0057051 seconds
2015-08-26T07:03:39.195-0200: 146585.981: Total time for which application threads were stopped: 0.0037243 seconds, Stopping threads took: 0.0000292 seconds
2015-08-26T07:03:39.198-0200: 146585.984: Total time for which application threads were stopped: 0.0003216 seconds, Stopping threads took: 0.0000268 seconds
2015-08-26T07:03:39.500-0200: 146586.287: Total time for which application threads were stopped: 0.0038039 seconds, Stopping threads took: 0.0035005 seconds
2015-08-26T07:03:39.504-0200: 146586.291: Total time for which application threads were stopped: 0.0031087 seconds, Stopping threads took: 0.0026650 seconds
2015-08-26T07:03:39.515-0200: 146586.301: Total time for which application threads were stopped: 0.0092253 seconds, Stopping threads took: 0.0069067 seconds
2015-08-26T07:03:39.525-0200: 146586.311: Total time for which application threads were stopped: 0.0088535 seconds, Stopping threads took: 0.0085476 seconds
2015-08-26T07:03:39.711-0200: 146586.498: Total time for which application threads were stopped: 0.0011562 seconds, Stopping threads took: 0.0008099 seconds
2015-08-26T08:13:56.409-0200: 146602.696: Total time for which application threads were stopped: 0.0373004 seconds, Stopping threads took: 0.0366316 seconds
2015-08-26T08:13:56.622-0200: 146602.909: Total time for which application threads were stopped: 0.0126099 seconds, Stopping threads took: 0.0122132 seconds
2015-08-26T08:13:56.622-0200: 146602.909: Total time for which application threads were stopped: 0.0003330 seconds, Stopping threads took: 0.0000374 seconds
2015-08-26T08:13:56.623-0200: 146602.910: Total time for which application threads were stopped: 0.0002386 seconds, Stopping threads took: 0.0000147 seconds
2015-08-26T08:13:56.623-0200: 146602.910: Total time for which application threads were stopped: 0.0002509 seconds, Stopping threads took: 0.0000303 seconds
2015-08-26T08:13:56.635-0200: 146602.922: Total time for which application threads were stopped: 0.0113532 seconds, Stopping threads took: 0.0110188 seconds
2015-08-26T08:13:56.647-0200: 146602.934: Total time for which application threads were stopped: 0.0115055 seconds, Stopping threads took: 0.0111717 seconds
2015-08-26T08:13:56.687-0200: 146602.974: Total time for which application threads were stopped: 0.0115117 seconds, Stopping threads took: 0.0111142 seconds
2015-08-26T08:13:56.746-0200: 146603.033: Total time for which application threads were stopped: 0.0117051 seconds, Stopping threads took: 0.0113429 seconds
2015-08-26T08:13:56.804-0200: 146603.091: Total time for which application threads were stopped: 0.0004454 seconds, Stopping threads took: 0.0000385 seconds
2015-08-26T08:13:56.842-0200: 146603.129: Total time for which application threads were stopped: 0.0092088 seconds, Stopping threads took: 0.0088191 seconds
2015-08-26T08:13:56.842-0200: 146603.129: Total time for which application threads were stopped: 0.0002923 seconds, Stopping threads took: 0.0000448 seconds
2015-08-26T08:13:56.882-0200: 146603.169: Total time for which application threads were stopped: 0.0285439 seconds, Stopping threads took: 0.0195696 seconds
2015-08-26T08:13:57.123-0200: 146603.410: Total time for which application threads were stopped: 0.0067492 seconds, Stopping threads took: 0.0060872 seconds
2015-08-26T08:13:57.130-0200: 146603.417: Total time for which application threads were stopped: 0.0058807 seconds, Stopping threads took: 0.0055112 seconds
2015-08-26T08:13:57.294-0200: 146603.581: Total time for which application threads were stopped: 0.0052355 seconds, Stopping threads took: 0.0047899 seconds
2015-08-26T08:13:57.296-0200: 146603.583: Total time for which application threads were stopped: 0.0003739 seconds, Stopping threads took: 0.0000276 seconds
2015-08-26T08:13:58.305-0200: 146604.592: Total time for which application threads were stopped: 0.0061050 seconds, Stopping threads took: 0.0016306 seconds
2015-08-26T08:13:58.351-0200: 146604.638: Total time for which application threads were stopped: 0.0008432 seconds, Stopping threads took: 0.0002345 seconds
2015-08-26T08:13:58.354-0200: 146604.641: Total time for which application threads were stopped: 0.0004334 seconds, Stopping threads took: 0.0000606 seconds
2015-08-26T08:13:58.358-0200: 146604.645: Total time for which application threads were stopped: 0.0019218 seconds, Stopping threads took: 0.0016145 seconds
2015-08-26T08:13:58.361-0200: 146604.648: Total time for which application threads were stopped: 0.0021552 seconds, Stopping threads took: 0.0017831 seconds
2015-08-26T08:13:58.370-0200: 146604.658: Total time for which application threads were stopped: 0.0061349 seconds, Stopping threads took: 0.0037541 seconds
2015-08-26T08:13:58.371-0200: 146604.658: Total time for which application threads were stopped: 0.0003057 seconds, Stopping threads took: 0.0000713 seconds
2015-08-26T08:13:58.374-0200: 146604.661: Total time for which application threads were stopped: 0.0026760 seconds, Stopping threads took: 0.0024307 seconds
2015-08-26T08:13:58.803-0200: 146605.090: Total time for which application threads were stopped: 0.0034912 seconds, Stopping threads took: 0.0011211 seconds
2015-08-26T08:13:58.805-0200: 146605.092: Total time for which application threads were stopped: 0.0002788 seconds, Stopping threads took: 0.0000466 seconds
2015-08-26T08:13:58.813-0200: 146605.100: Total time for which application threads were stopped: 0.0002857 seconds, Stopping threads took: 0.0000276 seconds
2015-08-26T08:13:58.813-0200: 146605.100: Total time for which application threads were stopped: 0.0003048 seconds, Stopping threads took: 0.0000142 seconds
2015-08-26T08:14:04.786-0200: 146611.073: Total time for which application threads were stopped: 0.0015437 seconds, Stopping threads took: 0.0000355 seconds
2015-08-26T08:14:08.316-0200: 146614.603: Total time for which application threads were stopped: 0.0003857 seconds, Stopping threads took: 0.0000922 seconds
2015-08-26T08:14:08.316-0200: 146614.604: Total time for which application threads were stopped: 0.0002097 seconds, Stopping threads took: 0.0000470 seconds
2015-08-26T08:14:08.317-0200: 146614.604: Total time for which application threads were stopped: 0.0001585 seconds, Stopping threads took: 0.0000141 seconds
2015-08-26T08:14:08.324-0200: 146614.611: Total time for which application threads were stopped: 0.0008881 seconds, Stopping threads took: 0.0000245 seconds
2015-08-26T08:14:08.326-0200: 146614.613: Total time for which application threads were stopped: 0.0002599 seconds, Stopping threads took: 0.0000288 seconds
2015-08-26T08:14:08.834-0200: 146615.121: Total time for which application threads were stopped: 0.0015579 seconds, Stopping threads took: 0.0013038 seconds
2015-08-26T08:14:08.834-0200: 146615.122: Total time for which application threads were stopped: 0.0002009 seconds, Stopping threads took: 0.0000414 seconds
2015-08-26T08:14:08.838-0200: 146615.125: Total time for which application threads were stopped: 0.0011293 seconds, Stopping threads took: 0.0008673 seconds
2015-08-26T08:14:08.844-0200: 146615.131: Total time for which application threads were stopped: 0.0013049 seconds, Stopping threads took: 0.0010829 seconds
2015-08-26T08:14:08.856-0200: 146615.143: Total time for which application threads were stopped: 0.0003600 seconds, Stopping threads took: 0.0000406 seconds
2015-08-26T08:14:10.048-0200: 146616.335: Total time for which application threads were stopped: 0.0044265 seconds, Stopping threads took: 0.0022224 seconds
2015-08-26T08:14:10.049-0200: 146616.336: Total time for which application threads were stopped: 0.0003323 seconds, Stopping threads took: 0.0000894 seconds
2015-08-26T08:14:10.049-0200: 146616.336: Total time for which application threads were stopped: 0.0002404 seconds, Stopping threads took: 0.0000584 seconds
2015-08-26T08:14:10.049-0200: 146616.337: Total time for which application threads were stopped: 0.0002595 seconds, Stopping threads took: 0.0000982 seconds
2015-08-26T08:14:10.149-0200: 146616.436: Total time for which application threads were stopped: 0.0048499 seconds, Stopping threads took: 0.0045117 seconds
2015-08-26T08:14:10.151-0200: 146616.438: Total time for which application threads were stopped: 0.0018558 seconds, Stopping threads took: 0.0016622 seconds
2015-08-26T08:14:10.156-0200: 146616.444: Total time for which application threads were stopped: 0.0047798 seconds, Stopping threads took: 0.0026752 seconds
2015-08-26T08:14:10.227-0200: 146616.515: Total time for which application threads were stopped: 0.0061557 seconds, Stopping threads took: 0.0016503 seconds
2015-08-26T08:14:10.228-0200: 146616.515: Total time for which application threads were stopped: 0.0003027 seconds, Stopping threads took: 0.0000686 seconds
2015-08-26T08:14:10.229-0200: 146616.516: Total time for which application threads were stopped: 0.0002867 seconds, Stopping threads took: 0.0000994 seconds
2015-08-26T08:14:10.231-0200: 146616.518: Total time for which application threads were stopped: 0.0022200 seconds, Stopping threads took: 0.0020315 seconds
2015-08-26T08:14:11.240-0200: 146617.527: Total time for which application threads were stopped: 0.0006452 seconds, Stopping threads took: 0.0001087 seconds
2015-08-26T08:14:18.361-0200: 146624.649: Total time for which application threads were stopped: 0.0024938 seconds, Stopping threads took: 0.0021515 seconds
2015-08-26T08:14:18.894-0200: 146625.181: Total time for which application threads were stopped: 0.0040962 seconds, Stopping threads took: 0.0018328 seconds
2015-08-26T08:14:22.919-0200: 146629.207: Total time for which application threads were stopped: 0.0005801 seconds, Stopping threads took: 0.0000799 seconds
2015-08-26T08:14:23.950-0200: 146630.238: Total time for which application threads were stopped: 0.0003342 seconds, Stopping threads took: 0.0000613 seconds
2015-08-26T08:14:25.431-0200: 146631.718: Total time for which application threads were stopped: 0.0018618 seconds, Stopping threads took: 0.0012713 seconds
2015-08-26T08:14:25.435-0200: 146631.723: Total time for which application threads were stopped: 0.0019145 seconds, Stopping threads took: 0.0016219 seconds
2015-08-26T08:14:25.499-0200: 146631.787: Total time for which application threads were stopped: 0.0002707 seconds, Stopping threads took: 0.0000274 seconds
2015-08-26T08:14:25.985-0200: 146632.272: Total time for which application threads were stopped: 0.0007152 seconds, Stopping threads took: 0.0000425 seconds
2015-08-26T08:14:26.463-0200: 146632.751: Total time for which application threads were stopped: 0.0012998 seconds, Stopping threads took: 0.0000495 seconds
2015-08-26T08:14:26.468-0200: 146632.756: Total time for which application threads were stopped: 0.0040767 seconds, Stopping threads took: 0.0037777 seconds
2015-08-26T21:49:50.523-0200: 146659.637: Total time for which application threads were stopped: 25.8803175 seconds, Stopping threads took: 25.0671649 seconds
2015-08-26T21:49:51.142-0200: 146660.255: Total time for which application threads were stopped: 0.1312607 seconds, Stopping threads took: 0.0434116 seconds
2015-08-26T21:49:51.922-0200: 146661.035: Total time for which application threads were stopped: 0.0442077 seconds, Stopping threads took: 0.0437972 seconds
2015-08-26T21:49:53.920-0200: 146663.033: Total time for which application threads were stopped: 0.0269985 seconds, Stopping threads took: 0.0266757 seconds
2015-08-26T21:49:53.947-0200: 146663.061: Total time for which application threads were stopped: 0.0271904 seconds, Stopping threads took: 0.0268081 seconds
2015-08-26T21:49:54.082-0200: 146663.195: Total time for which application threads were stopped: 0.0659655 seconds, Stopping threads took: 0.0654520 seconds
2015-08-26T21:49:54.116-0200: 146663.230: Total time for which application threads were stopped: 0.0342555 seconds, Stopping threads took: 0.0186246 seconds
2015-08-26T21:49:54.134-0200: 146663.247: Total time for which application threads were stopped: 0.0165844 seconds, Stopping threads took: 0.0161795 seconds
2015-08-26T21:49:54.155-0200: 146663.268: Total time for which application threads were stopped: 0.0207438 seconds, Stopping threads took: 0.0203851 seconds
2015-08-26T21:49:54.181-0200: 146663.294: Total time for which application threads were stopped: 0.0251385 seconds, Stopping threads took: 0.0248934 seconds
2015-08-26T21:49:54.389-0200: 146663.503: Total time for which application threads were stopped: 0.0002221 seconds, Stopping threads took: 0.0000251 seconds
2015-08-26T21:49:56.835-0200: 146665.949: Total time for which application threads were stopped: 0.0002885 seconds, Stopping threads took: 0.0000243 seconds
2015-08-26T21:49:56.836-0200: 146665.949: Total time for which application threads were stopped: 0.0001544 seconds, Stopping threads took: 0.0000111 seconds
2015-08-26T21:49:57.506-0200: 146666.620: Total time for which application threads were stopped: 0.0014115 seconds, Stopping threads took: 0.0009947 seconds
2015-08-26T21:49:57.528-0200: 146666.642: Total time for which application threads were stopped: 0.0025940 seconds, Stopping threads took: 0.0000296 seconds
2015-08-26T21:50:00.582-0200: 146669.696: Total time for which application threads were stopped: 0.0042512 seconds, Stopping threads took: 0.0039456 seconds
2015-08-26T21:50:10.577-0200: 146679.691: Total time for which application threads were stopped: 0.0022164 seconds, Stopping threads took: 0.0018670 seconds
2015-08-26T21:50:10.590-0200: 146679.704: Total time for which application threads were stopped: 0.0003419 seconds, Stopping threads took: 0.0000579 seconds
2015-08-26T21:50:43.848-0200: 146712.963: Total time for which application threads were stopped: 0.0144641 seconds, Stopping threads took: 0.0005975 seconds
2015-08-26T21:52:57.861-0200: 146846.980: Total time for which application threads were stopped: 0.0049829 seconds, Stopping threads took: 0.0004329 seconds
2015-08-26T21:52:58.514-0200: 146847.632: Total time for which application threads were stopped: 0.0016751 seconds, Stopping threads took: 0.0000743 seconds
2015-08-26T21:52:58.515-0200: 146847.634: Total time for which application threads were stopped: 0.0003541 seconds, Stopping threads took: 0.0000537 seconds
2015-08-26T21:52:58.521-0200: 146847.639: Total time for which application threads were stopped: 0.0002848 seconds, Stopping threads took: 0.0000476 seconds
2015-08-26T21:52:58.547-0200: 146847.665: Total time for which application threads were stopped: 0.0017681 seconds, Stopping threads took: 0.0014618 seconds
2015-08-26T21:52:58.562-0200: 146847.681: Total time for which application threads were stopped: 0.0037012 seconds, Stopping threads took: 0.0028707 seconds
2015-08-26T21:52:58.589-0200: 146847.707: Total time for which application threads were stopped: 0.0014041 seconds, Stopping threads took: 0.0007978 seconds
2015-08-26T21:52:58.611-0200: 146847.730: Total time for which application threads were stopped: 0.0004093 seconds, Stopping threads took: 0.0000248 seconds
2015-08-26T21:53:16.752-0200: 146865.872: Total time for which application threads were stopped: 0.0078434 seconds, Stopping threads took: 0.0071989 seconds
2015-08-26T21:53:16.801-0200: 146865.920: Total time for which application threads were stopped: 0.0003025 seconds, Stopping threads took: 0.0000451 seconds
2015-08-26T21:53:16.831-0200: 146865.950: Total time for which application threads were stopped: 0.0003176 seconds, Stopping threads took: 0.0000505 seconds
2015-08-26T21:53:17.834-0200: 146866.954: Total time for which application threads were stopped: 0.0004957 seconds, Stopping threads took: 0.0001079 seconds
2015-08-26T21:55:47.861-0200: 147016.984: Total time for which application threads were stopped: 0.0056450 seconds, Stopping threads took: 0.0005040 seconds
2015-08-26T21:55:47.920-0200: 147017.043: Total time for which application threads were stopped: 0.0012910 seconds, Stopping threads took: 0.0009328 seconds
2015-08-26T21:58:28.023-0200: 147177.151: Total time for which application threads were stopped: 0.0065748 seconds, Stopping threads took: 0.0014189 seconds
2015-08-26T21:58:28.077-0200: 147177.205: Total time for which application threads were stopped: 0.0021767 seconds, Stopping threads took: 0.0015682 seconds
2015-08-26T22:03:28.410-0200: 147477.546: Total time for which application threads were stopped: 0.0071170 seconds, Stopping threads took: 0.0003348 seconds
2015-08-26T22:03:28.467-0200: 147477.604: Total time for which application threads were stopped: 0.0004789 seconds, Stopping threads took: 0.0000249 seconds
2015-08-26T22:03:28.524-0200: 147477.660: Total time for which application threads were stopped: 0.0030928 seconds, Stopping threads took: 0.0007364 seconds
2015-08-26T22:08:28.672-0200: 147777.816: Total time for which application threads were stopped: 0.0065270 seconds, Stopping threads took: 0.0004113 seconds
2015-08-26T22:08:28.726-0200: 147777.871: Total time for which application threads were stopped: 0.0005190 seconds, Stopping threads took: 0.0000259 seconds
2015-08-26T22:08:28.769-0200: 147777.913: Total time for which application threads were stopped: 0.0021124 seconds, Stopping threads took: 0.0015452 seconds
2015-08-26T22:13:28.929-0200: 148078.083: Total time for which application threads were stopped: 0.0043713 seconds, Stopping threads took: 0.0004964 seconds
2015-08-26T22:13:28.983-0200: 148078.136: Total time for which application threads were stopped: 0.0085217 seconds, Stopping threads took: 0.0004532 seconds
2015-08-26T22:18:26.899-0200: 148379.211: Total time for which application threads were stopped: 0.0036440 seconds, Stopping threads took: 0.0002885 seconds
2015-08-26T22:18:26.935-0200: 148379.248: Total time for which application threads were stopped: 0.0037946 seconds, Stopping threads took: 0.0032423 seconds
2015-08-26T22:23:27.147-0200: 148679.469: Total time for which application threads were stopped: 0.0037730 seconds, Stopping threads took: 0.0002998 seconds
2015-08-26T22:23:27.166-0200: 148679.488: Total time for which application threads were stopped: 0.0006614 seconds, Stopping threads took: 0.0000691 seconds
2015-08-26T22:28:27.383-0200: 148979.715: Total time for which application threads were stopped: 0.0061256 seconds, Stopping threads took: 0.0005833 seconds
2015-08-26T22:28:27.410-0200: 148979.741: Total time for which application threads were stopped: 0.0004223 seconds, Stopping threads took: 0.0000383 seconds
2015-08-26T22:33:27.662-0200: 149280.003: Total time for which application threads were stopped: 0.0036131 seconds, Stopping threads took: 0.0003020 seconds
2015-08-26T22:33:27.690-0200: 149280.031: Total time for which application threads were stopped: 0.0027640 seconds, Stopping threads took: 0.0021670 seconds
2015-08-26T22:38:28.771-0200: 149581.122: Total time for which application threads were stopped: 0.0040307 seconds, Stopping threads took: 0.0002860 seconds
2015-08-26T22:38:28.808-0200: 149581.159: Total time for which application threads were stopped: 0.0019372 seconds, Stopping threads took: 0.0013923 seconds
2015-08-26T22:43:29.041-0200: 149881.401: Total time for which application threads were stopped: 0.0086494 seconds, Stopping threads took: 0.0004388 seconds
2015-08-26T22:43:29.066-0200: 149881.427: Total time for which application threads were stopped: 0.0004372 seconds, Stopping threads took: 0.0000469 seconds
2015-08-26T22:48:29.414-0200: 150181.783: Total time for which application threads were stopped: 0.0057802 seconds, Stopping threads took: 0.0003198 seconds
2015-08-26T22:48:29.468-0200: 150181.837: Total time for which application threads were stopped: 0.0036516 seconds, Stopping threads took: 0.0000297 seconds
2015-08-26T22:53:29.673-0200: 150482.051: Total time for which application threads were stopped: 0.0112940 seconds, Stopping threads took: 0.0011106 seconds
2015-08-26T22:53:29.716-0200: 150482.093: Total time for which application threads were stopped: 0.0019549 seconds, Stopping threads took: 0.0015438 seconds
2015-08-26T22:58:30.936-0200: 150783.324: Total time for which application threads were stopped: 0.0094344 seconds, Stopping threads took: 0.0020074 seconds
2015-08-26T22:58:30.993-0200: 150783.379: Total time for which application threads were stopped: 0.0005394 seconds, Stopping threads took: 0.0000297 seconds
2015-08-26T23:04:01.264-0200: 151113.660: Total time for which application threads were stopped: 0.0437630 seconds, Stopping threads took: 0.0004754 seconds
2015-08-26T23:04:01.385-0200: 151113.781: Total time for which application threads were stopped: 0.0084450 seconds, Stopping threads took: 0.0000852 seconds
2015-08-26T23:09:31.502-0200: 151443.909: Total time for which application threads were stopped: 0.0134601 seconds, Stopping threads took: 0.0009040 seconds
2015-08-26T23:09:31.557-0200: 151443.961: Total time for which application threads were stopped: 0.0003372 seconds, Stopping threads took: 0.0000225 seconds
2015-08-27T00:23:30.130-0200: 151681.812: Total time for which application threads were stopped: 0.0348530 seconds, Stopping threads took: 0.0110619 seconds
2015-08-27T00:23:30.182-0200: 151681.864: Total time for which application threads were stopped: 0.0332451 seconds, Stopping threads took: 0.0328604 seconds
2015-08-27T00:23:30.222-0200: 151681.904: Total time for which application threads were stopped: 0.0240712 seconds, Stopping threads took: 0.0107964 seconds
2015-08-27T00:23:30.234-0200: 151681.916: Total time for which application threads were stopped: 0.0089577 seconds, Stopping threads took: 0.0085850 seconds
2015-08-27T00:23:31.200-0200: 151682.881: Total time for which application threads were stopped: 0.0022994 seconds, Stopping threads took: 0.0019506 seconds
2015-08-27T00:23:31.200-0200: 151682.882: Total time for which application threads were stopped: 0.0003760 seconds, Stopping threads took: 0.0000987 seconds
2015-08-27T00:23:31.216-0200: 151682.898: Total time for which application threads were stopped: 0.0088989 seconds, Stopping threads took: 0.0000215 seconds
2015-08-27T00:23:31.221-0200: 151682.903: Total time for which application threads were stopped: 0.0003137 seconds, Stopping threads took: 0.0000449 seconds
2015-08-27T00:23:31.239-0200: 151682.921: Total time for which application threads were stopped: 0.0068235 seconds, Stopping threads took: 0.0065129 seconds
2015-08-27T00:23:31.241-0200: 151682.923: Total time for which application threads were stopped: 0.0019780 seconds, Stopping threads took: 0.0017461 seconds
2015-08-27T00:23:31.247-0200: 151682.928: Total time for which application threads were stopped: 0.0002913 seconds, Stopping threads took: 0.0001045 seconds
2015-08-27T00:23:31.249-0200: 151682.931: Total time for which application threads were stopped: 0.0018597 seconds, Stopping threads took: 0.0016836 seconds
2015-08-27T00:23:31.249-0200: 151682.931: Total time for which application threads were stopped: 0.0002728 seconds, Stopping threads took: 0.0001490 seconds
2015-08-27T00:23:31.251-0200: 151682.933: Total time for which application threads were stopped: 0.0019805 seconds, Stopping threads took: 0.0000480 seconds
2015-08-27T00:23:31.254-0200: 151682.935: Total time for which application threads were stopped: 0.0021686 seconds, Stopping threads took: 0.0019466 seconds
2015-08-27T00:23:31.259-0200: 151682.940: Total time for which application threads were stopped: 0.0044316 seconds, Stopping threads took: 0.0041119 seconds
2015-08-27T00:23:31.266-0200: 151682.948: Total time for which application threads were stopped: 0.0022874 seconds, Stopping threads took: 0.0019426 seconds
2015-08-27T00:23:31.288-0200: 151682.970: Total time for which application threads were stopped: 0.0016799 seconds, Stopping threads took: 0.0000335 seconds
2015-08-27T00:23:31.288-0200: 151682.970: Total time for which application threads were stopped: 0.0002469 seconds, Stopping threads took: 0.0000132 seconds
2015-08-27T00:23:31.316-0200: 151682.998: Total time for which application threads were stopped: 0.0003139 seconds, Stopping threads took: 0.0000289 seconds
2015-08-27T00:23:31.321-0200: 151683.003: Total time for which application threads were stopped: 0.0006176 seconds, Stopping threads took: 0.0000373 seconds
2015-08-27T00:23:31.424-0200: 151683.106: Total time for which application threads were stopped: 0.0044637 seconds, Stopping threads took: 0.0041442 seconds
2015-08-27T00:23:31.425-0200: 151683.107: Total time for which application threads were stopped: 0.0003336 seconds, Stopping threads took: 0.0001060 seconds
2015-08-27T00:23:31.466-0200: 151683.148: Total time for which application threads were stopped: 0.0006572 seconds, Stopping threads took: 0.0000463 seconds
2015-08-27T20:05:02.459-0200: 151756.651: Total time for which application threads were stopped: 0.0103982 seconds, Stopping threads took: 0.0040379 seconds
2015-08-27T20:05:02.476-0200: 151756.668: Total time for which application threads were stopped: 0.0161259 seconds, Stopping threads took: 0.0109704 seconds
2015-08-27T20:05:02.481-0200: 151756.672: Total time for which application threads were stopped: 0.0036276 seconds, Stopping threads took: 0.0000655 seconds
2015-08-27T20:05:02.501-0200: 151756.692: Total time for which application threads were stopped: 0.0188714 seconds, Stopping threads took: 0.0185221 seconds
2015-08-27T20:05:02.514-0200: 151756.705: Total time for which application threads were stopped: 0.0113239 seconds, Stopping threads took: 0.0109565 seconds
2015-08-27T20:05:02.514-0200: 151756.706: Total time for which application threads were stopped: 0.0002167 seconds, Stopping threads took: 0.0000349 seconds
2015-08-27T20:05:02.525-0200: 151756.716: Total time for which application threads were stopped: 0.0100396 seconds, Stopping threads took: 0.0000784 seconds
2015-08-27T20:05:02.530-0200: 151756.722: Total time for which application threads were stopped: 0.0043986 seconds, Stopping threads took: 0.0040806 seconds
2015-08-27T20:05:02.546-0200: 151756.737: Total time for which application threads were stopped: 0.0017142 seconds, Stopping threads took: 0.0009000 seconds
2015-08-27T20:05:02.580-0200: 151756.771: Total time for which application threads were stopped: 0.0005118 seconds, Stopping threads took: 0.0000289 seconds
2015-08-27T20:05:02.580-0200: 151756.771: Total time for which application threads were stopped: 0.0001541 seconds, Stopping threads took: 0.0000115 seconds
2015-08-27T20:05:02.887-0200: 151757.078: Total time for which application threads were stopped: 0.0102114 seconds, Stopping threads took: 0.0000314 seconds
2015-08-27T20:05:02.952-0200: 151757.143: Total time for which application threads were stopped: 0.0261497 seconds, Stopping threads took: 0.0072191 seconds
2015-08-27T20:05:02.966-0200: 151757.157: Total time for which application threads were stopped: 0.0123511 seconds, Stopping threads took: 0.0118318 seconds
2015-08-27T20:05:02.973-0200: 151757.164: Total time for which application threads were stopped: 0.0024480 seconds, Stopping threads took: 0.0019372 seconds
2015-08-27T20:05:03.065-0200: 151757.257: Total time for which application threads were stopped: 0.0080158 seconds, Stopping threads took: 0.0035638 seconds
2015-08-27T20:05:33.042-0200: 151787.234: Total time for which application threads were stopped: 0.0037521 seconds, Stopping threads took: 0.0003484 seconds
2015-08-27T20:06:09.034-0200: 151823.227: Total time for which application threads were stopped: 0.0031591 seconds, Stopping threads took: 0.0003463 seconds
2015-08-27T20:06:09.054-0200: 151823.248: Total time for which application threads were stopped: 0.0051021 seconds, Stopping threads took: 0.0048049 seconds
2015-08-27T20:08:04.430-0200: 151938.627: Total time for which application threads were stopped: 0.0034004 seconds, Stopping threads took: 0.0003951 seconds
2015-08-27T20:09:23.935-0200: 152018.134: Total time for which application threads were stopped: 0.0003684 seconds, Stopping threads took: 0.0000244 seconds
2015-08-27T20:12:04.098-0200: 152178.301: Total time for which application threads were stopped: 0.0055876 seconds, Stopping threads took: 0.0000536 seconds
2015-08-27T20:17:04.386-0200: 152478.599: Total time for which application threads were stopped: 0.0056323 seconds, Stopping threads took: 0.0004123 seconds
2015-08-27T20:22:01.311-0200: 152778.932: Total time for which application threads were stopped: 0.0124173 seconds, Stopping threads took: 0.0040263 seconds
2015-08-27T20:27:01.586-0200: 153079.218: Total time for which application threads were stopped: 0.0012422 seconds, Stopping threads took: 0.0000410 seconds
2015-08-27T20:32:03.042-0200: 153380.683: Total time for which application threads were stopped: 0.0059579 seconds, Stopping threads took: 0.0004353 seconds
2015-08-27T20:37:03.329-0200: 153680.981: Total time for which application threads were stopped: 0.0040542 seconds, Stopping threads took: 0.0004362 seconds
2015-08-27T20:42:03.594-0200: 153981.255: Total time for which application threads were stopped: 0.0002868 seconds, Stopping threads took: 0.0000254 seconds
{Heap before GC invocations=88 (full 1):
 par new generation   total 109248K, used 92193K [0x000000011d400000, 0x0000000125400000, 0x0000000125400000)
  eden space 87424K, 100% used [0x000000011d400000, 0x0000000122960000, 0x0000000122960000)
  from space 21824K,  21% used [0x0000000122960000, 0x0000000122e087f8, 0x0000000123eb0000)
  to   space 21824K,   0% used [0x0000000123eb0000, 0x0000000123eb0000, 0x0000000125400000)
 concurrent mark-sweep generation total 393216K, used 41766K [0x0000000125400000, 0x000000013d400000, 0x000000013d400000)
 Metaspace       used 36486K, capacity 37034K, committed 37156K, reserved 1083392K
  class space    used 3987K, capacity 4130K, committed 4172K, reserved 1048576K
2015-08-27T20:42:43.882-0200: 154021.545: [GC (Allocation Failure) 154021.547: [ParNew
Desired survivor size 20112992 bytes, new threshold 8 (max 8)
- age   1:     495712 bytes,     495712 total
- age   2:      16520 bytes,     512232 total
- age   3:       6008 bytes,     518240 total
- age   4:      76816 bytes,     595056 total
- age   5:      40744 bytes,     635800 total
- age   6:      35632 bytes,     671432 total
- age   7:      56104 bytes,     727536 total
- age   8:     805352 bytes,    1532888 total
: 92193K->3244K(109248K), 0.1396606 secs] 133960K->47081K(502464K), 0.1414733 secs] [Times: user=0.05 sys=0.12, real=0.14 secs] 
Heap after GC invocations=89 (full 1):
 par new generation   total 109248K, used 3244K [0x000000011d400000, 0x0000000125400000, 0x0000000125400000)
  eden space 87424K,   0% used [0x000000011d400000, 0x000000011d400000, 0x0000000122960000)
  from space 21824K,  14% used [0x0000000123eb0000, 0x00000001241db160, 0x0000000125400000)
  to   space 21824K,   0% used [0x0000000122960000, 0x0000000122960000, 0x0000000123eb0000)
 concurrent mark-sweep generation total 393216K, used 43836K [0x0000000125400000, 0x000000013d400000, 0x000000013d400000)
 Metaspace       used 36486K, capacity 37034K, committed 37156K, reserved 1083392K
  class space    used 3987K, capacity 4130K, committed 4172K, reserved 1048576K
}
2015-08-27T20:42:44.026-0200: 154021.689: Total time for which application threads were stopped: 0.1517903 seconds, Stopping threads took: 0.0006412 seconds
2015-08-27T20:47:03.935-0200: 154281.606: Total time for which application threads were stopped: 0.0093503 seconds, Stopping threads took: 0.0008712 seconds
2015-08-27T20:52:04.983-0200: 154582.663: Total time for which application threads were stopped: 0.0116275 seconds, Stopping threads took: 0.0023765 seconds
2015-08-27T20:57:05.288-0200: 154882.977: Total time for which application threads were stopped: 0.0173589 seconds, Stopping threads took: 0.0004126 seconds
2015-08-27T21:02:05.843-0200: 155183.540: Total time for which application threads were stopped: 0.0062762 seconds, Stopping threads took: 0.0005413 seconds
2015-08-27T22:06:58.762-0200: 155483.539: Total time for which application threads were stopped: 0.0329679 seconds, Stopping threads took: 0.0218976 seconds
2015-08-27T22:06:58.785-0200: 155483.562: Total time for which application threads were stopped: 0.0083458 seconds, Stopping threads took: 0.0001491 seconds
2015-08-27T22:06:58.793-0200: 155483.570: Total time for which application threads were stopped: 0.0016107 seconds, Stopping threads took: 0.0013175 seconds
2015-08-27T22:06:59.185-0200: 155483.963: Total time for which application threads were stopped: 0.0073001 seconds, Stopping threads took: 0.0032833 seconds
2015-08-27T22:06:59.212-0200: 155483.989: Total time for which application threads were stopped: 0.0200465 seconds, Stopping threads took: 0.0131097 seconds
2015-08-27T22:06:59.213-0200: 155483.990: Total time for which application threads were stopped: 0.0004429 seconds, Stopping threads took: 0.0001348 seconds
2015-08-27T22:06:59.217-0200: 155483.994: Total time for which application threads were stopped: 0.0004355 seconds, Stopping threads took: 0.0001758 seconds
2015-08-27T22:06:59.218-0200: 155483.995: Total time for which application threads were stopped: 0.0004042 seconds, Stopping threads took: 0.0001289 seconds
2015-08-27T22:06:59.224-0200: 155484.001: Total time for which application threads were stopped: 0.0057011 seconds, Stopping threads took: 0.0053686 seconds
2015-08-27T22:06:59.228-0200: 155484.006: Total time for which application threads were stopped: 0.0043036 seconds, Stopping threads took: 0.0040440 seconds
2015-08-27T22:06:59.243-0200: 155484.020: Total time for which application threads were stopped: 0.0014135 seconds, Stopping threads took: 0.0011527 seconds
2015-08-27T22:06:59.256-0200: 155484.033: Total time for which application threads were stopped: 0.0031261 seconds, Stopping threads took: 0.0008102 seconds
2015-08-27T22:06:59.268-0200: 155484.045: Total time for which application threads were stopped: 0.0002390 seconds, Stopping threads took: 0.0000236 seconds
2015-08-27T22:06:59.282-0200: 155484.059: Total time for which application threads were stopped: 0.0015943 seconds, Stopping threads took: 0.0011902 seconds
2015-08-27T22:06:59.282-0200: 155484.059: Total time for which application threads were stopped: 0.0001525 seconds, Stopping threads took: 0.0000158 seconds
2015-08-27T22:06:59.310-0200: 155484.088: Total time for which application threads were stopped: 0.0002500 seconds, Stopping threads took: 0.0000606 seconds
2015-08-27T22:06:59.398-0200: 155484.175: Total time for which application threads were stopped: 0.0076023 seconds, Stopping threads took: 0.0038041 seconds
2015-08-27T22:06:59.465-0200: 155484.242: Total time for which application threads were stopped: 0.0040832 seconds, Stopping threads took: 0.0037025 seconds
2015-08-27T22:06:59.478-0200: 155484.255: Total time for which application threads were stopped: 0.0004896 seconds, Stopping threads took: 0.0001730 seconds
2015-08-27T22:06:59.494-0200: 155484.272: Total time for which application threads were stopped: 0.0047554 seconds, Stopping threads took: 0.0016169 seconds
2015-08-27T22:06:59.501-0200: 155484.278: Total time for which application threads were stopped: 0.0055689 seconds, Stopping threads took: 0.0019459 seconds
2015-08-27T22:06:59.605-0200: 155484.382: Total time for which application threads were stopped: 0.0002926 seconds, Stopping threads took: 0.0000394 seconds
2015-08-27T22:06:59.612-0200: 155484.389: Total time for which application threads were stopped: 0.0040355 seconds, Stopping threads took: 0.0038082 seconds
2015-08-27T22:06:59.614-0200: 155484.392: Total time for which application threads were stopped: 0.0002758 seconds, Stopping threads took: 0.0000427 seconds
2015-08-27T23:07:46.483-0200: 155538.853: Total time for which application threads were stopped: 0.0064298 seconds, Stopping threads took: 0.0059583 seconds
2015-08-27T23:07:46.483-0200: 155538.853: Total time for which application threads were stopped: 0.0002637 seconds, Stopping threads took: 0.0000730 seconds
2015-08-27T23:07:46.483-0200: 155538.853: Total time for which application threads were stopped: 0.0002132 seconds, Stopping threads took: 0.0000565 seconds
2015-08-27T23:07:46.484-0200: 155538.854: Total time for which application threads were stopped: 0.0002114 seconds, Stopping threads took: 0.0000420 seconds
2015-08-27T23:07:46.490-0200: 155538.860: Total time for which application threads were stopped: 0.0041184 seconds, Stopping threads took: 0.0038177 seconds
2015-08-27T23:07:46.491-0200: 155538.861: Total time for which application threads were stopped: 0.0002880 seconds, Stopping threads took: 0.0000393 seconds
2015-08-27T23:07:46.491-0200: 155538.861: Total time for which application threads were stopped: 0.0002655 seconds, Stopping threads took: 0.0000774 seconds
2015-08-27T23:07:46.492-0200: 155538.862: Total time for which application threads were stopped: 0.0002725 seconds, Stopping threads took: 0.0000457 seconds
2015-08-27T23:07:46.492-0200: 155538.863: Total time for which application threads were stopped: 0.0002271 seconds, Stopping threads took: 0.0000150 seconds
2015-08-27T23:07:46.493-0200: 155538.863: Total time for which application threads were stopped: 0.0001991 seconds, Stopping threads took: 0.0000139 seconds
2015-08-27T23:07:46.493-0200: 155538.864: Total time for which application threads were stopped: 0.0001571 seconds, Stopping threads took: 0.0000103 seconds
2015-08-27T23:07:46.569-0200: 155538.939: Total time for which application threads were stopped: 0.0002521 seconds, Stopping threads took: 0.0000235 seconds
2015-08-27T23:07:46.579-0200: 155538.949: Total time for which application threads were stopped: 0.0038420 seconds, Stopping threads took: 0.0036300 seconds
2015-08-27T23:07:46.586-0200: 155538.956: Total time for which application threads were stopped: 0.0002200 seconds, Stopping threads took: 0.0000362 seconds
2015-08-27T23:21:32.518-0200: 155602.765: Total time for which application threads were stopped: 0.0248145 seconds, Stopping threads took: 0.0170580 seconds
2015-08-27T23:21:32.520-0200: 155602.767: Total time for which application threads were stopped: 0.0006269 seconds, Stopping threads took: 0.0000764 seconds
2015-08-27T23:21:33.210-0200: 155603.457: Total time for which application threads were stopped: 0.0005851 seconds, Stopping threads took: 0.0002010 seconds
2015-08-27T23:21:33.214-0200: 155603.461: Total time for which application threads were stopped: 0.0031011 seconds, Stopping threads took: 0.0001400 seconds
2015-08-27T23:21:33.214-0200: 155603.461: Total time for which application threads were stopped: 0.0003038 seconds, Stopping threads took: 0.0000461 seconds
2015-08-27T23:21:33.216-0200: 155603.463: Total time for which application threads were stopped: 0.0002883 seconds, Stopping threads took: 0.0000421 seconds
2015-08-27T23:21:33.231-0200: 155603.478: Total time for which application threads were stopped: 0.0059806 seconds, Stopping threads took: 0.0056985 seconds
2015-08-27T23:21:33.236-0200: 155603.483: Total time for which application threads were stopped: 0.0005090 seconds, Stopping threads took: 0.0000840 seconds
2015-08-27T23:21:33.290-0200: 155603.537: Total time for which application threads were stopped: 0.0004223 seconds, Stopping threads took: 0.0000292 seconds
2015-08-27T23:21:33.290-0200: 155603.537: Total time for which application threads were stopped: 0.0002082 seconds, Stopping threads took: 0.0000189 seconds
2015-08-27T23:21:33.309-0200: 155603.556: Total time for which application threads were stopped: 0.0002685 seconds, Stopping threads took: 0.0000254 seconds
2015-08-29T09:37:27.845-0200: 155647.112: Total time for which application threads were stopped: 0.0096996 seconds, Stopping threads took: 0.0067089 seconds
2015-08-29T09:37:27.951-0200: 155647.218: Total time for which application threads were stopped: 0.0059172 seconds, Stopping threads took: 0.0053958 seconds
2015-08-29T09:37:27.963-0200: 155647.230: Total time for which application threads were stopped: 0.0111246 seconds, Stopping threads took: 0.0106925 seconds
2015-08-29T10:48:05.356-0200: 155683.344: Total time for which application threads were stopped: 0.1832822 seconds, Stopping threads took: 0.1829226 seconds
2015-08-29T10:48:05.369-0200: 155683.356: Total time for which application threads were stopped: 0.0002965 seconds, Stopping threads took: 0.0000467 seconds
2015-08-29T10:48:05.369-0200: 155683.357: Total time for which application threads were stopped: 0.0002071 seconds, Stopping threads took: 0.0000519 seconds
2015-08-29T10:48:05.974-0200: 155683.962: Total time for which application threads were stopped: 0.0049886 seconds, Stopping threads took: 0.0046983 seconds
2015-08-29T10:48:06.038-0200: 155684.026: Total time for which application threads were stopped: 0.0060454 seconds, Stopping threads took: 0.0000940 seconds
2015-08-29T10:48:06.060-0200: 155684.048: Total time for which application threads were stopped: 0.0002391 seconds, Stopping threads took: 0.0000192 seconds
2015-08-29T10:48:06.504-0200: 155684.492: Total time for which application threads were stopped: 0.0003422 seconds, Stopping threads took: 0.0000236 seconds
2015-08-29T10:48:06.527-0200: 155684.515: Total time for which application threads were stopped: 0.0004939 seconds, Stopping threads took: 0.0000409 seconds
2015-08-29T10:48:09.039-0200: 155687.027: Total time for which application threads were stopped: 0.0004308 seconds, Stopping threads took: 0.0000949 seconds
2015-08-29T10:48:09.046-0200: 155687.034: Total time for which application threads were stopped: 0.0047058 seconds, Stopping threads took: 0.0023822 seconds
2015-08-29T10:48:09.093-0200: 155687.081: Total time for which application threads were stopped: 0.0003811 seconds, Stopping threads took: 0.0000315 seconds
2015-08-29T10:48:09.096-0200: 155687.084: Total time for which application threads were stopped: 0.0002689 seconds, Stopping threads took: 0.0000529 seconds
2015-08-29T10:48:09.096-0200: 155687.084: Total time for which application threads were stopped: 0.0002214 seconds, Stopping threads took: 0.0000549 seconds
2015-08-29T22:13:41.448-0200: 155706.186: Total time for which application threads were stopped: 0.2771973 seconds, Stopping threads took: 0.1126932 seconds
2015-08-29T22:13:41.461-0200: 155706.199: Total time for which application threads were stopped: 0.0118519 seconds, Stopping threads took: 0.0114467 seconds
2015-08-29T22:13:41.584-0200: 155706.322: Total time for which application threads were stopped: 0.0723879 seconds, Stopping threads took: 0.0562729 seconds
2015-08-29T22:13:42.114-0200: 155706.852: Total time for which application threads were stopped: 0.0429876 seconds, Stopping threads took: 0.0424518 seconds
2015-08-29T22:13:42.194-0200: 155706.932: Total time for which application threads were stopped: 0.0670245 seconds, Stopping threads took: 0.0433464 seconds
2015-08-29T22:13:42.276-0200: 155707.014: Total time for which application threads were stopped: 0.0785734 seconds, Stopping threads took: 0.0460119 seconds
2015-08-29T22:13:42.329-0200: 155707.067: Total time for which application threads were stopped: 0.0326368 seconds, Stopping threads took: 0.0143925 seconds
2015-08-29T22:13:42.367-0200: 155707.105: Total time for which application threads were stopped: 0.0369054 seconds, Stopping threads took: 0.0364512 seconds
2015-08-29T22:13:42.385-0200: 155707.123: Total time for which application threads were stopped: 0.0180492 seconds, Stopping threads took: 0.0177884 seconds
2015-08-29T22:13:42.484-0200: 155707.222: Total time for which application threads were stopped: 0.0102883 seconds, Stopping threads took: 0.0100092 seconds
2015-08-29T22:13:42.532-0200: 155707.270: Total time for which application threads were stopped: 0.0355978 seconds, Stopping threads took: 0.0341373 seconds
2015-08-29T22:13:42.533-0200: 155707.270: Total time for which application threads were stopped: 0.0003331 seconds, Stopping threads took: 0.0000570 seconds
2015-08-29T22:13:42.533-0200: 155707.271: Total time for which application threads were stopped: 0.0002708 seconds, Stopping threads took: 0.0000371 seconds
2015-08-29T22:13:42.571-0200: 155707.309: Total time for which application threads were stopped: 0.0368785 seconds, Stopping threads took: 0.0365446 seconds
2015-08-29T22:13:43.172-0200: 155707.910: Total time for which application threads were stopped: 0.0005038 seconds, Stopping threads took: 0.0000400 seconds
2015-08-29T22:13:43.284-0200: 155708.022: Total time for which application threads were stopped: 0.0031481 seconds, Stopping threads took: 0.0028386 seconds
2015-08-29T22:13:43.285-0200: 155708.022: Total time for which application threads were stopped: 0.0001623 seconds, Stopping threads took: 0.0000386 seconds
2015-08-29T22:13:44.061-0200: 155708.798: Total time for which application threads were stopped: 0.0071688 seconds, Stopping threads took: 0.0066017 seconds
2015-08-29T22:13:44.492-0200: 155709.230: Total time for which application threads were stopped: 0.0016834 seconds, Stopping threads took: 0.0013906 seconds
2015-08-29T22:13:44.585-0200: 155709.322: Total time for which application threads were stopped: 0.0052788 seconds, Stopping threads took: 0.0000270 seconds
2015-08-29T22:13:44.608-0200: 155709.346: Total time for which application threads were stopped: 0.0081197 seconds, Stopping threads took: 0.0038463 seconds
2015-08-29T22:13:44.867-0200: 155709.605: [GC (CMS Initial Mark) [1 CMS-initial-mark: 43836K(393216K)] 73050K(502464K), 0.3929902 secs] [Times: user=0.03 sys=0.12, real=0.40 secs] 
2015-08-29T22:13:45.261-0200: 155709.999: Total time for which application threads were stopped: 0.3948668 seconds, Stopping threads took: 0.0000301 seconds
2015-08-29T22:13:45.261-0200: 155709.999: [CMS-concurrent-mark-start]
2015-08-29T22:13:46.114-0200: 155710.852: Total time for which application threads were stopped: 0.0054516 seconds, Stopping threads took: 0.0001173 seconds
2015-08-29T22:13:46.207-0200: 155710.945: Total time for which application threads were stopped: 0.0040551 seconds, Stopping threads took: 0.0037692 seconds
2015-08-29T22:13:46.603-0200: 155711.341: [CMS-concurrent-mark: 1.316/1.326 secs] [Times: user=0.10 sys=0.35, real=1.34 secs] 
2015-08-29T22:13:46.603-0200: 155711.341: [CMS-concurrent-preclean-start]
2015-08-29T22:13:46.605-0200: 155711.343: [CMS-concurrent-preclean: 0.002/0.002 secs] [Times: user=0.00 sys=0.00, real=0.00 secs] 
2015-08-29T22:13:46.605-0200: 155711.343: [CMS-concurrent-abortable-preclean-start]
 CMS: abort preclean due to time 2015-08-29T22:13:52.607-0200: 155717.346: [CMS-concurrent-abortable-preclean: 0.642/6.002 secs] [Times: user=0.63 sys=0.02, real=6.00 secs] 
2015-08-29T22:13:52.608-0200: 155717.346: [GC (CMS Final Remark) [YG occupancy: 30841 K (109248 K)]{Heap before GC invocations=89 (full 2):
 par new generation   total 109248K, used 30841K [0x000000011d400000, 0x0000000125400000, 0x0000000125400000)
  eden space 87424K,  31% used [0x000000011d400000, 0x000000011eef32b0, 0x0000000122960000)
  from space 21824K,  14% used [0x0000000123eb0000, 0x00000001241db160, 0x0000000125400000)
  to   space 21824K,   0% used [0x0000000122960000, 0x0000000122960000, 0x0000000123eb0000)
 concurrent mark-sweep generation total 393216K, used 43836K [0x0000000125400000, 0x000000013d400000, 0x000000013d400000)
 Metaspace       used 36493K, capacity 37098K, committed 37412K, reserved 1083392K
  class space    used 3987K, capacity 4130K, committed 4172K, reserved 1048576K
2015-08-29T22:13:52.609-0200: 155717.347: [GC (CMS Final Remark) 155717.347: [ParNew
Desired survivor size 20112992 bytes, new threshold 8 (max 8)
- age   1:     376128 bytes,     376128 total
- age   2:       4520 bytes,     380648 total
- age   3:      14552 bytes,     395200 total
- age   4:       6008 bytes,     401208 total
- age   5:      76304 bytes,     477512 total
- age   6:      40744 bytes,     518256 total
- age   7:      35632 bytes,     553888 total
- age   8:      56104 bytes,     609992 total
: 30841K->1364K(109248K), 0.0310136 secs] 74677K->45999K(502464K), 0.0310975 secs] [Times: user=0.04 sys=0.02, real=0.04 secs] 
Heap after GC invocations=90 (full 2):
 par new generation   total 109248K, used 1364K [0x000000011d400000, 0x0000000125400000, 0x0000000125400000)
  eden space 87424K,   0% used [0x000000011d400000, 0x000000011d400000, 0x0000000122960000)
  from space 21824K,   6% used [0x0000000122960000, 0x0000000122ab52c0, 0x0000000123eb0000)
  to   space 21824K,   0% used [0x0000000123eb0000, 0x0000000123eb0000, 0x0000000125400000)
 concurrent mark-sweep generation total 393216K, used 44634K [0x0000000125400000, 0x000000013d400000, 0x000000013d400000)
 Metaspace       used 36493K, capacity 37098K, committed 37412K, reserved 1083392K
  class space    used 3987K, capacity 4130K, committed 4172K, reserved 1048576K
}
155717.378: [Rescan (parallel) , 0.0025935 secs]155717.380: [weak refs processing, 0.0012449 secs]155717.382: [class unloading, 2.9320660 secs]155720.314: [scrub symbol table, 0.5289688 secs]155720.843: [scrub string table, 0.0011908 secs][1 CMS-remark: 44634K(393216K)] 45999K(502464K), 3.5182566 secs] [Times: user=0.11 sys=0.36, real=3.52 secs] 
2015-08-29T22:13:56.126-0200: 155720.864: Total time for which application threads were stopped: 3.5185628 seconds, Stopping threads took: 0.0000263 seconds
2015-08-29T22:13:56.126-0200: 155720.864: [CMS-concurrent-sweep-start]
2015-08-29T22:13:56.251-0200: 155720.990: Total time for which application threads were stopped: 0.0014466 seconds, Stopping threads took: 0.0002689 seconds
2015-08-29T22:13:56.252-0200: 155720.990: Total time for which application threads were stopped: 0.0003052 seconds, Stopping threads took: 0.0000180 seconds
2015-08-29T22:13:56.252-0200: 155720.991: Total time for which application threads were stopped: 0.0002626 seconds, Stopping threads took: 0.0000395 seconds
2015-08-29T22:13:56.272-0200: 155721.010: Total time for which application threads were stopped: 0.0003435 seconds, Stopping threads took: 0.0000331 seconds
2015-08-29T22:13:56.272-0200: 155721.011: Total time for which application threads were stopped: 0.0003409 seconds, Stopping threads took: 0.0000154 seconds
2015-08-29T22:13:56.274-0200: 155721.012: Total time for which application threads were stopped: 0.0004315 seconds, Stopping threads took: 0.0000264 seconds
2015-08-29T22:13:56.581-0200: 155721.319: [CMS-concurrent-sweep: 0.451/0.454 secs] [Times: user=0.08 sys=0.07, real=0.46 secs] 
2015-08-29T22:13:56.584-0200: 155721.322: [CMS-concurrent-reset-start]
2015-08-29T22:13:56.615-0200: 155721.354: [CMS-concurrent-reset: 0.031/0.031 secs] [Times: user=0.00 sys=0.01, real=0.03 secs] 
2015-08-29T22:13:57.283-0200: 155722.021: Total time for which application threads were stopped: 0.0045717 seconds, Stopping threads took: 0.0000350 seconds
2015-08-29T22:14:11.332-0200: 155736.071: Total time for which application threads were stopped: 0.0097108 seconds, Stopping threads took: 0.0005791 seconds
2015-08-29T22:14:13.338-0200: 155738.077: Total time for which application threads were stopped: 0.0002549 seconds, Stopping threads took: 0.0000352 seconds
2015-08-29T22:14:22.373-0200: 155747.112: Total time for which application threads were stopped: 0.0003049 seconds, Stopping threads took: 0.0000342 seconds
2015-08-29T22:14:26.258-0200: 155750.997: Total time for which application threads were stopped: 0.0002770 seconds, Stopping threads took: 0.0000222 seconds
2015-08-29T22:14:26.280-0200: 155751.019: Total time for which application threads were stopped: 0.0002062 seconds, Stopping threads took: 0.0000215 seconds
2015-08-29T22:14:36.276-0200: 155761.015: Total time for which application threads were stopped: 0.0004468 seconds, Stopping threads took: 0.0001636 seconds
2015-08-29T22:14:36.294-0200: 155761.033: Total time for which application threads were stopped: 0.0005301 seconds, Stopping threads took: 0.0000554 seconds
2015-08-29T22:14:36.295-0200: 155761.034: Total time for which application threads were stopped: 0.0005305 seconds, Stopping threads took: 0.0001659 seconds
2015-08-29T22:14:36.296-0200: 155761.036: Total time for which application threads were stopped: 0.0003348 seconds, Stopping threads took: 0.0000299 seconds
2015-08-29T22:14:36.298-0200: 155761.038: Total time for which application threads were stopped: 0.0003619 seconds, Stopping threads took: 0.0000739 seconds
2015-08-29T22:14:36.299-0200: 155761.038: Total time for which application threads were stopped: 0.0002834 seconds, Stopping threads took: 0.0000420 seconds
2015-08-29T22:14:36.303-0200: 155761.042: Total time for which application threads were stopped: 0.0017899 seconds, Stopping threads took: 0.0000267 seconds
2015-08-29T22:14:36.303-0200: 155761.042: Total time for which application threads were stopped: 0.0002592 seconds, Stopping threads took: 0.0000321 seconds
2015-08-29T22:14:36.309-0200: 155761.049: Total time for which application threads were stopped: 0.0004451 seconds, Stopping threads took: 0.0001512 seconds
2015-08-29T22:14:36.318-0200: 155761.057: Total time for which application threads were stopped: 0.0003863 seconds, Stopping threads took: 0.0001513 seconds
2015-08-29T22:14:43.215-0200: 155767.954: Total time for which application threads were stopped: 0.0007856 seconds, Stopping threads took: 0.0000505 seconds
2015-08-29T22:14:43.225-0200: 155767.965: Total time for which application threads were stopped: 0.0103608 seconds, Stopping threads took: 0.0090045 seconds
2015-08-29T22:14:43.232-0200: 155767.972: Total time for which application threads were stopped: 0.0003278 seconds, Stopping threads took: 0.0000307 seconds
2015-08-29T22:14:43.244-0200: 155767.984: Total time for which application threads were stopped: 0.0004582 seconds, Stopping threads took: 0.0000279 seconds
2015-08-29T22:14:43.246-0200: 155767.985: Total time for which application threads were stopped: 0.0003665 seconds, Stopping threads took: 0.0001184 seconds
2015-08-29T22:14:43.259-0200: 155767.999: Total time for which application threads were stopped: 0.0007083 seconds, Stopping threads took: 0.0000597 seconds
2015-08-29T22:14:43.260-0200: 155768.000: Total time for which application threads were stopped: 0.0005499 seconds, Stopping threads took: 0.0000469 seconds
2015-08-29T22:14:43.262-0200: 155768.001: Total time for which application threads were stopped: 0.0005694 seconds, Stopping threads took: 0.0000455 seconds
2015-08-29T22:14:43.262-0200: 155768.002: Total time for which application threads were stopped: 0.0003816 seconds, Stopping threads took: 0.0000326 seconds
2015-08-29T22:14:43.265-0200: 155768.004: Total time for which application threads were stopped: 0.0004037 seconds, Stopping threads took: 0.0001343 seconds
2015-08-29T22:14:43.273-0200: 155768.013: Total time for which application threads were stopped: 0.0006806 seconds, Stopping threads took: 0.0000256 seconds
2015-08-29T22:14:43.275-0200: 155768.014: Total time for which application threads were stopped: 0.0002825 seconds, Stopping threads took: 0.0000403 seconds
2015-08-29T22:14:43.278-0200: 155768.018: Total time for which application threads were stopped: 0.0003557 seconds, Stopping threads took: 0.0001683 seconds
2015-08-29T22:14:46.308-0200: 155771.047: Total time for which application threads were stopped: 0.0003323 seconds, Stopping threads took: 0.0000491 seconds
2015-08-29T22:14:46.324-0200: 155771.064: Total time for which application threads were stopped: 0.0003178 seconds, Stopping threads took: 0.0000420 seconds
2015-08-29T22:14:56.342-0200: 155781.082: Total time for which application threads were stopped: 0.0004548 seconds, Stopping threads took: 0.0000540 seconds
2015-08-29T22:14:56.343-0200: 155781.082: Total time for which application threads were stopped: 0.0002438 seconds, Stopping threads took: 0.0000132 seconds
2015-08-29T22:14:56.343-0200: 155781.083: Total time for which application threads were stopped: 0.0001756 seconds, Stopping threads took: 0.0000135 seconds
2015-08-29T22:14:56.354-0200: 155781.094: Total time for which application threads were stopped: 0.0003979 seconds, Stopping threads took: 0.0000235 seconds
2015-08-29T22:14:56.359-0200: 155781.099: Total time for which application threads were stopped: 0.0039267 seconds, Stopping threads took: 0.0035989 seconds
2015-08-29T22:14:56.360-0200: 155781.100: Total time for which application threads were stopped: 0.0003911 seconds, Stopping threads took: 0.0000262 seconds
2015-08-29T22:14:56.454-0200: 155781.194: Total time for which application threads were stopped: 0.0003860 seconds, Stopping threads took: 0.0000959 seconds
2015-08-29T22:14:57.407-0200: 155782.147: Total time for which application threads were stopped: 0.0002164 seconds, Stopping threads took: 0.0000265 seconds
2015-08-29T22:15:06.462-0200: 155791.202: Total time for which application threads were stopped: 0.0002998 seconds, Stopping threads took: 0.0000275 seconds
2015-08-29T22:15:06.466-0200: 155791.206: Total time for which application threads were stopped: 0.0003651 seconds, Stopping threads took: 0.0000379 seconds
2015-08-29T22:15:06.466-0200: 155791.207: Total time for which application threads were stopped: 0.0002454 seconds, Stopping threads took: 0.0000170 seconds
2015-08-29T22:15:06.467-0200: 155791.207: Total time for which application threads were stopped: 0.0003135 seconds, Stopping threads took: 0.0000870 seconds
2015-08-29T22:15:06.498-0200: 155791.238: Total time for which application threads were stopped: 0.0001912 seconds, Stopping threads took: 0.0000182 seconds
2015-08-29T22:15:07.415-0200: 155792.156: Total time for which application threads were stopped: 0.0002916 seconds, Stopping threads took: 0.0000291 seconds
2015-08-29T22:15:07.417-0200: 155792.157: Total time for which application threads were stopped: 0.0002622 seconds, Stopping threads took: 0.0000510 seconds
2015-08-29T22:15:07.417-0200: 155792.158: Total time for which application threads were stopped: 0.0001786 seconds, Stopping threads took: 0.0000187 seconds
2015-08-29T22:15:07.418-0200: 155792.158: Total time for which application threads were stopped: 0.0001558 seconds, Stopping threads took: 0.0000121 seconds
2015-08-29T22:15:07.426-0200: 155792.166: Total time for which application threads were stopped: 0.0048817 seconds, Stopping threads took: 0.0002009 seconds
2015-08-29T22:15:07.427-0200: 155792.167: Total time for which application threads were stopped: 0.0002176 seconds, Stopping threads took: 0.0000203 seconds
2015-08-29T22:15:26.512-0200: 155811.253: Total time for which application threads were stopped: 0.0005903 seconds, Stopping threads took: 0.0000920 seconds
2015-08-29T22:15:26.514-0200: 155811.255: Total time for which application threads were stopped: 0.0003670 seconds, Stopping threads took: 0.0000661 seconds
2015-08-29T22:15:26.515-0200: 155811.256: Total time for which application threads were stopped: 0.0007888 seconds, Stopping threads took: 0.0000227 seconds
2015-08-29T22:15:26.516-0200: 155811.257: Total time for which application threads were stopped: 0.0003050 seconds, Stopping threads took: 0.0000243 seconds
2015-08-29T22:15:26.840-0200: 155811.580: Total time for which application threads were stopped: 0.0002602 seconds, Stopping threads took: 0.0000242 seconds
2015-08-29T22:15:27.445-0200: 155812.186: Total time for which application threads were stopped: 0.0002546 seconds, Stopping threads took: 0.0000288 seconds
2015-08-29T22:15:27.451-0200: 155812.191: Total time for which application threads were stopped: 0.0019229 seconds, Stopping threads took: 0.0009151 seconds
2015-08-29T22:15:27.451-0200: 155812.192: Total time for which application threads were stopped: 0.0004160 seconds, Stopping threads took: 0.0000181 seconds
2015-08-29T22:15:27.452-0200: 155812.193: Total time for which application threads were stopped: 0.0002669 seconds, Stopping threads took: 0.0000162 seconds
2015-08-29T22:15:27.567-0200: 155812.308: Total time for which application threads were stopped: 0.0002133 seconds, Stopping threads took: 0.0000255 seconds
2015-08-29T22:16:06.867-0200: 155851.609: Total time for which application threads were stopped: 0.0002896 seconds, Stopping threads took: 0.0000260 seconds
2015-08-29T22:16:06.869-0200: 155851.611: Total time for which application threads were stopped: 0.0003725 seconds, Stopping threads took: 0.0000678 seconds
2015-08-29T22:16:06.870-0200: 155851.612: Total time for which application threads were stopped: 0.0001094 seconds, Stopping threads took: 0.0000123 seconds
2015-08-29T22:16:06.870-0200: 155851.612: Total time for which application threads were stopped: 0.0001117 seconds, Stopping threads took: 0.0000097 seconds
2015-08-29T22:16:07.134-0200: 155851.876: Total time for which application threads were stopped: 0.0002223 seconds, Stopping threads took: 0.0000239 seconds
2015-08-29T22:16:07.599-0200: 155852.341: Total time for which application threads were stopped: 0.0003303 seconds, Stopping threads took: 0.0000309 seconds
2015-08-29T22:16:07.601-0200: 155852.343: Total time for which application threads were stopped: 0.0003997 seconds, Stopping threads took: 0.0000627 seconds
2015-08-29T22:16:07.601-0200: 155852.343: Total time for which application threads were stopped: 0.0002857 seconds, Stopping threads took: 0.0000818 seconds
2015-08-29T22:16:07.601-0200: 155852.343: Total time for which application threads were stopped: 0.0001808 seconds, Stopping threads took: 0.0000183 seconds
2015-08-29T22:16:07.646-0200: 155852.388: Total time for which application threads were stopped: 0.0004443 seconds, Stopping threads took: 0.0002164 seconds
2015-08-29T22:17:27.203-0200: 155931.947: Total time for which application threads were stopped: 0.0002018 seconds, Stopping threads took: 0.0000228 seconds
2015-08-29T22:17:27.211-0200: 155931.956: Total time for which application threads were stopped: 0.0003154 seconds, Stopping threads took: 0.0000935 seconds
2015-08-29T22:17:27.212-0200: 155931.956: Total time for which application threads were stopped: 0.0001729 seconds, Stopping threads took: 0.0000326 seconds
2015-08-29T22:17:27.213-0200: 155931.957: Total time for which application threads were stopped: 0.0001770 seconds, Stopping threads took: 0.0000123 seconds
2015-08-29T22:17:27.222-0200: 155931.966: Total time for which application threads were stopped: 0.0005289 seconds, Stopping threads took: 0.0001001 seconds
2015-08-29T22:17:27.229-0200: 155931.973: Total time for which application threads were stopped: 0.0034769 seconds, Stopping threads took: 0.0029892 seconds
2015-08-29T22:17:27.695-0200: 155932.439: Total time for which application threads were stopped: 0.0004095 seconds, Stopping threads took: 0.0000412 seconds
2015-08-29T22:17:27.697-0200: 155932.441: Total time for which application threads were stopped: 0.0004033 seconds, Stopping threads took: 0.0000654 seconds
2015-08-29T22:17:27.700-0200: 155932.444: Total time for which application threads were stopped: 0.0028453 seconds, Stopping threads took: 0.0000350 seconds
2015-08-29T22:17:27.701-0200: 155932.446: Total time for which application threads were stopped: 0.0004949 seconds, Stopping threads took: 0.0001330 seconds
2015-08-29T22:17:28.231-0200: 155932.975: Total time for which application threads were stopped: 0.0004339 seconds, Stopping threads took: 0.0002027 seconds
2015-08-29T22:17:28.710-0200: 155933.454: Total time for which application threads were stopped: 0.0002275 seconds, Stopping threads took: 0.0000287 seconds
2015-08-29T22:17:28.711-0200: 155933.455: Total time for which application threads were stopped: 0.0003905 seconds, Stopping threads took: 0.0000811 seconds
2015-08-29T22:20:08.339-0200: 156093.088: Total time for which application threads were stopped: 0.0030916 seconds, Stopping threads took: 0.0003007 seconds
2015-08-29T22:20:08.342-0200: 156093.091: Total time for which application threads were stopped: 0.0003968 seconds, Stopping threads took: 0.0000456 seconds
2015-08-29T22:20:08.342-0200: 156093.091: Total time for which application threads were stopped: 0.0002082 seconds, Stopping threads took: 0.0000118 seconds
2015-08-29T22:20:08.343-0200: 156093.092: Total time for which application threads were stopped: 0.0001836 seconds, Stopping threads took: 0.0000149 seconds
2015-08-29T22:20:08.346-0200: 156093.095: Total time for which application threads were stopped: 0.0022394 seconds, Stopping threads took: 0.0001388 seconds
2015-08-29T22:20:08.346-0200: 156093.096: Total time for which application threads were stopped: 0.0002388 seconds, Stopping threads took: 0.0000392 seconds
2015-08-29T22:20:08.808-0200: 156093.557: Total time for which application threads were stopped: 0.0003299 seconds, Stopping threads took: 0.0000300 seconds
2015-08-29T22:20:08.810-0200: 156093.559: Total time for which application threads were stopped: 0.0002764 seconds, Stopping threads took: 0.0000265 seconds
2015-08-29T22:20:08.810-0200: 156093.559: Total time for which application threads were stopped: 0.0002529 seconds, Stopping threads took: 0.0000211 seconds
2015-08-29T22:20:08.812-0200: 156093.561: Total time for which application threads were stopped: 0.0013220 seconds, Stopping threads took: 0.0000144 seconds
2015-08-29T22:20:09.836-0200: 156094.585: Total time for which application threads were stopped: 0.0002498 seconds, Stopping threads took: 0.0000275 seconds
2015-08-29T22:20:10.836-0200: 156095.586: Total time for which application threads were stopped: 0.0003491 seconds, Stopping threads took: 0.0000391 seconds
2015-08-29T22:25:10.044-0200: 156394.803: Total time for which application threads were stopped: 0.0062868 seconds, Stopping threads took: 0.0004406 seconds
2015-08-29T22:25:10.086-0200: 156394.845: Total time for which application threads were stopped: 0.0088696 seconds, Stopping threads took: 0.0000396 seconds
2015-08-29T22:25:10.087-0200: 156394.846: Total time for which application threads were stopped: 0.0003979 seconds, Stopping threads took: 0.0000784 seconds
2015-08-29T22:25:10.088-0200: 156394.846: Total time for which application threads were stopped: 0.0004346 seconds, Stopping threads took: 0.0002066 seconds
2015-08-29T22:25:10.095-0200: 156394.853: Total time for which application threads were stopped: 0.0009575 seconds, Stopping threads took: 0.0004923 seconds
2015-08-29T22:25:10.097-0200: 156394.856: Total time for which application threads were stopped: 0.0004128 seconds, Stopping threads took: 0.0000628 seconds
2015-08-29T22:25:10.101-0200: 156394.860: Total time for which application threads were stopped: 0.0030184 seconds, Stopping threads took: 0.0012890 seconds
2015-08-29T22:25:10.103-0200: 156394.861: Total time for which application threads were stopped: 0.0005763 seconds, Stopping threads took: 0.0002598 seconds
2015-08-29T22:25:11.048-0200: 156395.806: Total time for which application threads were stopped: 0.0008792 seconds, Stopping threads took: 0.0000520 seconds
2015-08-29T22:25:11.114-0200: 156395.872: Total time for which application threads were stopped: 0.0004854 seconds, Stopping threads took: 0.0000302 seconds
2015-08-29T22:30:11.250-0200: 156696.018: Total time for which application threads were stopped: 0.0037667 seconds, Stopping threads took: 0.0004367 seconds
2015-08-29T22:30:11.279-0200: 156696.047: Total time for which application threads were stopped: 0.0004776 seconds, Stopping threads took: 0.0000259 seconds
2015-08-29T22:30:11.279-0200: 156696.047: Total time for which application threads were stopped: 0.0002872 seconds, Stopping threads took: 0.0000165 seconds
2015-08-29T22:30:11.281-0200: 156696.049: Total time for which application threads were stopped: 0.0003082 seconds, Stopping threads took: 0.0000252 seconds
2015-08-29T22:30:11.285-0200: 156696.053: Total time for which application threads were stopped: 0.0004610 seconds, Stopping threads took: 0.0001485 seconds
2015-08-29T22:30:11.286-0200: 156696.054: Total time for which application threads were stopped: 0.0007101 seconds, Stopping threads took: 0.0001223 seconds
2015-08-29T22:30:11.296-0200: 156696.064: Total time for which application threads were stopped: 0.0003560 seconds, Stopping threads took: 0.0000282 seconds
2015-08-29T22:30:11.298-0200: 156696.066: Total time for which application threads were stopped: 0.0005033 seconds, Stopping threads took: 0.0000193 seconds
2015-08-29T22:30:11.299-0200: 156696.067: Total time for which application threads were stopped: 0.0003115 seconds, Stopping threads took: 0.0000162 seconds
2015-08-29T22:30:11.299-0200: 156696.067: Total time for which application threads were stopped: 0.0001741 seconds, Stopping threads took: 0.0000121 seconds
2015-08-29T22:30:11.952-0200: 156696.720: Total time for which application threads were stopped: 0.0003799 seconds, Stopping threads took: 0.0000306 seconds
2015-08-29T22:30:12.683-0200: 156697.451: Total time for which application threads were stopped: 0.0002476 seconds, Stopping threads took: 0.0000261 seconds
2015-08-29T22:35:12.152-0200: 156996.930: Total time for which application threads were stopped: 0.0094622 seconds, Stopping threads took: 0.0004115 seconds
2015-08-29T22:35:12.177-0200: 156996.955: Total time for which application threads were stopped: 0.0003674 seconds, Stopping threads took: 0.0000602 seconds
2015-08-29T22:35:12.178-0200: 156996.955: Total time for which application threads were stopped: 0.0003117 seconds, Stopping threads took: 0.0000423 seconds
2015-08-29T22:35:12.183-0200: 156996.961: Total time for which application threads were stopped: 0.0017570 seconds, Stopping threads took: 0.0007799 seconds
2015-08-29T22:35:12.198-0200: 156996.976: Total time for which application threads were stopped: 0.0021256 seconds, Stopping threads took: 0.0017452 seconds
2015-08-29T22:35:12.198-0200: 156996.976: Total time for which application threads were stopped: 0.0003176 seconds, Stopping threads took: 0.0001554 seconds
2015-08-29T22:35:12.199-0200: 156996.977: Total time for which application threads were stopped: 0.0002623 seconds, Stopping threads took: 0.0001390 seconds
2015-08-29T22:35:12.854-0200: 156997.632: Total time for which application threads were stopped: 0.0035029 seconds, Stopping threads took: 0.0000343 seconds
2015-08-29T22:35:12.856-0200: 156997.634: Total time for which application threads were stopped: 0.0006321 seconds, Stopping threads took: 0.0002023 seconds
2015-08-29T22:35:12.857-0200: 156997.635: Total time for which application threads were stopped: 0.0006001 seconds, Stopping threads took: 0.0000640 seconds
2015-08-29T22:35:12.858-0200: 156997.636: Total time for which application threads were stopped: 0.0002269 seconds, Stopping threads took: 0.0000204 seconds
2015-08-29T22:35:13.003-0200: 156997.781: Total time for which application threads were stopped: 0.0002431 seconds, Stopping threads took: 0.0000183 seconds
2015-08-29T22:35:13.511-0200: 156998.289: Total time for which application threads were stopped: 0.0002040 seconds, Stopping threads took: 0.0000214 seconds
2015-08-29T22:40:05.587-0200: 157297.982: Total time for which application threads were stopped: 0.0089087 seconds, Stopping threads took: 0.0003552 seconds
2015-08-29T22:40:05.613-0200: 157298.008: Total time for which application threads were stopped: 0.0005287 seconds, Stopping threads took: 0.0001430 seconds
2015-08-29T22:40:05.614-0200: 157298.008: Total time for which application threads were stopped: 0.0002083 seconds, Stopping threads took: 0.0000133 seconds
2015-08-29T22:40:05.615-0200: 157298.010: Total time for which application threads were stopped: 0.0004106 seconds, Stopping threads took: 0.0001454 seconds
2015-08-29T22:40:05.641-0200: 157298.036: Total time for which application threads were stopped: 0.0004368 seconds, Stopping threads took: 0.0000644 seconds
2015-08-29T22:40:05.642-0200: 157298.036: Total time for which application threads were stopped: 0.0003791 seconds, Stopping threads took: 0.0001391 seconds
2015-08-29T22:40:06.067-0200: 157298.462: Total time for which application threads were stopped: 0.0004519 seconds, Stopping threads took: 0.0000220 seconds
2015-08-29T22:40:06.080-0200: 157298.475: Total time for which application threads were stopped: 0.0003922 seconds, Stopping threads took: 0.0000471 seconds
2015-08-29T22:40:06.081-0200: 157298.475: Total time for which application threads were stopped: 0.0002024 seconds, Stopping threads took: 0.0000160 seconds
2015-08-29T22:40:06.081-0200: 157298.476: Total time for which application threads were stopped: 0.0001151 seconds, Stopping threads took: 0.0000116 seconds
2015-08-29T22:40:07.087-0200: 157299.481: Total time for which application threads were stopped: 0.0005478 seconds, Stopping threads took: 0.0001088 seconds
2015-08-29T22:40:35.631-0200: 157328.026: Total time for which application threads were stopped: 0.0004107 seconds, Stopping threads took: 0.0000332 seconds
2015-08-29T22:40:36.092-0200: 157328.487: Total time for which application threads were stopped: 0.0002768 seconds, Stopping threads took: 0.0000318 seconds
2015-08-29T22:45:35.853-0200: 157628.255: Total time for which application threads were stopped: 0.0030980 seconds, Stopping threads took: 0.0003220 seconds
2015-08-29T22:45:35.881-0200: 157628.283: Total time for which application threads were stopped: 0.0008517 seconds, Stopping threads took: 0.0000486 seconds
2015-08-29T22:45:35.882-0200: 157628.284: Total time for which application threads were stopped: 0.0003065 seconds, Stopping threads took: 0.0000133 seconds
2015-08-29T22:45:35.884-0200: 157628.285: Total time for which application threads were stopped: 0.0004876 seconds, Stopping threads took: 0.0002128 seconds
2015-08-29T22:45:35.893-0200: 157628.295: Total time for which application threads were stopped: 0.0031513 seconds, Stopping threads took: 0.0010522 seconds
2015-08-29T22:45:35.895-0200: 157628.296: Total time for which application threads were stopped: 0.0009553 seconds, Stopping threads took: 0.0006006 seconds
2015-08-29T22:45:36.276-0200: 157628.678: Total time for which application threads were stopped: 0.0003146 seconds, Stopping threads took: 0.0000252 seconds
2015-08-29T22:45:36.287-0200: 157628.688: Total time for which application threads were stopped: 0.0038147 seconds, Stopping threads took: 0.0000232 seconds
2015-08-29T22:45:36.288-0200: 157628.689: Total time for which application threads were stopped: 0.0003845 seconds, Stopping threads took: 0.0000503 seconds
2015-08-29T22:45:36.288-0200: 157628.690: Total time for which application threads were stopped: 0.0002099 seconds, Stopping threads took: 0.0000753 seconds
2015-08-29T22:46:05.898-0200: 157658.300: Total time for which application threads were stopped: 0.0004259 seconds, Stopping threads took: 0.0000300 seconds
2015-08-29T22:46:06.291-0200: 157658.693: Total time for which application threads were stopped: 0.0002787 seconds, Stopping threads took: 0.0000317 seconds
2015-08-29T22:51:06.120-0200: 157958.529: Total time for which application threads were stopped: 0.0078002 seconds, Stopping threads took: 0.0003536 seconds
2015-08-29T22:51:06.141-0200: 157958.550: Total time for which application threads were stopped: 0.0004822 seconds, Stopping threads took: 0.0001652 seconds
2015-08-29T22:51:06.144-0200: 157958.553: Total time for which application threads were stopped: 0.0005482 seconds, Stopping threads took: 0.0000760 seconds
2015-08-29T22:51:06.145-0200: 157958.554: Total time for which application threads were stopped: 0.0002363 seconds, Stopping threads took: 0.0000162 seconds
2015-08-29T22:51:06.161-0200: 157958.570: Total time for which application threads were stopped: 0.0033270 seconds, Stopping threads took: 0.0001003 seconds
2015-08-29T22:51:06.162-0200: 157958.571: Total time for which application threads were stopped: 0.0002797 seconds, Stopping threads took: 0.0000681 seconds
2015-08-29T22:51:06.162-0200: 157958.571: Total time for which application threads were stopped: 0.0002387 seconds, Stopping threads took: 0.0001102 seconds
2015-08-29T22:51:06.465-0200: 157958.874: Total time for which application threads were stopped: 0.0003266 seconds, Stopping threads took: 0.0000302 seconds
2015-08-29T22:51:06.476-0200: 157958.885: Total time for which application threads were stopped: 0.0002109 seconds, Stopping threads took: 0.0000231 seconds
2015-08-29T22:51:06.476-0200: 157958.885: Total time for which application threads were stopped: 0.0001085 seconds, Stopping threads took: 0.0000107 seconds
2015-08-29T22:51:06.476-0200: 157958.885: Total time for which application threads were stopped: 0.0001822 seconds, Stopping threads took: 0.0000134 seconds
2015-08-29T22:51:36.165-0200: 157988.575: Total time for which application threads were stopped: 0.0025047 seconds, Stopping threads took: 0.0000278 seconds
2015-08-29T22:51:36.485-0200: 157988.894: Total time for which application threads were stopped: 0.0002680 seconds, Stopping threads took: 0.0000283 seconds
2015-08-29T22:56:36.598-0200: 158289.014: Total time for which application threads were stopped: 0.0002765 seconds, Stopping threads took: 0.0000337 seconds
2015-08-29T22:56:36.604-0200: 158289.020: Total time for which application threads were stopped: 0.0040828 seconds, Stopping threads took: 0.0034598 seconds
2015-08-29T22:56:36.606-0200: 158289.022: Total time for which application threads were stopped: 0.0020350 seconds, Stopping threads took: 0.0018181 seconds
2015-08-29T22:56:36.609-0200: 158289.025: Total time for which application threads were stopped: 0.0025336 seconds, Stopping threads took: 0.0022170 seconds
2015-08-29T22:56:36.615-0200: 158289.031: Total time for which application threads were stopped: 0.0026166 seconds, Stopping threads took: 0.0024000 seconds
2015-08-29T22:56:36.615-0200: 158289.031: Total time for which application threads were stopped: 0.0002439 seconds, Stopping threads took: 0.0001152 seconds
2015-08-29T22:56:36.918-0200: 158289.334: Total time for which application threads were stopped: 0.0004592 seconds, Stopping threads took: 0.0000347 seconds
2015-08-29T22:56:36.920-0200: 158289.336: Total time for which application threads were stopped: 0.0002811 seconds, Stopping threads took: 0.0000266 seconds
2015-08-29T22:56:36.920-0200: 158289.336: Total time for which application threads were stopped: 0.0001779 seconds, Stopping threads took: 0.0000173 seconds
2015-08-29T22:56:36.920-0200: 158289.337: Total time for which application threads were stopped: 0.0002151 seconds, Stopping threads took: 0.0000296 seconds
2015-08-29T22:57:06.621-0200: 158319.038: Total time for which application threads were stopped: 0.0002946 seconds, Stopping threads took: 0.0000310 seconds
2015-08-29T22:57:06.928-0200: 158319.345: Total time for which application threads were stopped: 0.0006430 seconds, Stopping threads took: 0.0000278 seconds
2015-08-29T22:57:06.929-0200: 158319.345: Total time for which application threads were stopped: 0.0001679 seconds, Stopping threads took: 0.0000164 seconds
2015-08-29T23:02:07.071-0200: 158619.495: Total time for which application threads were stopped: 0.0046665 seconds, Stopping threads took: 0.0004860 seconds
2015-08-29T23:02:07.096-0200: 158619.519: Total time for which application threads were stopped: 0.0066477 seconds, Stopping threads took: 0.0018416 seconds
2015-08-29T23:02:07.099-0200: 158619.522: Total time for which application threads were stopped: 0.0003938 seconds, Stopping threads took: 0.0000317 seconds
2015-08-29T23:02:07.101-0200: 158619.524: Total time for which application threads were stopped: 0.0004243 seconds, Stopping threads took: 0.0001355 seconds
2015-08-29T23:02:07.102-0200: 158619.525: Total time for which application threads were stopped: 0.0003313 seconds, Stopping threads took: 0.0001074 seconds
2015-08-29T23:02:07.102-0200: 158619.526: Total time for which application threads were stopped: 0.0003677 seconds, Stopping threads took: 0.0000835 seconds
2015-08-29T23:02:07.372-0200: 158619.795: Total time for which application threads were stopped: 0.0005435 seconds, Stopping threads took: 0.0000352 seconds
2015-08-29T23:02:07.374-0200: 158619.797: Total time for which application threads were stopped: 0.0006889 seconds, Stopping threads took: 0.0000976 seconds
2015-08-29T23:02:07.375-0200: 158619.798: Total time for which application threads were stopped: 0.0002704 seconds, Stopping threads took: 0.0000227 seconds
2015-08-29T23:02:07.375-0200: 158619.798: Total time for which application threads were stopped: 0.0001764 seconds, Stopping threads took: 0.0000169 seconds
2015-08-29T23:02:37.136-0200: 158649.560: Total time for which application threads were stopped: 0.0006477 seconds, Stopping threads took: 0.0000393 seconds
2015-08-29T23:02:37.378-0200: 158649.802: Total time for which application threads were stopped: 0.0002701 seconds, Stopping threads took: 0.0000301 seconds
2015-08-29T23:07:37.561-0200: 158949.992: Total time for which application threads were stopped: 0.0037753 seconds, Stopping threads took: 0.0003875 seconds
2015-08-29T23:07:37.580-0200: 158950.011: Total time for which application threads were stopped: 0.0021516 seconds, Stopping threads took: 0.0000449 seconds
2015-08-29T23:07:37.581-0200: 158950.011: Total time for which application threads were stopped: 0.0002649 seconds, Stopping threads took: 0.0000455 seconds
2015-08-29T23:07:37.582-0200: 158950.013: Total time for which application threads were stopped: 0.0002675 seconds, Stopping threads took: 0.0000174 seconds
2015-08-29T23:07:37.585-0200: 158950.016: Total time for which application threads were stopped: 0.0005016 seconds, Stopping threads took: 0.0001463 seconds
2015-08-29T23:07:37.591-0200: 158950.021: Total time for which application threads were stopped: 0.0049309 seconds, Stopping threads took: 0.0000483 seconds
2015-08-29T23:07:37.807-0200: 158950.237: Total time for which application threads were stopped: 0.0006232 seconds, Stopping threads took: 0.0000344 seconds
2015-08-29T23:07:37.809-0200: 158950.240: Total time for which application threads were stopped: 0.0003237 seconds, Stopping threads took: 0.0000645 seconds
2015-08-29T23:07:37.810-0200: 158950.241: Total time for which application threads were stopped: 0.0009212 seconds, Stopping threads took: 0.0000859 seconds
2015-08-29T23:07:37.811-0200: 158950.241: Total time for which application threads were stopped: 0.0003164 seconds, Stopping threads took: 0.0001025 seconds
2015-08-29T23:07:38.816-0200: 158951.246: Total time for which application threads were stopped: 0.0006528 seconds, Stopping threads took: 0.0001731 seconds
2015-08-29T23:08:07.595-0200: 158980.026: Total time for which application threads were stopped: 0.0002910 seconds, Stopping threads took: 0.0000233 seconds
2015-08-29T23:08:07.822-0200: 158980.253: Total time for which application threads were stopped: 0.0003613 seconds, Stopping threads took: 0.0000385 seconds
2015-08-29T23:08:07.822-0200: 158980.253: Total time for which application threads were stopped: 0.0001738 seconds, Stopping threads took: 0.0000172 seconds
2015-08-29T23:13:08.008-0200: 159280.447: Total time for which application threads were stopped: 0.0058233 seconds, Stopping threads took: 0.0003235 seconds
2015-08-29T23:13:08.034-0200: 159280.472: Total time for which application threads were stopped: 0.0009867 seconds, Stopping threads took: 0.0004279 seconds
2015-08-29T23:13:08.035-0200: 159280.474: Total time for which application threads were stopped: 0.0002922 seconds, Stopping threads took: 0.0000408 seconds
2015-08-29T23:13:08.037-0200: 159280.475: Total time for which application threads were stopped: 0.0002847 seconds, Stopping threads took: 0.0000501 seconds
2015-08-29T23:13:08.046-0200: 159280.484: Total time for which application threads were stopped: 0.0004349 seconds, Stopping threads took: 0.0000459 seconds
2015-08-29T23:13:08.047-0200: 159280.485: Total time for which application threads were stopped: 0.0003773 seconds, Stopping threads took: 0.0001343 seconds
2015-08-29T23:13:08.047-0200: 159280.485: Total time for which application threads were stopped: 0.0001841 seconds, Stopping threads took: 0.0000725 seconds
2015-08-29T23:13:08.264-0200: 159280.702: Total time for which application threads were stopped: 0.0003990 seconds, Stopping threads took: 0.0000348 seconds
2015-08-29T23:13:08.266-0200: 159280.705: Total time for which application threads were stopped: 0.0005893 seconds, Stopping threads took: 0.0002242 seconds
2015-08-29T23:13:08.267-0200: 159280.706: Total time for which application threads were stopped: 0.0006417 seconds, Stopping threads took: 0.0002834 seconds
2015-08-29T23:13:08.270-0200: 159280.708: Total time for which application threads were stopped: 0.0026934 seconds, Stopping threads took: 0.0001147 seconds
2015-08-29T23:13:38.048-0200: 159310.488: Total time for which application threads were stopped: 0.0003678 seconds, Stopping threads took: 0.0000243 seconds
2015-08-29T23:13:38.275-0200: 159310.714: Total time for which application threads were stopped: 0.0002698 seconds, Stopping threads took: 0.0000303 seconds
2015-08-29T23:18:38.520-0200: 159610.967: Total time for which application threads were stopped: 0.0037741 seconds, Stopping threads took: 0.0003339 seconds
2015-08-29T23:18:38.534-0200: 159610.981: Total time for which application threads were stopped: 0.0006086 seconds, Stopping threads took: 0.0001714 seconds
2015-08-29T23:18:38.535-0200: 159610.982: Total time for which application threads were stopped: 0.0005697 seconds, Stopping threads took: 0.0000338 seconds
2015-08-29T23:18:38.547-0200: 159610.994: Total time for which application threads were stopped: 0.0011101 seconds, Stopping threads took: 0.0005982 seconds
2015-08-29T23:18:38.551-0200: 159610.998: Total time for which application threads were stopped: 0.0005665 seconds, Stopping threads took: 0.0000599 seconds
2015-08-29T23:18:38.674-0200: 159611.121: Total time for which application threads were stopped: 0.0004439 seconds, Stopping threads took: 0.0000299 seconds
2015-08-29T23:18:38.676-0200: 159611.123: Total time for which application threads were stopped: 0.0005247 seconds, Stopping threads took: 0.0001622 seconds
2015-08-29T23:18:38.677-0200: 159611.124: Total time for which application threads were stopped: 0.0005916 seconds, Stopping threads took: 0.0002074 seconds
2015-08-29T23:18:38.678-0200: 159611.125: Total time for which application threads were stopped: 0.0003145 seconds, Stopping threads took: 0.0000888 seconds
2015-08-29T23:19:08.559-0200: 159641.007: Total time for which application threads were stopped: 0.0003682 seconds, Stopping threads took: 0.0000300 seconds
2015-08-29T23:19:08.682-0200: 159641.130: Total time for which application threads were stopped: 0.0002758 seconds, Stopping threads took: 0.0000332 seconds
2015-08-29T23:24:09.036-0200: 159941.491: Total time for which application threads were stopped: 0.0003127 seconds, Stopping threads took: 0.0000356 seconds
2015-08-29T23:24:09.040-0200: 159941.496: Total time for which application threads were stopped: 0.0027498 seconds, Stopping threads took: 0.0023193 seconds
2015-08-29T23:24:09.041-0200: 159941.497: Total time for which application threads were stopped: 0.0004390 seconds, Stopping threads took: 0.0000454 seconds
2015-08-29T23:24:09.045-0200: 159941.500: Total time for which application threads were stopped: 0.0002535 seconds, Stopping threads took: 0.0000289 seconds
2015-08-29T23:24:09.048-0200: 159941.503: Total time for which application threads were stopped: 0.0002847 seconds, Stopping threads took: 0.0000236 seconds
2015-08-29T23:24:09.048-0200: 159941.503: Total time for which application threads were stopped: 0.0001914 seconds, Stopping threads took: 0.0000433 seconds
2015-08-29T23:24:09.048-0200: 159941.504: Total time for which application threads were stopped: 0.0001651 seconds, Stopping threads took: 0.0000374 seconds
2015-08-29T23:24:09.141-0200: 159941.597: Total time for which application threads were stopped: 0.0003813 seconds, Stopping threads took: 0.0000408 seconds
2015-08-29T23:24:09.143-0200: 159941.599: Total time for which application threads were stopped: 0.0003380 seconds, Stopping threads took: 0.0000799 seconds
2015-08-29T23:24:09.144-0200: 159941.599: Total time for which application threads were stopped: 0.0003079 seconds, Stopping threads took: 0.0001501 seconds
2015-08-29T23:24:09.144-0200: 159941.600: Total time for which application threads were stopped: 0.0002054 seconds, Stopping threads took: 0.0000515 seconds
2015-08-29T23:24:39.053-0200: 159971.509: Total time for which application threads were stopped: 0.0004999 seconds, Stopping threads took: 0.0000583 seconds
2015-08-29T23:24:39.148-0200: 159971.605: Total time for which application threads were stopped: 0.0002335 seconds, Stopping threads took: 0.0000228 seconds
2015-08-29T23:29:39.473-0200: 160271.937: Total time for which application threads were stopped: 0.0003170 seconds, Stopping threads took: 0.0000332 seconds
2015-08-29T23:29:39.495-0200: 160271.959: Total time for which application threads were stopped: 0.0004788 seconds, Stopping threads took: 0.0001978 seconds
2015-08-29T23:29:39.496-0200: 160271.960: Total time for which application threads were stopped: 0.0007286 seconds, Stopping threads took: 0.0005978 seconds
2015-08-29T23:29:39.497-0200: 160271.961: Total time for which application threads were stopped: 0.0002250 seconds, Stopping threads took: 0.0000162 seconds
2015-08-29T23:29:39.503-0200: 160271.967: Total time for which application threads were stopped: 0.0005951 seconds, Stopping threads took: 0.0001798 seconds
2015-08-29T23:29:39.503-0200: 160271.967: Total time for which application threads were stopped: 0.0003368 seconds, Stopping threads took: 0.0000624 seconds
2015-08-29T23:29:39.505-0200: 160271.969: Total time for which application threads were stopped: 0.0018130 seconds, Stopping threads took: 0.0000956 seconds
2015-08-29T23:29:39.584-0200: 160272.048: Total time for which application threads were stopped: 0.0006113 seconds, Stopping threads took: 0.0000342 seconds
2015-08-29T23:29:39.587-0200: 160272.050: Total time for which application threads were stopped: 0.0003999 seconds, Stopping threads took: 0.0000818 seconds
2015-08-29T23:29:39.587-0200: 160272.051: Total time for which application threads were stopped: 0.0004630 seconds, Stopping threads took: 0.0002239 seconds
2015-08-29T23:29:39.588-0200: 160272.052: Total time for which application threads were stopped: 0.0002041 seconds, Stopping threads took: 0.0000225 seconds
2015-08-29T23:29:43.246-0200: 160275.710: Total time for which application threads were stopped: 0.0008497 seconds, Stopping threads took: 0.0000371 seconds
2015-08-29T23:29:43.544-0200: 160276.008: Total time for which application threads were stopped: 0.0002692 seconds, Stopping threads took: 0.0000291 seconds
2015-08-29T23:34:43.506-0200: 160575.978: Total time for which application threads were stopped: 0.0063305 seconds, Stopping threads took: 0.0003365 seconds
2015-08-29T23:34:43.528-0200: 160576.000: Total time for which application threads were stopped: 0.0016180 seconds, Stopping threads took: 0.0000243 seconds
2015-08-29T23:34:43.529-0200: 160576.001: Total time for which application threads were stopped: 0.0003307 seconds, Stopping threads took: 0.0000178 seconds
2015-08-29T23:34:43.531-0200: 160576.003: Total time for which application threads were stopped: 0.0003107 seconds, Stopping threads took: 0.0000258 seconds
2015-08-29T23:34:43.541-0200: 160576.012: Total time for which application threads were stopped: 0.0016927 seconds, Stopping threads took: 0.0013373 seconds
2015-08-29T23:34:43.541-0200: 160576.013: Total time for which application threads were stopped: 0.0003585 seconds, Stopping threads took: 0.0002064 seconds
2015-08-29T23:34:43.542-0200: 160576.013: Total time for which application threads were stopped: 0.0002597 seconds, Stopping threads took: 0.0001306 seconds
2015-08-29T23:34:43.757-0200: 160576.229: Total time for which application threads were stopped: 0.0003544 seconds, Stopping threads took: 0.0000310 seconds
2015-08-29T23:34:43.759-0200: 160576.231: Total time for which application threads were stopped: 0.0008597 seconds, Stopping threads took: 0.0002878 seconds
2015-08-29T23:34:43.760-0200: 160576.231: Total time for which application threads were stopped: 0.0002253 seconds, Stopping threads took: 0.0000159 seconds
2015-08-29T23:34:43.760-0200: 160576.232: Total time for which application threads were stopped: 0.0002179 seconds, Stopping threads took: 0.0000405 seconds
2015-08-29T23:34:44.836-0200: 160577.308: Total time for which application threads were stopped: 0.0003881 seconds, Stopping threads took: 0.0000252 seconds
2015-08-29T23:39:45.016-0200: 160877.496: Total time for which application threads were stopped: 0.0052780 seconds, Stopping threads took: 0.0004877 seconds
2015-08-29T23:39:45.034-0200: 160877.514: Total time for which application threads were stopped: 0.0006225 seconds, Stopping threads took: 0.0001978 seconds
2015-08-29T23:39:45.035-0200: 160877.515: Total time for which application threads were stopped: 0.0006718 seconds, Stopping threads took: 0.0000507 seconds
2015-08-29T23:39:45.039-0200: 160877.518: Total time for which application threads were stopped: 0.0005049 seconds, Stopping threads took: 0.0000628 seconds
2015-08-29T23:39:45.054-0200: 160877.534: Total time for which application threads were stopped: 0.0004298 seconds, Stopping threads took: 0.0000360 seconds
2015-08-29T23:39:45.055-0200: 160877.535: Total time for which application threads were stopped: 0.0004550 seconds, Stopping threads took: 0.0001073 seconds
2015-08-29T23:39:45.056-0200: 160877.536: Total time for which application threads were stopped: 0.0003311 seconds, Stopping threads took: 0.0000200 seconds
2015-08-29T23:39:45.386-0200: 160877.866: Total time for which application threads were stopped: 0.0004218 seconds, Stopping threads took: 0.0000323 seconds
2015-08-29T23:39:46.148-0200: 160878.628: Total time for which application threads were stopped: 0.0003075 seconds, Stopping threads took: 0.0000308 seconds
2015-08-29T23:44:45.596-0200: 161178.084: Total time for which application threads were stopped: 0.0080201 seconds, Stopping threads took: 0.0003608 seconds
2015-08-29T23:44:45.620-0200: 161178.109: Total time for which application threads were stopped: 0.0043007 seconds, Stopping threads took: 0.0000450 seconds
2015-08-29T23:44:45.622-0200: 161178.110: Total time for which application threads were stopped: 0.0003924 seconds, Stopping threads took: 0.0000231 seconds
2015-08-29T23:44:45.623-0200: 161178.112: Total time for which application threads were stopped: 0.0004548 seconds, Stopping threads took: 0.0000344 seconds
2015-08-29T23:44:45.631-0200: 161178.119: Total time for which application threads were stopped: 0.0004744 seconds, Stopping threads took: 0.0001060 seconds
2015-08-29T23:44:45.634-0200: 161178.122: Total time for which application threads were stopped: 0.0028050 seconds, Stopping threads took: 0.0024475 seconds
2015-08-29T23:44:46.326-0200: 161178.814: Total time for which application threads were stopped: 0.0003612 seconds, Stopping threads took: 0.0000246 seconds
2015-08-29T23:44:46.327-0200: 161178.816: Total time for which application threads were stopped: 0.0003900 seconds, Stopping threads took: 0.0001209 seconds
2015-08-29T23:44:46.328-0200: 161178.816: Total time for which application threads were stopped: 0.0002876 seconds, Stopping threads took: 0.0000398 seconds
2015-08-29T23:44:46.329-0200: 161178.817: Total time for which application threads were stopped: 0.0001785 seconds, Stopping threads took: 0.0000142 seconds
2015-08-29T23:44:46.445-0200: 161178.933: Total time for which application threads were stopped: 0.0003132 seconds, Stopping threads took: 0.0000253 seconds
2015-08-29T23:44:46.694-0200: 161179.183: Total time for which application threads were stopped: 0.0002332 seconds, Stopping threads took: 0.0000220 seconds
2015-08-29T23:49:02.450-0200: 161434.945: Total time for which application threads were stopped: 0.0100018 seconds, Stopping threads took: 0.0006639 seconds
2015-08-29T23:49:32.533-0200: 161465.030: Total time for which application threads were stopped: 0.0004366 seconds, Stopping threads took: 0.0001209 seconds
2015-08-29T23:49:46.637-0200: 161479.133: Total time for which application threads were stopped: 0.0002791 seconds, Stopping threads took: 0.0000237 seconds
2015-08-29T23:49:46.649-0200: 161479.146: Total time for which application threads were stopped: 0.0005450 seconds, Stopping threads took: 0.0001790 seconds
2015-08-29T23:49:46.650-0200: 161479.147: Total time for which application threads were stopped: 0.0004835 seconds, Stopping threads took: 0.0001453 seconds
2015-08-29T23:49:46.655-0200: 161479.151: Total time for which application threads were stopped: 0.0027134 seconds, Stopping threads took: 0.0004251 seconds
2015-08-29T23:49:46.667-0200: 161479.164: Total time for which application threads were stopped: 0.0013670 seconds, Stopping threads took: 0.0004024 seconds
2015-08-29T23:49:46.671-0200: 161479.168: Total time for which application threads were stopped: 0.0020236 seconds, Stopping threads took: 0.0016619 seconds
2015-08-29T23:49:46.672-0200: 161479.168: Total time for which application threads were stopped: 0.0006370 seconds, Stopping threads took: 0.0000270 seconds
2015-08-29T23:49:46.734-0200: 161479.231: Total time for which application threads were stopped: 0.0003822 seconds, Stopping threads took: 0.0000598 seconds
2015-08-29T23:49:46.889-0200: 161479.385: Total time for which application threads were stopped: 0.0002452 seconds, Stopping threads took: 0.0000297 seconds
2015-08-29T23:49:46.891-0200: 161479.388: Total time for which application threads were stopped: 0.0002808 seconds, Stopping threads took: 0.0000411 seconds
2015-08-29T23:49:46.891-0200: 161479.388: Total time for which application threads were stopped: 0.0001414 seconds, Stopping threads took: 0.0000163 seconds
2015-08-29T23:49:46.892-0200: 161479.389: Total time for which application threads were stopped: 0.0003484 seconds, Stopping threads took: 0.0001603 seconds
2015-08-29T23:49:46.921-0200: 161479.418: Total time for which application threads were stopped: 0.0003419 seconds, Stopping threads took: 0.0000178 seconds
2015-08-29T23:49:46.921-0200: 161479.418: Total time for which application threads were stopped: 0.0000902 seconds, Stopping threads took: 0.0000102 seconds
2015-08-29T23:54:46.935-0200: 161779.440: Total time for which application threads were stopped: 0.0062710 seconds, Stopping threads took: 0.0034318 seconds
2015-08-29T23:54:46.965-0200: 161779.470: Total time for which application threads were stopped: 0.0005203 seconds, Stopping threads took: 0.0001387 seconds
2015-08-29T23:54:46.966-0200: 161779.471: Total time for which application threads were stopped: 0.0005260 seconds, Stopping threads took: 0.0000458 seconds
2015-08-29T23:54:46.974-0200: 161779.479: Total time for which application threads were stopped: 0.0003954 seconds, Stopping threads took: 0.0000297 seconds
2015-08-29T23:54:46.981-0200: 161779.486: Total time for which application threads were stopped: 0.0004489 seconds, Stopping threads took: 0.0000309 seconds
2015-08-29T23:54:46.984-0200: 161779.488: Total time for which application threads were stopped: 0.0005013 seconds, Stopping threads took: 0.0001818 seconds
2015-08-29T23:54:47.060-0200: 161779.565: Total time for which application threads were stopped: 0.0008581 seconds, Stopping threads took: 0.0000369 seconds
2015-08-29T23:54:47.065-0200: 161779.570: Total time for which application threads were stopped: 0.0007922 seconds, Stopping threads took: 0.0000622 seconds
2015-08-29T23:54:47.066-0200: 161779.571: Total time for which application threads were stopped: 0.0002961 seconds, Stopping threads took: 0.0000543 seconds
2015-08-29T23:54:47.066-0200: 161779.571: Total time for which application threads were stopped: 0.0004100 seconds, Stopping threads took: 0.0000525 seconds
2015-08-29T23:55:16.982-0200: 161809.488: Total time for which application threads were stopped: 0.0003731 seconds, Stopping threads took: 0.0000327 seconds
2015-08-29T23:55:17.069-0200: 161809.575: Total time for which application threads were stopped: 0.0004695 seconds, Stopping threads took: 0.0000387 seconds
2015-08-30T00:00:17.202-0200: 162109.716: Total time for which application threads were stopped: 0.0045041 seconds, Stopping threads took: 0.0003915 seconds
2015-08-30T00:00:17.232-0200: 162109.746: Total time for which application threads were stopped: 0.0035127 seconds, Stopping threads took: 0.0030771 seconds
2015-08-30T00:00:17.235-0200: 162109.749: Total time for which application threads were stopped: 0.0021101 seconds, Stopping threads took: 0.0000233 seconds
2015-08-30T00:00:17.242-0200: 162109.756: Total time for which application threads were stopped: 0.0014080 seconds, Stopping threads took: 0.0010417 seconds
2015-08-30T00:00:17.244-0200: 162109.758: Total time for which application threads were stopped: 0.0003788 seconds, Stopping threads took: 0.0001185 seconds
2015-08-30T00:00:17.264-0200: 162109.778: Total time for which application threads were stopped: 0.0003864 seconds, Stopping threads took: 0.0000229 seconds
2015-08-30T00:00:17.266-0200: 162109.780: Total time for which application threads were stopped: 0.0009132 seconds, Stopping threads took: 0.0005506 seconds
2015-08-30T00:00:17.267-0200: 162109.780: Total time for which application threads were stopped: 0.0001542 seconds, Stopping threads took: 0.0000586 seconds
2015-08-30T00:00:17.267-0200: 162109.781: Total time for which application threads were stopped: 0.0001269 seconds, Stopping threads took: 0.0000352 seconds
2015-08-30T00:00:47.250-0200: 162139.765: Total time for which application threads were stopped: 0.0003289 seconds, Stopping threads took: 0.0000300 seconds
2015-08-30T00:00:47.252-0200: 162139.766: Total time for which application threads were stopped: 0.0002041 seconds, Stopping threads took: 0.0000156 seconds
2015-08-30T00:00:47.272-0200: 162139.787: Total time for which application threads were stopped: 0.0002480 seconds, Stopping threads took: 0.0000277 seconds
2015-08-30T00:05:47.656-0200: 162440.179: Total time for which application threads were stopped: 0.0005408 seconds, Stopping threads took: 0.0000576 seconds
2015-08-30T00:05:47.659-0200: 162440.182: Total time for which application threads were stopped: 0.0004668 seconds, Stopping threads took: 0.0001771 seconds
2015-08-30T00:05:47.659-0200: 162440.182: Total time for which application threads were stopped: 0.0003158 seconds, Stopping threads took: 0.0001308 seconds
2015-08-30T00:05:47.660-0200: 162440.183: Total time for which application threads were stopped: 0.0001924 seconds, Stopping threads took: 0.0000151 seconds
2015-08-30T00:05:47.668-0200: 162440.190: Total time for which application threads were stopped: 0.0040126 seconds, Stopping threads took: 0.0037859 seconds
2015-08-30T00:05:47.668-0200: 162440.191: Total time for which application threads were stopped: 0.0003108 seconds, Stopping threads took: 0.0000894 seconds
2015-08-30T00:05:47.668-0200: 162440.191: Total time for which application threads were stopped: 0.0001508 seconds, Stopping threads took: 0.0000491 seconds
2015-08-30T00:05:47.675-0200: 162440.198: Total time for which application threads were stopped: 0.0021723 seconds, Stopping threads took: 0.0019092 seconds
2015-08-30T00:05:47.678-0200: 162440.201: Total time for which application threads were stopped: 0.0002657 seconds, Stopping threads took: 0.0000270 seconds
2015-08-30T00:05:47.678-0200: 162440.202: Total time for which application threads were stopped: 0.0004797 seconds, Stopping threads took: 0.0000116 seconds
2015-08-30T00:05:47.689-0200: 162440.212: Total time for which application threads were stopped: 0.0049868 seconds, Stopping threads took: 0.0028436 seconds
2015-08-30T00:06:17.681-0200: 162470.205: Total time for which application threads were stopped: 0.0039259 seconds, Stopping threads took: 0.0004797 seconds
2015-08-30T00:06:17.701-0200: 162470.225: Total time for which application threads were stopped: 0.0002963 seconds, Stopping threads took: 0.0000285 seconds
2015-08-30T00:11:17.864-0200: 162770.397: Total time for which application threads were stopped: 0.0084107 seconds, Stopping threads took: 0.0003204 seconds
2015-08-30T00:11:17.886-0200: 162770.418: Total time for which application threads were stopped: 0.0019560 seconds, Stopping threads took: 0.0013667 seconds
2015-08-30T00:11:17.892-0200: 162770.425: Total time for which application threads were stopped: 0.0057064 seconds, Stopping threads took: 0.0041632 seconds
2015-08-30T00:11:17.895-0200: 162770.428: Total time for which application threads were stopped: 0.0024373 seconds, Stopping threads took: 0.0019972 seconds
2015-08-30T00:11:17.904-0200: 162770.437: Total time for which application threads were stopped: 0.0077914 seconds, Stopping threads took: 0.0021110 seconds
2015-08-30T00:11:17.905-0200: 162770.438: Total time for which application threads were stopped: 0.0011925 seconds, Stopping threads took: 0.0002141 seconds
2015-08-30T00:11:17.907-0200: 162770.440: Total time for which application threads were stopped: 0.0003704 seconds, Stopping threads took: 0.0000602 seconds
2015-08-30T00:11:47.919-0200: 162800.453: Total time for which application threads were stopped: 0.0006556 seconds, Stopping threads took: 0.0000256 seconds
2015-08-30T00:16:48.138-0200: 163100.680: Total time for which application threads were stopped: 0.0051318 seconds, Stopping threads took: 0.0004506 seconds
2015-08-30T00:16:48.139-0200: 163100.681: Total time for which application threads were stopped: 0.0002722 seconds, Stopping threads took: 0.0000682 seconds
2015-08-30T00:16:48.171-0200: 163100.713: Total time for which application threads were stopped: 0.0029603 seconds, Stopping threads took: 0.0000595 seconds
2015-08-30T00:16:48.173-0200: 163100.715: Total time for which application threads were stopped: 0.0014236 seconds, Stopping threads took: 0.0006743 seconds
2015-08-30T00:16:48.183-0200: 163100.725: Total time for which application threads were stopped: 0.0006218 seconds, Stopping threads took: 0.0000359 seconds
2015-08-30T00:16:48.186-0200: 163100.728: Total time for which application threads were stopped: 0.0004555 seconds, Stopping threads took: 0.0000578 seconds
2015-08-30T00:17:18.194-0200: 163130.737: Total time for which application threads were stopped: 0.0003855 seconds, Stopping threads took: 0.0000295 seconds
2015-08-30T00:22:18.383-0200: 163430.934: Total time for which application threads were stopped: 0.0050611 seconds, Stopping threads took: 0.0013865 seconds
2015-08-30T00:22:18.396-0200: 163430.947: Total time for which application threads were stopped: 0.0074407 seconds, Stopping threads took: 0.0000246 seconds
2015-08-30T00:22:18.419-0200: 163430.970: Total time for which application threads were stopped: 0.0016082 seconds, Stopping threads took: 0.0012589 seconds
2015-08-30T00:22:18.420-0200: 163430.971: Total time for which application threads were stopped: 0.0004536 seconds, Stopping threads took: 0.0001109 seconds
2015-08-30T00:22:18.423-0200: 163430.974: Total time for which application threads were stopped: 0.0020755 seconds, Stopping threads took: 0.0016432 seconds
2015-08-30T00:22:18.425-0200: 163430.976: Total time for which application threads were stopped: 0.0003812 seconds, Stopping threads took: 0.0000561 seconds
2015-08-30T00:22:18.426-0200: 163430.977: Total time for which application threads were stopped: 0.0002803 seconds, Stopping threads took: 0.0000649 seconds
2015-08-30T00:22:18.436-0200: 163430.987: Total time for which application threads were stopped: 0.0047889 seconds, Stopping threads took: 0.0017450 seconds
2015-08-30T00:22:48.446-0200: 163460.998: Total time for which application threads were stopped: 0.0032821 seconds, Stopping threads took: 0.0003536 seconds
2015-08-30T00:27:48.659-0200: 163761.219: Total time for which application threads were stopped: 0.0043678 seconds, Stopping threads took: 0.0004286 seconds
2015-08-30T00:27:48.660-0200: 163761.221: Total time for which application threads were stopped: 0.0014054 seconds, Stopping threads took: 0.0011531 seconds
2015-08-30T00:27:48.689-0200: 163761.249: Total time for which application threads were stopped: 0.0046068 seconds, Stopping threads took: 0.0040609 seconds
2015-08-30T00:27:48.690-0200: 163761.251: Total time for which application threads were stopped: 0.0008210 seconds, Stopping threads took: 0.0000848 seconds
2015-08-30T00:27:48.697-0200: 163761.257: Total time for which application threads were stopped: 0.0041202 seconds, Stopping threads took: 0.0035960 seconds
2015-08-30T00:27:48.697-0200: 163761.258: Total time for which application threads were stopped: 0.0005227 seconds, Stopping threads took: 0.0002368 seconds
2015-08-30T00:27:48.698-0200: 163761.258: Total time for which application threads were stopped: 0.0003488 seconds, Stopping threads took: 0.0001424 seconds
2015-08-30T00:27:48.707-0200: 163761.267: Total time for which application threads were stopped: 0.0028464 seconds, Stopping threads took: 0.0024252 seconds
2015-08-30T00:27:48.709-0200: 163761.270: Total time for which application threads were stopped: 0.0020570 seconds, Stopping threads took: 0.0017109 seconds
2015-08-30T00:27:48.712-0200: 163761.272: Total time for which application threads were stopped: 0.0003851 seconds, Stopping threads took: 0.0001149 seconds
2015-08-30T00:28:18.714-0200: 163791.276: Total time for which application threads were stopped: 0.0017118 seconds, Stopping threads took: 0.0013327 seconds
2015-08-30T00:28:18.717-0200: 163791.279: Total time for which application threads were stopped: 0.0007944 seconds, Stopping threads took: 0.0004753 seconds
2015-08-30T00:33:18.923-0200: 164091.493: Total time for which application threads were stopped: 0.0065166 seconds, Stopping threads took: 0.0010400 seconds
2015-08-30T00:33:18.923-0200: 164091.494: Total time for which application threads were stopped: 0.0003575 seconds, Stopping threads took: 0.0001396 seconds
2015-08-30T00:33:18.972-0200: 164091.542: Total time for which application threads were stopped: 0.0014393 seconds, Stopping threads took: 0.0008658 seconds
2015-08-30T00:33:18.973-0200: 164091.543: Total time for which application threads were stopped: 0.0005095 seconds, Stopping threads took: 0.0000516 seconds
2015-08-30T00:33:18.986-0200: 164091.557: Total time for which application threads were stopped: 0.0089090 seconds, Stopping threads took: 0.0020625 seconds
2015-08-30T00:33:18.987-0200: 164091.557: Total time for which application threads were stopped: 0.0003880 seconds, Stopping threads took: 0.0001550 seconds
2015-08-30T00:33:18.988-0200: 164091.558: Total time for which application threads were stopped: 0.0002762 seconds, Stopping threads took: 0.0000406 seconds
2015-08-30T00:33:18.996-0200: 164091.566: Total time for which application threads were stopped: 0.0003022 seconds, Stopping threads took: 0.0000239 seconds
2015-08-30T00:33:18.998-0200: 164091.568: Total time for which application threads were stopped: 0.0016875 seconds, Stopping threads took: 0.0014986 seconds
2015-08-30T00:33:18.998-0200: 164091.569: Total time for which application threads were stopped: 0.0003379 seconds, Stopping threads took: 0.0000453 seconds
2015-08-30T00:33:19.013-0200: 164091.583: Total time for which application threads were stopped: 0.0036798 seconds, Stopping threads took: 0.0012664 seconds
2015-08-30T00:33:26.061-0200: 164098.631: Total time for which application threads were stopped: 0.0010164 seconds, Stopping threads took: 0.0007646 seconds
2015-08-30T00:33:26.062-0200: 164098.632: Total time for which application threads were stopped: 0.0007250 seconds, Stopping threads took: 0.0000376 seconds
2015-08-30T00:38:26.240-0200: 164398.820: Total time for which application threads were stopped: 0.0051852 seconds, Stopping threads took: 0.0006693 seconds
2015-08-30T00:38:26.263-0200: 164398.842: Total time for which application threads were stopped: 0.0025775 seconds, Stopping threads took: 0.0021565 seconds
2015-08-30T00:38:26.285-0200: 164398.864: Total time for which application threads were stopped: 0.0094277 seconds, Stopping threads took: 0.0042490 seconds
2015-08-30T00:38:26.288-0200: 164398.867: Total time for which application threads were stopped: 0.0025597 seconds, Stopping threads took: 0.0018134 seconds
2015-08-30T00:38:26.292-0200: 164398.871: Total time for which application threads were stopped: 0.0037649 seconds, Stopping threads took: 0.0033428 seconds
2015-08-30T00:38:26.296-0200: 164398.875: Total time for which application threads were stopped: 0.0033038 seconds, Stopping threads took: 0.0028117 seconds
2015-08-30T00:38:26.300-0200: 164398.879: Total time for which application threads were stopped: 0.0026972 seconds, Stopping threads took: 0.0023427 seconds
2015-08-30T00:38:26.304-0200: 164398.883: Total time for which application threads were stopped: 0.0023151 seconds, Stopping threads took: 0.0019651 seconds
2015-08-30T00:38:26.314-0200: 164398.893: Total time for which application threads were stopped: 0.0103872 seconds, Stopping threads took: 0.0100961 seconds
2015-08-30T00:38:30.520-0200: 164403.099: Total time for which application threads were stopped: 0.0016082 seconds, Stopping threads took: 0.0012577 seconds
2015-08-30T00:38:30.521-0200: 164403.100: Total time for which application threads were stopped: 0.0001569 seconds, Stopping threads took: 0.0000445 seconds
2015-08-30T00:43:30.742-0200: 164703.329: Total time for which application threads were stopped: 0.0049426 seconds, Stopping threads took: 0.0015431 seconds
2015-08-30T00:43:30.745-0200: 164703.332: Total time for which application threads were stopped: 0.0004734 seconds, Stopping threads took: 0.0000579 seconds
2015-08-30T00:43:30.772-0200: 164703.360: Total time for which application threads were stopped: 0.0034741 seconds, Stopping threads took: 0.0029397 seconds
2015-08-30T00:43:30.773-0200: 164703.360: Total time for which application threads were stopped: 0.0003408 seconds, Stopping threads took: 0.0000788 seconds
2015-08-30T00:43:30.776-0200: 164703.364: Total time for which application threads were stopped: 0.0018499 seconds, Stopping threads took: 0.0015081 seconds
2015-08-30T00:43:30.798-0200: 164703.386: Total time for which application threads were stopped: 0.0215329 seconds, Stopping threads took: 0.0131532 seconds
2015-08-30T00:43:30.846-0200: 164703.434: Total time for which application threads were stopped: 0.0476794 seconds, Stopping threads took: 0.0472230 seconds
2015-08-30T00:43:30.852-0200: 164703.440: Total time for which application threads were stopped: 0.0046549 seconds, Stopping threads took: 0.0043021 seconds
2015-08-30T00:44:00.869-0200: 164733.458: Total time for which application threads were stopped: 0.0022741 seconds, Stopping threads took: 0.0001850 seconds
2015-08-30T00:44:00.872-0200: 164733.461: Total time for which application threads were stopped: 0.0011213 seconds, Stopping threads took: 0.0008798 seconds
2015-08-30T00:44:00.872-0200: 164733.461: Total time for which application threads were stopped: 0.0002416 seconds, Stopping threads took: 0.0000999 seconds
2015-08-30T00:49:01.077-0200: 165033.675: Total time for which application threads were stopped: 0.0041125 seconds, Stopping threads took: 0.0014166 seconds
2015-08-30T00:49:01.117-0200: 165033.714: Total time for which application threads were stopped: 0.0018109 seconds, Stopping threads took: 0.0010473 seconds
2015-08-30T00:49:01.119-0200: 165033.716: Total time for which application threads were stopped: 0.0008741 seconds, Stopping threads took: 0.0002816 seconds
2015-08-30T00:49:01.125-0200: 165033.722: Total time for which application threads were stopped: 0.0033133 seconds, Stopping threads took: 0.0027900 seconds
2015-08-30T00:49:01.126-0200: 165033.724: Total time for which application threads were stopped: 0.0003704 seconds, Stopping threads took: 0.0000984 seconds
2015-08-30T00:49:01.129-0200: 165033.726: Total time for which application threads were stopped: 0.0020700 seconds, Stopping threads took: 0.0017158 seconds
2015-08-30T00:49:01.136-0200: 165033.734: Total time for which application threads were stopped: 0.0072998 seconds, Stopping threads took: 0.0038904 seconds
2015-08-30T00:49:31.145-0200: 165063.743: Total time for which application threads were stopped: 0.0005255 seconds, Stopping threads took: 0.0000901 seconds
2015-08-30T00:49:31.145-0200: 165063.743: Total time for which application threads were stopped: 0.0001964 seconds, Stopping threads took: 0.0000887 seconds
2015-08-30T00:54:31.417-0200: 165364.024: Total time for which application threads were stopped: 0.0273044 seconds, Stopping threads took: 0.0009416 seconds
2015-08-30T00:54:31.575-0200: 165364.182: Total time for which application threads were stopped: 0.0020650 seconds, Stopping threads took: 0.0005626 seconds
2015-08-30T00:54:31.600-0200: 165364.207: Total time for which application threads were stopped: 0.0185254 seconds, Stopping threads took: 0.0170945 seconds
2015-08-30T00:54:31.607-0200: 165364.214: Total time for which application threads were stopped: 0.0032748 seconds, Stopping threads took: 0.0027912 seconds
2015-08-30T00:54:31.647-0200: 165364.254: Total time for which application threads were stopped: 0.0314818 seconds, Stopping threads took: 0.0274652 seconds
2015-08-30T00:54:31.663-0200: 165364.270: Total time for which application threads were stopped: 0.0134914 seconds, Stopping threads took: 0.0035044 seconds
2015-08-30T00:54:31.671-0200: 165364.278: Total time for which application threads were stopped: 0.0054224 seconds, Stopping threads took: 0.0039324 seconds
2015-08-30T00:54:31.686-0200: 165364.292: Total time for which application threads were stopped: 0.0058897 seconds, Stopping threads took: 0.0041498 seconds
2015-08-30T00:55:01.717-0200: 165394.325: Total time for which application threads were stopped: 0.0010800 seconds, Stopping threads took: 0.0001103 seconds
2015-08-30T00:55:01.723-0200: 165394.330: Total time for which application threads were stopped: 0.0006777 seconds, Stopping threads took: 0.0002386 seconds
2015-08-30T00:55:01.727-0200: 165394.334: Total time for which application threads were stopped: 0.0024052 seconds, Stopping threads took: 0.0019599 seconds
2015-08-30T00:55:01.727-0200: 165394.335: Total time for which application threads were stopped: 0.0005452 seconds, Stopping threads took: 0.0001890 seconds
2015-08-30T01:00:01.981-0200: 165694.597: Total time for which application threads were stopped: 0.0154184 seconds, Stopping threads took: 0.0005466 seconds
2015-08-30T01:00:02.024-0200: 165694.639: Total time for which application threads were stopped: 0.0136372 seconds, Stopping threads took: 0.0133433 seconds
2015-08-30T01:00:02.036-0200: 165694.652: Total time for which application threads were stopped: 0.0032989 seconds, Stopping threads took: 0.0027144 seconds
2015-08-30T01:00:02.055-0200: 165694.671: Total time for which application threads were stopped: 0.0179811 seconds, Stopping threads took: 0.0134662 seconds
2015-08-30T01:00:02.066-0200: 165694.682: Total time for which application threads were stopped: 0.0077604 seconds, Stopping threads took: 0.0074348 seconds
2015-08-30T01:00:02.090-0200: 165694.706: Total time for which application threads were stopped: 0.0092997 seconds, Stopping threads took: 0.0067285 seconds
2015-08-30T01:00:02.117-0200: 165694.733: Total time for which application threads were stopped: 0.0255013 seconds, Stopping threads took: 0.0232390 seconds
2015-08-30T01:00:02.132-0200: 165694.747: Total time for which application threads were stopped: 0.0135484 seconds, Stopping threads took: 0.0102813 seconds
2015-08-30T01:00:02.152-0200: 165694.768: Total time for which application threads were stopped: 0.0093535 seconds, Stopping threads took: 0.0088216 seconds
2015-08-30T01:00:32.093-0200: 165724.710: Total time for which application threads were stopped: 0.0037095 seconds, Stopping threads took: 0.0004189 seconds
2015-08-30T01:00:32.148-0200: 165724.765: Total time for which application threads were stopped: 0.0030799 seconds, Stopping threads took: 0.0028408 seconds
2015-08-30T01:05:32.306-0200: 166024.931: Total time for which application threads were stopped: 0.0029350 seconds, Stopping threads took: 0.0002873 seconds
2015-08-30T01:05:32.334-0200: 166024.959: Total time for which application threads were stopped: 0.0029699 seconds, Stopping threads took: 0.0000446 seconds
2015-08-30T01:05:32.334-0200: 166024.959: Total time for which application threads were stopped: 0.0002766 seconds, Stopping threads took: 0.0000149 seconds
2015-08-30T01:05:32.335-0200: 166024.960: Total time for which application threads were stopped: 0.0001465 seconds, Stopping threads took: 0.0000392 seconds
2015-08-30T01:05:32.341-0200: 166024.966: Total time for which application threads were stopped: 0.0030191 seconds, Stopping threads took: 0.0009578 seconds
2015-08-30T01:05:32.349-0200: 166024.974: Total time for which application threads were stopped: 0.0030838 seconds, Stopping threads took: 0.0023667 seconds
2015-08-30T01:05:32.354-0200: 166024.979: Total time for which application threads were stopped: 0.0046104 seconds, Stopping threads took: 0.0024434 seconds
2015-08-30T01:05:32.357-0200: 166024.982: Total time for which application threads were stopped: 0.0025356 seconds, Stopping threads took: 0.0013140 seconds
2015-08-30T01:05:32.362-0200: 166024.987: Total time for which application threads were stopped: 0.0017413 seconds, Stopping threads took: 0.0015267 seconds
2015-08-30T01:05:32.362-0200: 166024.987: Total time for which application threads were stopped: 0.0004007 seconds, Stopping threads took: 0.0002511 seconds
2015-08-30T01:05:32.363-0200: 166024.988: Total time for which application threads were stopped: 0.0003951 seconds, Stopping threads took: 0.0002526 seconds
2015-08-30T01:06:02.351-0200: 166054.977: Total time for which application threads were stopped: 0.0003723 seconds, Stopping threads took: 0.0000255 seconds
2015-08-30T01:06:02.361-0200: 166054.986: Total time for which application threads were stopped: 0.0002251 seconds, Stopping threads took: 0.0000253 seconds
2015-08-30T01:11:02.558-0200: 166355.192: Total time for which application threads were stopped: 0.0039716 seconds, Stopping threads took: 0.0009880 seconds
2015-08-30T01:11:02.558-0200: 166355.193: Total time for which application threads were stopped: 0.0003340 seconds, Stopping threads took: 0.0001455 seconds
2015-08-30T01:11:02.634-0200: 166355.269: Total time for which application threads were stopped: 0.0582435 seconds, Stopping threads took: 0.0561724 seconds
2015-08-30T01:11:02.636-0200: 166355.271: Total time for which application threads were stopped: 0.0006165 seconds, Stopping threads took: 0.0002245 seconds
2015-08-30T01:11:02.639-0200: 166355.274: Total time for which application threads were stopped: 0.0004831 seconds, Stopping threads took: 0.0001039 seconds
2015-08-30T01:11:02.640-0200: 166355.275: Total time for which application threads were stopped: 0.0005377 seconds, Stopping threads took: 0.0001735 seconds
2015-08-30T01:11:02.644-0200: 166355.279: Total time for which application threads were stopped: 0.0015620 seconds, Stopping threads took: 0.0011593 seconds
2015-08-30T01:11:02.649-0200: 166355.284: Total time for which application threads were stopped: 0.0032584 seconds, Stopping threads took: 0.0000740 seconds
2015-08-30T01:11:32.654-0200: 166385.290: Total time for which application threads were stopped: 0.0003990 seconds, Stopping threads took: 0.0000382 seconds
2015-08-30T01:11:32.660-0200: 166385.296: Total time for which application threads were stopped: 0.0022506 seconds, Stopping threads took: 0.0019365 seconds
2015-08-30T01:16:32.891-0200: 166685.535: Total time for which application threads were stopped: 0.0112464 seconds, Stopping threads took: 0.0008579 seconds
2015-08-30T01:16:32.967-0200: 166685.611: Total time for which application threads were stopped: 0.0141455 seconds, Stopping threads took: 0.0020611 seconds
2015-08-30T01:16:32.969-0200: 166685.613: Total time for which application threads were stopped: 0.0004549 seconds, Stopping threads took: 0.0000442 seconds
2015-08-30T01:16:32.974-0200: 166685.618: Total time for which application threads were stopped: 0.0054751 seconds, Stopping threads took: 0.0051134 seconds
2015-08-30T01:16:32.978-0200: 166685.622: Total time for which application threads were stopped: 0.0018208 seconds, Stopping threads took: 0.0013444 seconds
2015-08-30T01:16:32.979-0200: 166685.623: Total time for which application threads were stopped: 0.0003164 seconds, Stopping threads took: 0.0000730 seconds
2015-08-30T01:16:33.009-0200: 166685.653: Total time for which application threads were stopped: 0.0118020 seconds, Stopping threads took: 0.0113896 seconds
2015-08-30T01:16:33.013-0200: 166685.657: Total time for which application threads were stopped: 0.0032649 seconds, Stopping threads took: 0.0021235 seconds
2015-08-30T01:17:03.005-0200: 166715.650: Total time for which application threads were stopped: 0.0021017 seconds, Stopping threads took: 0.0017952 seconds
2015-08-30T01:17:03.009-0200: 166715.654: Total time for which application threads were stopped: 0.0013685 seconds, Stopping threads took: 0.0011663 seconds
2015-08-30T01:22:03.206-0200: 167015.860: Total time for which application threads were stopped: 0.0043046 seconds, Stopping threads took: 0.0013658 seconds
2015-08-30T01:22:03.217-0200: 167015.870: Total time for which application threads were stopped: 0.0058796 seconds, Stopping threads took: 0.0003007 seconds
2015-08-30T01:22:03.231-0200: 167015.884: Total time for which application threads were stopped: 0.0044344 seconds, Stopping threads took: 0.0021704 seconds
2015-08-30T01:22:03.236-0200: 167015.889: Total time for which application threads were stopped: 0.0043193 seconds, Stopping threads took: 0.0040047 seconds
2015-08-30T01:22:03.246-0200: 167015.899: Total time for which application threads were stopped: 0.0021413 seconds, Stopping threads took: 0.0014137 seconds
2015-08-30T01:22:03.262-0200: 167015.915: Total time for which application threads were stopped: 0.0122716 seconds, Stopping threads took: 0.0031738 seconds
2015-08-30T01:22:03.268-0200: 167015.921: Total time for which application threads were stopped: 0.0006020 seconds, Stopping threads took: 0.0000664 seconds
2015-08-30T01:22:03.276-0200: 167015.929: Total time for which application threads were stopped: 0.0057330 seconds, Stopping threads took: 0.0041091 seconds
2015-08-30T01:22:03.279-0200: 167015.933: Total time for which application threads were stopped: 0.0006524 seconds, Stopping threads took: 0.0000346 seconds
2015-08-30T01:22:33.294-0200: 167045.948: Total time for which application threads were stopped: 0.0064933 seconds, Stopping threads took: 0.0017962 seconds
2015-08-30T01:27:33.519-0200: 167346.182: Total time for which application threads were stopped: 0.0033916 seconds, Stopping threads took: 0.0003247 seconds
2015-08-30T01:27:33.520-0200: 167346.183: Total time for which application threads were stopped: 0.0003912 seconds, Stopping threads took: 0.0001379 seconds
2015-08-30T01:27:33.563-0200: 167346.226: Total time for which application threads were stopped: 0.0092478 seconds, Stopping threads took: 0.0033230 seconds
2015-08-30T01:27:33.564-0200: 167346.227: Total time for which application threads were stopped: 0.0004113 seconds, Stopping threads took: 0.0001071 seconds
2015-08-30T01:27:33.569-0200: 167346.231: Total time for which application threads were stopped: 0.0032059 seconds, Stopping threads took: 0.0022499 seconds
2015-08-30T01:27:33.570-0200: 167346.233: Total time for which application threads were stopped: 0.0005882 seconds, Stopping threads took: 0.0003459 seconds
2015-08-30T01:27:33.575-0200: 167346.238: Total time for which application threads were stopped: 0.0003317 seconds, Stopping threads took: 0.0000778 seconds
2015-08-30T01:27:33.580-0200: 167346.243: Total time for which application threads were stopped: 0.0030133 seconds, Stopping threads took: 0.0001954 seconds
2015-08-30T01:27:33.631-0200: 167346.294: Total time for which application threads were stopped: 0.0024445 seconds, Stopping threads took: 0.0018061 seconds
2015-08-30T01:27:33.642-0200: 167346.305: Total time for which application threads were stopped: 0.0050506 seconds, Stopping threads took: 0.0021115 seconds
2015-08-30T01:27:33.652-0200: 167346.315: Total time for which application threads were stopped: 0.0096595 seconds, Stopping threads took: 0.0073971 seconds
2015-08-30T01:28:03.589-0200: 167376.253: Total time for which application threads were stopped: 0.0028689 seconds, Stopping threads took: 0.0024100 seconds
2015-08-30T01:28:03.597-0200: 167376.261: Total time for which application threads were stopped: 0.0004948 seconds, Stopping threads took: 0.0002602 seconds
2015-08-30T01:33:03.833-0200: 167676.505: Total time for which application threads were stopped: 0.0069602 seconds, Stopping threads took: 0.0004607 seconds
2015-08-30T01:33:03.834-0200: 167676.506: Total time for which application threads were stopped: 0.0004721 seconds, Stopping threads took: 0.0002625 seconds
2015-08-30T01:33:03.873-0200: 167676.545: Total time for which application threads were stopped: 0.0006944 seconds, Stopping threads took: 0.0001665 seconds
2015-08-30T01:33:03.874-0200: 167676.546: Total time for which application threads were stopped: 0.0003829 seconds, Stopping threads took: 0.0000847 seconds
2015-08-30T01:33:03.874-0200: 167676.547: Total time for which application threads were stopped: 0.0002544 seconds, Stopping threads took: 0.0000933 seconds
2015-08-30T01:33:03.889-0200: 167676.561: Total time for which application threads were stopped: 0.0074403 seconds, Stopping threads took: 0.0070260 seconds
2015-08-30T01:33:03.913-0200: 167676.586: Total time for which application threads were stopped: 0.0029391 seconds, Stopping threads took: 0.0023598 seconds
2015-08-30T01:33:03.919-0200: 167676.591: Total time for which application threads were stopped: 0.0041244 seconds, Stopping threads took: 0.0034861 seconds
2015-08-30T01:33:03.919-0200: 167676.592: Total time for which application threads were stopped: 0.0005143 seconds, Stopping threads took: 0.0001170 seconds
2015-08-30T01:33:03.941-0200: 167676.614: Total time for which application threads were stopped: 0.0072460 seconds, Stopping threads took: 0.0068392 seconds
2015-08-30T01:33:33.914-0200: 167706.587: Total time for which application threads were stopped: 0.0017186 seconds, Stopping threads took: 0.0014099 seconds
2015-08-30T01:33:33.915-0200: 167706.588: Total time for which application threads were stopped: 0.0001851 seconds, Stopping threads took: 0.0000381 seconds
2015-08-30T01:38:34.134-0200: 168006.817: Total time for which application threads were stopped: 0.0056609 seconds, Stopping threads took: 0.0004902 seconds
2015-08-30T01:38:34.137-0200: 168006.819: Total time for which application threads were stopped: 0.0013916 seconds, Stopping threads took: 0.0011420 seconds
2015-08-30T01:38:34.189-0200: 168006.871: Total time for which application threads were stopped: 0.0006776 seconds, Stopping threads took: 0.0001808 seconds
2015-08-30T01:38:34.192-0200: 168006.874: Total time for which application threads were stopped: 0.0025479 seconds, Stopping threads took: 0.0020930 seconds
2015-08-30T01:38:34.199-0200: 168006.881: Total time for which application threads were stopped: 0.0072659 seconds, Stopping threads took: 0.0027112 seconds
2015-08-30T01:38:34.201-0200: 168006.883: Total time for which application threads were stopped: 0.0003170 seconds, Stopping threads took: 0.0000495 seconds
2015-08-30T01:38:34.207-0200: 168006.889: Total time for which application threads were stopped: 0.0021488 seconds, Stopping threads took: 0.0018667 seconds
2015-08-30T01:38:34.207-0200: 168006.889: Total time for which application threads were stopped: 0.0001391 seconds, Stopping threads took: 0.0000568 seconds
2015-08-30T01:38:34.304-0200: 168006.985: Total time for which application threads were stopped: 0.0040511 seconds, Stopping threads took: 0.0036529 seconds
2015-08-30T01:38:34.304-0200: 168006.986: Total time for which application threads were stopped: 0.0002267 seconds, Stopping threads took: 0.0000168 seconds
2015-08-30T01:39:04.251-0200: 168036.934: Total time for which application threads were stopped: 0.0022031 seconds, Stopping threads took: 0.0000702 seconds
2015-08-30T01:39:04.251-0200: 168036.934: Total time for which application threads were stopped: 0.0002475 seconds, Stopping threads took: 0.0000226 seconds
2015-08-30T01:39:04.252-0200: 168036.934: Total time for which application threads were stopped: 0.0003136 seconds, Stopping threads took: 0.0001253 seconds
2015-08-30T02:51:59.632-0200: 168212.506: Total time for which application threads were stopped: 0.0148093 seconds, Stopping threads took: 0.0004847 seconds
2015-08-30T02:51:59.753-0200: 168212.626: Total time for which application threads were stopped: 0.0089230 seconds, Stopping threads took: 0.0069018 seconds
2015-08-30T02:51:59.754-0200: 168212.627: Total time for which application threads were stopped: 0.0003793 seconds, Stopping threads took: 0.0000507 seconds
2015-08-30T02:51:59.764-0200: 168212.637: Total time for which application threads were stopped: 0.0099788 seconds, Stopping threads took: 0.0077903 seconds
2015-08-30T02:51:59.784-0200: 168212.658: Total time for which application threads were stopped: 0.0200545 seconds, Stopping threads took: 0.0006667 seconds
2015-08-30T02:51:59.872-0200: 168212.745: Total time for which application threads were stopped: 0.0285830 seconds, Stopping threads took: 0.0282923 seconds
2015-08-30T02:51:59.895-0200: 168212.768: Total time for which application threads were stopped: 0.0226299 seconds, Stopping threads took: 0.0122441 seconds
2015-08-30T02:51:59.930-0200: 168212.803: Total time for which application threads were stopped: 0.0345911 seconds, Stopping threads took: 0.0204766 seconds
2015-08-30T02:52:00.269-0200: 168213.142: Total time for which application threads were stopped: 0.0150268 seconds, Stopping threads took: 0.0136812 seconds
2015-08-30T02:52:00.294-0200: 168213.167: Total time for which application threads were stopped: 0.0073150 seconds, Stopping threads took: 0.0069441 seconds
2015-08-30T02:52:00.379-0200: 168213.253: Total time for which application threads were stopped: 0.0064594 seconds, Stopping threads took: 0.0061211 seconds
2015-08-30T02:52:00.439-0200: 168213.313: Total time for which application threads were stopped: 0.0139836 seconds, Stopping threads took: 0.0114149 seconds
2015-08-30T02:52:00.499-0200: 168213.372: Total time for which application threads were stopped: 0.0004963 seconds, Stopping threads took: 0.0002206 seconds
2015-08-30T02:52:00.551-0200: 168213.424: Total time for which application threads were stopped: 0.0004643 seconds, Stopping threads took: 0.0000626 seconds
2015-08-30T02:52:00.563-0200: 168213.436: Total time for which application threads were stopped: 0.0062430 seconds, Stopping threads took: 0.0058251 seconds
2015-08-30T02:52:00.580-0200: 168213.453: Total time for which application threads were stopped: 0.0003647 seconds, Stopping threads took: 0.0000560 seconds
2015-08-30T02:52:00.623-0200: 168213.496: Total time for which application threads were stopped: 0.0400162 seconds, Stopping threads took: 0.0396292 seconds
2015-08-30T02:52:00.678-0200: 168213.551: Total time for which application threads were stopped: 0.0157001 seconds, Stopping threads took: 0.0153927 seconds
2015-08-30T02:52:00.686-0200: 168213.559: Total time for which application threads were stopped: 0.0003486 seconds, Stopping threads took: 0.0000271 seconds
2015-08-30T02:52:00.693-0200: 168213.566: Total time for which application threads were stopped: 0.0003657 seconds, Stopping threads took: 0.0000280 seconds
2015-08-30T02:52:04.208-0200: 168217.081: Total time for which application threads were stopped: 0.0003012 seconds, Stopping threads took: 0.0000344 seconds
2015-08-30T02:52:04.215-0200: 168217.088: Total time for which application threads were stopped: 0.0003527 seconds, Stopping threads took: 0.0000256 seconds
2015-08-30T02:52:09.219-0200: 168222.092: Total time for which application threads were stopped: 0.0003762 seconds, Stopping threads took: 0.0000281 seconds
2015-08-30T02:52:09.219-0200: 168222.092: Total time for which application threads were stopped: 0.0000984 seconds, Stopping threads took: 0.0000077 seconds
2015-08-30T15:28:13.249-0200: 168271.043: Total time for which application threads were stopped: 0.0427615 seconds, Stopping threads took: 0.0003911 seconds
2015-08-30T15:28:13.788-0200: 168271.582: Total time for which application threads were stopped: 0.0007943 seconds, Stopping threads took: 0.0000272 seconds
2015-08-30T15:28:13.789-0200: 168271.583: Total time for which application threads were stopped: 0.0002974 seconds, Stopping threads took: 0.0000608 seconds
2015-08-30T15:28:16.668-0200: 168274.462: Total time for which application threads were stopped: 0.0126746 seconds, Stopping threads took: 0.0050886 seconds
2015-08-30T15:28:16.694-0200: 168274.488: Total time for which application threads were stopped: 0.0188242 seconds, Stopping threads took: 0.0118475 seconds
2015-08-30T15:28:16.734-0200: 168274.528: Total time for which application threads were stopped: 0.0196912 seconds, Stopping threads took: 0.0124346 seconds
2015-08-30T15:28:17.105-0200: 168274.899: Total time for which application threads were stopped: 0.0003531 seconds, Stopping threads took: 0.0000530 seconds
2015-08-30T15:28:17.166-0200: 168274.960: Total time for which application threads were stopped: 0.0058869 seconds, Stopping threads took: 0.0056015 seconds
2015-08-30T15:28:17.896-0200: 168275.690: Total time for which application threads were stopped: 0.0074696 seconds, Stopping threads took: 0.0072245 seconds
2015-08-30T15:28:18.873-0200: 168276.667: Total time for which application threads were stopped: 0.0048765 seconds, Stopping threads took: 0.0045610 seconds
2015-08-30T15:28:18.876-0200: 168276.671: Total time for which application threads were stopped: 0.0004625 seconds, Stopping threads took: 0.0000571 seconds
2015-08-30T15:28:18.892-0200: 168276.686: Total time for which application threads were stopped: 0.0084333 seconds, Stopping threads took: 0.0081147 seconds
2015-08-30T15:28:18.892-0200: 168276.686: Total time for which application threads were stopped: 0.0003292 seconds, Stopping threads took: 0.0000878 seconds
2015-08-30T15:28:18.904-0200: 168276.698: Total time for which application threads were stopped: 0.0116626 seconds, Stopping threads took: 0.0044114 seconds
2015-08-30T15:28:18.915-0200: 168276.709: Total time for which application threads were stopped: 0.0108476 seconds, Stopping threads took: 0.0105647 seconds
2015-08-30T15:28:18.921-0200: 168276.715: Total time for which application threads were stopped: 0.0052503 seconds, Stopping threads took: 0.0048383 seconds
2015-08-30T15:28:18.923-0200: 168276.717: Total time for which application threads were stopped: 0.0008051 seconds, Stopping threads took: 0.0004368 seconds
2015-08-30T15:28:18.935-0200: 168276.729: Total time for which application threads were stopped: 0.0064422 seconds, Stopping threads took: 0.0061893 seconds
2015-08-30T15:28:20.942-0200: 168278.736: Total time for which application threads were stopped: 0.0010250 seconds, Stopping threads took: 0.0007444 seconds
2015-08-30T15:28:28.972-0200: 168286.767: Total time for which application threads were stopped: 0.0008345 seconds, Stopping threads took: 0.0000610 seconds
2015-08-30T15:28:28.975-0200: 168286.770: Total time for which application threads were stopped: 0.0003351 seconds, Stopping threads took: 0.0000520 seconds
2015-08-30T15:28:28.976-0200: 168286.770: Total time for which application threads were stopped: 0.0002409 seconds, Stopping threads took: 0.0000363 seconds
2015-08-30T15:28:28.976-0200: 168286.771: Total time for which application threads were stopped: 0.0003410 seconds, Stopping threads took: 0.0001166 seconds
2015-08-30T15:28:29.033-0200: 168286.828: Total time for which application threads were stopped: 0.0005407 seconds, Stopping threads took: 0.0002101 seconds
2015-08-30T15:28:29.050-0200: 168286.845: Total time for which application threads were stopped: 0.0056060 seconds, Stopping threads took: 0.0000759 seconds
2015-08-30T15:28:29.051-0200: 168286.845: Total time for which application threads were stopped: 0.0003101 seconds, Stopping threads took: 0.0000416 seconds
2015-08-30T15:28:29.051-0200: 168286.846: Total time for which application threads were stopped: 0.0001726 seconds, Stopping threads took: 0.0000142 seconds
2015-08-30T15:28:59.039-0200: 168316.834: Total time for which application threads were stopped: 0.0049483 seconds, Stopping threads took: 0.0005117 seconds
2015-08-30T15:28:59.081-0200: 168316.877: Total time for which application threads were stopped: 0.0081560 seconds, Stopping threads took: 0.0078072 seconds
2015-08-30T15:29:19.113-0200: 168336.909: Total time for which application threads were stopped: 0.0004139 seconds, Stopping threads took: 0.0001076 seconds
2015-08-30T15:29:19.124-0200: 168336.920: Total time for which application threads were stopped: 0.0003440 seconds, Stopping threads took: 0.0001019 seconds
2015-08-30T15:29:19.127-0200: 168336.923: Total time for which application threads were stopped: 0.0023572 seconds, Stopping threads took: 0.0000940 seconds
2015-08-30T15:29:19.147-0200: 168336.942: Total time for which application threads were stopped: 0.0191992 seconds, Stopping threads took: 0.0027117 seconds
2015-08-30T15:29:19.153-0200: 168336.949: Total time for which application threads were stopped: 0.0040293 seconds, Stopping threads took: 0.0008721 seconds
2015-08-30T15:29:19.157-0200: 168336.953: Total time for which application threads were stopped: 0.0011614 seconds, Stopping threads took: 0.0009210 seconds
2015-08-30T15:29:19.157-0200: 168336.953: Total time for which application threads were stopped: 0.0001400 seconds, Stopping threads took: 0.0000132 seconds
2015-08-30T15:29:19.158-0200: 168336.954: Total time for which application threads were stopped: 0.0006610 seconds, Stopping threads took: 0.0000111 seconds
2015-08-30T15:29:49.161-0200: 168366.958: Total time for which application threads were stopped: 0.0005699 seconds, Stopping threads took: 0.0000453 seconds
2015-08-30T15:29:49.168-0200: 168366.964: Total time for which application threads were stopped: 0.0010436 seconds, Stopping threads took: 0.0008314 seconds
2015-08-30T15:30:29.207-0200: 168407.005: Total time for which application threads were stopped: 0.0003320 seconds, Stopping threads took: 0.0001062 seconds
2015-08-30T15:30:29.217-0200: 168407.014: Total time for which application threads were stopped: 0.0050188 seconds, Stopping threads took: 0.0007175 seconds
2015-08-30T15:30:29.232-0200: 168407.030: Total time for which application threads were stopped: 0.0026901 seconds, Stopping threads took: 0.0024323 seconds
2015-08-30T15:30:29.237-0200: 168407.035: Total time for which application threads were stopped: 0.0021235 seconds, Stopping threads took: 0.0018052 seconds
2015-08-30T15:30:29.237-0200: 168407.035: Total time for which application threads were stopped: 0.0002586 seconds, Stopping threads took: 0.0000588 seconds
2015-08-30T15:30:29.238-0200: 168407.036: Total time for which application threads were stopped: 0.0001680 seconds, Stopping threads took: 0.0000449 seconds
2015-08-30T15:30:29.243-0200: 168407.041: Total time for which application threads were stopped: 0.0039186 seconds, Stopping threads took: 0.0017258 seconds
2015-08-30T15:30:40.960-0200: 168418.758: Total time for which application threads were stopped: 0.0143169 seconds, Stopping threads took: 0.0139771 seconds
2015-08-30T15:30:49.528-0200: 168427.326: Total time for which application threads were stopped: 0.0030645 seconds, Stopping threads took: 0.0025206 seconds
2015-08-30T15:30:49.530-0200: 168427.329: Total time for which application threads were stopped: 0.0019146 seconds, Stopping threads took: 0.0015325 seconds
2015-08-30T15:30:49.532-0200: 168427.330: Total time for which application threads were stopped: 0.0011285 seconds, Stopping threads took: 0.0002733 seconds
2015-08-30T15:30:49.532-0200: 168427.331: Total time for which application threads were stopped: 0.0002646 seconds, Stopping threads took: 0.0000988 seconds
2015-08-30T15:30:49.539-0200: 168427.337: Total time for which application threads were stopped: 0.0060423 seconds, Stopping threads took: 0.0056954 seconds
2015-08-30T15:30:49.541-0200: 168427.339: Total time for which application threads were stopped: 0.0020855 seconds, Stopping threads took: 0.0018332 seconds
2015-08-30T15:30:49.573-0200: 168427.372: Total time for which application threads were stopped: 0.0003926 seconds, Stopping threads took: 0.0000629 seconds
2015-08-30T15:30:49.624-0200: 168427.423: Total time for which application threads were stopped: 0.0019932 seconds, Stopping threads took: 0.0000486 seconds
2015-08-30T15:30:49.629-0200: 168427.427: Total time for which application threads were stopped: 0.0008957 seconds, Stopping threads took: 0.0006943 seconds
2015-08-30T15:30:49.629-0200: 168427.427: Total time for which application threads were stopped: 0.0002175 seconds, Stopping threads took: 0.0000414 seconds
2015-08-30T15:30:49.684-0200: 168427.482: Total time for which application threads were stopped: 0.0005045 seconds, Stopping threads took: 0.0000513 seconds
2015-08-30T15:30:49.685-0200: 168427.484: Total time for which application threads were stopped: 0.0003937 seconds, Stopping threads took: 0.0000435 seconds
2015-08-30T15:30:49.700-0200: 168427.498: Total time for which application threads were stopped: 0.0026273 seconds, Stopping threads took: 0.0023058 seconds
2015-08-30T15:30:49.701-0200: 168427.499: Total time for which application threads were stopped: 0.0001861 seconds, Stopping threads took: 0.0000160 seconds
2015-08-30T15:30:49.701-0200: 168427.500: Total time for which application threads were stopped: 0.0001731 seconds, Stopping threads took: 0.0000143 seconds
2015-08-30T15:30:49.728-0200: 168427.526: Total time for which application threads were stopped: 0.0002311 seconds, Stopping threads took: 0.0000443 seconds
2015-08-30T15:30:49.730-0200: 168427.529: Total time for which application threads were stopped: 0.0004652 seconds, Stopping threads took: 0.0000263 seconds
2015-08-30T15:30:49.786-0200: 168427.585: Total time for which application threads were stopped: 0.0019525 seconds, Stopping threads took: 0.0016971 seconds
2015-08-30T15:30:49.796-0200: 168427.594: Total time for which application threads were stopped: 0.0088490 seconds, Stopping threads took: 0.0083998 seconds
2015-08-30T15:30:49.796-0200: 168427.594: Total time for which application threads were stopped: 0.0001378 seconds, Stopping threads took: 0.0000159 seconds
2015-08-30T15:30:51.012-0200: 168428.810: Total time for which application threads were stopped: 0.0002515 seconds, Stopping threads took: 0.0000415 seconds
2015-08-30T15:30:51.022-0200: 168428.820: Total time for which application threads were stopped: 0.0099637 seconds, Stopping threads took: 0.0018922 seconds
2015-08-30T15:30:51.022-0200: 168428.821: Total time for which application threads were stopped: 0.0003295 seconds, Stopping threads took: 0.0000684 seconds
2015-08-30T15:31:19.803-0200: 168457.603: Total time for which application threads were stopped: 0.0004041 seconds, Stopping threads took: 0.0000725 seconds
2015-08-30T15:31:21.033-0200: 168458.832: Total time for which application threads were stopped: 0.0002810 seconds, Stopping threads took: 0.0000283 seconds
2015-08-30T15:31:29.850-0200: 168467.650: Total time for which application threads were stopped: 0.0003497 seconds, Stopping threads took: 0.0000514 seconds
2015-08-30T15:31:29.883-0200: 168467.683: Total time for which application threads were stopped: 0.0010979 seconds, Stopping threads took: 0.0006810 seconds
2015-08-30T15:31:29.886-0200: 168467.686: Total time for which application threads were stopped: 0.0028150 seconds, Stopping threads took: 0.0024854 seconds
2015-08-30T15:31:29.891-0200: 168467.691: Total time for which application threads were stopped: 0.0007577 seconds, Stopping threads took: 0.0000294 seconds
2015-08-30T15:31:31.047-0200: 168468.846: Total time for which application threads were stopped: 0.0023431 seconds, Stopping threads took: 0.0000355 seconds
2015-08-30T15:31:31.053-0200: 168468.852: Total time for which application threads were stopped: 0.0003014 seconds, Stopping threads took: 0.0000328 seconds
2015-08-30T15:31:31.053-0200: 168468.853: Total time for which application threads were stopped: 0.0002727 seconds, Stopping threads took: 0.0000150 seconds
2015-08-30T15:31:31.054-0200: 168468.853: Total time for which application threads were stopped: 0.0004061 seconds, Stopping threads took: 0.0000424 seconds
2015-08-30T15:31:59.908-0200: 168497.708: Total time for which application threads were stopped: 0.0007363 seconds, Stopping threads took: 0.0000313 seconds
2015-08-30T15:32:01.066-0200: 168498.867: Total time for which application threads were stopped: 0.0002263 seconds, Stopping threads took: 0.0000254 seconds
2015-08-30T15:32:19.967-0200: 168517.768: Total time for which application threads were stopped: 0.0003363 seconds, Stopping threads took: 0.0000383 seconds
2015-08-30T15:32:19.989-0200: 168517.790: Total time for which application threads were stopped: 0.0038769 seconds, Stopping threads took: 0.0035193 seconds
2015-08-30T15:32:19.997-0200: 168517.798: Total time for which application threads were stopped: 0.0073256 seconds, Stopping threads took: 0.0067323 seconds
2015-08-30T15:32:19.999-0200: 168517.800: Total time for which application threads were stopped: 0.0002465 seconds, Stopping threads took: 0.0000233 seconds
2015-08-30T15:32:21.109-0200: 168518.910: Total time for which application threads were stopped: 0.0021500 seconds, Stopping threads took: 0.0000281 seconds
2015-08-30T15:32:21.117-0200: 168518.918: Total time for which application threads were stopped: 0.0002962 seconds, Stopping threads took: 0.0000260 seconds
2015-08-30T15:32:21.117-0200: 168518.918: Total time for which application threads were stopped: 0.0001406 seconds, Stopping threads took: 0.0000300 seconds
2015-08-30T15:32:21.117-0200: 168518.918: Total time for which application threads were stopped: 0.0001001 seconds, Stopping threads took: 0.0000089 seconds
2015-08-30T15:32:50.003-0200: 168547.805: Total time for which application threads were stopped: 0.0003476 seconds, Stopping threads took: 0.0000770 seconds
2015-08-30T15:32:51.119-0200: 168548.921: Total time for which application threads were stopped: 0.0002353 seconds, Stopping threads took: 0.0000225 seconds
2015-08-30T15:33:30.061-0200: 168587.864: Total time for which application threads were stopped: 0.0110117 seconds, Stopping threads took: 0.0003335 seconds
2015-08-30T15:33:30.094-0200: 168587.897: Total time for which application threads were stopped: 0.0006008 seconds, Stopping threads took: 0.0000566 seconds
2015-08-30T15:33:30.095-0200: 168587.897: Total time for which application threads were stopped: 0.0005129 seconds, Stopping threads took: 0.0001651 seconds
2015-08-30T15:33:30.102-0200: 168587.905: Total time for which application threads were stopped: 0.0011553 seconds, Stopping threads took: 0.0000354 seconds
2015-08-30T15:33:30.134-0200: 168587.936: Total time for which application threads were stopped: 0.0007930 seconds, Stopping threads took: 0.0000944 seconds
2015-08-30T15:33:30.144-0200: 168587.947: Total time for which application threads were stopped: 0.0063352 seconds, Stopping threads took: 0.0060382 seconds
2015-08-30T15:33:31.144-0200: 168588.947: Total time for which application threads were stopped: 0.0003812 seconds, Stopping threads took: 0.0000311 seconds
2015-08-30T15:33:31.164-0200: 168588.967: Total time for which application threads were stopped: 0.0047291 seconds, Stopping threads took: 0.0042984 seconds
2015-08-30T15:33:31.166-0200: 168588.969: Total time for which application threads were stopped: 0.0017429 seconds, Stopping threads took: 0.0007062 seconds
2015-08-30T15:33:31.171-0200: 168588.974: Total time for which application threads were stopped: 0.0063387 seconds, Stopping threads took: 0.0040045 seconds
2015-08-30T15:34:00.111-0200: 168617.915: Total time for which application threads were stopped: 0.0001957 seconds, Stopping threads took: 0.0000182 seconds
2015-08-30T15:34:01.193-0200: 168618.997: Total time for which application threads were stopped: 0.0002335 seconds, Stopping threads took: 0.0000242 seconds
2015-08-30T15:35:20.194-0200: 168698.000: Total time for which application threads were stopped: 0.0002056 seconds, Stopping threads took: 0.0000230 seconds
2015-08-30T15:35:20.211-0200: 168698.016: Total time for which application threads were stopped: 0.0012461 seconds, Stopping threads took: 0.0000316 seconds
2015-08-30T15:35:20.211-0200: 168698.017: Total time for which application threads were stopped: 0.0003156 seconds, Stopping threads took: 0.0000195 seconds
2015-08-30T15:35:20.222-0200: 168698.028: Total time for which application threads were stopped: 0.0002555 seconds, Stopping threads took: 0.0000233 seconds
2015-08-30T15:35:20.231-0200: 168698.037: Total time for which application threads were stopped: 0.0002344 seconds, Stopping threads took: 0.0000231 seconds
2015-08-30T15:35:20.236-0200: 168698.042: Total time for which application threads were stopped: 0.0017543 seconds, Stopping threads took: 0.0013278 seconds
2015-08-30T15:35:21.261-0200: 168699.067: Total time for which application threads were stopped: 0.0003996 seconds, Stopping threads took: 0.0000338 seconds
2015-08-30T15:35:21.265-0200: 168699.071: Total time for which application threads were stopped: 0.0004411 seconds, Stopping threads took: 0.0001134 seconds
2015-08-30T15:35:21.266-0200: 168699.072: Total time for which application threads were stopped: 0.0002340 seconds, Stopping threads took: 0.0000932 seconds
2015-08-30T15:35:21.266-0200: 168699.072: Total time for which application threads were stopped: 0.0001560 seconds, Stopping threads took: 0.0000142 seconds
2015-08-30T15:35:50.241-0200: 168728.048: Total time for which application threads were stopped: 0.0052990 seconds, Stopping threads took: 0.0004316 seconds
2015-08-30T15:35:51.271-0200: 168729.078: Total time for which application threads were stopped: 0.0002948 seconds, Stopping threads took: 0.0000275 seconds
2015-08-30T15:38:30.375-0200: 168888.186: Total time for which application threads were stopped: 0.0040024 seconds, Stopping threads took: 0.0003519 seconds
2015-08-30T15:38:30.413-0200: 168888.224: Total time for which application threads were stopped: 0.0019957 seconds, Stopping threads took: 0.0008842 seconds
2015-08-30T15:38:30.416-0200: 168888.227: Total time for which application threads were stopped: 0.0026212 seconds, Stopping threads took: 0.0022990 seconds
2015-08-30T15:38:30.430-0200: 168888.241: Total time for which application threads were stopped: 0.0048703 seconds, Stopping threads took: 0.0006952 seconds
2015-08-30T15:38:31.376-0200: 168889.187: Total time for which application threads were stopped: 0.0004564 seconds, Stopping threads took: 0.0000259 seconds
2015-08-30T15:38:31.385-0200: 168889.196: Total time for which application threads were stopped: 0.0051716 seconds, Stopping threads took: 0.0030053 seconds
2015-08-30T15:38:31.388-0200: 168889.199: Total time for which application threads were stopped: 0.0024314 seconds, Stopping threads took: 0.0019738 seconds
2015-08-30T15:38:31.389-0200: 168889.200: Total time for which application threads were stopped: 0.0003328 seconds, Stopping threads took: 0.0001345 seconds
2015-08-30T15:39:00.441-0200: 168918.253: Total time for which application threads were stopped: 0.0004441 seconds, Stopping threads took: 0.0000219 seconds
2015-08-30T15:39:01.395-0200: 168919.207: Total time for which application threads were stopped: 0.0024835 seconds, Stopping threads took: 0.0000225 seconds
2015-08-30T15:39:01.396-0200: 168919.208: Total time for which application threads were stopped: 0.0001461 seconds, Stopping threads took: 0.0000175 seconds
2015-08-30T16:02:40.749-0200: 169037.842: Total time for which application threads were stopped: 0.0398516 seconds, Stopping threads took: 0.0215412 seconds
2015-08-30T16:02:40.762-0200: 169037.855: Total time for which application threads were stopped: 0.0072419 seconds, Stopping threads took: 0.0040649 seconds
2015-08-30T16:02:40.773-0200: 169037.865: Total time for which application threads were stopped: 0.0005081 seconds, Stopping threads took: 0.0001289 seconds
2015-08-30T16:02:40.786-0200: 169037.879: Total time for which application threads were stopped: 0.0127452 seconds, Stopping threads took: 0.0122455 seconds
2015-08-30T16:02:40.787-0200: 169037.879: Total time for which application threads were stopped: 0.0002769 seconds, Stopping threads took: 0.0000177 seconds
2015-08-30T16:02:40.986-0200: 169038.079: Total time for which application threads were stopped: 0.0014129 seconds, Stopping threads took: 0.0001338 seconds
2015-08-30T16:02:41.031-0200: 169038.124: Total time for which application threads were stopped: 0.0090442 seconds, Stopping threads took: 0.0064898 seconds
2015-08-30T16:02:41.049-0200: 169038.141: Total time for which application threads were stopped: 0.0112115 seconds, Stopping threads took: 0.0109102 seconds
2015-08-30T16:02:41.067-0200: 169038.159: Total time for which application threads were stopped: 0.0022299 seconds, Stopping threads took: 0.0019157 seconds
2015-08-30T16:02:41.072-0200: 169038.165: Total time for which application threads were stopped: 0.0044710 seconds, Stopping threads took: 0.0042519 seconds
2015-08-30T16:02:41.079-0200: 169038.171: Total time for which application threads were stopped: 0.0049360 seconds, Stopping threads took: 0.0046359 seconds
2015-08-30T16:02:41.111-0200: 169038.204: Total time for which application threads were stopped: 0.0005147 seconds, Stopping threads took: 0.0002137 seconds
2015-08-30T16:02:41.113-0200: 169038.205: Total time for which application threads were stopped: 0.0002199 seconds, Stopping threads took: 0.0000425 seconds
2015-08-30T16:02:42.219-0200: 169039.312: Total time for which application threads were stopped: 0.0017031 seconds, Stopping threads took: 0.0002312 seconds
2015-08-30T16:02:42.220-0200: 169039.313: Total time for which application threads were stopped: 0.0001998 seconds, Stopping threads took: 0.0000156 seconds
2015-08-30T16:02:44.336-0200: 169043.377: Total time for which application threads were stopped: 0.0053789 seconds, Stopping threads took: 0.0005101 seconds
2015-08-30T16:02:44.336-0200: 169043.378: Total time for which application threads were stopped: 0.0001934 seconds, Stopping threads took: 0.0000124 seconds
2015-08-30T16:03:15.420-0200: 169074.462: Total time for which application threads were stopped: 0.0055258 seconds, Stopping threads took: 0.0012067 seconds
2015-08-30T16:04:18.843-0200: 169137.887: Total time for which application threads were stopped: 0.0042143 seconds, Stopping threads took: 0.0003310 seconds
2015-08-30T16:09:08.631-0200: 169427.683: Total time for which application threads were stopped: 0.0069969 seconds, Stopping threads took: 0.0006067 seconds
2015-08-30T16:09:15.704-0200: 169434.756: Total time for which application threads were stopped: 0.0044205 seconds, Stopping threads took: 0.0035337 seconds
2015-08-30T16:09:15.710-0200: 169434.762: Total time for which application threads were stopped: 0.0024443 seconds, Stopping threads took: 0.0015251 seconds
2015-08-30T16:09:15.715-0200: 169434.767: Total time for which application threads were stopped: 0.0041358 seconds, Stopping threads took: 0.0029224 seconds
2015-08-30T16:09:15.786-0200: 169434.838: Total time for which application threads were stopped: 0.0058244 seconds, Stopping threads took: 0.0015190 seconds
2015-08-30T16:09:15.793-0200: 169434.845: Total time for which application threads were stopped: 0.0021226 seconds, Stopping threads took: 0.0000198 seconds
2015-08-30T16:09:15.873-0200: 169434.924: Total time for which application threads were stopped: 0.0014145 seconds, Stopping threads took: 0.0009109 seconds
2015-08-30T16:09:15.876-0200: 169434.928: Total time for which application threads were stopped: 0.0024994 seconds, Stopping threads took: 0.0022066 seconds
2015-08-30T16:09:15.878-0200: 169434.930: Total time for which application threads were stopped: 0.0005164 seconds, Stopping threads took: 0.0002122 seconds
2015-08-30T16:09:15.881-0200: 169434.933: Total time for which application threads were stopped: 0.0028958 seconds, Stopping threads took: 0.0025284 seconds
2015-08-30T16:09:15.885-0200: 169434.937: Total time for which application threads were stopped: 0.0004258 seconds, Stopping threads took: 0.0001035 seconds
2015-08-30T16:09:15.891-0200: 169434.943: Total time for which application threads were stopped: 0.0050798 seconds, Stopping threads took: 0.0015229 seconds
2015-08-30T16:09:16.894-0200: 169435.946: Total time for which application threads were stopped: 0.0007926 seconds, Stopping threads took: 0.0000985 seconds
2015-08-30T16:09:45.898-0200: 169464.951: Total time for which application threads were stopped: 0.0030144 seconds, Stopping threads took: 0.0028200 seconds
2015-08-30T16:09:45.899-0200: 169464.951: Total time for which application threads were stopped: 0.0001739 seconds, Stopping threads took: 0.0000410 seconds
2015-08-30T16:09:55.916-0200: 169474.968: Total time for which application threads were stopped: 0.0038813 seconds, Stopping threads took: 0.0018040 seconds
2015-08-30T16:09:55.916-0200: 169474.969: Total time for which application threads were stopped: 0.0003005 seconds, Stopping threads took: 0.0000507 seconds
2015-08-30T16:09:55.923-0200: 169474.976: Total time for which application threads were stopped: 0.0005977 seconds, Stopping threads took: 0.0000661 seconds
2015-08-30T16:09:55.924-0200: 169474.977: Total time for which application threads were stopped: 0.0007805 seconds, Stopping threads took: 0.0000379 seconds
2015-08-30T16:09:55.926-0200: 169474.979: Total time for which application threads were stopped: 0.0021950 seconds, Stopping threads took: 0.0019121 seconds
2015-08-30T16:09:55.932-0200: 169474.985: Total time for which application threads were stopped: 0.0050761 seconds, Stopping threads took: 0.0045932 seconds
2015-08-30T16:10:25.938-0200: 169504.992: Total time for which application threads were stopped: 0.0065927 seconds, Stopping threads took: 0.0003961 seconds
2015-08-30T16:10:25.947-0200: 169505.001: Total time for which application threads were stopped: 0.0016111 seconds, Stopping threads took: 0.0013149 seconds
2015-08-30T16:10:25.948-0200: 169505.001: Total time for which application threads were stopped: 0.0002856 seconds, Stopping threads took: 0.0001034 seconds
2015-08-30T16:10:45.989-0200: 169525.043: Total time for which application threads were stopped: 0.0005711 seconds, Stopping threads took: 0.0000313 seconds
2015-08-30T16:10:45.996-0200: 169525.051: Total time for which application threads were stopped: 0.0045312 seconds, Stopping threads took: 0.0000425 seconds
2015-08-30T16:10:46.019-0200: 169525.073: Total time for which application threads were stopped: 0.0025029 seconds, Stopping threads took: 0.0019933 seconds
2015-08-30T16:10:46.020-0200: 169525.074: Total time for which application threads were stopped: 0.0005089 seconds, Stopping threads took: 0.0000651 seconds
2015-08-30T16:10:46.020-0200: 169525.075: Total time for which application threads were stopped: 0.0003482 seconds, Stopping threads took: 0.0000433 seconds
2015-08-30T16:10:46.029-0200: 169525.083: Total time for which application threads were stopped: 0.0022516 seconds, Stopping threads took: 0.0000266 seconds
2015-08-30T16:11:16.036-0200: 169555.091: Total time for which application threads were stopped: 0.0004752 seconds, Stopping threads took: 0.0000542 seconds
2015-08-30T16:11:56.083-0200: 169595.139: Total time for which application threads were stopped: 0.0015897 seconds, Stopping threads took: 0.0013265 seconds
2015-08-30T16:11:56.100-0200: 169595.156: Total time for which application threads were stopped: 0.0003237 seconds, Stopping threads took: 0.0000455 seconds
2015-08-30T16:11:56.113-0200: 169595.169: Total time for which application threads were stopped: 0.0037765 seconds, Stopping threads took: 0.0018955 seconds
2015-08-30T16:11:56.114-0200: 169595.170: Total time for which application threads were stopped: 0.0003678 seconds, Stopping threads took: 0.0000241 seconds
2015-08-30T16:11:56.119-0200: 169595.175: Total time for which application threads were stopped: 0.0034830 seconds, Stopping threads took: 0.0019197 seconds
2015-08-30T16:11:56.121-0200: 169595.177: Total time for which application threads were stopped: 0.0018164 seconds, Stopping threads took: 0.0015474 seconds
2015-08-30T16:11:56.128-0200: 169595.184: Total time for which application threads were stopped: 0.0005933 seconds, Stopping threads took: 0.0000323 seconds
2015-08-30T16:12:26.127-0200: 169625.183: Total time for which application threads were stopped: 0.0018691 seconds, Stopping threads took: 0.0015942 seconds
2015-08-30T16:12:26.127-0200: 169625.184: Total time for which application threads were stopped: 0.0001811 seconds, Stopping threads took: 0.0000855 seconds
2015-08-30T16:13:46.174-0200: 169705.232: Total time for which application threads were stopped: 0.0002860 seconds, Stopping threads took: 0.0000249 seconds
2015-08-30T16:13:46.196-0200: 169705.255: Total time for which application threads were stopped: 0.0096035 seconds, Stopping threads took: 0.0031767 seconds
2015-08-30T16:13:46.204-0200: 169705.263: Total time for which application threads were stopped: 0.0064775 seconds, Stopping threads took: 0.0029561 seconds
2015-08-30T16:13:46.212-0200: 169705.271: Total time for which application threads were stopped: 0.0022388 seconds, Stopping threads took: 0.0019369 seconds
2015-08-30T16:13:46.217-0200: 169705.275: Total time for which application threads were stopped: 0.0043633 seconds, Stopping threads took: 0.0038777 seconds
2015-08-30T16:13:46.223-0200: 169705.281: Total time for which application threads were stopped: 0.0051710 seconds, Stopping threads took: 0.0047937 seconds
2015-08-30T16:13:46.225-0200: 169705.284: Total time for which application threads were stopped: 0.0021103 seconds, Stopping threads took: 0.0017983 seconds
2015-08-30T16:13:46.299-0200: 169705.358: Total time for which application threads were stopped: 0.0019063 seconds, Stopping threads took: 0.0016538 seconds
2015-08-30T16:13:46.301-0200: 169705.360: Total time for which application threads were stopped: 0.0016498 seconds, Stopping threads took: 0.0014741 seconds
2015-08-30T16:16:26.448-0200: 169865.511: Total time for which application threads were stopped: 0.0030082 seconds, Stopping threads took: 0.0004070 seconds
2015-08-30T16:16:26.463-0200: 169865.526: Total time for which application threads were stopped: 0.0038616 seconds, Stopping threads took: 0.0003839 seconds
2015-08-30T16:16:26.479-0200: 169865.542: Total time for which application threads were stopped: 0.0026656 seconds, Stopping threads took: 0.0005653 seconds
2015-08-30T16:16:26.484-0200: 169865.547: Total time for which application threads were stopped: 0.0044516 seconds, Stopping threads took: 0.0022414 seconds
2015-08-30T16:16:26.493-0200: 169865.555: Total time for which application threads were stopped: 0.0073718 seconds, Stopping threads took: 0.0026261 seconds
2015-08-30T16:16:26.502-0200: 169865.565: Total time for which application threads were stopped: 0.0088023 seconds, Stopping threads took: 0.0058477 seconds
2015-08-30T16:16:26.507-0200: 169865.569: Total time for which application threads were stopped: 0.0034288 seconds, Stopping threads took: 0.0031411 seconds
2015-08-30T16:16:26.508-0200: 169865.570: Total time for which application threads were stopped: 0.0004248 seconds, Stopping threads took: 0.0001980 seconds
2015-08-30T16:16:26.519-0200: 169865.581: Total time for which application threads were stopped: 0.0076221 seconds, Stopping threads took: 0.0023242 seconds
2015-08-30T16:16:27.034-0200: 169866.096: Total time for which application threads were stopped: 0.0012289 seconds, Stopping threads took: 0.0009329 seconds
2015-08-30T16:16:27.034-0200: 169866.097: Total time for which application threads were stopped: 0.0002289 seconds, Stopping threads took: 0.0000602 seconds
2015-08-30T16:21:27.284-0200: 170166.354: Total time for which application threads were stopped: 0.0130178 seconds, Stopping threads took: 0.0013287 seconds
2015-08-30T16:21:27.366-0200: 170166.436: Total time for which application threads were stopped: 0.0034579 seconds, Stopping threads took: 0.0017855 seconds
2015-08-30T16:21:27.374-0200: 170166.443: Total time for which application threads were stopped: 0.0056311 seconds, Stopping threads took: 0.0046615 seconds
2015-08-30T16:21:27.385-0200: 170166.455: Total time for which application threads were stopped: 0.0064223 seconds, Stopping threads took: 0.0026742 seconds
2015-08-30T16:21:27.403-0200: 170166.472: Total time for which application threads were stopped: 0.0131617 seconds, Stopping threads took: 0.0070501 seconds
2015-08-30T16:21:27.410-0200: 170166.480: Total time for which application threads were stopped: 0.0068750 seconds, Stopping threads took: 0.0034224 seconds
2015-08-30T16:21:27.619-0200: 170166.688: Total time for which application threads were stopped: 0.0014960 seconds, Stopping threads took: 0.0008663 seconds
2015-08-30T16:21:27.624-0200: 170166.693: Total time for which application threads were stopped: 0.0008291 seconds, Stopping threads took: 0.0004586 seconds
2015-08-30T16:26:27.859-0200: 170466.936: Total time for which application threads were stopped: 0.0055434 seconds, Stopping threads took: 0.0003579 seconds
2015-08-30T16:26:27.887-0200: 170466.964: Total time for which application threads were stopped: 0.0004365 seconds, Stopping threads took: 0.0000292 seconds
2015-08-30T16:26:27.890-0200: 170466.966: Total time for which application threads were stopped: 0.0022247 seconds, Stopping threads took: 0.0001729 seconds
2015-08-30T16:26:27.890-0200: 170466.967: Total time for which application threads were stopped: 0.0003240 seconds, Stopping threads took: 0.0000359 seconds
2015-08-30T16:26:27.899-0200: 170466.975: Total time for which application threads were stopped: 0.0060177 seconds, Stopping threads took: 0.0043230 seconds
2015-08-30T16:26:27.901-0200: 170466.978: Total time for which application threads were stopped: 0.0020871 seconds, Stopping threads took: 0.0017210 seconds
2015-08-30T16:26:27.903-0200: 170466.980: Total time for which application threads were stopped: 0.0005377 seconds, Stopping threads took: 0.0002078 seconds
2015-08-30T16:26:27.913-0200: 170466.990: Total time for which application threads were stopped: 0.0005222 seconds, Stopping threads took: 0.0000309 seconds
2015-08-30T16:26:28.386-0200: 170467.463: Total time for which application threads were stopped: 0.0003122 seconds, Stopping threads took: 0.0000201 seconds
2015-08-30T16:31:28.626-0200: 170767.710: Total time for which application threads were stopped: 0.0069181 seconds, Stopping threads took: 0.0037195 seconds
2015-08-30T16:31:28.632-0200: 170767.715: Total time for which application threads were stopped: 0.0041055 seconds, Stopping threads took: 0.0000850 seconds
2015-08-30T16:31:28.655-0200: 170767.739: Total time for which application threads were stopped: 0.0015874 seconds, Stopping threads took: 0.0010469 seconds
2015-08-30T16:31:28.658-0200: 170767.742: Total time for which application threads were stopped: 0.0022443 seconds, Stopping threads took: 0.0016658 seconds
2015-08-30T16:31:28.660-0200: 170767.744: Total time for which application threads were stopped: 0.0020751 seconds, Stopping threads took: 0.0017116 seconds
2015-08-30T16:31:28.664-0200: 170767.748: Total time for which application threads were stopped: 0.0036736 seconds, Stopping threads took: 0.0031486 seconds
2015-08-30T16:31:28.669-0200: 170767.753: Total time for which application threads were stopped: 0.0031068 seconds, Stopping threads took: 0.0026866 seconds
2015-08-30T16:31:28.677-0200: 170767.761: Total time for which application threads were stopped: 0.0035849 seconds, Stopping threads took: 0.0002680 seconds
2015-08-30T16:31:28.684-0200: 170767.768: Total time for which application threads were stopped: 0.0039391 seconds, Stopping threads took: 0.0035913 seconds
2015-08-30T16:31:28.987-0200: 170768.071: Total time for which application threads were stopped: 0.0009601 seconds, Stopping threads took: 0.0000281 seconds
2015-08-30T16:36:29.207-0200: 171068.299: Total time for which application threads were stopped: 0.0031317 seconds, Stopping threads took: 0.0003866 seconds
2015-08-30T16:36:29.222-0200: 171068.313: Total time for which application threads were stopped: 0.0020461 seconds, Stopping threads took: 0.0015067 seconds
2015-08-30T16:36:29.225-0200: 171068.316: Total time for which application threads were stopped: 0.0019912 seconds, Stopping threads took: 0.0016527 seconds
2015-08-30T16:36:29.226-0200: 171068.318: Total time for which application threads were stopped: 0.0016874 seconds, Stopping threads took: 0.0001324 seconds
2015-08-30T16:36:29.227-0200: 171068.318: Total time for which application threads were stopped: 0.0005697 seconds, Stopping threads took: 0.0003033 seconds
2015-08-30T16:36:29.228-0200: 171068.319: Total time for which application threads were stopped: 0.0001824 seconds, Stopping threads took: 0.0000134 seconds
2015-08-30T16:36:29.233-0200: 171068.325: Total time for which application threads were stopped: 0.0009635 seconds, Stopping threads took: 0.0005982 seconds
2015-08-30T16:36:29.767-0200: 171068.858: Total time for which application threads were stopped: 0.0002596 seconds, Stopping threads took: 0.0000187 seconds
2015-08-30T16:36:31.243-0200: 171070.334: Total time for which application threads were stopped: 0.0003005 seconds, Stopping threads took: 0.0000297 seconds
2015-08-30T16:41:29.995-0200: 171369.094: Total time for which application threads were stopped: 0.0039347 seconds, Stopping threads took: 0.0004325 seconds
2015-08-30T16:41:30.020-0200: 171369.118: Total time for which application threads were stopped: 0.0012069 seconds, Stopping threads took: 0.0006126 seconds
2015-08-30T16:41:30.021-0200: 171369.120: Total time for which application threads were stopped: 0.0005285 seconds, Stopping threads took: 0.0000297 seconds
2015-08-30T16:41:30.025-0200: 171369.124: Total time for which application threads were stopped: 0.0004871 seconds, Stopping threads took: 0.0002017 seconds
2015-08-30T16:41:30.025-0200: 171369.124: Total time for which application threads were stopped: 0.0002329 seconds, Stopping threads took: 0.0000343 seconds
2015-08-30T16:41:30.797-0200: 171369.896: Total time for which application threads were stopped: 0.0013661 seconds, Stopping threads took: 0.0000229 seconds
2015-08-30T16:41:30.801-0200: 171369.900: Total time for which application threads were stopped: 0.0002196 seconds, Stopping threads took: 0.0000211 seconds
2015-08-30T16:41:31.433-0200: 171370.532: Total time for which application threads were stopped: 0.0002374 seconds, Stopping threads took: 0.0000271 seconds
2015-08-30T16:41:31.437-0200: 171370.536: Total time for which application threads were stopped: 0.0002478 seconds, Stopping threads took: 0.0000249 seconds
2015-08-30T16:41:31.437-0200: 171370.536: Total time for which application threads were stopped: 0.0001363 seconds, Stopping threads took: 0.0000120 seconds
2015-08-30T16:41:31.438-0200: 171370.536: Total time for which application threads were stopped: 0.0001376 seconds, Stopping threads took: 0.0000122 seconds
2015-08-30T16:41:31.468-0200: 171370.567: Total time for which application threads were stopped: 0.0002222 seconds, Stopping threads took: 0.0000223 seconds
2015-08-30T16:46:31.057-0200: 171670.164: Total time for which application threads were stopped: 0.0039406 seconds, Stopping threads took: 0.0007448 seconds
2015-08-30T16:46:31.098-0200: 171670.205: Total time for which application threads were stopped: 0.0058700 seconds, Stopping threads took: 0.0053143 seconds
2015-08-30T16:46:31.110-0200: 171670.216: Total time for which application threads were stopped: 0.0071753 seconds, Stopping threads took: 0.0055299 seconds
2015-08-30T16:46:31.110-0200: 171670.217: Total time for which application threads were stopped: 0.0003242 seconds, Stopping threads took: 0.0001178 seconds
2015-08-30T16:46:31.113-0200: 171670.220: Total time for which application threads were stopped: 0.0011011 seconds, Stopping threads took: 0.0008501 seconds
2015-08-30T16:46:31.692-0200: 171670.799: Total time for which application threads were stopped: 0.0006219 seconds, Stopping threads took: 0.0000310 seconds
2015-08-30T16:46:31.702-0200: 171670.809: Total time for which application threads were stopped: 0.0002243 seconds, Stopping threads took: 0.0000198 seconds
2015-08-30T16:46:31.702-0200: 171670.809: Total time for which application threads were stopped: 0.0002169 seconds, Stopping threads took: 0.0000132 seconds
2015-08-30T16:46:31.706-0200: 171670.813: Total time for which application threads were stopped: 0.0003763 seconds, Stopping threads took: 0.0000275 seconds
2015-08-30T16:46:31.880-0200: 171670.987: Total time for which application threads were stopped: 0.0002905 seconds, Stopping threads took: 0.0000932 seconds
2015-08-30T16:46:31.888-0200: 171670.995: Total time for which application threads were stopped: 0.0068497 seconds, Stopping threads took: 0.0066198 seconds
2015-08-30T16:46:31.889-0200: 171670.996: Total time for which application threads were stopped: 0.0001703 seconds, Stopping threads took: 0.0000519 seconds
2015-08-30T16:51:32.126-0200: 171971.241: Total time for which application threads were stopped: 0.0039722 seconds, Stopping threads took: 0.0003878 seconds
2015-08-30T16:51:32.164-0200: 171971.278: Total time for which application threads were stopped: 0.0028112 seconds, Stopping threads took: 0.0023599 seconds
2015-08-30T16:51:32.169-0200: 171971.284: Total time for which application threads were stopped: 0.0036497 seconds, Stopping threads took: 0.0031473 seconds
2015-08-30T16:51:32.172-0200: 171971.287: Total time for which application threads were stopped: 0.0030689 seconds, Stopping threads took: 0.0025030 seconds
2015-08-30T16:51:32.175-0200: 171971.290: Total time for which application threads were stopped: 0.0023479 seconds, Stopping threads took: 0.0001796 seconds
2015-08-30T16:51:32.178-0200: 171971.293: Total time for which application threads were stopped: 0.0018167 seconds, Stopping threads took: 0.0001414 seconds
2015-08-30T16:51:32.192-0200: 171971.307: Total time for which application threads were stopped: 0.0031218 seconds, Stopping threads took: 0.0000268 seconds
2015-08-30T16:51:32.666-0200: 171971.781: Total time for which application threads were stopped: 0.0011307 seconds, Stopping threads took: 0.0008613 seconds
2015-08-30T16:51:32.668-0200: 171971.782: Total time for which application threads were stopped: 0.0011768 seconds, Stopping threads took: 0.0000519 seconds
2015-08-30T16:56:32.896-0200: 172272.018: Total time for which application threads were stopped: 0.0078364 seconds, Stopping threads took: 0.0019929 seconds
2015-08-30T16:56:32.921-0200: 172272.044: Total time for which application threads were stopped: 0.0029716 seconds, Stopping threads took: 0.0019662 seconds
2015-08-30T16:56:32.947-0200: 172272.070: Total time for which application threads were stopped: 0.0040846 seconds, Stopping threads took: 0.0032473 seconds
2015-08-30T16:56:32.949-0200: 172272.071: Total time for which application threads were stopped: 0.0009963 seconds, Stopping threads took: 0.0005863 seconds
2015-08-30T16:56:32.951-0200: 172272.074: Total time for which application threads were stopped: 0.0015859 seconds, Stopping threads took: 0.0010939 seconds
2015-08-30T16:56:32.957-0200: 172272.079: Total time for which application threads were stopped: 0.0044725 seconds, Stopping threads took: 0.0041476 seconds
2015-08-30T16:56:32.961-0200: 172272.084: Total time for which application threads were stopped: 0.0037183 seconds, Stopping threads took: 0.0030573 seconds
2015-08-30T16:56:32.967-0200: 172272.089: Total time for which application threads were stopped: 0.0034653 seconds, Stopping threads took: 0.0029499 seconds
2015-08-30T16:56:34.708-0200: 172273.831: Total time for which application threads were stopped: 0.0027112 seconds, Stopping threads took: 0.0023198 seconds
2015-08-30T16:56:34.713-0200: 172273.835: Total time for which application threads were stopped: 0.0011589 seconds, Stopping threads took: 0.0009440 seconds
2015-08-30T17:01:34.943-0200: 172574.073: Total time for which application threads were stopped: 0.0045511 seconds, Stopping threads took: 0.0003204 seconds
2015-08-30T17:01:34.946-0200: 172574.076: Total time for which application threads were stopped: 0.0005658 seconds, Stopping threads took: 0.0000730 seconds
2015-08-30T17:01:34.971-0200: 172574.101: Total time for which application threads were stopped: 0.0006721 seconds, Stopping threads took: 0.0002356 seconds
2015-08-30T17:01:34.976-0200: 172574.107: Total time for which application threads were stopped: 0.0047237 seconds, Stopping threads took: 0.0015703 seconds
2015-08-30T17:01:34.987-0200: 172574.117: Total time for which application threads were stopped: 0.0033600 seconds, Stopping threads took: 0.0029521 seconds
2015-08-30T17:01:34.987-0200: 172574.118: Total time for which application threads were stopped: 0.0004213 seconds, Stopping threads took: 0.0001450 seconds
2015-08-30T17:01:34.994-0200: 172574.125: Total time for which application threads were stopped: 0.0057796 seconds, Stopping threads took: 0.0014301 seconds
2015-08-30T17:01:35.069-0200: 172574.200: Total time for which application threads were stopped: 0.0012715 seconds, Stopping threads took: 0.0006418 seconds
2015-08-30T17:01:35.073-0200: 172574.203: Total time for which application threads were stopped: 0.0003594 seconds, Stopping threads took: 0.0001159 seconds
2015-08-30T17:06:35.332-0200: 172874.470: Total time for which application threads were stopped: 0.0042359 seconds, Stopping threads took: 0.0003454 seconds
2015-08-30T17:06:35.347-0200: 172874.486: Total time for which application threads were stopped: 0.0033671 seconds, Stopping threads took: 0.0029802 seconds
2015-08-30T17:06:35.347-0200: 172874.486: Total time for which application threads were stopped: 0.0001696 seconds, Stopping threads took: 0.0000749 seconds
2015-08-30T17:06:35.348-0200: 172874.487: Total time for which application threads were stopped: 0.0002811 seconds, Stopping threads took: 0.0000128 seconds
2015-08-30T17:06:35.351-0200: 172874.489: Total time for which application threads were stopped: 0.0011728 seconds, Stopping threads took: 0.0008814 seconds
2015-08-30T17:06:35.365-0200: 172874.504: Total time for which application threads were stopped: 0.0003598 seconds, Stopping threads took: 0.0000238 seconds
2015-08-30T17:06:35.918-0200: 172875.056: Total time for which application threads were stopped: 0.0022661 seconds, Stopping threads took: 0.0019453 seconds
2015-08-30T17:06:35.920-0200: 172875.059: Total time for which application threads were stopped: 0.0002608 seconds, Stopping threads took: 0.0000481 seconds
2015-08-30T17:11:36.139-0200: 173175.286: Total time for which application threads were stopped: 0.0069145 seconds, Stopping threads took: 0.0003170 seconds
2015-08-30T17:11:36.163-0200: 173175.310: Total time for which application threads were stopped: 0.0041299 seconds, Stopping threads took: 0.0001787 seconds
2015-08-30T17:11:36.188-0200: 173175.335: Total time for which application threads were stopped: 0.0026220 seconds, Stopping threads took: 0.0020581 seconds
2015-08-30T17:11:36.189-0200: 173175.335: Total time for which application threads were stopped: 0.0002932 seconds, Stopping threads took: 0.0000217 seconds
2015-08-30T17:11:36.191-0200: 173175.337: Total time for which application threads were stopped: 0.0006687 seconds, Stopping threads took: 0.0004377 seconds
2015-08-30T17:11:36.194-0200: 173175.341: Total time for which application threads were stopped: 0.0034580 seconds, Stopping threads took: 0.0018384 seconds
2015-08-30T17:11:36.197-0200: 173175.344: Total time for which application threads were stopped: 0.0021933 seconds, Stopping threads took: 0.0001387 seconds
2015-08-30T17:11:36.198-0200: 173175.345: Total time for which application threads were stopped: 0.0005506 seconds, Stopping threads took: 0.0002242 seconds
2015-08-30T17:11:36.205-0200: 173175.352: Total time for which application threads were stopped: 0.0012803 seconds, Stopping threads took: 0.0008291 seconds
2015-08-30T17:11:36.411-0200: 173175.558: Total time for which application threads were stopped: 0.0003110 seconds, Stopping threads took: 0.0000247 seconds
2015-08-30T17:16:36.685-0200: 173475.840: Total time for which application threads were stopped: 0.0030199 seconds, Stopping threads took: 0.0003575 seconds
2015-08-30T17:16:36.709-0200: 173475.864: Total time for which application threads were stopped: 0.0016515 seconds, Stopping threads took: 0.0011510 seconds
2015-08-30T17:16:36.709-0200: 173475.864: Total time for which application threads were stopped: 0.0002583 seconds, Stopping threads took: 0.0000577 seconds
2015-08-30T17:16:36.710-0200: 173475.865: Total time for which application threads were stopped: 0.0002248 seconds, Stopping threads took: 0.0000114 seconds
2015-08-30T17:16:36.711-0200: 173475.866: Total time for which application threads were stopped: 0.0002268 seconds, Stopping threads took: 0.0000191 seconds
2015-08-30T17:16:36.740-0200: 173475.895: Total time for which application threads were stopped: 0.0091737 seconds, Stopping threads took: 0.0087623 seconds
2015-08-30T17:16:37.888-0200: 173477.043: Total time for which application threads were stopped: 0.0002814 seconds, Stopping threads took: 0.0000240 seconds
2015-08-30T17:16:38.731-0200: 173477.886: Total time for which application threads were stopped: 0.0001752 seconds, Stopping threads took: 0.0000179 seconds
2015-08-30T17:21:38.109-0200: 173777.272: Total time for which application threads were stopped: 0.0064727 seconds, Stopping threads took: 0.0011915 seconds
2015-08-30T17:21:38.135-0200: 173777.298: Total time for which application threads were stopped: 0.0012160 seconds, Stopping threads took: 0.0007739 seconds
2015-08-30T17:21:38.135-0200: 173777.299: Total time for which application threads were stopped: 0.0002766 seconds, Stopping threads took: 0.0000192 seconds
2015-08-30T17:21:38.137-0200: 173777.300: Total time for which application threads were stopped: 0.0001878 seconds, Stopping threads took: 0.0000152 seconds
2015-08-30T17:21:38.170-0200: 173777.333: Total time for which application threads were stopped: 0.0003825 seconds, Stopping threads took: 0.0000238 seconds
2015-08-30T17:21:38.270-0200: 173777.434: Total time for which application threads were stopped: 0.0003158 seconds, Stopping threads took: 0.0000226 seconds
2015-08-30T17:21:38.943-0200: 173778.107: Total time for which application threads were stopped: 0.0002240 seconds, Stopping threads took: 0.0000244 seconds
2015-08-30T17:21:38.972-0200: 173778.135: Total time for which application threads were stopped: 0.0101748 seconds, Stopping threads took: 0.0098444 seconds
2015-08-30T17:21:38.979-0200: 173778.142: Total time for which application threads were stopped: 0.0037088 seconds, Stopping threads took: 0.0034536 seconds
2015-08-30T17:21:38.979-0200: 173778.143: Total time for which application threads were stopped: 0.0001893 seconds, Stopping threads took: 0.0000149 seconds
2015-08-30T17:21:39.026-0200: 173778.189: Total time for which application threads were stopped: 0.0008491 seconds, Stopping threads took: 0.0000195 seconds
2015-08-30T17:26:38.523-0200: 174077.695: Total time for which application threads were stopped: 0.0027725 seconds, Stopping threads took: 0.0003327 seconds
2015-08-30T17:26:38.545-0200: 174077.717: Total time for which application threads were stopped: 0.0004769 seconds, Stopping threads took: 0.0000600 seconds
2015-08-30T17:26:38.546-0200: 174077.718: Total time for which application threads were stopped: 0.0003811 seconds, Stopping threads took: 0.0001906 seconds
2015-08-30T17:26:38.547-0200: 174077.718: Total time for which application threads were stopped: 0.0004117 seconds, Stopping threads took: 0.0001576 seconds
2015-08-30T17:26:38.550-0200: 174077.722: Total time for which application threads were stopped: 0.0003563 seconds, Stopping threads took: 0.0000327 seconds
2015-08-30T17:26:39.230-0200: 174078.403: Total time for which application threads were stopped: 0.0017677 seconds, Stopping threads took: 0.0000280 seconds
2015-08-30T17:26:39.250-0200: 174078.422: Total time for which application threads were stopped: 0.0002299 seconds, Stopping threads took: 0.0000272 seconds
2015-08-30T17:26:39.251-0200: 174078.422: Total time for which application threads were stopped: 0.0001054 seconds, Stopping threads took: 0.0000103 seconds
2015-08-30T17:26:39.251-0200: 174078.423: Total time for which application threads were stopped: 0.0001015 seconds, Stopping threads took: 0.0000091 seconds
2015-08-30T17:26:39.259-0200: 174078.430: Total time for which application threads were stopped: 0.0002218 seconds, Stopping threads took: 0.0000192 seconds
2015-08-30T17:26:39.331-0200: 174078.503: Total time for which application threads were stopped: 0.0002201 seconds, Stopping threads took: 0.0000261 seconds
2015-08-30T17:31:39.496-0200: 174378.676: Total time for which application threads were stopped: 0.0099480 seconds, Stopping threads took: 0.0003886 seconds
2015-08-30T17:31:39.522-0200: 174378.703: Total time for which application threads were stopped: 0.0010314 seconds, Stopping threads took: 0.0003822 seconds
2015-08-30T17:31:39.526-0200: 174378.706: Total time for which application threads were stopped: 0.0029321 seconds, Stopping threads took: 0.0024286 seconds
2015-08-30T17:31:39.531-0200: 174378.711: Total time for which application threads were stopped: 0.0012773 seconds, Stopping threads took: 0.0008859 seconds
2015-08-30T17:31:39.532-0200: 174378.712: Total time for which application threads were stopped: 0.0004720 seconds, Stopping threads took: 0.0000727 seconds
2015-08-30T17:31:39.541-0200: 174378.721: Total time for which application threads were stopped: 0.0003587 seconds, Stopping threads took: 0.0000202 seconds
2015-08-30T17:31:39.553-0200: 174378.734: Total time for which application threads were stopped: 0.0041662 seconds, Stopping threads took: 0.0038661 seconds
2015-08-30T17:31:39.554-0200: 174378.734: Total time for which application threads were stopped: 0.0003860 seconds, Stopping threads took: 0.0001646 seconds
2015-08-30T17:31:39.554-0200: 174378.735: Total time for which application threads were stopped: 0.0001303 seconds, Stopping threads took: 0.0000132 seconds
2015-08-30T17:31:39.609-0200: 174378.790: Total time for which application threads were stopped: 0.0056949 seconds, Stopping threads took: 0.0014440 seconds
2015-08-30T17:31:39.616-0200: 174378.796: Total time for which application threads were stopped: 0.0019797 seconds, Stopping threads took: 0.0017570 seconds
2015-08-30T17:31:39.616-0200: 174378.796: Total time for which application threads were stopped: 0.0001414 seconds, Stopping threads took: 0.0000412 seconds
2015-08-30T17:36:39.858-0200: 174679.047: Total time for which application threads were stopped: 0.0075452 seconds, Stopping threads took: 0.0003122 seconds
2015-08-30T17:36:39.892-0200: 174679.081: Total time for which application threads were stopped: 0.0029704 seconds, Stopping threads took: 0.0008100 seconds
2015-08-30T17:36:39.905-0200: 174679.093: Total time for which application threads were stopped: 0.0066800 seconds, Stopping threads took: 0.0002221 seconds
2015-08-30T17:36:39.910-0200: 174679.098: Total time for which application threads were stopped: 0.0023899 seconds, Stopping threads took: 0.0020415 seconds
2015-08-30T17:36:39.910-0200: 174679.099: Total time for which application threads were stopped: 0.0005078 seconds, Stopping threads took: 0.0002128 seconds
2015-08-30T17:36:39.919-0200: 174679.107: Total time for which application threads were stopped: 0.0004407 seconds, Stopping threads took: 0.0000284 seconds
2015-08-30T17:36:40.921-0200: 174680.110: Total time for which application threads were stopped: 0.0002957 seconds, Stopping threads took: 0.0000287 seconds
2015-08-30T17:36:41.679-0200: 174680.868: Total time for which application threads were stopped: 0.0003231 seconds, Stopping threads took: 0.0000326 seconds
2015-08-30T17:36:41.680-0200: 174680.869: Total time for which application threads were stopped: 0.0007207 seconds, Stopping threads took: 0.0000159 seconds
2015-08-30T17:41:41.130-0200: 174980.327: Total time for which application threads were stopped: 0.0030608 seconds, Stopping threads took: 0.0003363 seconds
2015-08-30T17:41:41.169-0200: 174980.366: Total time for which application threads were stopped: 0.0091253 seconds, Stopping threads took: 0.0024629 seconds
2015-08-30T17:41:41.170-0200: 174980.367: Total time for which application threads were stopped: 0.0003224 seconds, Stopping threads took: 0.0000134 seconds
2015-08-30T17:41:41.171-0200: 174980.368: Total time for which application threads were stopped: 0.0002757 seconds, Stopping threads took: 0.0000210 seconds
2015-08-30T17:41:41.180-0200: 174980.378: Total time for which application threads were stopped: 0.0011391 seconds, Stopping threads took: 0.0000203 seconds
2015-08-30T17:41:41.865-0200: 174981.062: Total time for which application threads were stopped: 0.0002447 seconds, Stopping threads took: 0.0000217 seconds
2015-08-30T17:41:41.880-0200: 174981.077: Total time for which application threads were stopped: 0.0002615 seconds, Stopping threads took: 0.0000257 seconds
2015-08-30T17:41:41.883-0200: 174981.081: Total time for which application threads were stopped: 0.0032137 seconds, Stopping threads took: 0.0029618 seconds
2015-08-30T17:41:41.885-0200: 174981.083: Total time for which application threads were stopped: 0.0017523 seconds, Stopping threads took: 0.0000204 seconds
2015-08-30T17:42:11.195-0200: 175010.393: Total time for which application threads were stopped: 0.0004105 seconds, Stopping threads took: 0.0000272 seconds
2015-08-30T17:42:11.903-0200: 175011.101: Total time for which application threads were stopped: 0.0008925 seconds, Stopping threads took: 0.0006299 seconds
2015-08-30T17:47:11.415-0200: 175310.621: Total time for which application threads were stopped: 0.0031112 seconds, Stopping threads took: 0.0003691 seconds
2015-08-30T17:47:11.441-0200: 175310.647: Total time for which application threads were stopped: 0.0027692 seconds, Stopping threads took: 0.0023236 seconds
2015-08-30T17:47:11.443-0200: 175310.649: Total time for which application threads were stopped: 0.0018493 seconds, Stopping threads took: 0.0015256 seconds
2015-08-30T17:47:11.447-0200: 175310.653: Total time for which application threads were stopped: 0.0003122 seconds, Stopping threads took: 0.0000215 seconds
2015-08-30T17:47:11.466-0200: 175310.672: Total time for which application threads were stopped: 0.0055369 seconds, Stopping threads took: 0.0000323 seconds
2015-08-30T17:47:12.101-0200: 175311.308: Total time for which application threads were stopped: 0.0003105 seconds, Stopping threads took: 0.0000265 seconds
2015-08-30T17:47:12.105-0200: 175311.311: Total time for which application threads were stopped: 0.0002522 seconds, Stopping threads took: 0.0000281 seconds
2015-08-30T17:47:12.106-0200: 175311.312: Total time for which application threads were stopped: 0.0001311 seconds, Stopping threads took: 0.0000114 seconds
2015-08-30T17:47:12.108-0200: 175311.314: Total time for which application threads were stopped: 0.0022559 seconds, Stopping threads took: 0.0019625 seconds
2015-08-30T17:47:41.465-0200: 175340.672: Total time for which application threads were stopped: 0.0005831 seconds, Stopping threads took: 0.0000545 seconds
2015-08-30T17:47:42.116-0200: 175341.322: Total time for which application threads were stopped: 0.0002331 seconds, Stopping threads took: 0.0000263 seconds
2015-08-30T17:52:41.648-0200: 175640.864: Total time for which application threads were stopped: 0.0035746 seconds, Stopping threads took: 0.0003086 seconds
{Heap before GC invocations=90 (full 2):
 par new generation   total 109248K, used 88788K [0x000000011d400000, 0x0000000125400000, 0x0000000125400000)
  eden space 87424K, 100% used [0x000000011d400000, 0x0000000122960000, 0x0000000122960000)
  from space 21824K,   6% used [0x0000000122960000, 0x0000000122ab52c0, 0x0000000123eb0000)
  to   space 21824K,   0% used [0x0000000123eb0000, 0x0000000123eb0000, 0x0000000125400000)
 concurrent mark-sweep generation total 393216K, used 22387K [0x0000000125400000, 0x000000013d400000, 0x000000013d400000)
 Metaspace       used 36238K, capacity 36658K, committed 37412K, reserved 1083392K
  class space    used 3933K, capacity 4032K, committed 4172K, reserved 1048576K
2015-08-30T17:52:41.679-0200: 175640.894: [GC (Allocation Failure) 175640.900: [ParNew
Desired survivor size 20112992 bytes, new threshold 8 (max 8)
- age   1:     901424 bytes,     901424 total
- age   2:       3128 bytes,     904552 total
- age   3:       3744 bytes,     908296 total
- age   4:      10872 bytes,     919168 total
- age   5:       5952 bytes,     925120 total
- age   6:      75920 bytes,    1001040 total
- age   7:      40480 bytes,    1041520 total
- age   8:      35632 bytes,    1077152 total
: 88788K->1267K(109248K), 0.6450264 secs] 111175K->23710K(502464K), 0.6511420 secs] [Times: user=0.32 sys=0.25, real=0.66 secs] 
Heap after GC invocations=91 (full 2):
 par new generation   total 109248K, used 1267K [0x000000011d400000, 0x0000000125400000, 0x0000000125400000)
  eden space 87424K,   0% used [0x000000011d400000, 0x000000011d400000, 0x0000000122960000)
  from space 21824K,   5% used [0x0000000123eb0000, 0x0000000123fecff0, 0x0000000125400000)
  to   space 21824K,   0% used [0x0000000122960000, 0x0000000122960000, 0x0000000123eb0000)
 concurrent mark-sweep generation total 393216K, used 22442K [0x0000000125400000, 0x000000013d400000, 0x000000013d400000)
 Metaspace       used 36238K, capacity 36658K, committed 37412K, reserved 1083392K
  class space    used 3933K, capacity 4032K, committed 4172K, reserved 1048576K
}
2015-08-30T17:52:42.330-0200: 175641.546: Total time for which application threads were stopped: 0.6632670 seconds, Stopping threads took: 0.0014609 seconds
2015-08-30T17:52:42.333-0200: 175641.548: Total time for which application threads were stopped: 0.0020467 seconds, Stopping threads took: 0.0015837 seconds
2015-08-30T17:52:42.339-0200: 175641.554: Total time for which application threads were stopped: 0.0055968 seconds, Stopping threads took: 0.0024924 seconds
2015-08-30T17:52:42.340-0200: 175641.555: Total time for which application threads were stopped: 0.0003744 seconds, Stopping threads took: 0.0000496 seconds
2015-08-30T17:52:42.347-0200: 175641.563: Total time for which application threads were stopped: 0.0034488 seconds, Stopping threads took: 0.0029400 seconds
2015-08-30T17:52:42.351-0200: 175641.566: Total time for which application threads were stopped: 0.0004538 seconds, Stopping threads took: 0.0000703 seconds
2015-08-30T17:52:42.361-0200: 175641.577: Total time for which application threads were stopped: 0.0015146 seconds, Stopping threads took: 0.0012420 seconds
2015-08-30T17:52:42.364-0200: 175641.580: Total time for which application threads were stopped: 0.0019427 seconds, Stopping threads took: 0.0016634 seconds
2015-08-30T17:52:42.367-0200: 175641.582: Total time for which application threads were stopped: 0.0021767 seconds, Stopping threads took: 0.0001408 seconds
2015-08-30T17:53:12.355-0200: 175671.571: Total time for which application threads were stopped: 0.0003530 seconds, Stopping threads took: 0.0000273 seconds
2015-08-30T17:53:12.372-0200: 175671.589: Total time for which application threads were stopped: 0.0002806 seconds, Stopping threads took: 0.0000458 seconds
2015-08-30T17:58:12.573-0200: 175971.798: Total time for which application threads were stopped: 0.0031226 seconds, Stopping threads took: 0.0003448 seconds
2015-08-30T17:58:12.590-0200: 175971.815: Total time for which application threads were stopped: 0.0024713 seconds, Stopping threads took: 0.0004581 seconds
2015-08-30T17:58:12.605-0200: 175971.829: Total time for which application threads were stopped: 0.0013671 seconds, Stopping threads took: 0.0010405 seconds
2015-08-30T17:58:12.609-0200: 175971.833: Total time for which application threads were stopped: 0.0036164 seconds, Stopping threads took: 0.0027002 seconds
2015-08-30T17:58:12.610-0200: 175971.834: Total time for which application threads were stopped: 0.0009028 seconds, Stopping threads took: 0.0005539 seconds
2015-08-30T17:58:12.611-0200: 175971.836: Total time for which application threads were stopped: 0.0010839 seconds, Stopping threads took: 0.0005475 seconds
2015-08-30T17:58:12.618-0200: 175971.842: Total time for which application threads were stopped: 0.0037415 seconds, Stopping threads took: 0.0034092 seconds
2015-08-30T17:58:12.621-0200: 175971.846: Total time for which application threads were stopped: 0.0029171 seconds, Stopping threads took: 0.0025431 seconds
2015-08-30T17:58:12.625-0200: 175971.850: Total time for which application threads were stopped: 0.0022480 seconds, Stopping threads took: 0.0018772 seconds
2015-08-30T17:58:42.642-0200: 176001.867: Total time for which application threads were stopped: 0.0044779 seconds, Stopping threads took: 0.0029565 seconds
2015-08-30T17:58:42.642-0200: 176001.868: Total time for which application threads were stopped: 0.0004039 seconds, Stopping threads took: 0.0000377 seconds
2015-08-30T18:03:42.880-0200: 176302.115: Total time for which application threads were stopped: 0.0121239 seconds, Stopping threads took: 0.0021940 seconds
2015-08-30T18:03:42.881-0200: 176302.116: Total time for which application threads were stopped: 0.0004872 seconds, Stopping threads took: 0.0002326 seconds
2015-08-30T18:03:42.936-0200: 176302.170: Total time for which application threads were stopped: 0.0243575 seconds, Stopping threads took: 0.0234013 seconds
2015-08-30T18:03:42.939-0200: 176302.174: Total time for which application threads were stopped: 0.0024969 seconds, Stopping threads took: 0.0020601 seconds
2015-08-30T18:03:42.950-0200: 176302.185: Total time for which application threads were stopped: 0.0049498 seconds, Stopping threads took: 0.0046698 seconds
2015-08-30T18:03:42.970-0200: 176302.205: Total time for which application threads were stopped: 0.0100186 seconds, Stopping threads took: 0.0095046 seconds
2015-08-30T18:04:12.973-0200: 176332.209: Total time for which application threads were stopped: 0.0025984 seconds, Stopping threads took: 0.0021014 seconds
2015-08-30T18:04:12.974-0200: 176332.209: Total time for which application threads were stopped: 0.0003550 seconds, Stopping threads took: 0.0001202 seconds
2015-08-30T18:09:13.169-0200: 176632.413: Total time for which application threads were stopped: 0.0059350 seconds, Stopping threads took: 0.0004416 seconds
2015-08-30T18:09:13.178-0200: 176632.422: Total time for which application threads were stopped: 0.0086976 seconds, Stopping threads took: 0.0049308 seconds
2015-08-30T18:09:13.202-0200: 176632.445: Total time for which application threads were stopped: 0.0025668 seconds, Stopping threads took: 0.0020459 seconds
2015-08-30T18:09:13.203-0200: 176632.447: Total time for which application threads were stopped: 0.0006512 seconds, Stopping threads took: 0.0000358 seconds
2015-08-30T18:09:13.203-0200: 176632.447: Total time for which application threads were stopped: 0.0003340 seconds, Stopping threads took: 0.0001253 seconds
2015-08-30T18:09:13.208-0200: 176632.452: Total time for which application threads were stopped: 0.0042892 seconds, Stopping threads took: 0.0040027 seconds
2015-08-30T18:09:13.209-0200: 176632.453: Total time for which application threads were stopped: 0.0002654 seconds, Stopping threads took: 0.0000392 seconds
2015-08-30T18:09:13.249-0200: 176632.492: Total time for which application threads were stopped: 0.0005207 seconds, Stopping threads took: 0.0000315 seconds
2015-08-30T18:09:43.220-0200: 176662.464: Total time for which application threads were stopped: 0.0033399 seconds, Stopping threads took: 0.0012065 seconds
2015-08-30T18:09:43.225-0200: 176662.470: Total time for which application threads were stopped: 0.0050956 seconds, Stopping threads took: 0.0000333 seconds
2015-08-30T18:14:43.436-0200: 176962.690: Total time for which application threads were stopped: 0.0031286 seconds, Stopping threads took: 0.0003773 seconds
2015-08-30T18:14:43.459-0200: 176962.713: Total time for which application threads were stopped: 0.0024733 seconds, Stopping threads took: 0.0001901 seconds
2015-08-30T18:14:43.462-0200: 176962.715: Total time for which application threads were stopped: 0.0020128 seconds, Stopping threads took: 0.0013967 seconds
2015-08-30T18:14:43.467-0200: 176962.720: Total time for which application threads were stopped: 0.0049256 seconds, Stopping threads took: 0.0002717 seconds
2015-08-30T18:14:43.467-0200: 176962.721: Total time for which application threads were stopped: 0.0003539 seconds, Stopping threads took: 0.0001348 seconds
2015-08-30T18:14:43.472-0200: 176962.725: Total time for which application threads were stopped: 0.0004802 seconds, Stopping threads took: 0.0000276 seconds
2015-08-30T18:14:43.484-0200: 176962.738: Total time for which application threads were stopped: 0.0004700 seconds, Stopping threads took: 0.0000250 seconds
2015-08-30T18:15:13.488-0200: 176992.742: Total time for which application threads were stopped: 0.0002687 seconds, Stopping threads took: 0.0000196 seconds
2015-08-30T18:20:13.721-0200: 177292.983: Total time for which application threads were stopped: 0.0036031 seconds, Stopping threads took: 0.0004460 seconds
2015-08-30T18:20:13.742-0200: 177293.005: Total time for which application threads were stopped: 0.0044543 seconds, Stopping threads took: 0.0039844 seconds
2015-08-30T18:20:13.748-0200: 177293.011: Total time for which application threads were stopped: 0.0028035 seconds, Stopping threads took: 0.0023516 seconds
2015-08-30T18:20:13.752-0200: 177293.014: Total time for which application threads were stopped: 0.0018906 seconds, Stopping threads took: 0.0016210 seconds
2015-08-30T18:20:13.756-0200: 177293.019: Total time for which application threads were stopped: 0.0044058 seconds, Stopping threads took: 0.0038744 seconds
2015-08-30T18:20:13.759-0200: 177293.021: Total time for which application threads were stopped: 0.0021243 seconds, Stopping threads took: 0.0018189 seconds
2015-08-30T18:20:13.759-0200: 177293.022: Total time for which application threads were stopped: 0.0003615 seconds, Stopping threads took: 0.0001697 seconds
2015-08-30T18:20:13.966-0200: 177293.228: Total time for which application threads were stopped: 0.0012905 seconds, Stopping threads took: 0.0009634 seconds
2015-08-30T18:20:13.966-0200: 177293.229: Total time for which application threads were stopped: 0.0001463 seconds, Stopping threads took: 0.0000412 seconds
2015-08-30T18:25:14.187-0200: 177593.459: Total time for which application threads were stopped: 0.0084263 seconds, Stopping threads took: 0.0004199 seconds
2015-08-30T18:25:14.192-0200: 177593.463: Total time for which application threads were stopped: 0.0016490 seconds, Stopping threads took: 0.0012301 seconds
2015-08-30T18:25:14.253-0200: 177593.524: Total time for which application threads were stopped: 0.0079191 seconds, Stopping threads took: 0.0010810 seconds
2015-08-30T18:25:14.260-0200: 177593.531: Total time for which application threads were stopped: 0.0052888 seconds, Stopping threads took: 0.0043772 seconds
2015-08-30T18:25:14.265-0200: 177593.536: Total time for which application threads were stopped: 0.0019484 seconds, Stopping threads took: 0.0016280 seconds
2015-08-30T18:25:14.265-0200: 177593.536: Total time for which application threads were stopped: 0.0002151 seconds, Stopping threads took: 0.0001052 seconds
2015-08-30T18:25:14.271-0200: 177593.542: Total time for which application threads were stopped: 0.0006126 seconds, Stopping threads took: 0.0001527 seconds
2015-08-30T18:25:14.277-0200: 177593.548: Total time for which application threads were stopped: 0.0003004 seconds, Stopping threads took: 0.0000268 seconds
2015-08-30T18:25:44.277-0200: 177623.549: Total time for which application threads were stopped: 0.0006863 seconds, Stopping threads took: 0.0001366 seconds
2015-08-30T18:25:44.281-0200: 177623.553: Total time for which application threads were stopped: 0.0036815 seconds, Stopping threads took: 0.0034572 seconds
2015-08-30T18:30:44.518-0200: 177923.798: Total time for which application threads were stopped: 0.0050519 seconds, Stopping threads took: 0.0015700 seconds
2015-08-30T18:30:44.531-0200: 177923.811: Total time for which application threads were stopped: 0.0041145 seconds, Stopping threads took: 0.0001494 seconds
2015-08-30T18:30:44.548-0200: 177923.828: Total time for which application threads were stopped: 0.0010617 seconds, Stopping threads took: 0.0006647 seconds
2015-08-30T18:30:44.549-0200: 177923.829: Total time for which application threads were stopped: 0.0004942 seconds, Stopping threads took: 0.0001061 seconds
2015-08-30T18:30:44.549-0200: 177923.830: Total time for which application threads were stopped: 0.0004645 seconds, Stopping threads took: 0.0001231 seconds
2015-08-30T18:30:44.557-0200: 177923.837: Total time for which application threads were stopped: 0.0072498 seconds, Stopping threads took: 0.0002404 seconds
2015-08-30T18:30:44.562-0200: 177923.843: Total time for which application threads were stopped: 0.0024610 seconds, Stopping threads took: 0.0021905 seconds
2015-08-30T18:30:44.565-0200: 177923.845: Total time for which application threads were stopped: 0.0011357 seconds, Stopping threads took: 0.0001334 seconds
2015-08-30T18:31:14.580-0200: 177953.861: Total time for which application threads were stopped: 0.0039874 seconds, Stopping threads took: 0.0004892 seconds
2015-08-30T18:31:14.586-0200: 177953.867: Total time for which application threads were stopped: 0.0020136 seconds, Stopping threads took: 0.0016702 seconds
2015-08-30T18:31:14.595-0200: 177953.876: Total time for which application threads were stopped: 0.0039027 seconds, Stopping threads took: 0.0036098 seconds
2015-08-30T18:36:14.861-0200: 178254.151: Total time for which application threads were stopped: 0.0154359 seconds, Stopping threads took: 0.0040665 seconds
2015-08-30T18:36:14.864-0200: 178254.154: Total time for which application threads were stopped: 0.0004016 seconds, Stopping threads took: 0.0000891 seconds
2015-08-30T18:36:14.882-0200: 178254.172: Total time for which application threads were stopped: 0.0006042 seconds, Stopping threads took: 0.0001499 seconds
2015-08-30T18:36:14.887-0200: 178254.177: Total time for which application threads were stopped: 0.0035130 seconds, Stopping threads took: 0.0030471 seconds
2015-08-30T18:36:14.902-0200: 178254.192: Total time for which application threads were stopped: 0.0135789 seconds, Stopping threads took: 0.0131150 seconds
2015-08-30T18:36:14.902-0200: 178254.192: Total time for which application threads were stopped: 0.0004345 seconds, Stopping threads took: 0.0002075 seconds
2015-08-30T18:36:14.903-0200: 178254.193: Total time for which application threads were stopped: 0.0004994 seconds, Stopping threads took: 0.0002284 seconds
2015-08-30T18:36:14.913-0200: 178254.202: Total time for which application threads were stopped: 0.0088818 seconds, Stopping threads took: 0.0026135 seconds
2015-08-30T18:36:14.923-0200: 178254.212: Total time for which application threads were stopped: 0.0094799 seconds, Stopping threads took: 0.0035684 seconds
2015-08-30T18:36:44.938-0200: 178284.229: Total time for which application threads were stopped: 0.0018078 seconds, Stopping threads took: 0.0015645 seconds
2015-08-30T18:36:44.939-0200: 178284.229: Total time for which application threads were stopped: 0.0001913 seconds, Stopping threads took: 0.0000554 seconds
2015-08-30T18:41:45.181-0200: 178584.481: Total time for which application threads were stopped: 0.0104316 seconds, Stopping threads took: 0.0029007 seconds
2015-08-30T18:41:45.189-0200: 178584.488: Total time for which application threads were stopped: 0.0064419 seconds, Stopping threads took: 0.0060311 seconds
2015-08-30T18:41:45.244-0200: 178584.544: Total time for which application threads were stopped: 0.0109119 seconds, Stopping threads took: 0.0079655 seconds
2015-08-30T18:41:45.246-0200: 178584.545: Total time for which application threads were stopped: 0.0010153 seconds, Stopping threads took: 0.0005856 seconds
2015-08-30T18:41:45.248-0200: 178584.548: Total time for which application threads were stopped: 0.0023666 seconds, Stopping threads took: 0.0020596 seconds
2015-08-30T18:41:45.255-0200: 178584.554: Total time for which application threads were stopped: 0.0034032 seconds, Stopping threads took: 0.0025963 seconds
2015-08-30T18:41:45.257-0200: 178584.556: Total time for which application threads were stopped: 0.0005809 seconds, Stopping threads took: 0.0001166 seconds
2015-08-30T18:42:15.279-0200: 178614.579: Total time for which application threads were stopped: 0.0029041 seconds, Stopping threads took: 0.0025853 seconds
2015-08-30T18:42:15.285-0200: 178614.585: Total time for which application threads were stopped: 0.0018947 seconds, Stopping threads took: 0.0015746 seconds
2015-08-30T19:46:18.332-0200: 178865.278: Total time for which application threads were stopped: 0.0050055 seconds, Stopping threads took: 0.0006805 seconds
2015-08-30T19:46:18.359-0200: 178865.305: Total time for which application threads were stopped: 0.0178555 seconds, Stopping threads took: 0.0103825 seconds
2015-08-30T19:46:18.438-0200: 178865.384: Total time for which application threads were stopped: 0.0305901 seconds, Stopping threads took: 0.0302688 seconds
2015-08-30T19:46:18.446-0200: 178865.392: Total time for which application threads were stopped: 0.0071217 seconds, Stopping threads took: 0.0067598 seconds
2015-08-30T19:46:18.461-0200: 178865.406: Total time for which application threads were stopped: 0.0145128 seconds, Stopping threads took: 0.0140618 seconds
2015-08-30T19:46:19.440-0200: 178866.386: Total time for which application threads were stopped: 0.0237123 seconds, Stopping threads took: 0.0108991 seconds
2015-08-30T19:46:19.449-0200: 178866.394: Total time for which application threads were stopped: 0.0012171 seconds, Stopping threads took: 0.0008494 seconds
2015-08-30T19:46:19.501-0200: 178866.446: Total time for which application threads were stopped: 0.0082557 seconds, Stopping threads took: 0.0022277 seconds
2015-08-30T19:46:19.514-0200: 178866.460: Total time for which application threads were stopped: 0.0003307 seconds, Stopping threads took: 0.0000525 seconds
2015-08-30T19:46:19.542-0200: 178866.488: Total time for which application threads were stopped: 0.0003427 seconds, Stopping threads took: 0.0000280 seconds
2015-08-30T19:46:19.543-0200: 178866.489: Total time for which application threads were stopped: 0.0003319 seconds, Stopping threads took: 0.0000199 seconds
2015-08-30T19:46:19.555-0200: 178866.505: Total time for which application threads were stopped: 0.0036656 seconds, Stopping threads took: 0.0000263 seconds
2015-08-30T19:46:19.559-0200: 178866.505: Total time for which application threads were stopped: 0.0003409 seconds, Stopping threads took: 0.0000274 seconds
2015-08-30T19:46:19.595-0200: 178866.541: Total time for which application threads were stopped: 0.0052564 seconds, Stopping threads took: 0.0049947 seconds
2015-08-30T19:46:22.845-0200: 178869.791: Total time for which application threads were stopped: 0.0004249 seconds, Stopping threads took: 0.0000738 seconds
2015-08-30T19:46:22.845-0200: 178869.791: Total time for which application threads were stopped: 0.0002342 seconds, Stopping threads took: 0.0000169 seconds
2015-08-30T19:46:59.044-0200: 178905.991: Total time for which application threads were stopped: 0.0070330 seconds, Stopping threads took: 0.0032980 seconds
2015-08-30T20:46:57.171-0200: 178973.308: Total time for which application threads were stopped: 0.0125996 seconds, Stopping threads took: 0.0043566 seconds
2015-08-30T20:46:57.195-0200: 178973.331: Total time for which application threads were stopped: 0.0004646 seconds, Stopping threads took: 0.0000251 seconds
2015-08-30T20:46:57.195-0200: 178973.331: Total time for which application threads were stopped: 0.0001562 seconds, Stopping threads took: 0.0000145 seconds
2015-08-30T20:49:03.749-0200: 179099.889: Total time for which application threads were stopped: 0.0064191 seconds, Stopping threads took: 0.0006861 seconds
2015-08-30T20:50:03.932-0200: 179160.073: Total time for which application threads were stopped: 0.0048029 seconds, Stopping threads took: 0.0006715 seconds
2015-08-30T20:51:09.120-0200: 179225.263: Total time for which application threads were stopped: 0.0042438 seconds, Stopping threads took: 0.0003384 seconds
2015-08-30T20:51:33.342-0200: 179249.486: Total time for which application threads were stopped: 0.0163490 seconds, Stopping threads took: 0.0115627 seconds
2015-08-30T20:51:33.362-0200: 179249.506: Total time for which application threads were stopped: 0.0011403 seconds, Stopping threads took: 0.0007686 seconds
2015-08-30T20:51:33.496-0200: 179249.640: Total time for which application threads were stopped: 0.0090812 seconds, Stopping threads took: 0.0054760 seconds
2015-08-30T20:51:33.609-0200: 179249.753: Total time for which application threads were stopped: 0.0118474 seconds, Stopping threads took: 0.0111394 seconds
2015-08-30T20:51:33.701-0200: 179249.845: Total time for which application threads were stopped: 0.0076319 seconds, Stopping threads took: 0.0024286 seconds
2015-08-30T20:51:33.706-0200: 179249.850: Total time for which application threads were stopped: 0.0026688 seconds, Stopping threads took: 0.0023375 seconds
2015-08-30T20:51:33.713-0200: 179249.857: Total time for which application threads were stopped: 0.0070897 seconds, Stopping threads took: 0.0035061 seconds
2015-08-30T20:51:33.716-0200: 179249.860: Total time for which application threads were stopped: 0.0022907 seconds, Stopping threads took: 0.0019296 seconds
2015-08-30T20:51:33.717-0200: 179249.861: Total time for which application threads were stopped: 0.0002098 seconds, Stopping threads took: 0.0000164 seconds
2015-08-30T20:51:33.723-0200: 179249.867: Total time for which application threads were stopped: 0.0003524 seconds, Stopping threads took: 0.0000489 seconds
2015-08-30T20:52:03.735-0200: 179279.880: Total time for which application threads were stopped: 0.0041953 seconds, Stopping threads took: 0.0012847 seconds
2015-08-30T20:52:03.748-0200: 179279.893: Total time for which application threads were stopped: 0.0003902 seconds, Stopping threads took: 0.0000371 seconds
2015-08-30T20:52:13.780-0200: 179289.925: Total time for which application threads were stopped: 0.0019224 seconds, Stopping threads took: 0.0016476 seconds
2015-08-30T20:52:13.783-0200: 179289.928: Total time for which application threads were stopped: 0.0029195 seconds, Stopping threads took: 0.0001259 seconds
2015-08-30T20:52:13.812-0200: 179289.957: Total time for which application threads were stopped: 0.0055891 seconds, Stopping threads took: 0.0051541 seconds
2015-08-30T20:52:13.817-0200: 179289.962: Total time for which application threads were stopped: 0.0041474 seconds, Stopping threads took: 0.0037498 seconds
2015-08-30T20:52:13.824-0200: 179289.969: Total time for which application threads were stopped: 0.0076081 seconds, Stopping threads took: 0.0073360 seconds
2015-08-30T20:52:13.841-0200: 179289.986: Total time for which application threads were stopped: 0.0155894 seconds, Stopping threads took: 0.0112245 seconds
2015-08-30T20:52:13.846-0200: 179289.991: Total time for which application threads were stopped: 0.0029169 seconds, Stopping threads took: 0.0026740 seconds
2015-08-30T20:52:33.542-0200: 179309.687: Total time for which application threads were stopped: 0.0022313 seconds, Stopping threads took: 0.0019839 seconds
2015-08-30T20:52:33.545-0200: 179309.691: Total time for which application threads were stopped: 0.0013400 seconds, Stopping threads took: 0.0011305 seconds
2015-08-30T20:52:42.827-0200: 179318.973: Total time for which application threads were stopped: 0.0004811 seconds, Stopping threads took: 0.0000306 seconds
2015-08-30T20:52:42.828-0200: 179318.974: Total time for which application threads were stopped: 0.0001844 seconds, Stopping threads took: 0.0000485 seconds
2015-08-30T20:52:42.834-0200: 179318.980: Total time for which application threads were stopped: 0.0040589 seconds, Stopping threads took: 0.0003249 seconds
2015-08-30T20:52:42.864-0200: 179319.010: Total time for which application threads were stopped: 0.0002412 seconds, Stopping threads took: 0.0000220 seconds
2015-08-30T20:52:42.878-0200: 179319.024: Total time for which application threads were stopped: 0.0020976 seconds, Stopping threads took: 0.0000264 seconds
2015-08-30T20:52:42.881-0200: 179319.027: Total time for which application threads were stopped: 0.0001985 seconds, Stopping threads took: 0.0000198 seconds
2015-08-30T20:52:42.882-0200: 179319.028: Total time for which application threads were stopped: 0.0001041 seconds, Stopping threads took: 0.0000161 seconds
2015-08-30T20:52:42.886-0200: 179319.031: Total time for which application threads were stopped: 0.0001752 seconds, Stopping threads took: 0.0000192 seconds
2015-08-30T20:52:43.592-0200: 179319.738: Total time for which application threads were stopped: 0.0003450 seconds, Stopping threads took: 0.0000346 seconds
2015-08-30T20:52:43.592-0200: 179319.738: Total time for which application threads were stopped: 0.0002407 seconds, Stopping threads took: 0.0000835 seconds
2015-08-30T20:52:43.593-0200: 179319.739: Total time for which application threads were stopped: 0.0005731 seconds, Stopping threads took: 0.0000291 seconds
2015-08-30T20:52:43.604-0200: 179319.750: Total time for which application threads were stopped: 0.0002647 seconds, Stopping threads took: 0.0000266 seconds
2015-08-30T20:52:43.604-0200: 179319.750: Total time for which application threads were stopped: 0.0001400 seconds, Stopping threads took: 0.0000119 seconds
2015-08-30T20:52:43.606-0200: 179319.752: Total time for which application threads were stopped: 0.0003036 seconds, Stopping threads took: 0.0000228 seconds
2015-08-30T20:52:43.674-0200: 179319.820: Total time for which application threads were stopped: 0.0002401 seconds, Stopping threads took: 0.0000267 seconds
2015-08-30T20:52:53.689-0200: 179329.835: Total time for which application threads were stopped: 0.0002223 seconds, Stopping threads took: 0.0000274 seconds
2015-08-30T20:52:53.689-0200: 179329.835: Total time for which application threads were stopped: 0.0001524 seconds, Stopping threads took: 0.0000135 seconds
2015-08-30T20:52:53.691-0200: 179329.837: Total time for which application threads were stopped: 0.0007778 seconds, Stopping threads took: 0.0005745 seconds
2015-08-30T20:52:53.695-0200: 179329.841: Total time for which application threads were stopped: 0.0039500 seconds, Stopping threads took: 0.0033102 seconds
2015-08-30T20:52:53.696-0200: 179329.842: Total time for which application threads were stopped: 0.0003563 seconds, Stopping threads took: 0.0000609 seconds
2015-08-30T20:52:53.709-0200: 179329.855: Total time for which application threads were stopped: 0.0063040 seconds, Stopping threads took: 0.0059675 seconds
2015-08-30T20:52:53.713-0200: 179329.860: Total time for which application threads were stopped: 0.0041483 seconds, Stopping threads took: 0.0017902 seconds
2015-08-30T20:52:53.717-0200: 179329.863: Total time for which application threads were stopped: 0.0034923 seconds, Stopping threads took: 0.0000618 seconds
2015-08-30T20:52:54.721-0200: 179330.867: Total time for which application threads were stopped: 0.0002592 seconds, Stopping threads took: 0.0000509 seconds
2015-08-30T20:53:23.703-0200: 179359.850: Total time for which application threads were stopped: 0.0003629 seconds, Stopping threads took: 0.0000313 seconds
2015-08-30T20:53:23.719-0200: 179359.866: Total time for which application threads were stopped: 0.0002718 seconds, Stopping threads took: 0.0000239 seconds
2015-08-30T20:53:43.732-0200: 179379.879: Total time for which application threads were stopped: 0.0008498 seconds, Stopping threads took: 0.0005740 seconds
2015-08-30T20:53:43.743-0200: 179379.890: Total time for which application threads were stopped: 0.0011004 seconds, Stopping threads took: 0.0008293 seconds
2015-08-30T20:53:43.748-0200: 179379.895: Total time for which application threads were stopped: 0.0022388 seconds, Stopping threads took: 0.0019379 seconds
2015-08-30T20:53:43.748-0200: 179379.896: Total time for which application threads were stopped: 0.0003566 seconds, Stopping threads took: 0.0002310 seconds
2015-08-30T20:53:43.749-0200: 179379.896: Total time for which application threads were stopped: 0.0002268 seconds, Stopping threads took: 0.0000997 seconds
2015-08-30T20:53:43.751-0200: 179379.898: Total time for which application threads were stopped: 0.0002600 seconds, Stopping threads took: 0.0000528 seconds
2015-08-30T20:53:43.751-0200: 179379.899: Total time for which application threads were stopped: 0.0002178 seconds, Stopping threads took: 0.0000390 seconds
2015-08-30T20:53:43.751-0200: 179379.899: Total time for which application threads were stopped: 0.0001953 seconds, Stopping threads took: 0.0000458 seconds
2015-08-30T20:54:13.754-0200: 179409.902: Total time for which application threads were stopped: 0.0018762 seconds, Stopping threads took: 0.0016985 seconds
2015-08-30T20:54:13.756-0200: 179409.904: Total time for which application threads were stopped: 0.0018424 seconds, Stopping threads took: 0.0017174 seconds
2015-08-30T20:54:53.789-0200: 179449.939: Total time for which application threads were stopped: 0.0007582 seconds, Stopping threads took: 0.0000994 seconds
2015-08-30T20:54:53.790-0200: 179449.939: Total time for which application threads were stopped: 0.0002099 seconds, Stopping threads took: 0.0000882 seconds
2015-08-30T20:54:53.803-0200: 179449.952: Total time for which application threads were stopped: 0.0004478 seconds, Stopping threads took: 0.0000396 seconds
2015-08-30T20:54:53.803-0200: 179449.953: Total time for which application threads were stopped: 0.0002124 seconds, Stopping threads took: 0.0000149 seconds
2015-08-30T20:54:53.807-0200: 179449.956: Total time for which application threads were stopped: 0.0029067 seconds, Stopping threads took: 0.0026896 seconds
2015-08-30T20:54:53.807-0200: 179449.957: Total time for which application threads were stopped: 0.0001954 seconds, Stopping threads took: 0.0000859 seconds
2015-08-30T20:54:53.815-0200: 179449.964: Total time for which application threads were stopped: 0.0013339 seconds, Stopping threads took: 0.0008573 seconds
2015-08-30T20:54:53.817-0200: 179449.966: Total time for which application threads were stopped: 0.0019773 seconds, Stopping threads took: 0.0016694 seconds
2015-08-30T20:55:23.820-0200: 179479.970: Total time for which application threads were stopped: 0.0011920 seconds, Stopping threads took: 0.0008951 seconds
2015-08-30T20:55:23.824-0200: 179479.974: Total time for which application threads were stopped: 0.0022129 seconds, Stopping threads took: 0.0019981 seconds
2015-08-30T20:56:43.920-0200: 179560.072: Total time for which application threads were stopped: 0.0074591 seconds, Stopping threads took: 0.0039780 seconds
2015-08-30T20:56:43.921-0200: 179560.074: Total time for which application threads were stopped: 0.0010293 seconds, Stopping threads took: 0.0004183 seconds
2015-08-30T20:56:43.945-0200: 179560.098: Total time for which application threads were stopped: 0.0038088 seconds, Stopping threads took: 0.0032162 seconds
2015-08-30T20:56:43.946-0200: 179560.098: Total time for which application threads were stopped: 0.0002586 seconds, Stopping threads took: 0.0000992 seconds
2015-08-30T20:56:43.946-0200: 179560.099: Total time for which application threads were stopped: 0.0003340 seconds, Stopping threads took: 0.0000669 seconds
2015-08-30T20:56:43.951-0200: 179560.103: Total time for which application threads were stopped: 0.0012160 seconds, Stopping threads took: 0.0007701 seconds
2015-08-30T20:56:43.958-0200: 179560.110: Total time for which application threads were stopped: 0.0045100 seconds, Stopping threads took: 0.0016176 seconds
2015-08-30T20:56:43.962-0200: 179560.114: Total time for which application threads were stopped: 0.0020522 seconds, Stopping threads took: 0.0015767 seconds
2015-08-30T20:56:43.968-0200: 179560.120: Total time for which application threads were stopped: 0.0056442 seconds, Stopping threads took: 0.0018751 seconds
2015-08-30T20:57:13.965-0200: 179590.118: Total time for which application threads were stopped: 0.0011228 seconds, Stopping threads took: 0.0001572 seconds
2015-08-30T20:57:13.972-0200: 179590.125: Total time for which application threads were stopped: 0.0019104 seconds, Stopping threads took: 0.0016872 seconds
2015-08-30T20:57:13.972-0200: 179590.125: Total time for which application threads were stopped: 0.0001492 seconds, Stopping threads took: 0.0000601 seconds
2015-08-30T20:59:54.095-0200: 179750.252: Total time for which application threads were stopped: 0.0031007 seconds, Stopping threads took: 0.0003863 seconds
2015-08-30T20:59:54.119-0200: 179750.276: Total time for which application threads were stopped: 0.0033024 seconds, Stopping threads took: 0.0029636 seconds
2015-08-30T20:59:54.121-0200: 179750.279: Total time for which application threads were stopped: 0.0023553 seconds, Stopping threads took: 0.0001373 seconds
2015-08-30T20:59:54.129-0200: 179750.287: Total time for which application threads were stopped: 0.0081702 seconds, Stopping threads took: 0.0001358 seconds
2015-08-30T20:59:54.135-0200: 179750.293: Total time for which application threads were stopped: 0.0033709 seconds, Stopping threads took: 0.0015904 seconds
2015-08-30T20:59:54.143-0200: 179750.300: Total time for which application threads were stopped: 0.0057596 seconds, Stopping threads took: 0.0037473 seconds
2015-08-30T20:59:54.149-0200: 179750.307: Total time for which application threads were stopped: 0.0062154 seconds, Stopping threads took: 0.0018111 seconds
2015-08-30T20:59:54.156-0200: 179750.314: Total time for which application threads were stopped: 0.0028972 seconds, Stopping threads took: 0.0005843 seconds
2015-08-30T21:00:24.157-0200: 179780.315: Total time for which application threads were stopped: 0.0003445 seconds, Stopping threads took: 0.0001104 seconds
2015-08-30T21:00:24.167-0200: 179780.325: Total time for which application threads were stopped: 0.0019456 seconds, Stopping threads took: 0.0017159 seconds
2015-08-30T21:00:24.167-0200: 179780.326: Total time for which application threads were stopped: 0.0001840 seconds, Stopping threads took: 0.0000738 seconds
2015-08-30T21:05:24.368-0200: 180080.535: Total time for which application threads were stopped: 0.0118527 seconds, Stopping threads took: 0.0053610 seconds
2015-08-30T21:05:24.371-0200: 180080.537: Total time for which application threads were stopped: 0.0004713 seconds, Stopping threads took: 0.0001652 seconds
2015-08-30T21:05:24.396-0200: 180080.563: Total time for which application threads were stopped: 0.0004093 seconds, Stopping threads took: 0.0000221 seconds
2015-08-30T21:05:24.397-0200: 180080.563: Total time for which application threads were stopped: 0.0003719 seconds, Stopping threads took: 0.0001965 seconds
2015-08-30T21:05:24.403-0200: 180080.569: Total time for which application threads were stopped: 0.0058265 seconds, Stopping threads took: 0.0001079 seconds
2015-08-30T21:05:24.408-0200: 180080.574: Total time for which application threads were stopped: 0.0031091 seconds, Stopping threads took: 0.0003188 seconds
2015-08-30T21:05:24.419-0200: 180080.585: Total time for which application threads were stopped: 0.0035507 seconds, Stopping threads took: 0.0032053 seconds
2015-08-30T21:05:24.420-0200: 180080.586: Total time for which application threads were stopped: 0.0003339 seconds, Stopping threads took: 0.0001960 seconds
2015-08-30T21:05:25.422-0200: 180081.588: Total time for which application threads were stopped: 0.0005348 seconds, Stopping threads took: 0.0000704 seconds
2015-08-30T21:05:54.428-0200: 180110.595: Total time for which application threads were stopped: 0.0003102 seconds, Stopping threads took: 0.0000418 seconds
2015-08-30T21:10:55.260-0200: 180410.864: Total time for which application threads were stopped: 0.0056324 seconds, Stopping threads took: 0.0019417 seconds
2015-08-30T21:10:55.262-0200: 180410.866: Total time for which application threads were stopped: 0.0018107 seconds, Stopping threads took: 0.0015841 seconds
2015-08-30T21:10:55.306-0200: 180410.911: Total time for which application threads were stopped: 0.0215665 seconds, Stopping threads took: 0.0202777 seconds
2015-08-30T21:10:55.310-0200: 180410.915: Total time for which application threads were stopped: 0.0033751 seconds, Stopping threads took: 0.0021976 seconds
2015-08-30T21:10:55.316-0200: 180410.921: Total time for which application threads were stopped: 0.0026446 seconds, Stopping threads took: 0.0020639 seconds
2015-08-30T21:10:55.324-0200: 180410.928: Total time for which application threads were stopped: 0.0039464 seconds, Stopping threads took: 0.0015640 seconds
2015-08-30T21:10:55.330-0200: 180410.934: Total time for which application threads were stopped: 0.0005177 seconds, Stopping threads took: 0.0001327 seconds
2015-08-30T21:10:55.332-0200: 180410.937: Total time for which application threads were stopped: 0.0021114 seconds, Stopping threads took: 0.0017877 seconds
2015-08-30T21:10:55.364-0200: 180410.969: Total time for which application threads were stopped: 0.0111576 seconds, Stopping threads took: 0.0056656 seconds
2015-08-30T21:11:25.340-0200: 180440.945: Total time for which application threads were stopped: 0.0022088 seconds, Stopping threads took: 0.0018865 seconds
2015-08-30T21:11:25.341-0200: 180440.946: Total time for which application threads were stopped: 0.0003144 seconds, Stopping threads took: 0.0001263 seconds
2015-08-30T21:16:25.602-0200: 180741.215: Total time for which application threads were stopped: 0.0035723 seconds, Stopping threads took: 0.0003459 seconds
2015-08-30T21:16:25.621-0200: 180741.234: Total time for which application threads were stopped: 0.0006127 seconds, Stopping threads took: 0.0001969 seconds
2015-08-30T21:16:25.622-0200: 180741.235: Total time for which application threads were stopped: 0.0004688 seconds, Stopping threads took: 0.0000540 seconds
2015-08-30T21:16:25.626-0200: 180741.240: Total time for which application threads were stopped: 0.0003740 seconds, Stopping threads took: 0.0000300 seconds
2015-08-30T21:16:25.635-0200: 180741.249: Total time for which application threads were stopped: 0.0004906 seconds, Stopping threads took: 0.0000695 seconds
2015-08-30T21:16:25.636-0200: 180741.249: Total time for which application threads were stopped: 0.0003729 seconds, Stopping threads took: 0.0001452 seconds
2015-08-30T21:16:55.636-0200: 180771.250: Total time for which application threads were stopped: 0.0022686 seconds, Stopping threads took: 0.0000246 seconds
2015-08-30T21:21:55.951-0200: 181071.573: Total time for which application threads were stopped: 0.0115409 seconds, Stopping threads took: 0.0004691 seconds
2015-08-30T21:21:55.988-0200: 181071.611: Total time for which application threads were stopped: 0.0075225 seconds, Stopping threads took: 0.0068318 seconds
2015-08-30T21:21:55.989-0200: 181071.611: Total time for which application threads were stopped: 0.0004070 seconds, Stopping threads took: 0.0000538 seconds
2015-08-30T21:21:55.992-0200: 181071.614: Total time for which application threads were stopped: 0.0021545 seconds, Stopping threads took: 0.0001482 seconds
2015-08-30T21:21:55.992-0200: 181071.615: Total time for which application threads were stopped: 0.0005664 seconds, Stopping threads took: 0.0002525 seconds
2015-08-30T21:21:56.004-0200: 181071.626: Total time for which application threads were stopped: 0.0037692 seconds, Stopping threads took: 0.0033419 seconds
2015-08-30T21:21:56.015-0200: 181071.637: Total time for which application threads were stopped: 0.0028080 seconds, Stopping threads took: 0.0024232 seconds
2015-08-30T21:21:56.018-0200: 181071.641: Total time for which application threads were stopped: 0.0004394 seconds, Stopping threads took: 0.0001047 seconds
2015-08-30T21:22:26.019-0200: 181101.642: Total time for which application threads were stopped: 0.0034334 seconds, Stopping threads took: 0.0029869 seconds
2015-08-30T21:22:26.019-0200: 181101.642: Total time for which application threads were stopped: 0.0002329 seconds, Stopping threads took: 0.0000473 seconds
2015-08-30T21:27:26.258-0200: 181401.889: Total time for which application threads were stopped: 0.0044172 seconds, Stopping threads took: 0.0003173 seconds
2015-08-30T21:27:26.278-0200: 181401.909: Total time for which application threads were stopped: 0.0054922 seconds, Stopping threads took: 0.0012297 seconds
2015-08-30T21:27:26.282-0200: 181401.913: Total time for which application threads were stopped: 0.0040754 seconds, Stopping threads took: 0.0017466 seconds
2015-08-30T21:27:26.288-0200: 181401.919: Total time for which application threads were stopped: 0.0018692 seconds, Stopping threads took: 0.0011352 seconds
2015-08-30T21:27:26.289-0200: 181401.920: Total time for which application threads were stopped: 0.0005228 seconds, Stopping threads took: 0.0001888 seconds
2015-08-30T21:27:26.290-0200: 181401.921: Total time for which application threads were stopped: 0.0003794 seconds, Stopping threads took: 0.0001565 seconds
2015-08-30T21:27:26.290-0200: 181401.922: Total time for which application threads were stopped: 0.0003823 seconds, Stopping threads took: 0.0001244 seconds
2015-08-30T21:27:56.299-0200: 181431.931: Total time for which application threads were stopped: 0.0029761 seconds, Stopping threads took: 0.0025877 seconds
2015-08-30T21:27:56.309-0200: 181431.941: Total time for which application threads were stopped: 0.0002064 seconds, Stopping threads took: 0.0000237 seconds
2015-08-30T21:32:56.543-0200: 181732.184: Total time for which application threads were stopped: 0.0032457 seconds, Stopping threads took: 0.0003675 seconds
2015-08-30T21:32:56.545-0200: 181732.185: Total time for which application threads were stopped: 0.0005917 seconds, Stopping threads took: 0.0002733 seconds
2015-08-30T21:32:56.574-0200: 181732.215: Total time for which application threads were stopped: 0.0036619 seconds, Stopping threads took: 0.0031194 seconds
2015-08-30T21:32:56.575-0200: 181732.215: Total time for which application threads were stopped: 0.0004541 seconds, Stopping threads took: 0.0001498 seconds
2015-08-30T21:32:56.576-0200: 181732.216: Total time for which application threads were stopped: 0.0002422 seconds, Stopping threads took: 0.0001066 seconds
2015-08-30T21:32:56.583-0200: 181732.223: Total time for which application threads were stopped: 0.0023268 seconds, Stopping threads took: 0.0019844 seconds
2015-08-30T21:32:56.585-0200: 181732.226: Total time for which application threads were stopped: 0.0023268 seconds, Stopping threads took: 0.0001531 seconds
2015-08-30T21:32:56.593-0200: 181732.233: Total time for which application threads were stopped: 0.0064576 seconds, Stopping threads took: 0.0037152 seconds
2015-08-30T21:32:56.603-0200: 181732.244: Total time for which application threads were stopped: 0.0035997 seconds, Stopping threads took: 0.0000492 seconds
2015-08-30T21:33:26.608-0200: 181762.250: Total time for which application threads were stopped: 0.0051073 seconds, Stopping threads took: 0.0047162 seconds
2015-08-30T21:33:26.611-0200: 181762.252: Total time for which application threads were stopped: 0.0003498 seconds, Stopping threads took: 0.0001610 seconds
2015-08-30T21:38:26.841-0200: 182062.490: Total time for which application threads were stopped: 0.0040764 seconds, Stopping threads took: 0.0013457 seconds
2015-08-30T21:38:26.868-0200: 182062.517: Total time for which application threads were stopped: 0.0010290 seconds, Stopping threads took: 0.0003943 seconds
2015-08-30T21:38:26.870-0200: 182062.520: Total time for which application threads were stopped: 0.0017386 seconds, Stopping threads took: 0.0014173 seconds
2015-08-30T21:38:26.871-0200: 182062.521: Total time for which application threads were stopped: 0.0004492 seconds, Stopping threads took: 0.0001743 seconds
2015-08-30T21:38:26.872-0200: 182062.521: Total time for which application threads were stopped: 0.0003300 seconds, Stopping threads took: 0.0001580 seconds
2015-08-30T21:38:26.876-0200: 182062.525: Total time for which application threads were stopped: 0.0004594 seconds, Stopping threads took: 0.0000548 seconds
2015-08-30T21:38:26.880-0200: 182062.530: Total time for which application threads were stopped: 0.0004587 seconds, Stopping threads took: 0.0000501 seconds
2015-08-30T21:38:56.886-0200: 182092.537: Total time for which application threads were stopped: 0.0003401 seconds, Stopping threads took: 0.0000346 seconds
2015-08-30T21:43:57.116-0200: 182392.775: Total time for which application threads were stopped: 0.0042126 seconds, Stopping threads took: 0.0005198 seconds
2015-08-30T21:43:57.151-0200: 182392.809: Total time for which application threads were stopped: 0.0061427 seconds, Stopping threads took: 0.0002591 seconds
2015-08-30T21:43:57.153-0200: 182392.811: Total time for which application threads were stopped: 0.0006483 seconds, Stopping threads took: 0.0000588 seconds
2015-08-30T21:43:57.153-0200: 182392.811: Total time for which application threads were stopped: 0.0003253 seconds, Stopping threads took: 0.0000868 seconds
2015-08-30T21:43:57.157-0200: 182392.815: Total time for which application threads were stopped: 0.0026482 seconds, Stopping threads took: 0.0023290 seconds
2015-08-30T21:43:57.157-0200: 182392.816: Total time for which application threads were stopped: 0.0002157 seconds, Stopping threads took: 0.0001141 seconds
2015-08-30T21:43:57.182-0200: 182392.840: Total time for which application threads were stopped: 0.0036295 seconds, Stopping threads took: 0.0030855 seconds
2015-08-30T21:43:57.184-0200: 182392.842: Total time for which application threads were stopped: 0.0016020 seconds, Stopping threads took: 0.0011149 seconds
2015-08-30T21:44:08.807-0200: 182404.466: Total time for which application threads were stopped: 0.0009668 seconds, Stopping threads took: 0.0006175 seconds
2015-08-30T21:44:08.811-0200: 182404.470: Total time for which application threads were stopped: 0.0020476 seconds, Stopping threads took: 0.0018678 seconds
2015-08-30T21:49:09.057-0200: 182704.724: Total time for which application threads were stopped: 0.0055653 seconds, Stopping threads took: 0.0004331 seconds
2015-08-30T21:49:09.066-0200: 182704.733: Total time for which application threads were stopped: 0.0024729 seconds, Stopping threads took: 0.0002356 seconds
2015-08-30T21:49:09.097-0200: 182704.764: Total time for which application threads were stopped: 0.0041005 seconds, Stopping threads took: 0.0036044 seconds
2015-08-30T21:49:09.102-0200: 182704.769: Total time for which application threads were stopped: 0.0032217 seconds, Stopping threads took: 0.0008608 seconds
2015-08-30T21:49:09.109-0200: 182704.776: Total time for which application threads were stopped: 0.0004911 seconds, Stopping threads took: 0.0002248 seconds
2015-08-30T21:49:09.110-0200: 182704.777: Total time for which application threads were stopped: 0.0002684 seconds, Stopping threads took: 0.0001340 seconds
2015-08-30T21:49:09.128-0200: 182704.795: Total time for which application threads were stopped: 0.0011058 seconds, Stopping threads took: 0.0000622 seconds
2015-08-30T21:49:39.122-0200: 182734.789: Total time for which application threads were stopped: 0.0022369 seconds, Stopping threads took: 0.0018582 seconds
2015-08-30T21:49:39.127-0200: 182734.795: Total time for which application threads were stopped: 0.0025397 seconds, Stopping threads took: 0.0017889 seconds
2015-08-30T21:49:39.132-0200: 182734.800: Total time for which application threads were stopped: 0.0013735 seconds, Stopping threads took: 0.0011475 seconds
2015-08-30T21:49:39.139-0200: 182734.807: Total time for which application threads were stopped: 0.0003029 seconds, Stopping threads took: 0.0001170 seconds
2015-08-30T21:54:39.384-0200: 183035.060: Total time for which application threads were stopped: 0.0034810 seconds, Stopping threads took: 0.0004556 seconds
2015-08-30T21:54:39.414-0200: 183035.090: Total time for which application threads were stopped: 0.0004405 seconds, Stopping threads took: 0.0000441 seconds
2015-08-30T21:54:39.427-0200: 183035.103: Total time for which application threads were stopped: 0.0036310 seconds, Stopping threads took: 0.0022652 seconds
2015-08-30T21:54:39.435-0200: 183035.111: Total time for which application threads were stopped: 0.0017740 seconds, Stopping threads took: 0.0004449 seconds
2015-08-30T21:54:39.437-0200: 183035.113: Total time for which application threads were stopped: 0.0008984 seconds, Stopping threads took: 0.0000440 seconds
2015-08-30T21:54:39.446-0200: 183035.123: Total time for which application threads were stopped: 0.0063924 seconds, Stopping threads took: 0.0059576 seconds
2015-08-30T21:54:39.450-0200: 183035.127: Total time for which application threads were stopped: 0.0014702 seconds, Stopping threads took: 0.0007569 seconds
2015-08-30T21:54:39.460-0200: 183035.137: Total time for which application threads were stopped: 0.0006204 seconds, Stopping threads took: 0.0002799 seconds
2015-08-30T21:55:09.470-0200: 183065.148: Total time for which application threads were stopped: 0.0043899 seconds, Stopping threads took: 0.0041092 seconds
2015-08-30T21:55:09.471-0200: 183065.148: Total time for which application threads were stopped: 0.0001956 seconds, Stopping threads took: 0.0000938 seconds
2015-08-30T22:00:09.751-0200: 183365.437: Total time for which application threads were stopped: 0.0079601 seconds, Stopping threads took: 0.0003307 seconds
2015-08-30T22:00:09.791-0200: 183365.477: Total time for which application threads were stopped: 0.0041335 seconds, Stopping threads took: 0.0029622 seconds
2015-08-30T22:00:09.792-0200: 183365.478: Total time for which application threads were stopped: 0.0004857 seconds, Stopping threads took: 0.0001580 seconds
2015-08-30T22:00:09.793-0200: 183365.478: Total time for which application threads were stopped: 0.0003180 seconds, Stopping threads took: 0.0000672 seconds
2015-08-30T22:00:09.802-0200: 183365.487: Total time for which application threads were stopped: 0.0016404 seconds, Stopping threads took: 0.0000358 seconds
2015-08-30T22:00:09.812-0200: 183365.498: Total time for which application threads were stopped: 0.0005844 seconds, Stopping threads took: 0.0000276 seconds
2015-08-30T22:00:39.829-0200: 183395.516: Total time for which application threads were stopped: 0.0002879 seconds, Stopping threads took: 0.0000274 seconds
2015-08-30T22:05:40.082-0200: 183695.776: Total time for which application threads were stopped: 0.0030344 seconds, Stopping threads took: 0.0004050 seconds
2015-08-30T22:05:40.143-0200: 183695.837: Total time for which application threads were stopped: 0.0191196 seconds, Stopping threads took: 0.0184321 seconds
2015-08-30T22:05:40.145-0200: 183695.840: Total time for which application threads were stopped: 0.0015128 seconds, Stopping threads took: 0.0006639 seconds
2015-08-30T22:05:40.164-0200: 183695.858: Total time for which application threads were stopped: 0.0130000 seconds, Stopping threads took: 0.0126226 seconds
2015-08-30T22:05:40.172-0200: 183695.866: Total time for which application threads were stopped: 0.0073714 seconds, Stopping threads took: 0.0070280 seconds
2015-08-30T22:05:40.181-0200: 183695.876: Total time for which application threads were stopped: 0.0095902 seconds, Stopping threads took: 0.0093535 seconds
2015-08-30T22:05:40.196-0200: 183695.890: Total time for which application threads were stopped: 0.0105013 seconds, Stopping threads took: 0.0042326 seconds
2015-08-30T22:05:40.217-0200: 183695.912: Total time for which application threads were stopped: 0.0212592 seconds, Stopping threads took: 0.0209219 seconds
2015-08-30T22:06:10.226-0200: 183725.922: Total time for which application threads were stopped: 0.0035023 seconds, Stopping threads took: 0.0014729 seconds
2015-08-30T22:06:10.236-0200: 183725.931: Total time for which application threads were stopped: 0.0013598 seconds, Stopping threads took: 0.0011366 seconds
2015-08-30T22:11:10.503-0200: 184026.207: Total time for which application threads were stopped: 0.0080286 seconds, Stopping threads took: 0.0003337 seconds
2015-08-30T22:11:10.566-0200: 184026.270: Total time for which application threads were stopped: 0.0160131 seconds, Stopping threads took: 0.0047616 seconds
2015-08-30T22:11:10.585-0200: 184026.289: Total time for which application threads were stopped: 0.0144311 seconds, Stopping threads took: 0.0087584 seconds
2015-08-30T22:11:10.587-0200: 184026.291: Total time for which application threads were stopped: 0.0024612 seconds, Stopping threads took: 0.0002852 seconds
2015-08-30T22:11:10.648-0200: 184026.352: Total time for which application threads were stopped: 0.0015255 seconds, Stopping threads took: 0.0012036 seconds
2015-08-30T22:11:10.668-0200: 184026.372: Total time for which application threads were stopped: 0.0127993 seconds, Stopping threads took: 0.0100009 seconds
2015-08-30T22:11:10.675-0200: 184026.379: Total time for which application threads were stopped: 0.0070446 seconds, Stopping threads took: 0.0050742 seconds
2015-08-30T22:11:40.683-0200: 184056.388: Total time for which application threads were stopped: 0.0004651 seconds, Stopping threads took: 0.0000894 seconds
2015-08-30T22:11:40.687-0200: 184056.392: Total time for which application threads were stopped: 0.0002650 seconds, Stopping threads took: 0.0000341 seconds
2015-08-30T22:16:40.955-0200: 184356.668: Total time for which application threads were stopped: 0.0033035 seconds, Stopping threads took: 0.0004063 seconds
2015-08-30T22:16:40.957-0200: 184356.670: Total time for which application threads were stopped: 0.0003935 seconds, Stopping threads took: 0.0001950 seconds
2015-08-30T22:16:40.982-0200: 184356.696: Total time for which application threads were stopped: 0.0003940 seconds, Stopping threads took: 0.0000275 seconds
2015-08-30T22:16:40.989-0200: 184356.702: Total time for which application threads were stopped: 0.0056147 seconds, Stopping threads took: 0.0027304 seconds
2015-08-30T22:16:41.009-0200: 184356.722: Total time for which application threads were stopped: 0.0191307 seconds, Stopping threads took: 0.0187851 seconds
2015-08-30T22:16:41.038-0200: 184356.751: Total time for which application threads were stopped: 0.0284127 seconds, Stopping threads took: 0.0041432 seconds
2015-08-30T22:16:41.039-0200: 184356.752: Total time for which application threads were stopped: 0.0003737 seconds, Stopping threads took: 0.0001576 seconds
2015-08-30T22:16:41.048-0200: 184356.761: Total time for which application threads were stopped: 0.0060343 seconds, Stopping threads took: 0.0056759 seconds
2015-08-30T22:16:41.061-0200: 184356.774: Total time for which application threads were stopped: 0.0045716 seconds, Stopping threads took: 0.0042868 seconds
2015-08-30T22:16:41.066-0200: 184356.779: Total time for which application threads were stopped: 0.0048727 seconds, Stopping threads took: 0.0046069 seconds
2015-08-30T22:16:41.121-0200: 184356.834: Total time for which application threads were stopped: 0.0002781 seconds, Stopping threads took: 0.0000837 seconds
2015-08-30T22:16:41.145-0200: 184356.858: Total time for which application threads were stopped: 0.0038370 seconds, Stopping threads took: 0.0017240 seconds
2015-08-30T22:17:11.045-0200: 184386.759: Total time for which application threads were stopped: 0.0008633 seconds, Stopping threads took: 0.0000210 seconds
2015-08-30T22:17:11.059-0200: 184386.773: Total time for which application threads were stopped: 0.0002223 seconds, Stopping threads took: 0.0000235 seconds
2015-08-30T22:22:11.295-0200: 184687.018: Total time for which application threads were stopped: 0.0041598 seconds, Stopping threads took: 0.0004901 seconds
2015-08-30T22:22:11.300-0200: 184687.022: Total time for which application threads were stopped: 0.0023919 seconds, Stopping threads took: 0.0001938 seconds
2015-08-30T22:22:11.342-0200: 184687.065: Total time for which application threads were stopped: 0.0091277 seconds, Stopping threads took: 0.0069662 seconds
2015-08-30T22:22:11.343-0200: 184687.065: Total time for which application threads were stopped: 0.0004336 seconds, Stopping threads took: 0.0001660 seconds
2015-08-30T22:22:11.362-0200: 184687.084: Total time for which application threads were stopped: 0.0186510 seconds, Stopping threads took: 0.0183396 seconds
2015-08-30T22:22:11.373-0200: 184687.096: Total time for which application threads were stopped: 0.0099168 seconds, Stopping threads took: 0.0094991 seconds
2015-08-30T22:22:11.380-0200: 184687.103: Total time for which application threads were stopped: 0.0062517 seconds, Stopping threads took: 0.0058668 seconds
2015-08-30T22:22:11.394-0200: 184687.116: Total time for which application threads were stopped: 0.0128327 seconds, Stopping threads took: 0.0125226 seconds
2015-08-30T22:22:11.407-0200: 184687.129: Total time for which application threads were stopped: 0.0126502 seconds, Stopping threads took: 0.0062569 seconds
2015-08-30T22:22:11.459-0200: 184687.182: Total time for which application threads were stopped: 0.0011274 seconds, Stopping threads took: 0.0008884 seconds
2015-08-30T22:22:11.464-0200: 184687.186: Total time for which application threads were stopped: 0.0013751 seconds, Stopping threads took: 0.0011890 seconds
2015-08-30T22:27:11.725-0200: 184987.456: Total time for which application threads were stopped: 0.0029966 seconds, Stopping threads took: 0.0003205 seconds
2015-08-30T22:27:11.726-0200: 184987.456: Total time for which application threads were stopped: 0.0001628 seconds, Stopping threads took: 0.0000135 seconds
2015-08-30T22:27:11.766-0200: 184987.496: Total time for which application threads were stopped: 0.0088804 seconds, Stopping threads took: 0.0021176 seconds
2015-08-30T22:27:11.766-0200: 184987.497: Total time for which application threads were stopped: 0.0004304 seconds, Stopping threads took: 0.0001666 seconds
2015-08-30T22:27:11.767-0200: 184987.497: Total time for which application threads were stopped: 0.0001471 seconds, Stopping threads took: 0.0000343 seconds
2015-08-30T22:27:11.768-0200: 184987.499: Total time for which application threads were stopped: 0.0001930 seconds, Stopping threads took: 0.0000156 seconds
2015-08-30T22:27:11.783-0200: 184987.513: Total time for which application threads were stopped: 0.0056324 seconds, Stopping threads took: 0.0000567 seconds
2015-08-30T22:27:11.792-0200: 184987.523: Total time for which application threads were stopped: 0.0003599 seconds, Stopping threads took: 0.0000516 seconds
2015-08-30T22:27:11.826-0200: 184987.557: Total time for which application threads were stopped: 0.0042508 seconds, Stopping threads took: 0.0001652 seconds
2015-08-30T22:27:11.903-0200: 184987.634: Total time for which application threads were stopped: 0.0020475 seconds, Stopping threads took: 0.0000294 seconds
2015-08-30T22:27:12.933-0200: 184988.664: Total time for which application threads were stopped: 0.0002069 seconds, Stopping threads took: 0.0000213 seconds
2015-08-30T22:32:12.135-0200: 185287.874: Total time for which application threads were stopped: 0.0081051 seconds, Stopping threads took: 0.0004438 seconds
2015-08-30T22:32:12.185-0200: 185287.924: Total time for which application threads were stopped: 0.0022360 seconds, Stopping threads took: 0.0002259 seconds
2015-08-30T22:32:12.189-0200: 185287.928: Total time for which application threads were stopped: 0.0004587 seconds, Stopping threads took: 0.0000397 seconds
2015-08-30T22:32:12.198-0200: 185287.937: Total time for which application threads were stopped: 0.0046089 seconds, Stopping threads took: 0.0042287 seconds
2015-08-30T22:32:12.203-0200: 185287.942: Total time for which application threads were stopped: 0.0020656 seconds, Stopping threads took: 0.0016921 seconds
2015-08-30T22:32:12.208-0200: 185287.947: Total time for which application threads were stopped: 0.0004859 seconds, Stopping threads took: 0.0001367 seconds
2015-08-30T22:32:12.227-0200: 185287.966: Total time for which application threads were stopped: 0.0029094 seconds, Stopping threads took: 0.0007015 seconds
2015-08-30T22:32:13.150-0200: 185288.889: Total time for which application threads were stopped: 0.0001926 seconds, Stopping threads took: 0.0000227 seconds
2015-08-30T22:32:13.157-0200: 185288.896: Total time for which application threads were stopped: 0.0002621 seconds, Stopping threads took: 0.0000304 seconds
2015-08-30T22:32:13.160-0200: 185288.899: Total time for which application threads were stopped: 0.0028998 seconds, Stopping threads took: 0.0026708 seconds
2015-08-30T22:32:13.160-0200: 185288.899: Total time for which application threads were stopped: 0.0001451 seconds, Stopping threads took: 0.0000479 seconds
2015-08-30T22:32:13.502-0200: 185289.241: Total time for which application threads were stopped: 0.0002124 seconds, Stopping threads took: 0.0000257 seconds
2015-08-30T22:37:12.493-0200: 185588.241: Total time for which application threads were stopped: 0.0029927 seconds, Stopping threads took: 0.0003307 seconds
2015-08-30T22:37:12.527-0200: 185588.275: Total time for which application threads were stopped: 0.0037155 seconds, Stopping threads took: 0.0033685 seconds
2015-08-30T22:37:12.532-0200: 185588.279: Total time for which application threads were stopped: 0.0042848 seconds, Stopping threads took: 0.0038712 seconds
2015-08-30T22:37:12.544-0200: 185588.291: Total time for which application threads were stopped: 0.0002481 seconds, Stopping threads took: 0.0000222 seconds
2015-08-30T22:37:12.566-0200: 185588.313: Total time for which application threads were stopped: 0.0002414 seconds, Stopping threads took: 0.0000267 seconds
2015-08-30T22:37:12.592-0200: 185588.340: Total time for which application threads were stopped: 0.0076292 seconds, Stopping threads took: 0.0072733 seconds
2015-08-30T22:37:12.613-0200: 185588.361: Total time for which application threads were stopped: 0.0115259 seconds, Stopping threads took: 0.0111690 seconds
2015-08-30T22:37:13.713-0200: 185589.461: Total time for which application threads were stopped: 0.0002442 seconds, Stopping threads took: 0.0000273 seconds
2015-08-30T22:37:13.737-0200: 185589.485: Total time for which application threads were stopped: 0.0010456 seconds, Stopping threads took: 0.0007575 seconds
2015-08-30T22:37:13.737-0200: 185589.485: Total time for which application threads were stopped: 0.0002128 seconds, Stopping threads took: 0.0000396 seconds
2015-08-30T22:37:13.738-0200: 185589.485: Total time for which application threads were stopped: 0.0002234 seconds, Stopping threads took: 0.0000605 seconds
2015-08-30T22:37:14.494-0200: 185590.242: Total time for which application threads were stopped: 0.0002380 seconds, Stopping threads took: 0.0000245 seconds
2015-08-30T22:42:12.868-0200: 185888.624: Total time for which application threads were stopped: 0.0067776 seconds, Stopping threads took: 0.0003274 seconds
2015-08-30T22:42:12.906-0200: 185888.662: Total time for which application threads were stopped: 0.0107683 seconds, Stopping threads took: 0.0025221 seconds
2015-08-30T22:42:12.923-0200: 185888.678: Total time for which application threads were stopped: 0.0123233 seconds, Stopping threads took: 0.0092172 seconds
2015-08-30T22:42:12.931-0200: 185888.687: Total time for which application threads were stopped: 0.0077803 seconds, Stopping threads took: 0.0033625 seconds
2015-08-30T22:42:12.936-0200: 185888.691: Total time for which application threads were stopped: 0.0008828 seconds, Stopping threads took: 0.0004561 seconds
2015-08-30T22:42:13.022-0200: 185888.778: Total time for which application threads were stopped: 0.0003135 seconds, Stopping threads took: 0.0000270 seconds
2015-08-30T22:42:13.029-0200: 185888.785: Total time for which application threads were stopped: 0.0003089 seconds, Stopping threads took: 0.0000291 seconds
2015-08-30T22:42:14.723-0200: 185890.479: Total time for which application threads were stopped: 0.0002023 seconds, Stopping threads took: 0.0000216 seconds
2015-08-30T22:42:14.749-0200: 185890.505: Total time for which application threads were stopped: 0.0053512 seconds, Stopping threads took: 0.0050454 seconds
2015-08-30T22:42:14.751-0200: 185890.507: Total time for which application threads were stopped: 0.0020579 seconds, Stopping threads took: 0.0017222 seconds
2015-08-30T22:42:14.757-0200: 185890.513: Total time for which application threads were stopped: 0.0044135 seconds, Stopping threads took: 0.0035552 seconds
2015-08-30T22:42:14.813-0200: 185890.569: Total time for which application threads were stopped: 0.0021176 seconds, Stopping threads took: 0.0016633 seconds
2015-08-30T22:42:14.819-0200: 185890.575: Total time for which application threads were stopped: 0.0054784 seconds, Stopping threads took: 0.0051296 seconds
2015-08-30T22:47:13.294-0200: 186189.058: Total time for which application threads were stopped: 0.0039783 seconds, Stopping threads took: 0.0003672 seconds
2015-08-30T22:47:13.360-0200: 186189.124: Total time for which application threads were stopped: 0.0043399 seconds, Stopping threads took: 0.0036050 seconds
2015-08-30T22:47:13.369-0200: 186189.134: Total time for which application threads were stopped: 0.0079534 seconds, Stopping threads took: 0.0076138 seconds
2015-08-30T22:47:13.376-0200: 186189.140: Total time for which application threads were stopped: 0.0065268 seconds, Stopping threads took: 0.0043614 seconds
2015-08-30T22:47:13.388-0200: 186189.152: Total time for which application threads were stopped: 0.0074405 seconds, Stopping threads took: 0.0017715 seconds
2015-08-30T22:47:13.578-0200: 186189.342: Total time for which application threads were stopped: 0.0002814 seconds, Stopping threads took: 0.0000310 seconds
2015-08-30T22:47:15.062-0200: 186190.827: Total time for which application threads were stopped: 0.0002486 seconds, Stopping threads took: 0.0000228 seconds
2015-08-30T22:47:15.075-0200: 186190.839: Total time for which application threads were stopped: 0.0032196 seconds, Stopping threads took: 0.0029978 seconds
2015-08-30T22:47:15.075-0200: 186190.840: Total time for which application threads were stopped: 0.0002544 seconds, Stopping threads took: 0.0000902 seconds
2015-08-30T22:47:15.081-0200: 186190.845: Total time for which application threads were stopped: 0.0022354 seconds, Stopping threads took: 0.0018386 seconds
2015-08-30T22:47:16.041-0200: 186191.805: Total time for which application threads were stopped: 0.0001787 seconds, Stopping threads took: 0.0000214 seconds
2015-08-30T22:52:13.848-0200: 186489.621: Total time for which application threads were stopped: 0.0034302 seconds, Stopping threads took: 0.0003218 seconds
2015-08-30T22:52:13.879-0200: 186489.651: Total time for which application threads were stopped: 0.0050636 seconds, Stopping threads took: 0.0021731 seconds
2015-08-30T22:52:13.881-0200: 186489.654: Total time for which application threads were stopped: 0.0024780 seconds, Stopping threads took: 0.0020041 seconds
2015-08-30T22:52:13.888-0200: 186489.661: Total time for which application threads were stopped: 0.0002984 seconds, Stopping threads took: 0.0000217 seconds
2015-08-30T22:52:13.940-0200: 186489.713: Total time for which application threads were stopped: 0.0002324 seconds, Stopping threads took: 0.0000232 seconds
2015-08-30T22:52:13.980-0200: 186489.752: Total time for which application threads were stopped: 0.0014451 seconds, Stopping threads took: 0.0012303 seconds
2015-08-30T22:52:13.985-0200: 186489.758: Total time for which application threads were stopped: 0.0003498 seconds, Stopping threads took: 0.0000282 seconds
2015-08-30T22:52:16.284-0200: 186492.056: Total time for which application threads were stopped: 0.0002756 seconds, Stopping threads took: 0.0000218 seconds
2015-08-30T22:52:16.297-0200: 186492.070: Total time for which application threads were stopped: 0.0044241 seconds, Stopping threads took: 0.0021630 seconds
2015-08-30T22:52:16.297-0200: 186492.070: Total time for which application threads were stopped: 0.0001497 seconds, Stopping threads took: 0.0000148 seconds
2015-08-30T22:52:16.299-0200: 186492.071: Total time for which application threads were stopped: 0.0009470 seconds, Stopping threads took: 0.0000211 seconds
2015-08-30T22:52:16.903-0200: 186492.676: Total time for which application threads were stopped: 0.0001918 seconds, Stopping threads took: 0.0000219 seconds
2015-08-30T22:57:14.206-0200: 186789.987: Total time for which application threads were stopped: 0.0066612 seconds, Stopping threads took: 0.0003173 seconds
2015-08-30T22:57:14.242-0200: 186790.023: Total time for which application threads were stopped: 0.0006173 seconds, Stopping threads took: 0.0000248 seconds
2015-08-30T22:57:14.243-0200: 186790.024: Total time for which application threads were stopped: 0.0003211 seconds, Stopping threads took: 0.0000172 seconds
2015-08-30T22:57:14.249-0200: 186790.030: Total time for which application threads were stopped: 0.0002271 seconds, Stopping threads took: 0.0000200 seconds
2015-08-30T22:57:14.265-0200: 186790.046: Total time for which application threads were stopped: 0.0008829 seconds, Stopping threads took: 0.0005705 seconds
2015-08-30T22:57:14.271-0200: 186790.052: Total time for which application threads were stopped: 0.0004430 seconds, Stopping threads took: 0.0001528 seconds
2015-08-30T22:57:14.373-0200: 186790.154: Total time for which application threads were stopped: 0.0004237 seconds, Stopping threads took: 0.0000334 seconds
2015-08-30T22:57:17.131-0200: 186792.912: Total time for which application threads were stopped: 0.0001965 seconds, Stopping threads took: 0.0000230 seconds
2015-08-30T22:57:17.152-0200: 186792.933: Total time for which application threads were stopped: 0.0049189 seconds, Stopping threads took: 0.0044531 seconds
2015-08-30T22:57:17.153-0200: 186792.934: Total time for which application threads were stopped: 0.0003400 seconds, Stopping threads took: 0.0000527 seconds
2015-08-30T22:57:17.154-0200: 186792.935: Total time for which application threads were stopped: 0.0001718 seconds, Stopping threads took: 0.0000313 seconds
2015-08-30T22:57:17.218-0200: 186792.999: Total time for which application threads were stopped: 0.0001690 seconds, Stopping threads took: 0.0000173 seconds
2015-08-30T23:02:14.650-0200: 187090.440: Total time for which application threads were stopped: 0.0118455 seconds, Stopping threads took: 0.0011389 seconds
2015-08-30T23:02:14.707-0200: 187090.496: Total time for which application threads were stopped: 0.0008814 seconds, Stopping threads took: 0.0001821 seconds
2015-08-30T23:02:14.718-0200: 187090.507: Total time for which application threads were stopped: 0.0106091 seconds, Stopping threads took: 0.0078468 seconds
2015-08-30T23:02:14.722-0200: 187090.511: Total time for which application threads were stopped: 0.0023321 seconds, Stopping threads took: 0.0000252 seconds
2015-08-30T23:02:14.763-0200: 187090.552: Total time for which application threads were stopped: 0.0010068 seconds, Stopping threads took: 0.0000313 seconds
2015-08-30T23:02:15.081-0200: 187090.870: Total time for which application threads were stopped: 0.0002800 seconds, Stopping threads took: 0.0000244 seconds
2015-08-30T23:02:17.436-0200: 187093.225: Total time for which application threads were stopped: 0.0002705 seconds, Stopping threads took: 0.0000331 seconds
2015-08-30T23:02:17.480-0200: 187093.269: Total time for which application threads were stopped: 0.0013320 seconds, Stopping threads took: 0.0008771 seconds
2015-08-30T23:02:17.480-0200: 187093.270: Total time for which application threads were stopped: 0.0004510 seconds, Stopping threads took: 0.0001877 seconds
2015-08-30T23:02:17.481-0200: 187093.270: Total time for which application threads were stopped: 0.0002073 seconds, Stopping threads took: 0.0000181 seconds
2015-08-30T23:02:17.493-0200: 187093.283: Total time for which application threads were stopped: 0.0002519 seconds, Stopping threads took: 0.0000254 seconds
2015-08-30T23:07:15.369-0200: 187391.167: Total time for which application threads were stopped: 0.0138259 seconds, Stopping threads took: 0.0006019 seconds
2015-08-30T23:07:15.440-0200: 187391.238: Total time for which application threads were stopped: 0.0016036 seconds, Stopping threads took: 0.0008356 seconds
2015-08-30T23:07:15.444-0200: 187391.242: Total time for which application threads were stopped: 0.0028330 seconds, Stopping threads took: 0.0019430 seconds
2015-08-30T23:07:15.452-0200: 187391.250: Total time for which application threads were stopped: 0.0010075 seconds, Stopping threads took: 0.0000415 seconds
2015-08-30T23:07:15.494-0200: 187391.291: Total time for which application threads were stopped: 0.0200724 seconds, Stopping threads took: 0.0066852 seconds
2015-08-30T23:07:15.511-0200: 187391.309: Total time for which application threads were stopped: 0.0137346 seconds, Stopping threads took: 0.0056095 seconds
2015-08-30T23:07:16.277-0200: 187392.075: Total time for which application threads were stopped: 0.0003240 seconds, Stopping threads took: 0.0000268 seconds
2015-08-30T23:07:17.737-0200: 187393.535: Total time for which application threads were stopped: 0.0004247 seconds, Stopping threads took: 0.0000454 seconds
2015-08-30T23:07:17.761-0200: 187393.559: Total time for which application threads were stopped: 0.0003593 seconds, Stopping threads took: 0.0000390 seconds
2015-08-30T23:07:17.762-0200: 187393.560: Total time for which application threads were stopped: 0.0002247 seconds, Stopping threads took: 0.0000245 seconds
2015-08-30T23:07:17.778-0200: 187393.576: Total time for which application threads were stopped: 0.0089123 seconds, Stopping threads took: 0.0085453 seconds
2015-08-30T23:07:18.555-0200: 187394.352: Total time for which application threads were stopped: 0.0003026 seconds, Stopping threads took: 0.0000337 seconds
2015-08-30T23:12:16.564-0200: 187692.371: Total time for which application threads were stopped: 0.0060058 seconds, Stopping threads took: 0.0004810 seconds
2015-08-30T23:12:16.621-0200: 187692.427: Total time for which application threads were stopped: 0.0067139 seconds, Stopping threads took: 0.0023292 seconds
2015-08-30T23:12:16.635-0200: 187692.441: Total time for which application threads were stopped: 0.0023712 seconds, Stopping threads took: 0.0019559 seconds
2015-08-30T23:12:16.641-0200: 187692.447: Total time for which application threads were stopped: 0.0043533 seconds, Stopping threads took: 0.0040417 seconds
2015-08-30T23:12:16.645-0200: 187692.451: Total time for which application threads were stopped: 0.0042872 seconds, Stopping threads took: 0.0020858 seconds
2015-08-30T23:12:16.840-0200: 187692.646: Total time for which application threads were stopped: 0.0003472 seconds, Stopping threads took: 0.0000577 seconds
2015-08-30T23:12:18.804-0200: 187694.610: Total time for which application threads were stopped: 0.0096406 seconds, Stopping threads took: 0.0002235 seconds
2015-08-30T23:12:18.827-0200: 187694.633: Total time for which application threads were stopped: 0.0057977 seconds, Stopping threads took: 0.0036816 seconds
2015-08-30T23:12:18.835-0200: 187694.641: Total time for which application threads were stopped: 0.0077903 seconds, Stopping threads took: 0.0001323 seconds
2015-08-30T23:12:18.838-0200: 187694.644: Total time for which application threads were stopped: 0.0002897 seconds, Stopping threads took: 0.0000313 seconds
2015-08-30T23:12:19.607-0200: 187695.413: Total time for which application threads were stopped: 0.0003435 seconds, Stopping threads took: 0.0000334 seconds
2015-08-30T23:17:17.145-0200: 187992.960: Total time for which application threads were stopped: 0.0083333 seconds, Stopping threads took: 0.0056510 seconds
2015-08-30T23:17:17.159-0200: 187992.973: Total time for which application threads were stopped: 0.0132289 seconds, Stopping threads took: 0.0046441 seconds
2015-08-30T23:17:17.170-0200: 187992.985: Total time for which application threads were stopped: 0.0062252 seconds, Stopping threads took: 0.0040810 seconds
2015-08-30T23:17:17.176-0200: 187992.991: Total time for which application threads were stopped: 0.0003613 seconds, Stopping threads took: 0.0000598 seconds
2015-08-30T23:17:17.179-0200: 187992.994: Total time for which application threads were stopped: 0.0010733 seconds, Stopping threads took: 0.0007844 seconds
2015-08-30T23:17:17.205-0200: 187993.020: Total time for which application threads were stopped: 0.0003105 seconds, Stopping threads took: 0.0000246 seconds
2015-08-30T23:17:19.858-0200: 187995.673: Total time for which application threads were stopped: 0.0003125 seconds, Stopping threads took: 0.0000262 seconds
2015-08-30T23:17:19.873-0200: 187995.688: Total time for which application threads were stopped: 0.0002195 seconds, Stopping threads took: 0.0000227 seconds
2015-08-30T23:17:19.873-0200: 187995.688: Total time for which application threads were stopped: 0.0001143 seconds, Stopping threads took: 0.0000112 seconds
2015-08-30T23:17:19.878-0200: 187995.692: Total time for which application threads were stopped: 0.0003220 seconds, Stopping threads took: 0.0000291 seconds
2015-08-30T23:17:20.667-0200: 187996.481: Total time for which application threads were stopped: 0.0011652 seconds, Stopping threads took: 0.0000231 seconds
2015-08-30T23:22:17.452-0200: 188293.275: Total time for which application threads were stopped: 0.0030992 seconds, Stopping threads took: 0.0003412 seconds
2015-08-30T23:22:17.481-0200: 188293.304: Total time for which application threads were stopped: 0.0006499 seconds, Stopping threads took: 0.0001508 seconds
2015-08-30T23:22:17.482-0200: 188293.305: Total time for which application threads were stopped: 0.0004413 seconds, Stopping threads took: 0.0000374 seconds
2015-08-30T23:22:17.486-0200: 188293.309: Total time for which application threads were stopped: 0.0002964 seconds, Stopping threads took: 0.0000212 seconds
2015-08-30T23:22:17.515-02